「――よーし。できあがり」%K%P
「——好，完成了。」%K%P
やっぱり日本の朝食と言えば、\n白いご飯とお鮭の塩焼き、それにお味噌汁だよね。%K%P
果然日本的早餐就是白饭、盐烤鲑鱼和味噌汤。%K%P
この匂いを嗅いでいるだけで、\n帰ってきたって感じがするなぁ。%K%P
光是闻到这股味道，就让我有种回到家的感觉。%K%P
「お姉ちゃ――じゃなくて。\n　姉さ～ん？　朝ご飯できたぞ、姉さん～！」%K%P
「姐——不对。\n老姐～？早餐做好咯，老姐～！」\n（注：前为「ちゃん」，后为「さん」）%K%P
お部屋の方へ呼びかけるけど返事がない。%K%P
我朝房间的方向喊道，但没有回应。%K%P
まだ寝てるのかな。冷める前に食べて欲しいのに。%K%P
还在睡吗？真希望她能在凉掉前吃掉。%K%P
「姉さん？　起きてる？　姉さんー？」%K%P
「姐姐？你醒着吗？姐姐～？」%K%P
『んん～…………。毎日が……ＳＵＮＤＡＹ……』%K%P
『嗯嗯～～…………每天都是……SUNDAY……』%K%P
「はぁ……。ったくもー……」%K%P
「唉……真是的……」%K%P
聞こえてきたのは、そんなダメ人間の声だった。%K%P
传入耳中的，是废人一样的声音。%K%P
でも、ため息をついてる場合じゃない。%K%P
不过，现在不是叹气的时候。%K%P
たとえ年下の弟だとしても僕――いいや、俺は男だ。\nだらしない姉を男らしく引っ張ってあげないと。%K%P
就算我是弟弟，我——不，我可是个男人，必须像个男人一样，好好引导这个没用的姐姐。%K%P
「コラ、姉さん！\n　あんまり自堕落な生活をしていると牛に――」%K%P
「喂，姐姐！\n　你要是再过这种自甘堕落的生活，小心变成废——」%K%P
「なるぞ――って！？」%K%P
「呃！？」%K%P
「むにゃむにゃ……」%K%P
「嗯嗯……」%K%P
どうして裸！？\n向こうではちゃんと服着て寝てたよね！？%K%P
为什么是裸体！？\n在那边的时候，她明明穿着衣服睡觉的吧！？%K%P
「んん～……。まだ眠いぃー……。\n　もうちょい、ぐーぐー、寝かせてぇ……」%K%P
「嗯嗯～……我还想睡～……再让我睡一下下～……」%K%P
身じろぎする度に大きなお胸がぷるんと揺れて――\nめ、目のやり場に困る……！！%K%P
她每动一下，那对巨乳就会跟着晃动——\n我、我不知道该看哪里了……！！%K%P
「いいから起きて……！　その前に服着てっ！\n　それでもファッションデザイナーなのっ！？」%K%P
「别管了，快起来……！还有先穿上衣服！\n你这样还算是服装设计师吗？！？」%K%P
「服ってのはね……誰かに見てもらうために、むにゃ、\n　着るものなのさー……だから寝る時は必要ないのー……」%K%P
「所谓的衣服……是为了让别人看，才穿在身上的……所以睡觉的时候不需要……」%K%P
「見られてるからっ！\n　いま僕にがっつり見られてるからっ！」%K%P
「被看到了！\n　现在正被我看得一清二楚！」%K%P
「へ～……？」%K%P
「欸～……？」%K%P
顔を真っ赤にして叫ぶと、お姉ちゃんは\n目をゴシゴシ擦って悪戯っぽく微笑みかけてきた。%K%P
我满脸通红地大叫，姐姐则揉揉眼睛，对我露出恶作剧般的微笑。%K%P
「な、なにさ」%K%P
「怎、怎样啦？」%K%P
「や～。春樹もお年頃の男の子なんだって思ってさー……」%K%P
「哎呀～～只是觉得春树也到了这样的年纪了嘛～～……」%K%P
「ど、どういう意味？」%K%P
「这、这是什么意思？」%K%P
「お姉ちゃんの裸、ふふ、じーっと見てるんっしょ？」%K%P
「你一直在盯着姐姐的裸体看吧？」%K%P
「え……？　～～っっ！！」%K%P
「咦……？～～！！」%K%P
「こーの、す・け・べ♪」%K%P
「你这个色～～鬼♪」%K%P
「みみみ、見てないってばぁ～！！」%K%P
「才、才、才没看呢～！！」%K%P
『あはは、そんなに慌てて出て行っちゃったら、\n　お姉ちゃんの裸エロい目で見てたって証拠になんよ～？』%K%P
『啊哈哈，你这么慌张地跑出去，不就坐实你用色色的眼神看着姐姐的裸体了吗～？』%K%P
「そんな目で見てないっ……！！\n　お姉ちゃんの裸なんて見る価値ないからっ！！」%K%P
「我才没有用那种眼神看……！！\n姐姐的裸体根本没有看的价值！！」%K%P
『む。それはそれでムカつくな。\n　社会人独身女性の心に深い傷を残す言葉だぞ、それ』%K%P
『唔，这也很让人火大。\n这句话会深深伤害社会人士单身女性的心哦。』%K%P
「ならちゃんとしてっ！　朝ご飯用意してあるから、\n　早く着替えて食べに来て！　いや食べに来いっ！」%K%P
「那就振作一点！我准备了早餐，你快点换好衣服过来吃！不对，是给我过来吃！」%K%P
『食べに来いって。まーた格好付けちゃって。\n　似合わないよー？　その口調』%K%P
『给我过来吃。又在装模作样了。\n那种语气，很不适合你哦。』%K%P
「う、うるさいな！　余計なお世話だよ！\n　僕――じゃなくて！　俺の勝手だから！」%K%P
「你、你很烦耶！不用你多管闲事！\n我——不对！这是我的自由！」%K%P
『ぷーくすくす。言ったそばから「僕」とか\n　言っちゃってるし。無理して変えなくていいのに～』%K%P
『噗——嘻嘻嘻。才刚说不用，马上就又用「{僕:boku}」了。\n　不用勉强改变啦～』%K%P
「～～っっ！　それ以上バカにするなら、\n　姉さんの朝飯抜きにするからっ！」%K%P
「～～！你再继续嘲笑我，就没早餐吃了！」%K%P
「――ちょっ！　そりゃないよ、春樹！！\n　ごめんっ、ごめんってば～！！」%K%P
「——等等！你别这样啦，春树！！\n对不起，对不起嘛～！！」%K%P
「きゃあああっ！！？　どうして裸で出てくるの！！？」%K%P
「呀啊啊啊！你怎么光着身子跑出来！？」%K%P
「春樹がご飯抜きとか言うからっしょ！？\n　それだけはマジ勘弁っ、謝るって！」%K%P
「还不是因为春树说没早餐吃什么的！？\n拜托你饶了我吧，我跟你道歉就是了！」%K%P
「わかったから服着てっ！！\n　部屋戻ってってば～！！」%K%P
「我知道了啦，你快穿上衣服！！\n快点回房间去啦～！！」%K%P
全裸の姉を必死で部屋へ戻す。%K%P
我拼命把全裸的姐姐赶回房间。%K%P
今更になってお姉ちゃんとの\n二人暮らしが不安になってきた……。%K%P
事到如今，我才开始对和姐姐的两人生活感到不安……%K%P
「うま～！　春樹を連れて帰ってきて良かったよ～。\n　こんなご飯、一人じゃ作れないもんね～」%K%P
「好吃～！幸好有把春树带回来～\n一个人的话，可没办法做出这种料理呢～」%K%P
「俺は一人暮らししたくなってきたよ……」%K%P
「我开始想一个人住了……」%K%P
「おいおい、そりゃないよ{我が弟:モン　フレヘール}。\n　あたしの何が不満だって言うのさー」%K%P
「喂喂，这可不行，弟弟 \n你到底对我有什么不满啊？」%K%P
「だらしなさに決まってるじゃん！？\n　こっちに帰ってきてから日に日に酷くなってるし！」%K%P
「当然是邋遢啊！\n而且自从你回来以后，一天比一天邋遢！」%K%P
「春樹は真面目だね～。親の目もないんだし、\n　もっと気楽に過ごせばいいのにさ～」%K%P
「春树你太认真了啦～～反正爸妈又不在，可以过得更轻松一点啊～～」%K%P
「姉さんは気が抜けすぎてるから！」%K%P
「姐姐你太松懈了啦！」%K%P
「んだよー。ちゃんと服も着てきたじゃん。\n　しっかし日本の夏はあっついね～」%K%P
「什么嘛～我有好好穿上衣服了啊。\n不过日本的夏天还真热呢～」%K%P
「わわわっ！　シャツの襟引っ張るなっ！\n　変なものが見えちゃうって！」%K%P
「哇哇哇！不要拉衬衫领子！\n会看到不该看的东西啦！」%K%P
「んん～？　やっぱ気になんの？\n　さっき見る価値ないとか言ってたクセに～」%K%P
「嗯嗯～？果然还是会在意吗？\n　明明刚才还说没有看的价值～」%K%P
「下品だって言ってるの！」%K%P
「就是说了！很下流啊！」%K%P
「あはは、顔真っ赤にしちゃって可愛い～。\n　やっぱ春樹をからかうのは面白いね～」%K%P
「啊哈哈，脸红通通的真可爱～～捉弄春树果然很好玩呢～～」%K%P
お姉ちゃんがケタケタと笑う。\nぐぬぬ、この姉は本当にいつもいつも……！%K%P
姐姐咯咯咯地笑着。\n唔唔唔，这个姐姐真的每次都这样……！%K%P
――ってダメダメ。落ち着くんだ、僕。\nこんなことで取り乱したら男らしくない。%K%P
——不行不行，我要冷静下来。\n在这种时候慌张，太不像个男人了。%K%P
「さっきも言ったけど\n　俺は姉さんの身体になんて興味ないから。\n　あまりからかうようなら本気で怒るよ」%K%P
「我刚才也说过，\n　我对姐姐的身体一点兴趣也没有。\n　你要是再捉弄我，我真的会生气哦。」%K%P
「あらら拗ねちゃった。すーぐ素が出ちゃうクセに、\n　また変な口調で喋っちゃってさ」%K%P
「哎呀呀，闹别扭了。明明马上就露出本性了，又用奇怪的语调说话了。」%K%P
「へ、変な口調じゃない。男らしい口調だよ！」%K%P
「才、才不奇怪呢。这是很有男子气概的语气！」%K%P
「ふーん？　でも向こうじゃ、そんな喋り方\n　してなかったじゃん。どういう風の吹き回し？」%K%P
「哦～？不过你在那边的时候，不是都用这种说话方式嘛。今天吹的是什么风啊？」%K%P
「姉さんには関係ないってば！」%K%P
「就说跟姐姐你没关系了！」%K%P
「ふ～ん？」%K%P
「嗯～？」%K%P
お姉ちゃんがニタニタ笑って僕を見てくる。\n……ふんだ。バカにしてくれちゃって。%K%P
姐姐笑嘻嘻地看着我。\n……哼，居然敢瞧不起我。%K%P
でも僕は決めたんだ。日本に帰ってきた以上、\n格好良くて強い「男の中の男」になるって。%K%P
可是我已经下定决心了。既然回到日本，就要成为帅气又强大的「男人中的男人」。%K%P
口調も態度も格好良くして、\n今までの自分とさよならするんだって。%K%P
要让自己的口气、态度和打扮都变得帅气，跟过去的自己说再见。%K%P
「とにかく……あまり自堕落な生活を送るようなら、\n　父さんと母さんに言いつけるから。覚悟してよ？」%K%P
「总之……如果你过得太堕落，我会跟爸妈告状的。做好心理准备吧。」%K%P
「はいはい。ま、善処は致しますよーっと」%K%P
「好好好，我会妥善处理的。」%K%P
「言うてあたしも……お父さんたちが守り続けてくれた\n　この屋敷を継いでいきたいしね」%K%P
「虽然我这么说……不过我也想继承爸爸他们一直守护至今的这间宅邸。」%K%P
一転してお姉ちゃんが優しい顔になって、\n懐かしそうにテーブルをしみじみと撫でる。%K%P
姐姐的表情突然变得很温柔，很怀念地抚摸着桌子。%K%P
「帰ってきた時は子供の頃に\n　タイムスリップしちゃったのかと思ったよ。\n　向こうに移住する前と変わってなさすぎて」%K%P
「回来的时候，我还以为自己穿越回小时候了呢。\n　跟移居到那边之前相比，根本没变。」%K%P
「……俺もビックリした。\n　てっきりここはもう引き払ったとばかり思ってたし」%K%P
「……我也吓了一跳。\n我还以为这里已经没人住了。」%K%P
「一家揃ってここで暮らしてた時ですら、\n　売っちゃおうかって話も出てたもんね～」%K%P
「就连我们全家还住在这里的时候，也曾经讨论过要不要卖掉呢～」%K%P
「うん……。でも、父さんたち、\n　ずっと残しておいてくれてたんだ……」%K%P
「嗯……不过，原来爸爸他们一直把这里留着……」%K%P
このお屋敷は僕とお姉ちゃんの生まれ育った場所だ。%K%P
这栋宅邸是我和姐姐出生长大的地方。%K%P
我が家――{蛍乃:けいの}家は名家とまではいかないものの、\n古くは貿易業でそこそこ名の知れた家だったらしい。%K%P
我家——{萤乃:けいの}家虽然称不上名门，但自古以来似乎是以贸易业起家，还算小有名气。%K%P
しかし今となってはその面影はどこにもなく、\n僕が生まれた時には半ば落ちぶれてしまっていた。%K%P
然而，如今已不复当年，在我出生时，家道已经中落。%K%P
そこで家を建て直すためにお父さんたちが\n海外で新しい事業を始めることにしたのが５年前。%K%P
为了重振家业，爸爸他们五年前到国外发展新事业。%K%P
一家揃って住み慣れた日本を離れて、\nフランスに移住したんだ。%K%P
我们全家离开住惯了的日本，移居到法国。%K%P
その時に、このお屋敷も引き払って\nしまったのだと思っていたけれど……。%K%P
当时，我以为这间宅邸已经被抛弃了……%K%P
お父さんたちは僕たちの帰る家を\nこっそり守り続けてくれていたらしい。%K%P
爸爸他们似乎一直偷偷地保护着我们的归宅。%K%P
決して楽な暮らしじゃなかったはずなのに。\nお金のかかるこのお屋敷を維持し続けてくれていたんだ。%K%P
明明日子过得并不轻松。\n却一直维持着这栋花钱的宅邸。%K%P
僕たちがここに帰ってきたのはつい二週間前だけど、\nなんだか不思議な安心感に包まれてしまう。%K%P
我们两个虽然才刚回来两个礼拜，却总觉得有种不可思议的安心感。%K%P
まるでフランスにいるお父さんとお母さんが\n僕たちを守ってくれているような。そんな気がして。%K%P
仿佛在法国的爸爸妈妈在守护着我们。%K%P
「まぁ……あの極貧生活時代にここを売り払っておけば\n　もうちょい楽な暮らしできた気もするけどね」%K%P
「不过……如果在那个穷困潦倒的时期把这里卖掉的话，\n　感觉应该可以过得轻松一点吧。」%K%P
「うっ……！　それはそうかもしれないけど……」%K%P
「唔……！或许是这样没错啦……」%K%P
「『フランスで新事業を始めるの！』って、\n　一家もろとも海外移住させといて失敗すんだもんねー」%K%P
「『我要在法国展开新事业！』像这样全家搬到国外去，结果失败了呢～」%K%P
「新しい事業は難しいって言うし……！」%K%P
「人家都说新事业很难啊……！」%K%P
「クロワッサン一つを家族みんなで分け合う日々……。\n　あの時このお屋敷を売ったお金があれば……ううう！」%K%P
「全家一起分着吃一个可颂面包的日子……\n要是当时有把这栋宅邸卖掉的钱的话……呜呜呜！」%K%P
「い、いいじゃん。今は事業も軌道に乗って、\n　不自由なく暮らせてるんだしさ……！」%K%P
「又、又没关系。反正现在事业已经上了轨道，可以过着衣食无虞的生活……！」%K%P
「ふふ、そだね。\n　おかげで住み慣れた家にも戻ってこられたし」%K%P
「呵呵，是啊。\n多亏了你，我才能回到这个住惯的家里。」%K%P
「春樹も……こっちに来てから、\n　なんだか笑顔が増えた気がするし」%K%P
「春树也是……总觉得你来到这里之后，笑容变多了。」%K%P
「お姉ちゃん……」%K%P
「姐姐……」%K%P
ポロっと零れたお姉ちゃんの一言に\nつい素に戻って呟いてしまう。%K%P
听到姐姐脱口而出的这句话，我忍不住喃喃自语%K%P
――ここへ帰ってくるのは\n本当はお姉ちゃん一人のはずだった。%K%P
——原本应该只有姐姐一个人会回到这里。%K%P
お姉ちゃんはフランスでの暮らしが合わず、\n日本に帰りたいとお父さんに常々相談していたらしい。%K%P
姐姐似乎一直对法国的生活不适应，常常找爸爸商量想回日本的事。%K%P
とはいえ当初は金銭面的に難しくてお父さんも\n首を縦に振れなかったけれど。%K%P
话虽如此，当初因为金钱方面有困难，爸爸也迟迟无法点头。%K%P
でもお姉ちゃんがパリで認められるほどの\nデザイナーになったことで金銭問題が解決し、\n時間はかかったけど帰国することになったんだ。%K%P
不过姐姐在巴黎成为足以获得认可的设计师后，金钱方面的问题也解决了，虽然花了一段时间，但总算可以回国了。%K%P
その時にお姉ちゃんは\n僕にも声をかけてくれて――%K%P
那个时候，姐姐也对我开口了——%K%P
「……ありがとね、お姉ちゃん。\n　僕も一緒に日本へ連れてきてくれて」%K%P
「……谢谢你，姐姐。\n谢谢你带我一起到日本来。」%K%P
「どしたのもー。急にしんみりしちゃってさ。\n　あたしが身の回りのことなんもできないから、\n　無理やり春樹を連れてきただけだって」%K%P
「怎么了嘛～突然变得这么消沉。\n我只是因为自己没办法照顾自己，\n所以才硬是把春树你带过来而已啊。」%K%P
「謂わば使用人代わりって感じ？\n　だから気にすることないってば」%K%P
「说起来就像是代替佣人吧？\n所以你不用在意啦。」%K%P
「お姉ちゃん……」%K%P
「姐姐……」%K%P
奔放に見えるお姉ちゃんだけど、\n本当は誰よりも優しいことを僕は知ってる。%K%P
虽然姐姐看起来很奔放，但我知道她其实比任何人都温柔。%K%P
だからこそ僕も頑張らなくちゃ。%K%P
所以我才要更加努力。%K%P
向こうでは中々男らしいところを見せられなかったけど、\nこっちでは頼りがいのある格好いい男で在ろう。%K%P
虽然在那边一直没机会展现男子气概，不过，我要在这里当个可靠又帅气的男人。%K%P
そして男らしい自分に自信が持てるようになったら、\nあの子ともう一度――%K%P
然后，等自己变得更有男子气概，就再次向那女孩——%K%P
「それに……ふふふ。\n　春樹はあたしの大切なビジネスパートナーだし、ね？」%K%P
「而且……呵呵呵，春树是我重要的商业伙伴，对吧？」%K%P
「え゛？」%K%P
「咦？」%K%P
ビ、ビジネスパートナーって……。%K%P
商、商业伙伴……%K%P
「ま、待って、お姉ちゃん、いいや姉さん……。\n　約束したよね？　俺はもう二度と{アレ;・}はしないって……」%K%P
「等、等一下，姐姐，不对，姐姐……\n我们不是约好了吗？我不会再做『{那件;・}事』了……」%K%P
「あ、そうだ！　使用人で思い出した。\n　春樹にプレゼントがあるんだ～」%K%P
「啊，对了！说到佣人，我想起一件事。\n我有礼物要给春树哦～」%K%P
僕の言葉を無視して、お姉ちゃんがニヤニヤと笑う。\nこ、この流れはマズい……！%K%P
姐姐无视我的话，露出不怀好意的笑容。\n这、这个发展很不妙……！%K%P
「俺、用事を思い出し――」%K%P
「我想起我还有事——」%K%P
「――ほらほら行くよ～！\n　レッツ、お着替えターイムっ！」%K%P
「——好啦好啦，要走喽～！Let's换衣服时间！」%K%P
「待って、やめっ――引っ張るなっ！！」%K%P
「等一下，住手——不要拉我！！」%K%P
%XS20「俺はもう、あんなことしたくないんだってばぁ～！！」%XE%K%P
%XS20「我再也不想做那种事了啦～！！」%XE%K%P
………………%K%P
………………%K%P
…………%K%P
…………%K%P
……%K%P
……%K%P
「おお～。よく似合ってるじゃん」%K%P
「哦哦～～很适合你嘛。」%K%P
「…………」%K%P
「…………」%K%P
「服のサイズも……うん、ぴったり！」%K%P
「衣服的尺寸也……嗯，刚刚好！」%K%P
「…………」%K%P
「…………」%K%P
「着心地はどう？　春樹――じゃないや」%K%P
「穿起来的感觉如何？春树——不对。」%K%P
「ほーたるっ？」%K%P
「小～～萤？」%K%P
「『蛍』って呼ぶのやめてってばぁ～……！！\n　わたしはもう『蛍』を辞めたの～！！」%K%P
「不要叫我『萤』啦～……！！\n我已经不当『萤』了～！！」%K%P
「んなこと言って～。声色だって変えてるじゃん。\n　ホントはノリノリで女装してるんしょ～？」%K%P
「嘴巴上这么说～～可是你连声音都变了啊。\n其实你很乐在其中吧～～？」%K%P
「こ、これはつい反射的にでちゃうだけで……！\n　長年の蓄積が出ちゃってるだけで……！」%K%P
「这、这只是反射动作……！\n只是长年累积的习惯不小心跑出来而已……！」%K%P
「それだよ、それ！　長年に渡る女装生活で、\n　蛍にはたくさんファンもできてるんだしさ～」%K%P
「就是这个！经过长年累月的女装生活，萤也累积了相当多的粉丝～」%K%P
「いま辞めるとか言い出したらファンが悲しむよ～？\n　『{春日蛍:かすがほたる}』は我が『ＨＯＴＡＴＵＲＵ』が誇る、\n　専属美人女性モデルなんだし！」%K%P
「你现在说要退隐，粉丝会很伤心哦～？\n『春日萤』可是我们『HOTATURU』引以为傲的——\n专属美女模特儿耶！」%K%P
「わたしは美人でもないし、女性でもない！」%K%P
「我不是美女，也不是女性！」%K%P
「や、美人だって。そこらの女子より何倍も可愛いから。\n　ブランドが有名になったのも蛍のおかげじゃん。\n　蛍の可愛さがパリジェンヌの心を掴んだからじゃん！」%K%P
「不，萤就是美女。比那些随处可见的女生可爱好几倍。\n品牌之所以会打响名号，也是多亏了萤。\n萤的可爱抓住了巴黎女性的心嘛！」%K%P
「その事実も不本意なんだってばぁ～！」%K%P
「我也不想这样啊～！」%K%P
わざわざ姿見の前に僕を連れてきて、\n女の子の格好をした姿をお姉ちゃんが確認させてくる。%K%P
姐姐特地带我来到全身镜前，让我确认自己扮成女生的模样。%K%P
反射的に背筋を伸ばして、\n立ち振る舞いを意識してしまう自分が憎い。%K%P
我厌恶这样反射性地挺直背脊，注意起举止的自己。%K%P
ファッションモデルとしての所作が\nここ数年の間で身体に染みついてしまっているんだ。%K%P
这几年来，我身为时尚模特儿的举止已经深植于身体之中。%K%P
でも、だからこそ――%K%P
不过，正因为如此——%K%P
「これ以上、女の子らしくならないように、\n　お姉ちゃんの仕事は手伝わないって約束したのに～！」%K%P
「为了不让自己变得更像女孩子，我明明跟姐姐约好不帮忙工作的说～！」%K%P
「あいたたたた。仕事じゃないってプレゼントだって。\n　家事を一手に引き受けてくれる春樹へのプレゼント！\n　それなら普段着でもいけるっしょ？」%K%P
「痛痛痛痛痛。他说这不是工作，是礼物啦。\n这是要送给一手包办家事的春树的礼物！\n这样的衣服平时穿着也行吧？」%K%P
「せめて燕尾服にして！？\n　どうしてメイド服なの！？」%K%P
「至少也该穿燕尾服吧！\n为什么是女仆装啊！？」%K%P
「そりゃ男の格好してたら、\n　どんどん女性らしい所作を忘れちゃうからじゃん」%K%P
「那当然是因为打扮成男生，就会渐渐忘记怎么做出女性化的举止啊。」%K%P
「わたしは――じゃなくて！　俺は忘れたいの！！」%K%P
「我——不对！我想要忘记！！」%K%P
「ダメダメ。蛍以上にあたしの服を可愛く見せてくれる\n　女の子は他にいないんだから」%K%P
「不行不行，没有其他女孩子能比萤更能展现出我设计的衣服的可爱了。」%K%P
「蛍にはこれからもあたし専属の\n　ファッションモデルとして活躍してもらわなくちゃ。\n　こっちも商売かかってるし」%K%P
「今后萤也得继续当我的专属时装模特儿，好好活跃才行。\n毕竟我这边也是在做生意的。」%K%P
「だから約束が違うよぉ～……！！」%K%P
「这跟说好的不一样了嘛～～……！」%K%P
「そうは言うけどね？　自分の服を引き立ててくれる\n　モデルはホントに重要なんだよ？　わかってるっしょ？」%K%P
「话是这么说，不过能够衬托自己服装的模特儿，真的非常重要哦。你应该知道吧？」%K%P
「うっ。それは……！」%K%P
「唔，这个嘛……！」%K%P
「蛍がいなくなったら新作の衣装が売れなくなっちゃう\n　ってば！　そしたらまた貧乏生活に戻っちゃうじゃん！」%K%P
「要是萤不在了，新的服装就卖不出去了。\n这样我们又得回到贫穷生活了啦！」%K%P
「うぅっ……！」%K%P
「呜呜……！」%K%P
お姉ちゃんの訴えもわからなくもない。\n実際、フランスにいた時はそうだったから。%K%P
我也不是不能理解姐姐的主张。\n实际上，我在法国的时候就是这样。%K%P
――向こうで極貧生活を送っていた時、\nお姉ちゃんは金策のために服作りを始めてくれた。%K%P
——在那里过着穷困潦倒的生活时，姐姐为了赚钱而开始制作衣服。%K%P
『ＨＯＴＡＴＵＲＵ』というファッションブランドを\n立ち上げて、通信販売を始めてくれたんだけど――%K%P
她创立了名为『HOTATURU』的时尚品牌，开始做起了网购生意——%K%P
「あたしの服が売れるようになったのは、\n　蛍がモデルをしてくれるようになってからだよ？」%K%P
「我的衣服会开始热卖，也是从萤开始当模特儿之后的事哦。」%K%P
「どれだけ良い服もモデルが\n　いないと目に付かないんだよ！」%K%P
「不管衣服再怎么好看，没有模特儿的话就没人会注意到！」%K%P
そう。服の画像だけをあげているうちは\n全くと言っていいほど売れなかったんだ。%K%P
没错。光是上传衣服的图片，可以说完全卖不出去。%K%P
そこでお姉ちゃんは自分の服をよりよく見せるために、\n僕にファッションモデルになってと頼んできた。%K%P
为了更好地展示她的衣服，姐姐拜托我当她的时装模特儿。%K%P
「女装して、あたしの服を着てくんない？」と。%K%P
「可以穿女装，穿我的衣服吗？」%K%P
「蛍がモデルを務めてくれてからというもの、\n　注文が殺到したもんね～。あの時思ったよ。\n　あたしの目に狂いはなかったって」%K%P
「自从萤担任模特儿之后，订单就蜂拥而至呢～当时我就觉得，我的眼光果然没错。」%K%P
「あたしの服を世界で一番可愛く見せてくれるのは、\n　誰でもない――あたしの妹だったんだって！」%K%P
「让我的衣服看起来是全世界最可爱的，不是别人——就是我的妹妹！」%K%P
%XS20「弟！　俺は弟だから！！」%XE%K%P
%XS20「弟弟！我是弟弟啦！！」%XE%K%P
「まぁまぁ細かいことはいいじゃん。\n　ともかく蛍はあたしにとって、\n　なくてはならない存在なんだよ！」%K%P
「哎呀，这种小事就别计较了嘛。总之，萤对我来说是不可或缺的存在！」%K%P
「必要としてもらえるのは嬉しいけど……うぅ」%K%P
「虽然我很高兴你这么需要我……呜呜。」%K%P
以来、僕は『春日蛍』として『ＨＯＴＡＴＵＲＵ』の\n看板の一部を背負ってきた。%K%P
从那天起，我就以「春日萤」的身份，背负起「HOTATURU」的一部分招牌。%K%P
少しでも売り上げが良くなるなら、と。\n普段から女装してモデルとしての自分を高めて――%K%P
为了尽可能提升销量，平时就一直男扮女装，提升自己作为模特儿的水平——%K%P
――でもお父さんたちの事業も安定して、\nお姉ちゃんも有名になってお金の心配もなくなった今。%K%P
——不过，爸爸他们的事业已经稳定下来，姐姐也成了知名人士，不需要再为钱的事情烦恼了。%K%P
僕が女装してまで『蛍』になる必要はない。\nモデルの仕事をしなくちゃいけない理由はない。%K%P
我根本没必要男扮女装去当『萤』。\n也没有非得去当模特儿不可的理由。%K%P
「姉さんには悪いけど、蛍はもういないんだって。\n　日本に帰る前にそう言っておいたよね？」%K%P
「虽然对姐姐很不好意思，不过萤已经不在了。\n在回到日本之前，我就已经这么跟你说过了吧？」%K%P
「もし蛍が男だとバレたら事だし。\n　今まではお金のこともあったから仕方なくしてたけどさ。\n　意味も無く危険な綱渡りする必要はないよ」%K%P
「如果被发现我是男生，事情就糟了。\n之前是因为需要钱，我才会勉强自己这么做。\n不过现在没必要再做这种危险的勾当了。」%K%P
「それはそうだけどさ～……」%K%P
「是这样没错啦～……」%K%P
お姉ちゃんが不満げに頬を膨らませる。\nけど、僕の意志は固かった。%K%P
姐姐不满地鼓起脸颊。\n不过，我的意志很坚定。%K%P
もう「可愛い」なんて言われたくない。%K%P
我不想再听到「可爱」这种话了。%K%P
今までお姉ちゃんの力になれていたのは嬉しいけど、\n本当は女装なんてこれっぽっちもしたくないんだ。%K%P
虽然我很高兴自己至今为止能帮上姐姐的忙，但是……\n其实我一点都不想扮女装啊。%K%P
むしろ僕は男らしくなりたい。%K%P
我反而想变得更有男子气概。%K%P
やっと女装生活から解放されたんだ。\n僕はこれから男を磨く。磨いて磨いて、そして――%K%P
我终于从男扮女装的生活解脱了。\n今后我要磨练男子气概。不断磨练，然后——%K%P
「はぁ～……。ま、恋のためなら仕方ないか」%K%P
「唉～～……算了，为了恋爱，这也是没办法的事。」%K%P
「っっ！？　こここ、恋って……！？\n　いきなり何……！？」%K%P
「！？恋恋恋、恋爱……！？\n　怎么突然说这个……！？」%K%P
「蛍になりたくない理由の話に決まってんじゃん。\n　ふふ、春樹はホント一途だよね～？\n　わざわざ口調まで変えて格好付けちゃってさ～？」%K%P
「当然是不想变成萤的理由啊。\n呵呵，春树真的很专情耶～？\n还特地改变语气耍帅～？」%K%P
「清佳ちゃんのこと、ずっと好きなままなんだ？」%K%P
「你一直喜欢着清佳吗？」%K%P
「～～っっ！！」%K%P
「～～！！」%K%P
「あはは、わかりやす～い。なら確かに\n　女の子らしくなるより男らしくならなきゃだよね～」%K%P
「啊哈哈，真好懂～～那的确得变得更有男子气概，而不是更有女人味才行呢～～」%K%P
「向こうは大財閥のお嬢様だし。\n　若いのに化粧品会社の経営もしてるんでしょ？\n　そんじょそこらの男じゃ釣り合わない人だもん」%K%P
「对方可是大财团的千金小姐。\n年纪轻轻就经营化妆品公司了吧？\n不是一般男人配得上的对象。」%K%P
「わ、わかってるなら女装なんてさせないでよ……！\n　なんなら男らしく仕立てて欲しいくらいなのに……！」%K%P
「既、既然知道，就不要让我穿女装啊……！\n不然我宁愿穿得更有男子气概一点……！」%K%P
「けど清佳ちゃんは春樹のこと知らないんでしょ？\n　最初に出会った時、蛍として出会っちゃったから。\n　性別はもちろん、別人だと思われてるんじゃない？」%K%P
「可是清佳不认识春树吧？\n第一次见面时，她是用萤的身份遇见春树的。\n她应该认为春树和萤是两个人吧？毕竟性别也不同。」%K%P
「うっ……。それは……」%K%P
「唔……这个嘛……」%K%P
「春樹として出会っても『誰この人』ってなるよね。\n　そもそも会えるかどうかもわかんないし」%K%P
「就算以春树的身份相遇，也会想『这个人是谁啊』。\n而且根本不知道能不能见到面。」%K%P
「ならいっそ友達の蛍として会いに行った方がよくない？\n　それなら格の違うご令嬢でも会ってもらえそうじゃん？」%K%P
「既然这样，干脆以朋友的身份，以萤的身份去见她不就好了？\n这样就算是千金小姐，应该也会愿意见你一面吧？」%K%P
「それじゃあ意味ないもん！」%K%P
「那样就没有意义了嘛！」%K%P
「あ～……。確かに蛍として付き合っても\n　男ってバレるからエロいことできないもんね～」%K%P
「啊～……就算用萤的身份交往，也会被发现是男生，所以也不能做色色的事呢～」%K%P
「そういうことじゃない！」%K%P
「我不是那个意思！」%K%P
むしろ『誰この人』って思われちゃってもいい。%K%P
其实，就算让她觉得「这个人是谁啊？」也无所谓。%K%P
小さい頃からずっと辛かったんだ。\n性別を偽って清佳ちゃんと接していることが。%K%P
从小，我就一直很痛苦。\n因为，我一直隐瞒着自己的性别，和清佳相处。%K%P
ずっと清佳ちゃんを騙していることが。%K%P
一直欺骗着清佳。%K%P
だから今度こそ僕は何一つ偽りのない自分として\n彼女と出会って、想いを告げて、叶うなら結ばれて……。%K%P
所以这次我一定要以最真实的自己与她相遇，向她告白，如果可以，希望能与她结为连理……%K%P
「小さい頃に遊んでいた蛍は僕だったんだ」って。%K%P
「小时候一起玩的萤，其实是我」。%K%P
僕と彼女がおじいさんとおばあさんになった時に、\n笑い話として話せるような仲になりたい。%K%P
希望我们能成为即使到了白发苍苍的年纪，也能笑着谈论往事的朋友。%K%P
「にしてもビックリだよねー。\n　あの清佳ちゃんが世に名高い{楠:くすのき}グループの\n　お嬢様だったなんて……」%K%P
「话说回来，真是吓了我一跳呢～\n那个清佳居然是世界知名的楠木集团的\n千金大小姐……」%K%P
「う、うん。一緒に遊んでた頃は\n　全然そんな風には見えなかったけど……」%K%P
「嗯、嗯。不过我们在一起玩的时候，完全没看出来……」%K%P
「くぅ～！　最初からわかっていれば、\n　玉の輿コースを狙えたのになぁ～……！\n　あの極貧生活も経験せずにいられたのに……！」%K%P
「呜～！如果一开始就知道的话，就可以走飞上枝头当凤凰的路线了说……！也不用体验那种极贫生活了说……！」%K%P
「清佳ちゃんをお財布みたいに言わないで！」%K%P
「不要把清佳讲得像钱包一样！」%K%P
「ねね。今からでも連絡取ってみない？\n　ちょっとお金貸してとか言えないかな～？」%K%P
「欸欸，要不要现在就试着联络看看？\n不知道能不能跟他说借点钱～？」%K%P
「お姉ちゃん……。それ以上言うと、\n　本当に僕、軽蔑しちゃうからね……」%K%P
「姐姐……你再继续说下去的话，我真的会瞧不起你哦……」%K%P
「あはは、冗談だって。まーた『僕』に戻ってんよ？\n　心配しなくても春樹の恋路を邪魔するつもりはないから」%K%P
「啊哈哈，开玩笑的啦。又变回『{僕:boku}』了哦？\n不用担心，我不会妨碍春树的恋情啦。」%K%P
「ならメイド服なんて着させないでよ、もう……。\n　誰かが訪ねてきたらどうするつもりなのさ……」%K%P
「那你就不要逼我穿女仆装啊，真是的……\n要是有人来拜访的话该怎么办啊……」%K%P
「誰も来ないって。依頼はメールで来るし。\n　配達とかも特に頼んでないし――」%K%P
「不会有人来啦，委托都是用电子邮件寄来的，而且我也没有特别拜托他们送货——」%K%P
「って――あり。誰か来た？」%K%P
「咦——有人来了？」%K%P
「嘘っ！！？　どどど、どうするの！？」%K%P
「不会吧！！？怎怎怎、怎么办！？」%K%P
「どうするのって……。\n　あたし、この格好じゃ流石に出られないよ」%K%P
「还能怎么办……\n我穿这样实在没办法见人啊。」%K%P
「僕もこの姿じゃ出られないってば！！」%K%P
「我也不能用这副模样出去啦！！」%K%P
「わー……。超連打してきてんじゃん。\n　面倒臭い訪問販売業者かも……。お、追い返せない？」%K%P
「哇……疯狂连按。\n可能是很麻烦的推销员……赶、赶得走吗？」%K%P
「ぼぼ、僕が？」%K%P
「我我、我吗？」%K%P
「は、春樹も知ってるっしょ？\n　あたし、自他共に認める内弁慶なんだってばぁ～」%K%P
「春、春树你也知道吧？\n我可是公认的在家一条龙，出外一条虫啊～」%K%P
そうだった。お姉ちゃんは知らない人――\n特に男性が苦手で、電話にも出られないタイプなんだ。%K%P
没错，姐姐她不擅长和陌生人——尤其是男性相处，连电话都不太敢接。%K%P
「男らしくなりたいんっしょっ？\n　訪問販売を撃退するのに見た目は関係ないって！」%K%P
「你不是想变得更有男子气概吗？\n　要击退推销员跟外表没有关系啦！」%K%P
「うっ……！　それは確かに……！」%K%P
「唔……！这倒是真的……！」%K%P
「これも男らしくなるトレーニングだよ！\n　訪問販売業者にも勝てないで何が男だ！\n　というか行って！　マジでお願いっ！」%K%P
「这也是培养男子气概的训练哦！\n连推销员都打不赢算什么男人！\n应该说快去！真的拜托你！」%K%P
鳴り続けるチャイムの音が怖いのか、\nお姉ちゃんが怯えた声で縋ってくる。%K%P
姐姐似乎很害怕持续响个不停的门铃声，以胆怯的声音向我求救。%K%P
よ、よしっ！%K%P
很、很好！%K%P
「待ってて、姉さん……！\n　俺が男らしく追い返してくるから……！」%K%P
「你等着吧，姐姐……！\n　我会像个男子汉把她们赶跑的……！」%K%P
「う、うんっ、頼んだよ、蛍……！！」%K%P
「嗯、嗯！拜托你了，小萤……！」%K%P
蛍じゃなくて春樹だけどね。\nその点だけは何度でも訂正していかなくちゃ。%K%P
虽然不是萤，而是春树。\n只有这点我得不断纠正才行。%K%P
「こんなに何度も鳴らさなくてもいいのに……」%K%P
「其实也不用按这么多次啊……」%K%P
玄関先まで来たところで緊張が跳ね上がる。\nもしも強面の男の人だったら……。%K%P
来到玄关前，我的紧张感顿时飙升。\n如果是个长相凶恶的男人……%K%P
って、ダメダメ。不安になってどうする。\n俺は男らしく姉さんを守るんだ！！%K%P
不行不行，怎么可以感到不安呢？\n我要像个男子汉一样保护姐姐！！%K%P
「あ、あのっ……！\n　訪問販売はお断りしていて――」%K%P
「那、那个……！\n我们不见推销员——」%K%P
「って……あれ？」%K%P
「呃……咦？」%K%P
誰もいない……。ど、どういうこと？%K%P
没有半个人……这、这是怎么回事？%K%P
「幾度も呼び鈴を鳴らしてしまい申し訳ありません。\n　つか早く出て来て下さい。待たせすぎです、コノ野郎」%K%P
「抱歉，我按了好几次门铃。\n　你倒是快点出来啊，混账东西，让我等太久了。」%K%P
「へ……？」%K%P
「咦……？」%K%P
不意に謝罪風の暴言がどこからともなく聞こえてきた。\nだ、誰もいないのに、どうして……！？%K%P
突然，不知从哪里传来一句道歉的粗暴话语。\n明、明明没有人在，为什么……！？%K%P
「……目ぇ付いてるんですか？\n　下です。目線をお下げください」%K%P
「……你的眼睛长在上面吗？\n　在下面。请把视线往下移。」%K%P
「目線を……？」%K%P
「视线……？」%K%P
言われたとおり目線を下げる。すると――%K%P
我照她所说的，垂下视线。结果——%K%P
「っっ！？　メメメ、メイドさん……！？」%K%P
「！？女女女、女仆小姐……！？」%K%P
まさか本物……！？　げ、現実に存在するんだ……！%K%P
难道是真货……！？原、原来真的存在啊……！%K%P
「まぬけ面で見下ろさないで下さい。\n　というか、あなたも同業者ではありませんか」%K%P
「请不要用傻脸俯视我。\n应该说，你也是同行吧？」%K%P
「あ、いや……！　その……！\n　子供がメイドしてることに驚いて……！」%K%P
「啊，不是……！那个……！\n我是对小孩子扮女仆感到惊讶……！」%K%P
「……人を見かけで判断するとは無能の極みですね。\n　{愛:あい}は千鶴様の弟君様と一つしか歳が変わりません」%K%P
「……以貌取人真是无能至极呢。\n　爱与千鹤小姐的弟弟只差一岁。」%K%P
「えっ！？　とてもそんな風には……！」%K%P
「咦！？怎么可能……！」%K%P
つまり僕の一つ年下ってこと……！？\n小学生か中学生にしか見えないけど……。%K%P
也就是说，她比我小一岁……！？\n虽然她看起来只像是小学生或初中生……%K%P
「こう言っては失礼ですが……。千鶴様はメイドに\n　どういった教育をしておられるのでしょう。\n　あなた、礼儀というものを知らないのですか？」%K%P
「虽然这么说很失礼……千鹤小姐到底是怎么教育女仆的？您难道不懂得礼仪吗？」%K%P
「それを言うならあなたも大概のような……」%K%P
「真要说的话，你也好不到哪里去吧……」%K%P
「は？　愛は呼び鈴を鳴らしてから、\n　既に５分以上も待たされておりますが。\n　来客対応もできないメイドがどの口で仰っているのです」%K%P
「哈？爱按门铃之后，已经等了五分钟以上。\n连客人来了都没办法招呼的女仆，有什么资格说这种话？」%K%P
「うっ！　お待たせして申し訳ありませんっ！」%K%P
「唔！不好意思，让各位久等了！」%K%P
「……まぁいいです。で、千鶴様はご在宅ですか？\n　それくらいあなたにもわかりますよね？」%K%P
「……算了。那么，千鹤小姐在家吗？\n这点小事你应该知道吧？」%K%P
眉間にシワを寄せて、女の子がギロリと睨んでくる。\n威圧感が凄い。見た目はお人形さんみたいなのに。%K%P
女孩皱起眉头，狠狠地瞪着我。\n好强的压迫感。明明外表看起来就像洋娃娃一样。%K%P
「あ、あのー……。\n　今日はどういったご用件で……？」%K%P
「那、那个……\n请问今天有什么事吗……？」%K%P
「は？　愛は千鶴様がご在宅か否かを尋ねています。\n　会話のキャッチボールすらままならないのですか？」%K%P
「啊？爱是在问千鹤小姐是否在家。\n连对话都不会吗？」%K%P
「はうっ……！」%K%P
「啊呜……！」%K%P
言葉の切れ味も鋭い……！\n僕の心をズタズタにしてくる……！%K%P
她的言词也相当犀利……！\n将我的心撕裂得支离破碎……！%K%P
でも負けるもんかっ。\nこんな小さな女の子に臆しちゃってどうする！%K%P
可是我才不会输给她。\n我怎么能输给这么小的女孩子！%K%P
%XS20「千鶴様はご在宅ですっ！　でも、その前に\n　どちら様か伺ってもいいですかっ！？」%XE%K%P
%XS20「千鹤小姐在家！不过，在那之前\n　可以请问您是哪位吗！？」%XE%K%P
「……急に叫ばないで下さい。\n　情緒不安定なんですか、あなたは」%K%P
「……请不要突然大叫。\n你情绪不稳定吗？」%K%P
「あううっ……！！」%K%P
「啊呜呜……！！」%K%P
男らしくしたつもりが呆れられてしまう。\n淡々と言ってくるのが、むしろ怖い……！%K%P
我本来想表现得像个男子汉，结果却让人觉得可笑。\n她用平淡的语气说出这句话，反而让我觉得可怕……！%K%P
――とにかく、帰ってもらおう。\nきっとお姉ちゃんもこの子とは喋れないだろうし。%K%P
——总之，先请她回去吧。\n姐姐肯定也和这女孩无话可说。%K%P
「ちょっと愛。なにメイドさんを苛めてるの。\n　そんなことしたら私の印象まで悪く――……」%K%P
「等等，爱，你为什么要欺负女仆？\n你这么做，连我的印象都会变差——……」%K%P
お帰り願おうとしたところで、\nメイドさんの背後から彼女を諫める声が聞こえてきた。%K%P
正当我打算请她离开时，女仆身后传来劝阻她的声音。%K%P
その声に釣られて、目線を上げると――%K%P
我顺着声音抬头一看——%K%P
「あ…………」%K%P
「啊…………」%K%P
思わず――その姿に魅入ってしまった。\nその女性があまりにも綺麗だったから。%K%P
我不禁——被她的身影迷住了。\n因为那名女性实在太过美丽。%K%P
ただそこに佇んでいるだけなのに、\n良質な芸術品を目にしているみたいだ。%K%P
她只是站在那里，就仿佛是一幅精美的艺术品。%K%P
美しくて、上品で、気高くて――\nひと目見ただけで彼女が良家のお嬢様だとわかる。%K%P
她美丽、高雅、气质出众——\n一眼就能看出她是良家大小姐。%K%P
けれど……何故だろう。\n彼女もまた僕を驚いた顔でじっと見つめていた。%K%P
可是……不知道为什么，她也一脸惊讶地盯着我看。%K%P
「も、もしかして、あなた……」%K%P
「难、难道说，你是……」%K%P
綺麗で艶やかな唇から言葉が漏れる。\nそれだけで僕はドキリとさせられてしまった。%K%P
从她那美丽而娇艳的嘴唇中吐露出的话语，光是这样就让我心跳加速。%K%P
だけど、それ以上に僕の心を揺り動かしたのは、\n続いて溢れた彼女の言葉だった。%K%P
然而，她接下来所说的话，更进一步地撼动了我的心。%K%P
「蛍……なの？」%K%P
「是……萤吗？」%K%P
「え……？」%K%P
「咦……？」%K%P
「蛍っ……！　蛍よねっ？\n　私よ、わからないっ……！？」%K%P
「萤……！是萤吧？\n是我啊，认出来了吗……！？」%K%P
肩を揺らして尋ねてくる彼女の顔を見て、\n不意に幼い日の思い出が脳裏をよぎる。%K%P
看着她晃着肩膀询问的模样，我脑中突然闪过儿时的回忆。%K%P
何年経っても色あせることなく、\n瞬時に思い出せる彼女の顔。%K%P
无论经过多少年都不会褪色，能够瞬间回想起来的她的脸。%K%P
僕の心を虜にし続けてきた女の子の顔。%K%P
那是一直掳获我的心的女生的脸。%K%P
大好きなあの女の子の顔が――%K%P
我最喜欢的那女孩的脸——%K%P
――目の前の女性に重なって見える。%K%P
——与眼前的女性重叠。%K%P
「もしかして……。清佳、ちゃん……？」%K%P
「难道说……你是……清佳……？」%K%P
「～～っっ！！　そうよ、清佳よ……！！」%K%P
「～～！！对，我是清佳……！！」%K%P
瞬間――涙が溢れそうになった。%K%P
刹那间——眼泪差点夺眶而出。%K%P
清佳ちゃんと再会できた喜びで。\n今にも抱きしめたくなるくらい胸が熱くなって。%K%P
因为和清佳重逢的喜悦，我的胸口发热，几乎想要立刻抱紧她。%K%P
何か言いたいのに喉が詰まって声が出ない。%K%P
明明有话要说，却喉咙哽咽，发不出声音。%K%P
「久しぶり」「綺麗になったね」「どうしてここに？」\n色々な感情が溢れてるのに何一つ言えなくて――%K%P
「好久不见」、「你变漂亮了」、「你怎么会在这里？」\n明明心中涌出各种各样的感情，却一句话都说不出来——%K%P
「っっ……！！　蛍……！！　蛍っ……！！」%K%P
「……！！萤……！！萤……！！」%K%P
清佳ちゃんも感極まった様子で僕を見てくれていて。%K%P
清佳也用感动至极的表情看着我。%K%P
彼女も僕との再会を心待ちにしてくれていたのが\nわかって、それがとても嬉しくて。%K%P
知道她也一直期盼与我重逢，让我非常高兴。%K%P
気がついた時には――そう。%K%P
当我回过神来时——%K%P
「んっ……！！」%K%P
「嗯……！！」%K%P
唇を――奪われていた。%K%P
我的嘴唇——被夺走了。%K%P
「ちゅっ……！　んっ……！」%K%P
「啾……！嗯……！」%K%P
…………え？%K%P
…………咦？%K%P
「ん゛っ、ん゛んっっ～～！！？」%K%P
「嗯、嗯嗯～～！！？」%K%P
%XS20なんでキスされてるの！！？%XE%K%P
%XS20为什么被亲了啊！！？%XE%K%P
「ずっと、んちゅっ、ずっと会いたかった……！\n　ちゅぁ、んちゅぅ……！」%K%P
「我一直、嗯啾、一直好想见你……！\n　啾啊、嗯啾……！」%K%P
「んふぁ……！　ん、んふ、んんんっっ……！！」%K%P
「嗯呼啊……！嗯、嗯呼、嗯嗯嗯……！！」%K%P
柔らかくて気持ちいい……！　キスってこんなに……！%K%P
好柔软好舒服……！接吻原来是这么……！%K%P
じゃなくて……！　早く、んん、離れてもらわないとっ！%K%P
不对……！得快点，嗯嗯，让他放开我！%K%P
「清佳ちゃっ、や、やめ――んふぅんっ！？」%K%P
「清佳，住、住手——嗯呼嗯！？」%K%P
「んふ、んちゅ……はぁはぁ。\n　ダメ、はぁはぁ、とめられない……」%K%P
「嗯呼、嗯啾……哈啊哈啊。\n　不行，哈啊哈啊，停不下来……」%K%P
と、とめられないって――%K%P
没、没办法阻止——%K%P
「んはぁむっ……んちゅぅ。\n　れろ、れろろぉっ……！！」%K%P
「嗯哈唔……嗯啾。\n　滋噜、滋噜噜……！！」%K%P
「～～っっ！！！？　んふ、んんんんっっ～～……！！」%K%P
「～～！？嗯呼、嗯嗯嗯嗯～～……！！」%K%P
う、うそっ……！？　舌が、はふぅ……！\n清佳ちゃんの舌が入ってきへぇ……！！？%K%P
骗、骗人……！？舌头、哈呼……！\n清佳的舌头进来了……！！？%K%P
熱々のベロがにゅるんにゅるんと\n口の中をなめ回してくりゅっ……！%K%P
温热的舌头在嘴里来回舔舐……！%K%P
なにこれ、わけわからないほど気持ひいい……！\nあふぅ、トロトロになっひゃふっ……！%K%P
这是什么，我感觉好舒服，舒服到无法理解……！\n啊呼，变得粘呼呼的了……！%K%P
「れろぉ……！　ぺろろぉ……！\n　蛍、んんっ、蛍ぅっ……」%K%P
「舔舔……！舔舔……！\n萤，嗯嗯，萤……」%K%P
「はふぁぁ……！　んぁぁ……！　あぁぁ……！」%K%P
「哈呼啊啊……！嗯啊啊……！啊啊啊……！」%K%P
力抜けちゃふ……！　ら、らめぇ……！%K%P
我全身无力……！不、不行……！%K%P
きもひよしゅぎへ、もー立ってられなひ……。%K%P
太舒服了，我站不住了……%K%P
「ぷはぁ……はぁ、はぁ。蛍……」%K%P
「噗哈……呼、呼。小萤……」%K%P
「ふぁ……はぁ、はぁ、はぁ……」%K%P
「呼啊……呼、呼、呼……」%K%P
気づけば清佳ちゃんは口を離して、\n今にも膝から崩れ落ちそうな僕を抱き支えていた。%K%P
回过神来，清佳已经松开我的嘴，抱住我，支撑着我快要瘫软的膝盖。%K%P
唇は離れたものの、唾液の糸は僕と清佳ちゃんを\n繋いだままで、妖しい煌めきを放っている。%K%P
虽然我们的嘴唇已经分开，但唾液的丝线却将我和清佳连结在一起，绽放出妖艳的光芒。%K%P
だけど、そんなことを考えている余裕もないくらいに\n頭は混乱していて。何もわからなくて。%K%P
可是，我的脑袋一片混乱，没有余力思考这些事。%K%P
火照りきった清佳ちゃんの吐息が\n顔に吹きつけられて、もっと頭がボーッとして。%K%P
清佳发烫的吐息吹在我的脸上，让我的脑袋更加恍惚。%K%P
「子供の頃の約束を……えへへ、果たしに来たわ」%K%P
「我来实现……小时候的约定咯。嘿嘿嘿。」%K%P
「やく、そく……？」%K%P
「约、定……？」%K%P
聞き返すと清佳ちゃんは\n満面の笑みで「ええ」と頷いて――%K%P
我反问后，清佳满脸笑容地点头说：\n「是的。」%K%P
「私と、結婚しましょ？」%P%K%P
「和我结婚吧？」%P%K%P
