「失礼しちゃうよね～。男の子は女の子の\n　アイドルグループには入れないなんてさ～」%K%P
「真是没礼貌耶～居然说男生不能加入女孩子的偶像团体～」%K%P
「あたりまえでしょ……！？　うぅ、お姉ちゃんが\n　どうしてもって言うからついていったのに……！」%K%P
「那还用说吗……！？呜呜，都是因为姐姐说无论如何都要来，我才会跟来的……！」%K%P
そうだ――あの日はお姉ちゃんに騙されて、\nアイドルオーディションを受けさせられたんだっけ。%K%P
对了——那一天，我被姐姐骗去参加偶像选秀会。%K%P
「や、でも春樹――ううん、蛍が自分から\n　『男です』って言わなきゃ入れてたよ！\n　それまでメチャクチャ好印象っぽかったもん！」%K%P
「哎呀，可是春树——不对，是萤，如果萤没有主动说『我是男的』，萤就会被加进去了！\n在那之前萤给人的印象超好的！」%K%P
「控え室で突然女装させられた僕の身にもなってよ……！\n　一ミリも入りたくなんてなかったし……！\n　しかも勝手に芸名まで考えて……！」%K%P
「你也替突然在休息室被迫穿女装的我着想一下吧……！\n我根本不想加入……！\n而且还擅自帮我取艺名……！」%K%P
「審査する人も見る目ないよねー。\n　あの中なら絶対に蛍が一番可愛かったのに～」%K%P
「评审也真没眼光呢～\n在那里面萤绝对是最可爱的～」%K%P
「だから蛍って呼ばないでってばぁ～……！！」%K%P
「就叫你别叫我萤了嘛～……！！」%K%P
この一年くらい前から、お姉ちゃんは\n何故か僕を事あるごとに女装させたがってて。%K%P
大概是从一年前开始，姐姐不知为何，动不动就想让我穿女装。%K%P
その日もオーディションには落ちたのに、\n女装姿のまま帰らされる羽目になったんだっけ。%K%P
那一天，我明明落选了，却还是被迫穿着女装回家。%K%P
その途中にこの公園を通って――%K%P
途中经过一座公园——%K%P
「…………」%K%P
「…………」%K%P
ベンチに座る彼女を見つけたんだ。%K%P
我看见她坐在长椅上。%K%P
僕と同年代くらいかな？\nだけど、僕よりずっと大人びて見えた。%K%P
年纪大概和我差不多吧？\n不过，看起来比我成熟多了。%K%P
彼女はどこか寂しそうな顔をしていて、\n何をするでもなく一人佇んでいる。%K%P
她露出有些寂寞的表情，无所事事地独自伫立着。%K%P
ううん。何もしていないわけじゃなさそうだ。\n彼女はきっと――%K%P
不对，她应该不是什么都没做。\n她一定——%K%P
「どしたの？　急に立ち止まって」%K%P
「怎么了？突然停下来。」%K%P
「あ、えと……！」%K%P
「啊，呃……！」%K%P
お姉ちゃんに話しかけられて、ふと我に返った。%K%P
姐姐对我说话，我这才回过神来。%K%P
そうだ。女の子を気にしている場合じゃない。\n僕はいま女装させられているんだ。%K%P
没错，现在不是在意女孩子的时候。\n我现在可是被迫穿女装。%K%P
今は一刻も早く家に帰って着替えたい。\n女の子の格好なんて一秒たりともしていたくないんだ。%K%P
我现在只想尽快回家换衣服。\n一秒都不想再打扮成女生了。%K%P
「あ、あの――」%K%P
「那、那个——」%K%P
「え？」%K%P
「咦？」%K%P
なのに、気づけば僕は\n彼女に話しかけてしまっていた。%K%P
可是，回过神来，我已经在跟她说话了。%K%P
女の子は驚いた顔をして振り向いてきたけれど、\nきっと僕も同じくらいビックリした顔をしていたと思う。%K%P
女孩一脸惊讶地转过头来，我想我一定也露出同样惊讶的表情。%K%P
「急に話しかけちゃってごめんね？\n　寂しそうな顔でずっと座ってたから……！」%K%P
「不好意思，突然跟你说话。\n因为你一直表情落寞地坐着……！」%K%P
「もしかして、あの子たちとケンカでもしたの？」%K%P
「你该不会是跟那些女生吵架了吧？」%K%P
「ケンカ……？」%K%P
「吵架……？」%K%P
「う、うん。ずっとあの子たちを見てるみたいだったから」%K%P
「嗯、嗯。因为她们好像一直在看着我。」%K%P
つい早口になってしまいながら、\nさっきまで彼女の視線の先にいた女の子たちを見やる。%K%P
我忍不住加快说话速度，同时看向刚才在她视线前方的那群女生。%K%P
学園の友達同士なのかな？\n仲良さそうに遊ぶ女の子たちがそこにいた。%K%P
她们是学园的朋友吗？\n只见一群女生感情融洽地玩在一起。%K%P
ちょうど僕たちと同じくらいの歳だと思う。\nきっと彼女もあの子たちの仲間なんだろう。%K%P
她的年纪应该跟我们差不多。\n她一定也是那些孩子的同伴吧。%K%P
「もし仲直りしづらいのなら、一緒に行く……？\n　何があったのかは知らないけど……」%K%P
「如果你们很难和好，要不要一起去……？\n虽然我不知道你们之间发生了什么事……」%K%P
しかし彼女は僕の問いには答えず、\n警戒した様子で尋ね返してくる。%K%P
但是她没有回答我的问题，反而警戒地反问：%K%P
「あなた、誰？」%K%P
「你是谁？」%K%P
「あ……！　あっ、ぼ、僕は――」%K%P
「啊……！啊，我、我是——」%K%P
「……ボク？」%K%P
「……我吗？」%K%P
「～～っっ。わ、わたしは蛍。\n　春日蛍って言うの……！」%K%P
「～～！我、我叫萤。\n春日萤……！」%K%P
「春日蛍……。聞いたことのない名前ね」%K%P
「春日萤……没听过这个名字呢。」%K%P
「当たり前だと思うけど……。\n　わたしもあなたのお名前知らないし……」%K%P
「我想这是理所当然的……\n我也不知道你的名字……」%K%P
「へぇ？」%K%P
「咦？」%K%P
何故か鼻で笑われた。\nぼ、僕、何かおかしなこと言ったかな。%K%P
不知为何，她用鼻子哼笑了一声。\n我、我说了什么奇怪的话吗？%K%P
「わざわざ声をかけてくれてありがとう。\n　けれど余計なお世話だわ」%K%P
「谢谢你特地来关心我，不过你多管闲事了。」%K%P
「私は彼女たちとケンカなんてしていない。\n　そもそも彼女たちと知り合いですらない」%K%P
「我并没有和她们吵架。\n说起来，我甚至不认识她们。」%K%P
「もちろん寂しそうな顔もしていない。\n　むしろ能天気な子たちだと思って見ていたの」%K%P
「当然，她们脸上也没有寂寞的神色。\n我反而觉得她们是无忧无虑的孩子。」%K%P
「能天気……？」%K%P
「乐天……？」%K%P
頷くと、彼女は楽しげに遊ぶ彼女たちへ視線を戻した。%K%P
我点头后，她便将视线转回开心玩耍的她们身上。%K%P
「見なさいよ。私と同じくらいの年頃の女の子が、\n　バカみたいにはしゃぎ回って」%K%P
「你看，跟我年纪差不多的女孩子，正像个笨蛋一样到处乱跑。」%K%P
「滑り台？　ブランコ？　ボール遊び？\n　ふふ――あんなことしてなんの糧になるのかしら」%K%P
「溜滑梯？荡秋千？玩球？\n　呵呵——做那种事有什么好处呢？」%K%P
「無駄なことに時間を費やすより、\n　もっと有意義なことに時間を使うべきよ」%K%P
「与其把时间浪费在无谓的事情上，还不如把时间用在更有意义的事情上。」%K%P
「…………」%K%P
「…………」%K%P
言葉とは裏腹に彼女の顔は\nやっぱり寂しそうに見えた。%K%P
虽然嘴上这么说，但她的表情看起来果然还是有些寂寞。%K%P
背伸びして大人になろうとしているような、\n本心を隠して強がっているような――そんな顔。%K%P
仿佛在逞强，仿佛在掩饰自己的真心——那样的表情。%K%P
だからかな――%K%P
或许是因为这样——%K%P
「ふふっ。ふふふっ」%K%P
「呵呵。呵呵呵。」%K%P
「な、何を笑ってるのっ？」%K%P
「你、你在笑什么？」%K%P
「だって、ふふ、素直じゃなさすぎて。\n　遊びたいなら遊びたいって言えばいいのに」%K%P
「因为，呵呵，你太不坦率了嘛。\n想玩的话，直说不就好了。」%K%P
「素直じゃないって……！\n　わ、私は本当に遊びたくなんて――」%K%P
「什么不坦率……！我、我真的不想玩——」%K%P
「なら、わたしと一緒に遊んでみない？\n　きっと、とても楽しいと思うよ？」%K%P
「既然如此，要不要跟我一起玩呢？\n我想一定会很开心哦？」%K%P
「えっ？」%K%P
「咦？」%K%P
「行こう？　滑り台もブランコもボール遊びも――\n　みんなみんな、絶対に楽しいから」%K%P
「走吧？不管是溜滑梯、荡秋千、还是玩球——\n　每一样都绝对会很好玩哦。」%K%P
「だ、だから、私は――」%K%P
「所、所以，我——」%K%P
「ほーら。立って立って」%K%P
「来，站起来站起来。」%K%P
「離して……！　私は別に……！」%K%P
「放开我……！我并没有……！」%K%P
「蛍～。なーにしてんの――って。\n　おおっ～、だれだれ、その美少女！」%K%P
「小萤～你在做什么——咦？哦哦～～这个美少女是谁啊！」%K%P
「あ、えと、この子は――」%K%P
「啊，呃，她是——」%K%P
お姉ちゃんに紹介しようとして、\n彼女の名前を聞いていないことに気づいた。%K%P
我正想向姐姐介绍她，这才发现自己还不知道她的名字。%K%P
「お名前、聞いてもいい？」%K%P
「可以请教你的名字吗？」%K%P
「ほ……本当に知らないの？\n　私の、名前……」%K%P
「你……你真的不知道吗？\n　我的名字……」%K%P
「え？　うん」%K%P
「咦？嗯。」%K%P
首を傾げて答えると、\n彼女は一瞬呆然とした顔を浮かべた。%K%P
我歪着头回答，她瞬间露出茫然的表情。%K%P
そして、ちょっぴり押し黙った後に――%K%P
然后，她沉默了一会儿——%K%P
「清佳……。清佳よ。\n　私の名前は清佳」%K%P
「清佳……我叫清佳。\n　我的名字是清佳。」%K%P
「清佳ちゃんだね？\n　ふふ、よろしく」%K%P
「你是清佳吧？\n呵呵，请多指教。」%K%P
「う、うん……」%K%P
「嗯、嗯……」%K%P
「じゃあ、行こう清佳ちゃん？\n　何して遊びたい？」%K%P
「那我们走吧，清佳？你想玩什么？」%K%P
気づけば僕は女装していることも忘れて、\n清佳ちゃんの手を引いていた。%K%P
回过神来，我已经忘了自己穿着女装，牵着清佳的手。%K%P
戸惑う清佳ちゃんを無理やり引っ張って。\nお姉ちゃんも加えた三人で日が沈むまで遊んで――。%K%P
我硬是拉着困惑的清佳，加上姐姐，三个人一起玩到太阳下山——%K%P
「どう？　楽しかったでしょ？」%K%P
「怎么样？玩得开心吗？」%K%P
「う……うん……。悪くは、なかったわ……」%K%P
「唔……嗯……还不坏……」%K%P
「それじゃ今日はもう解散しよ？\n　あんまり遅くなると心配されると思うから」%K%P
「那今天就解散吧？\n要是太晚回去，会被担心的。」%K%P
「そ……そうね……」%K%P
「是……是啊……」%K%P
だけど清佳ちゃんはモジモジしたまま\nその場から動かなかった。%K%P
但是清佳却忸忸怩怩地站在原地，没有移动。%K%P
「清佳ちゃん……？」%K%P
「清佳……？」%K%P
「っっ。その蛍……。\n　お願いが、あるんだけど……」%K%P
「那个……我有件事想拜托你……」%K%P
「お願い？」%K%P
「拜托？」%K%P
すると清佳ちゃんは、\n意を決したように僕を見つめて――%K%P
接着，清佳下定决心似地凝视着我——%K%P
%XS21「私と――お友達になって欲しいの……！」%XE%K%P
「希望你——和我当朋友……！」%K%P
