「ん…………」%K%P
「嗯…………」%K%P
窓から差し込む太陽の光で目を覚ます。%K%P
我被从窗外射进来的阳光照醒。%K%P
懐かしい夢を見ちゃったな……。%K%P
做了个令人怀念的梦呢……%K%P
あの日以来、清佳ちゃんとは毎日のように遊んでた。%K%P
从那天起，我几乎每天都和清佳一起玩。%K%P
公園のベンチを待ち合わせ場所にして、\n日が沈む度に「また明日」と約束して。%K%P
我们约好在公园的长椅碰面，每当太阳下山，就约定「明天见」。%K%P
『蛍』として知り合っちゃったせいで、\n僕はいつも女装して会うことになっていたけど――%K%P
因为是以『萤』的身份认识的，所以每次见面时我都是穿着女装——%K%P
でも――清佳ちゃんとのあの日々は、\n僕にとって宝物で、とても楽しい時間だった。%K%P
但是——和清佳一起度过的那些日子，对我来说是宝物，是非常快乐的时光。%K%P
きっと、彼女も同じ気持ちだったんだ。\nいいや僕以上に大切に想ってくれていたのかもしれない。%K%P
她一定也是同样的心情。\n不，她或许比我还重视。%K%P
だからこそ――%K%P
正因为如此——%K%P
「私はただ……ただね？\n　昔と同じように蛍と一緒に遊びたいだけなの」%K%P
「我只是……只是啊？\n　只是想和小萤像以前一样一起玩而已。」%K%P
「大好きなお友達と、ただ一緒に……」%K%P
「和最喜欢的朋友，一起……」%K%P
「…………」%K%P
「…………」%K%P
昨日の清佳ちゃんの言葉が胸に刺さる。%K%P
昨天清佳的话刺痛了我的心。%K%P
蛍が清佳ちゃんに好かれるあまり、\n僕は彼女を露骨に避けてしまった。%K%P
因为萤太喜欢清佳，我才会露骨地避开她。%K%P
ただ彼女はようやく再会できた親友と\n小さい頃のように楽しく過ごしたかっただけなのに。%K%P
她明明只是想和久别重逢的好友，像小时候那样开心地度过这段时光。%K%P
なのに僕は、春樹としての自分を好かれたいなんていう\n自分勝手な都合で――……%K%P
然而，我却因为自私的念头，希望她喜欢春树这个自己——……%K%P
「清佳ちゃんに……謝ろう」%K%P
「向清佳……道歉吧。」%K%P
許してもらえるかわからないけど……、\nううん、許してもらえるまで謝るんだ。%K%P
虽然不知道她会不会原谅我……\n不，我要道歉到她原谅我为止。%K%P
清佳ちゃんと仲直りしたい。%K%P
我想和清佳和好。%K%P
『蛍』としてでもいい。\n小さい頃のように清佳ちゃんと笑い合いたい。%K%P
就算以『萤』的身份也无所谓。\n她想和小时候一样，和清佳一起欢笑。%K%P
「そうだ。仲直りと言えば――」%K%P
「对了，说到和好——」%K%P
机の引き出しから古ぼけた箱を取り出す。%K%P
我从书桌抽屉里拿出一个老旧的盒子。%K%P
中身が崩れないように慎重に蓋を開けると、\n僕はそれをじっと見つめた。%K%P
我小心翼翼地打开盖子，以免内容物散落一地，然后目不转睛地盯着里面的东西。%K%P
子供の頃も一度だけ清佳ちゃんと大喧嘩した時がある。\nこれはその時に作った、彼女との――%K%P
小时候，我曾经和清佳大吵一架。\n这是当时我为了她做的——%K%P
「よし……！　そうと決まれば……！」%K%P
「好……！既然决定了……！」%K%P
「わっ、ビックリしたー……！\n　どうしたの、そんなに急いで？」%K%P
「哇，吓我一跳……！怎么了，这么急急忙忙的？」%K%P
「ちょっと急ぎの用があって……！\n　じゃあ僕、行くね……！」%K%P
「我有点急事……！\n　那我走咯……！」%K%P
「行くねって……。\n　あたしの朝ご飯は！？」%K%P
「你说要走了……\n我的早饭呢！？」%K%P
「昨日の残りが冷蔵庫に残ってるから……！\n　温め直して勝手に食べちゃって……！」%K%P
「昨天剩下的饭菜还放在冰箱里……！\n　你可以自己热一热，然后吃掉……！」%K%P
「登校時間まだまだ先じゃん！\n　てか昼ご飯も作り置きしてくれてるんだよね！？」%K%P
「离上学时间还很久吧！\n话说你连午餐都做好放着了对吧！？」%K%P
叫びかけてくるお姉ちゃんに答える余裕もなく、\n廊下を駆け抜ける。%K%P
我连回答姐姐的时间都没有，直接冲过走廊。%K%P
ごめん、お姉ちゃん。\nお昼ご飯はカップ麺で我慢して……！！%K%P
对不起，姐姐。\n午餐就忍耐一下吃方便面吧……！！%K%P
………………%K%P
………………%K%P
…………%K%P
…………%K%P
……%K%P
……%K%P
「はぁはぁ、ギリギリＨＲには間に合う、かな……！」%K%P
「呼、呼，勉强赶得上班会时间……吧……！」%K%P
例の場所に寄っていたら想像以上に遅くなっちゃった。\n急がなくちゃ遅刻しちゃいそう……！%K%P
绕去那个地方之后，时间比想象中更晚了。\n不快点的话，感觉会迟到……！%K%P
よく考えれば朝から行く必要もなかったかもしれない。\nむしろ、あんまり時間が経っちゃうとアレだし……。%K%P
仔细想想，或许没必要一大早就去。\n不如说，要是拖太久就尴尬了……%K%P
「そもそも、どうやって渡そう……。\n　あの様子だと、今晩は家に来ない……よね」%K%P
「说起来，要怎么交给她……\n照她那个样子，今晚应该不会回家……吧。」%K%P
泊まると言っていたのに飛び出していったくらいだ。\n次の日また屋敷を訪れてくれるとは思えない。%K%P
毕竟她都说了要住下来，却还是跑出去了。\n我不认为她隔天还会再来宅邸。%K%P
となると……{春樹:ぼく}の出番かも。\n「蛍が仲直りしたがってる」と話してみよう。%K%P
既然如此……或许该轮到{春树:我}出马了。\n就试着跟她说「萤想跟你和好」吧。%K%P
なんだかマッチポンプみたいで\nすごく気持ちが悪いけど……。%K%P
虽然这样感觉像是自导自演，让人非常不舒服……%K%P
でも――それでも清佳ちゃんと仲直りしたい。%K%P
但是——即使如此，我还是想和清佳和好。%K%P
僕は蛍として、清佳ちゃんともう一度、\n笑い合いたいんだ。%K%P
我想以萤的身份，再次和清佳一起欢笑。%K%P
「……ん？」%K%P
「……嗯？」%K%P
一人頷いていると、僕のちょうど目の前で\n黒塗りの高級車が停車した。%K%P
我独自一人点着头，这时一辆黑色高级轿车正好停在我眼前。%K%P
すると中から優雅に一人の女性が降りてきて――%K%P
接着，一名优雅的女性从中走下——%K%P
「ご機嫌よう、蛍乃春樹くん？\n　こんなところで奇遇ね？」%K%P
「你好，萤乃春树同学？\n在这种地方遇见你，真巧呢。」%K%P
「あはは、先輩、超汗だくじゃないですかぁ～。\n　朝から走って登校なんてアオハルしてますね～？」%K%P
「啊哈哈，学长，你流了好多汗哦～～\n一大早就跑步上学，学长好青春哦～～」%K%P
「清佳さん、愛さん……！？」%K%P
「清佳小姐、爱小姐……！？」%K%P
「へぇ。昨日の今日で名前呼びだなんて、\n　随分親しげにお話してくるのね？」%K%P
「哦？昨天才刚认识，今天就直呼名字，你们聊得很熟嘛？」%K%P
「あっ……！　ご、ごめん……！」%K%P
「啊……！对、对不起……！」%K%P
「謝らなくてもいいわ。怒っているわけじゃないの。\n　むしろ、そう。私の方こそ謝らないとと思って」%K%P
「你不用道歉，我没有生气。\n我反而觉得，我应该要向你道歉。」%K%P
「昨日はごめんなさい。\n　あなたに……酷いことを言ってしまったわ」%K%P
「昨天很对不起。\n　对你说了……很过分的话。」%K%P
「謝罪代わりというわけではないけれど――\n　さぁ乗って？　学園まで送るわ」%K%P
「虽然这不能当作赔罪——\n　　来，上车吧？我送你到学校。」%K%P
にこやかに微笑みながら、\n清佳ちゃんが黒塗りの高級車へ僕を誘ってくる。%K%P
清佳露出灿烂的微笑，邀请我坐上黑色的高级轿车。%K%P
言葉こそ、すごく友好的に聞こえるけど――%K%P
虽然她的话听起来非常友善——%K%P
「…………」%K%P
「…………」%K%P
「…………」%K%P
「…………」%K%P
ど、どうして怖そうなお兄さんたちが\n僕の周りを取り囲んで来てるのかな？%K%P
为、为什么这些看起来很可怕的大哥哥们会包围住我呢？%K%P
「どうしたの？　乗らないの？」%K%P
「怎么了？你不坐吗？」%K%P
「車内は空調が効いているから涼しいわよ？\n　冷たい飲み物も用意してあるし、\n　美味しいお菓子も揃っているわ」%K%P
「车内有空调，很凉爽哦？\n　我们准备了冰凉的饮料，\n　还有美味的点心。」%K%P
「あなたも朝から汗だくになりながら、\n　学園までマラソンするのは嫌でしょ？\n　ふふ、遠慮せずに乗りなさい？」%K%P
「你也不喜欢一大早就汗流浃背地跑来学校吧？呵呵，别客气，坐上来吧？」%K%P
乗ってしまったら、\n違う意味で汗をかいてしまう気がする……！%K%P
总觉得要是坐上去，就会在另一种意义上流下汗水……！%K%P
「遠慮しておくよ……！\n　汗びっしょりで車に乗せてもらうのも悪いから……！」%K%P
「不用了……！我流了满身大汗，不好意思搭你的车……！」%K%P
「もしかして……警戒してる？\n　そうよね。あんなことをしてしまったものね……」%K%P
「难道说……你在警戒我？\n说得也是。毕竟我做了那种事……」%K%P
「でも、本当に安心して？\n　あなたに危害を加えるつもりはないわ」%K%P
「不过，你真的可以放心吗？\n我并不打算加害于你。」%K%P
「むしろ逆よ。あなたとは仲良くしたいと思っているの」%K%P
「正好相反。我想要跟你好好相处。」%K%P
「こうして偶然出会ったのも何かの縁……\n　車内でティータイムを過ごしながら親睦を深めましょ？」%K%P
「像这样偶然相遇也是某种缘分……\n　我们就在车厢里喝个茶，加深彼此的友谊吧？」%K%P
偶然にしてはタイミングが良すぎるような……！\nというか昨日と態度が違いすぎて怖い……！%K%P
以偶然来说，时机未免太巧了……！\n应该说，她跟昨天的态度差太多，好可怕……！%K%P
「その目……まだ疑っているの？\n　いえ、私があなたにしたことを思えば当然よね……」%K%P
「你的眼神……还在怀疑我吗？\n不，想想我对你做过的事，这也是理所当然的吧……」%K%P
「だからこそ謝罪させて欲しいの。\n　あなたのお気に入りの愛も連れてきたから」%K%P
「正因为如此，我才想向你道歉。\n我把你最喜欢的爱也带来了。」%K%P
「愛。ボーッとしてないで彼を接待してあげなさい？」%K%P
「爱，别发呆了，快去接待他吧？」%K%P
「はいはーい。ご指名ありがとうございま～す」%K%P
「来了来了～谢谢您的指名～」%K%P
「ご指名って――わっ！？」%K%P
「指名——哇！？」%K%P
愛さんがぎゅっと抱きついてくる。\nま、またしても顔が近い……！%K%P
爱小姐紧紧地抱住我。\n脸、脸又靠得好近……！%K%P
「ふふ。ちょっと抱きついただけで、\n　こんなに顔赤くしちゃって……\n　相変わらず可愛いですね？」%K%P
「呵呵，只是抱一下，脸就变得这么红……\n　还是一样可爱呢？」%K%P
「早く車乗っちゃいましょ……？\n　そうしたらもーっとベタベタしてあげますよ？」%K%P
「快点上车吧……？\n这样我就可以更粘你了哦？」%K%P
「昨日食べ損ねたもう片方のほっぺたもぉ……。\n　たっぷりたっぷり、はむはむしてあげちゃいますから」%K%P
「昨天没吃到的另一边脸颊……\n　我也要尽情地、尽情地、大口大口地吃掉。」%K%P
「ふふふ……お望みなら後で二人きりにしてあげるわ。\n　車も人気のない場所に停めてあげる」%K%P
「呵呵呵……如果你希望的话，我之后可以让你和她独处哦。\n车子也会停在没有人烟的地方。」%K%P
「本来、愛へのお触りはＮＧだけど……。\n　仕事外での恋愛には私もノータッチだから。\n　……お触りだけにね？」%K%P
「虽然原本禁止对爱做任何接触……\n不过对于工作以外的恋爱，我也不会干涉。\n……不过只能摸哦？」%K%P
なにこのキャバクラみたいな感じ！？\nそして何を耳打ちしてきてるの、この人は！？%K%P
这什么夜总会一样的气氛？！\n而且这个人还偷偷在我耳边说了些什么？！？%K%P
「さ……乗りなさい？\n　このままだと学園に遅刻しちゃうわ」%K%P
「来……快上车吧？\n再这样下去，上学就要迟到了。」%K%P
「たくさんご奉仕――あ、間違えたぁ。\n　ご接待しますよ、せーんぱい？」%K%P
「我会好好服侍——啊，说错了。\n我会好好接待你的，学长？」%K%P
言いながら二人がにじり寄ってくる。\n気づけば黒服さんたちも僕を完全に取り囲んでいて――%K%P
两人边说边缓缓逼近我。\n等我回过神来，黑衣人已经将我团团包围——%K%P
このままじゃマズい……！！%K%P
再这样下去就糟了……！！%K%P
「ありがたい申し出だけど――」%K%P
「虽然很感谢你的好意——」%K%P
「――『だけど』は要らないわ。\n　四の五の言わずに乗りなさい？」%K%P
「——『但是』是多余的。\n别啰哩啰嗦的，快点上车。」%K%P
「…………」%K%P
「…………」%K%P
「ひっ！？」%K%P
「咿！？」%K%P
「何も怖がることなんてないわよ。\n　私はあなたと少しお話をしたいだけ」%K%P
「没什么好怕的哦。\n我只是想和你聊聊天而已。」%K%P
「むしろここまで、もてなしてあげると言っているのに\n　どうして乗らないの？　乗りなさいってば」%K%P
「我明明说要招待你到这么远的地方，\n为什么你还不上车？快上车啦。」%K%P
「本当に何もしませんからぁ～。\n　まぁ先輩が愛にナニかする分には……ふふふ。\n　内容にもよりますけど許してあげてもいいですよ？」%K%P
「我真的什么都不会做哦～\n不过，如果学长对爱做了什么……呵呵呵。\n视内容而定，要我原谅你也可以哦？」%K%P
言いながら、二人と黒服さんたちが\n一歩また一歩とにじり寄ってくる。%K%P
两人与黑衣人说着，一步一步地逼近。%K%P
ど、どうにかして逃げないと――%K%P
得、得想办法逃走才行——%K%P
「……お願い。あなたしか頼れる相手がいないのよ……」%K%P
「……拜托你。我只能依靠你了……」%K%P
「へ？　今なんて……」%K%P
「咦？你刚才说什么……」%K%P
「～～っっ。なんでもないわ……！」%K%P
「～～！没什么……！」%K%P
清佳ちゃんが寂しげな顔を見せて――\nすぐに首をぶんぶん振って取り繕う。%K%P
清佳露出寂寞的表情——\n但又马上摇了摇头，掩饰过去。%K%P
もしかして――いいや間違いない。\n清佳ちゃんも蛍と仲直りしたがってるんだ。%K%P
难道——不，一定没错，清佳也想和萤和好。%K%P
ならどうして逃げる必要があるんだろう。%K%P
既然如此，我为什么还要逃走呢？%K%P
「乗るよ」%K%P
「好啊。」%K%P
「え？」%K%P
「咦？」%K%P
「蛍の話、聞きたいんだよね？\n　ぼ――俺で良ければ話を聞くから」%K%P
「你想听萤的过去对吧？\n　如——如果你不嫌弃，我可以告诉你。」%K%P
「昨日の話は俺も蛍から聞いてるからさ。\n　力にならせてよ」%K%P
「我也听小萤说过昨天的事了，让我帮点忙吧。」%K%P
「春樹くん……」%K%P
「春树……」%K%P
考えてもみれば清佳ちゃんが\n僕の前に現れる理由なんて蛍のことを尋ねる以外にない。%K%P
仔细想想，清佳出现在我面前的理由，除了询问萤的事情之外，没有别的了。%K%P
むしろ嫌っている僕を頼るなんて相当悩んでいる証拠だ。\nきっと苦渋の決断だったんだろう。%K%P
不如说，她会来拜托讨厌的我，证明她相当烦恼。\n这一定是苦涩的决定吧。%K%P
僕が蛍であることを差し置いても、\nそんな彼女を無下にすることなんてできない。%K%P
就算我真的是萤，我也无法对她弃之不顾。%K%P
頼られたのなら応える。\n男なら――そう在るべきだもん。%K%P
既然受人所托，就要有所回应。\n身为男人——就该如此。%K%P
%XS16「……やはりこの男。何か情報を握っているようね……。\n　なんとしても聞き出さないと……」%XE%K%P
「……这个男人果然握有什么情报……\n无论如何都要问出来……」%K%P
「え、何か言った？」%K%P
「咦，你刚才说什么？」%K%P
「ふふ。気にしないで、独り言よ。じゃあ乗って？\n　愛、エスコートしてあげなさい」%K%P
「呵呵，别在意，我只是自言自语。那我们走吧？\n爱，送他上车。」%K%P
「はいは～いっ。ぎゅ～……！」%K%P
「好好好～～！抱抱～……！」%K%P
「そ、そんなにくっつかなくていいから。\n　色々と、あ、当たってるし……！」%K%P
「不、不用贴得这么紧啦，很多地方都、都碰到了……！」%K%P
「わ・ざ・と、当ててるんですよぉ～。\n　ふふふ、愛のおっぱい、気持ちいいですか？」%K%P
「我是故意贴上去的哦～\n呵呵呵，爱的胸部舒服吗？」%K%P
「おっぱ――～～っっ！」%K%P
「胸部——～～！」%K%P
「あはは、先輩、絶対童貞ですよね～。\n　おっぱいも見たことなさそう～」%K%P
「啊哈哈，学长，你绝对是处男吧～\n感觉也没看过胸部～」%K%P
「愛のお胸で良ければ……ふふふ。\n　後でたっーぷり見せてあげますから。\n　その代わり、ちゃんとお話聞かせて下さいね？」%K%P
「不嫌弃的话，就用爱的胸部吧……呵呵呵。\n之后再让你看个够。\n相对地，你要好好听我说话哦？」%K%P
「そんなつもりで話すわけじゃないって……！！」%K%P
「我不是那个意思啦……！」%K%P
そうして愛さんに引っ張られるまま、\n黒塗りの高級車へと連れて行かれる。%K%P
就这样，我被爱小姐拉上了一辆黑色的高级轿车。%K%P
でも大して話すことはない。\n僕だって清佳ちゃんと仲直りしたいんだ。%K%P
不过，我也没什么话好说的。\n我也想和清佳和好。%K%P
清佳ちゃんもその気なのだとしたら、\nほんの二、三言で話は終わる。%K%P
如果清佳也想这么做，那只要说个两三句话，事情就结束了。%K%P
「あなたが話のわかる人で良かったわ。\n　思っていたより……その。いい人なのね？」%K%P
「幸好你是个明理的人。\n你比我想的……呃，还要好呢。」%K%P
「清佳さん……」%K%P
「清佳小姐……」%K%P
だけど、えへへ。\n僕の印象も少しは良くなったみたいだ。%K%P
不过，嘿嘿嘿，她对我的印象似乎也稍微变好了。%K%P
今は蛍と清佳ちゃんの仲直りが先決だけど、\nこんな風に少しずつでも距離を縮められればいいな。%K%P
虽然现在要先让萤和清佳和好，不过如果能像这样一点一点缩短距离就好了。%K%P
男らしい姿も、もっと清佳ちゃんに見せていきたい。%K%P
我想让清佳看到我更有男子气概的一面。%K%P
そしていつか、蛍と同じくらい僕のことも――%K%P
然后总有一天，她也会像对萤一样——%K%P
「さーさーどうぞ。遠慮なく入って下さい」%K%P
「来来来，请进。不用客气，尽管进来吧。」%K%P
ガチャっと車の扉が開かれる。%K%P
车门喀嚓一声打开。%K%P
僕の意識は――そこで途絶えた。%K%P
我的意识——就此中断。%K%P
