………………%K%P
………………%K%P
…………%K%P
…………%K%P
……%K%P
……%K%P
「ん、ふああ……」%K%P
「嗯、呼啊啊……」%K%P
寝ぼけ眼を擦りながら身体を起こす。%K%P
我揉着惺忪的睡眼，坐起身子。%K%P
いつもよりも眠気が強い。\n昨日、清佳ちゃんと一晩中遊んでたせいかも……。%K%P
我比平常还要困。\n或许是因为昨天和清佳玩了一整晚的缘故……%K%P
「でも、ふふ。楽しかったなぁ……」%K%P
「不过，呵呵。真的好开心哦……」%K%P
昨夜のことを思い出すとつい顔が綻んでしまう。%K%P
一想起昨晚的事，脸上就不禁露出笑容。%K%P
仲直りできて本当に良かった。\nたくさん清佳ちゃんと話して心も軽くなった気がする。%K%P
能够和好真是太好了。\n和清佳聊了许多之后，我觉得心情轻松多了。%K%P
「っと。こうしてる場合じゃないや。\n　朝ご飯を作らないと――」%K%P
「哎呀，现在不是做这种事的时候，得赶快去做早餐才行——」%K%P
「ふぇ……？」%K%P
「咦……？」%K%P
ベッドから出ようとして、\n身体が妙に柔らかいものに包まれていることに気づく。%K%P
我正要下床，却发现自己被柔软的物体包覆着。%K%P
布団の感触じゃない。\nもっと柔らかくて、温かくて――%K%P
不是被子的触感。\n而是更加柔软、温暖的——%K%P
「ん……。ふぁぁ……。\n　蛍ぅ、もう起きちゃうの……？」%K%P
「嗯……呼啊啊……\n萤，你已经要起床了吗……？」%K%P
「きゃっ――きゃあああああっっ～～！！！？」%K%P
「呀——呀啊啊啊啊啊～～！！！？」%K%P
「えへへ……。おはよう、蛍……？」%K%P
「欸嘿嘿……早安，小萤……？」%K%P
「おはようじゃなくて！\n　どうしてわたしの部屋に、ベッドにいるの！？」%K%P
「不是早安！\n　为什么你会在我的房间，而且还在床上！？」%K%P
「え……？　もちろんこっそり忍び込んで……」%K%P
「咦……？当然是偷偷潜入……」%K%P
「――ハっ！　しまったわ……！\n　蛍が目を覚ます前に部屋に戻って、\n　完全犯罪を成立させるつもりだったのに……！」%K%P
「——啊！糟糕……！\n我本来打算在萤醒来之前回到房间，\n完成完美犯罪的……！」%K%P
「か、完全犯罪って……！」%K%P
「完、完美犯罪……！」%K%P
「～～っっ！　ごめんなさい、出来心なの……！\n　蛍と仲直りできたのが嬉しくて、つい……！！」%K%P
「～～！对不起，我只是一时冲动……！\n和小萤和好让我太开心，忍不住就……！！」%K%P
「でも誓って変なことはしてないから……！\n　ホントよ！？　ホントにしてないから……！！」%K%P
「可是我发誓，我们没有做奇怪的事……！\n真的！？真的没有做奇怪的事……！！」%K%P
「う、うんっ。わかった、わかったから……！」%K%P
「嗯、嗯！我知道了，我知道了啦……！」%K%P
「精々抱きついたり、キスしたりしたくらいだから……！」%K%P
「顶多只是拥抱、接吻而已……！」%K%P
%XS20「がっつりしてるじゃない！？」%XE%K%P
%XS20「你这不是全做了吗！？」%XE%K%P
「あ……！　じょ、冗談よ？\n　今のはうーそ。してないってば……！」%K%P
「啊……！我、我开玩笑的啦？\n刚才说的都是骗人的。我才没有……！」%K%P
慌てた様子で清佳ちゃんが取り繕う。\nぜ、絶対してるよ。実際、抱きつかれてたし……。%K%P
清佳慌张地掩饰。\n她、她绝对有。实际上，她也抱过我……%K%P
というか――%K%P
应该说——%K%P
「？？？　どうしたの、蛍……？\n　じーっと私を見て……」%K%P
「？？？怎么了，小萤……？\n你一直盯着我看……」%K%P
「～～っっ！　み、見てない……！\n　ききき、気のせいだよ……！」%K%P
「～～！我、我才没看……！\n是是是、是你多心了……！」%K%P
清佳ちゃんに首を傾げられて、\n今度は僕の方が慌てて目を逸らす。%K%P
清佳歪着头问道，这次换我慌张地移开视线。%K%P
夏場とはいえ露出が多すぎるよ……！\nしかも無防備過ぎるし……！%K%P
虽然现在是夏天，但她的穿着也太暴露了……！\n而且毫无防备……！%K%P
こんな格好で抱きつかれたり、\nキスされたりしてたの……？%K%P
我以这副打扮被她抱住，还被她亲吻……？%K%P
そう思うと――%K%P
一想到这里——%K%P
「蛍……？　お腹でも痛いの？\n　そんなに前屈みになって……」%K%P
「萤……？你肚子痛吗？\n怎么弯着腰……」%K%P
「～～っっ。大丈夫……！　大丈夫だから……！！」%K%P
「～～！没事的……！我没事的……！！」%K%P
きょとん顔で尋ねてくる清佳ちゃんに\n大袈裟に首を横に振って応える。%K%P
清佳一脸讶异地问道。\n我夸张地摇头回应。%K%P
分厚いドロワーズを履いておいて良かった。%K%P
幸好我有穿厚底衬裤。%K%P
ズボンにできたテントで男バレする――\nなんて考え得る限り最悪のバレ方だもん……！%K%P
因为内裤撑破裤子而暴露男性身份——\n这可是我所能想到的最糟糕的暴露方式……！%K%P
「と、とにかくベッドに潜り込むのはやめて。\n　起きた時に抱きつかれたらビックリしちゃうから……！」%K%P
「总、总之你别钻进被窝里。\n要是我醒来的时候被你抱住，我会吓一跳的……！」%K%P
「そうね……。ごめんなさい。\n　蛍のお家に泊まれたことが嬉しくって……」%K%P
「是啊……对不起。\n因为能住在萤的家里，我很开心……」%K%P
「でも安心して？　本当に変なことはしてないわ」%K%P
「不过你放心吧？我真的没做什么奇怪的事。」%K%P
「そういう好意の押しつけはもうしないって決めたの。\n　蛍を困らせちゃうし……第一、自分よがり過ぎるしね？」%K%P
「我已经决定不再强迫别人接受我的好意了。\n这样会让小萤困扰……再说，这样太自以为是了。」%K%P
「蛍を好きな気持ちは変わらないけど、まずは友人から\n　――いいえ親友から始めようと今は思っているから」%K%P
「我喜欢萤的心情没有改变，不过现在我想先从朋友开始，不，从挚友开始。」%K%P
「清佳ちゃん……」%K%P
「清佳……」%K%P
「でも、えへへ……幸せ。\n　朝起きて最初に蛍の顔を見られるなんて……。\n　それだけで世界がバラ色に見えちゃう……」%K%P
「不过，欸嘿嘿……好幸福。\n早上起床后，第一个看到的就是萤的脸……\n光是这样，世界看起来就像玫瑰色一样……」%K%P
「改めてよろしくね、蛍？\n　しばらくの間お世話になるわ」%K%P
「请多指教咯，萤。\n这阵子要麻烦你照顾了。」%K%P
「う、うん」%K%P
「嗯、嗯。」%K%P
ピュアな笑顔を向けてくれる清佳ちゃんに\nどこか気恥ずかしくなりながら頷く。%K%P
清佳对我露出纯真的笑容。\n我有点难为情地点头。%K%P
ベッドに潜り込まれていた時は慌てちゃったけど……、\n本当にただ単に蛍と一緒に寝たかっただけみたいだ。%K%P
她钻进被窝时，我虽然慌了手脚……\n但看来她真的只是想跟萤一起睡而已。%K%P
清佳ちゃんたちを泊めるかどうか最後まで迷ったけど、\nこの笑顔を見られただけで泊めて良かったと思える。%K%P
我直到最后都还在犹豫要不要让清佳她们住下来，不过，光是能看到这个笑容，就觉得让她们住下来真是太好了。%K%P
「わたしこそ、その。ごめんね……？\n　なんだか過剰に反応しすぎちゃって……」%K%P
「我才要说对不起……？\n我好像反应过度了……」%K%P
「気にしないで？　私のしてきたことを思えば当然よ。\n　蛍の寝顔を楽しんでたのは事実だし」%K%P
「别在意？想到我做过的事，这是当然的。\n毕竟我欣赏萤的睡脸是事实。」%K%P
「ふふふ。可愛い写真がいっぱい撮れたわ。\n　早速スマホの壁紙にしちゃった」%K%P
「呵呵呵，我拍了很多可爱的照片。\n马上就设成手机的壁纸了。」%K%P
「えっ！？　は、恥ずかしいからやめてっ」%K%P
「咦！？别、别这样，很害羞耶！」%K%P
「ダーメ。心配しなくても人に見せたりはしないってば」%K%P
「不～行。你不用担心，我不会给别人看的。」%K%P
スマホへ手を伸ばそうとする僕を\n清佳ちゃんが笑って制してくる。%K%P
清佳笑着制止了正要伸手拿手机的我。%K%P
そんなじゃれ合いもなんだか楽しい。\n小さい頃に遊んでいた時と同じ心地がして。%K%P
这种打打闹闹的感觉也挺开心的。\n感觉就像小时候一起玩的时候一样。%K%P
こんな毎日が続くなら僕も幸せだ。\nきっと清佳ちゃんもそう感じてくれていると思う。%K%P
如果这样的日子能持续下去，我也会很幸福。\n清佳一定也会这么想。%K%P
一瞬でも邪な感情を抱いてしまった自分が恥ずかしい。%K%P
我对自己一瞬间产生邪念感到羞耻。%K%P
決めた。蛍でいる時は男であることを捨てよう。\n清佳ちゃんの無二の親友『蛍』として過ごそう。%K%P
我决定了。当我是萤的时候，就舍弃身为男人的自己吧。\n以清佳独一无二的好友『萤』的身份活下去。%K%P
決して邪な男の感情を抱かないようにしよう――%K%P
我绝对不能对这个人抱有邪念——%K%P
「じゃあわたし、そろそろ朝ご飯の準備してくるね？」%K%P
「那我差不多该去准备早餐咯？」%K%P
「それなら私にも何かお手伝いさせて？\n　お世話になりっぱなしは悪いもの」%K%P
「既然这样，也让我帮点忙吧？\n一直受你们照顾，我会过意不去的。」%K%P
「うん。ありが――」%K%P
「嗯，谢谢——」%K%P
「んしょ……」%K%P
「嘿咻……」%K%P
「――って、ななな、なに脱いでるの～！？」%K%P
「——呃，你你你、你干嘛脱衣服啊～！？」%K%P
「え？　なにって。着替えようと思って……」%K%P
「咦？什么？我想要换衣服……」%K%P
「自分のお部屋で着替えてっ……！！\n　今すぐ服着てっ、着てってば……！！」%K%P
「回自己的房间换衣服啦……！！\n现在马上穿上衣服，快点……！！」%K%P
「なぁに蛍。男の子みたいな反応しちゃって。\n　着替えるくらいいいじゃない」%K%P
「怎么了，小萤？反应怎么像个男孩子一样？\n只是换衣服而已，有什么关系？」%K%P
「それとも……私の着替えが\n　そんなに気になっちゃうの？」%K%P
「还是说……你那么在意我换衣服的样子？」%K%P
「そ、そんなことないけど……！！」%K%P
「才、才没有那回事……！！」%K%P
「ならいいじゃない」%K%P
「那不就好了吗？」%K%P
無防備に着替え続ける清佳ちゃん。\n僕を女の子だと思ってる証拠なんだろうけど――%K%P
清佳毫无防备地继续换衣服。\n这应该是她把我当成女生的证据吧——%K%P
「……本当にどうしたの？　私の着替えじーっと見て。\n　も、もしかしてホントに気になっちゃってる……？」%K%P
「……你到底怎么了？一直盯着我看我换衣服。\n难、难道你真的对我有兴趣……？」%K%P
「えっ！？　ううんっ、そんなことは……！！」%K%P
「咦！？不、不是的，没那回事……！！」%K%P
「い、いいのよ……？　蛍が見たいというのなら、その。\n　裸でもなんでも……見せてあげたいというか……」%K%P
「没、没关系哦……？如果是萤你想看的话，那个……不管是裸体还是什么……我都让你看……」%K%P
「ちょっと！？　どうしてブラまで外そうとしてるの！？」%K%P
「等一下！？你为什么连胸罩都要脱掉啊！？」%K%P
「～～っっ。ほ、蛍が見たがってるならと思って……」%K%P
「～～！小、小萤想看的话……」%K%P
そう言って清佳ちゃんが恥ずかしそうに\nおっぱいを見せつけてくる。%K%P
清佳害羞地这么说，同时把胸部挺出来给我看。%K%P
ダ、ダメだとわかってるのについ目がいって……！\n邪な気持ちを抱くまいと決めたところなのに……！！%K%P
明知道不行，眼睛还是忍不住往那边看……！\n明明已经决定不再抱有邪念了……！！%K%P
「はぁ、はぁ……。ほ、蛍が私のおっぱいを見て、\n　熱っぽい息を吐いてくれてる……」%K%P
「呼、呼……萤、萤看着我的胸部，吐出炙热的气息……」%K%P
「っっ。ね、熱っぽい息なんて……！」%K%P
「吐、吐出热气……！」%K%P
「ご、誤魔化さないでいいのよ……？\n　蛍になら、その……。全てを捧げていいと思ってるし」%K%P
「你、你不用忍耐也没关系哦……？\n如果是小萤的话，那个……我觉得可以献上一切。」%K%P
「もし触りたいというのなら……、\n　す、好きなだけ触ってもらっても……いい、し……」%K%P
「如果你想摸的话……就、就尽量摸吧……」%K%P
顔を真っ赤にして言いながら、\n清佳ちゃんが近づいてくる。%K%P
清佳满脸通红地说道，同时朝我走近。%K%P
い、いけない……！\nこれ以上は、り、理性が――%K%P
不、不行……！\n再这样下去，我、我的理智会——%K%P
「わ、わたし、ご飯作らなきゃダメだから……！！」%K%P
「我、我得回去煮饭才行……！！」%K%P
「あ……！　蛍っ……！！」%K%P
「啊……！萤……！！」%K%P
扉をぶち破るくらいの勢いで部屋から出て行く。%K%P
我以几乎要撞破房门的气势冲出房间。%K%P
ああ。やっぱり同居生活が不安になってきた――%K%P
啊啊，果然还是对同居生活感到不安——%K%P
「清佳様。お車が到着致しました」%K%P
「清佳大人，车子已经到了。」%K%P
「ありがとう、愛」%K%P
「谢谢你，爱。」%K%P
「それじゃあ行ってらっしゃい、清佳ちゃん」%K%P
「那么，清佳，路上小心。」%K%P
登校しに行く清佳ちゃんと愛さんを玄関先で見送る。%K%P
我在玄关目送要去上学的清佳和爱小姐。%K%P
蛍は学園に通っていないことになっているから、\nここで一旦お別れだ。%K%P
由于萤目前对外的身份是休学状态，因此我们在这里暂时道别。%K%P
「蛍は……その。やっぱり学園には通わないの？\n　お金の問題なら、わ、私がどうにかするわよ……？」%K%P
「萤……那个，你还是不上学吗？\n如果是因为钱的问题，我、我会想办法的……」%K%P
「ありがとう、清佳ちゃん。でもわたしには、\n　千鶴様のお世話とモデルのお仕事があるから」%K%P
「谢谢你，清佳。可是我还有照顾千鹤小姐和模特儿的工作。」%K%P
「どうしても……ダメ？\n　私、その。蛍と一緒に学園生活を……」%K%P
「无论如何……都不行吗？\n我，那个，想和萤一起度过学园生活……」%K%P
「その辺りにしておきましょう、清佳様。\n　またウザいメンヘラムーブ――もとい、\n　蛍様を困らせてしまっていますよ」%K%P
「就先到此为止吧，清佳大人。\n您又开始耍起烦人神经病——更正，\n您又开始让萤大人感到困扰了。」%K%P
「っっ。言い方はアレだけど、そ、そうね。\n　同じ轍は踏まないわ」%K%P
「唔唔。虽然这种说法不太好，但、但是，我不会重蹈覆辙。」%K%P
「その代わり蛍、帰ってきたらめいっぱい遊びましょ？\n　放課後までにお仕事終わらせておくのよ？」%K%P
「相对地，小萤，等你回来后，我们要尽情地玩哦？\n在放学前要把工作做完哦？」%K%P
「う、うんっ。あっ、そうだ、\n　何か食べたいものがあれば作っておくよ？」%K%P
「嗯、嗯！啊，对了，\n你想吃什么，我帮你做吧？」%K%P
「蛍が私のために――！？　それなら……！」%K%P
「萤为了我——！？既然这样……！」%K%P
「イチャつくのも結構ですがそろそろ出ませんと。\n　ＨＲ前に春樹様とお会いしたいのでしょう？」%K%P
「要卿卿我我也无妨，不过差不多该出门了。\n您想在班会前和春树大人见面吧？」%K%P
「えっ？」%K%P
「咦？」%K%P
「～～っっ！　余計なことを言わなくていいの！\n　私が春樹くんに気があると思われたらどうするのよ！」%K%P
「～～！你不要多嘴啦！\n要是春树以为我喜欢他怎么办！」%K%P
「誤解しないでね、蛍？\n　単にお礼を言おうと思ってるだけだから……！」%K%P
「你可别误会哦，小萤？\n我只是想跟他道谢而已……！」%K%P
「こうして蛍と仲直りできたのは彼のおかげでもあるし。\n　お礼するなら早い方がいいと思って……！」%K%P
「我能和萤和好，都是托他的福。\n我想说要道谢的话，还是趁早比较好……！」%K%P
「あまり時間が経つと、\n　謝るどころかキレ散らかしますもんね」%K%P
「因为时间拖太久的话，别说道歉了，还会发飙呢。」%K%P
「キレ散らかさないわよ！？　コ、コホン。\n　ごめんね、蛍。そういうことだからもう行くわね……？」%K%P
「我才不会发飙呢！咳咳，抱歉，萤。事情就是这样，我先走了哦……」%K%P
「お夕飯は蛍の得意料理で構わないから！\n　蛍の愛情がこもった料理なら私はなんでも大好きよ！」%K%P
「晚餐吃小萤的拿手好菜就行了！\n只要是小萤充满爱意的料理，我全都喜欢！」%K%P
そういって清佳ちゃんたちが屋敷前に停められた\n高級車に乗り込んでいく。%K%P
说完，清佳她们就坐上停在宅邸前的高级轿车。%K%P
でも僕にお礼を言おうとしてくれてるなんて……。\n少しは打ち解けてくれたってこと、かな？%K%P
不过她竟然会向我道谢……\n这表示她已经稍微卸下心防了吧？%K%P
だとしたら嬉しい。最初みたいに邪険にされたら、\nろくにお話することもできないもんね。%K%P
如果是这样，那我就开心了。毕竟如果她像一开始那样对我冷淡，我就连话都没办法好好说出口了。%K%P
いつかは春樹＝蛍だってことを\n明かさなくちゃいけないんだ。%K%P
总有一天，我必须向她坦承春树＝萤的事实。%K%P
少しずつでも清佳ちゃんと仲良くなって、\nそれを受け入れてもらえるような関係にならないと……！%K%P
我必须一点一滴地和清佳拉近距离，和她建立起能够接受彼此关系的桥梁……！%K%P
「よーし！」%K%P
「好——！」%K%P
そうと決まればすぐに着替えて登校しよう。%K%P
既然决定了，那就立刻换衣服上学吧。%K%P
できる限りたくさんお喋りして、\nちょっとでも清佳ちゃんと打ち解けるんだ――！！%K%P
我要尽可能多说一点话，尽量和清佳拉近距离——！！%K%P
――と思っていたのに。%K%P
——我本来是这么想的。%K%P
「……さて、春樹くん。\n　先日はお世話になったわね？」%K%P
「……那么，春树。\n前几天受你照顾了。」%K%P
%XS20――どうしてまた縛られてるの！！？%XE%K%P
%XS20——为什么又被绑起来了啊！！？%XE%K%P
えっ、なに？　お礼ってお礼参りって意味だったの？\nもしかして僕、今から東京湾に沈められちゃうの！？%K%P
咦？什么？所谓的道谢是指道谢参拜吗？\n难道说，我现在就要被沉到东京湾里了吗！？%K%P
「そんなに怯えないでよ。\n　なにも取って食おうってわけじゃないわ」%K%P
「别那么害怕嘛。\n我又不会把你抓来吃。」%K%P
「この状況で怯えない方がおかしいよ！\n　どうしてまた拉致監禁されなきゃいけないのさ！？」%K%P
「在这种状况下不害怕才奇怪吧！\n为什么我又得被绑架监禁啊！？」%K%P
「それは、えと……！」%K%P
「这个嘛，呃……！」%K%P
「あはは、清佳様ったら顔赤くしちゃって可愛い～♪\n　大丈夫ですよ先輩、これは単なる照れ隠しですから～」%K%P
「啊哈哈，清佳大人脸红了，真可爱～♪\n没问题的，学长，这只是在掩饰害羞而已～」%K%P
「て、照れ隠し？」%K%P
「你、你在掩饰害羞吗？」%K%P
「清佳様ってば教室で面と向かってお礼言うのが\n　恥ずかしかったらしくてぇ～。何を思ったか\n　また先輩をさらえとか言い出したんですよぉ～」%K%P
「清佳大人似乎不好意思在教室里当面道谢～所以不知道在想什么，又说要掳走学长了～」%K%P
「～～っっ！！　照れてなんかいないわ……！！\n　あくまであなたと馴れ合うつもりはないという\n　気持ちの表れよ……！」%K%P
「～～！！我才没有害羞……！！\n我只是在表达我对你没有意思……！」%K%P
「あはは～、ホントごめんなさいね、先輩？\n　うちの主人、不器用なもんで～」%K%P
「啊哈哈～～真的很抱歉哦，学长。\n我家主人就是这么笨拙～～」%K%P
「不器用の一言で片付けられる\n　レベルじゃない気もするけど……」%K%P
「虽然我觉得这已经不是用笨拙两个字就能带过的等级了……」%K%P
どうやら悪意があったわけじゃないらしい。\nむしろ好意的？なのかな……？%K%P
看来她似乎没有恶意。\n不如说，是出于好意吗……？%K%P
「とにかく……その。\n　蛍とは無事に仲直りすることができたわ」%K%P
「总之……那个。\n我顺利地和小萤和好了。」%K%P
「あなたには一応相談にも乗ってもらったわけだし、\n　ちゃんと報告しておこうと思って……！」%K%P
「我姑且有找你商量过，所以想说要确实向你报告……！」%K%P
「う、うん。それは何よりというか。良かったね？」%K%P
「嗯、嗯。那真是太好了。」%K%P
「え、ええ」%K%P
「是、是啊。」%K%P
清佳ちゃんがどこか照れた顔で頷く。%K%P
清佳有些害羞地点点头。%K%P
「…………」%K%P
「…………」%K%P
「…………」%K%P
「…………」%K%P
「……っっ」%K%P
「……！」%K%P
「はぁ……。さっさとお礼言って下さいよー。\n　ありがとうの一言も言えないんですかぁ？」%K%P
「唉……赶快道谢啦——\n连谢谢两个字都说不出来吗？」%K%P
「うるさいわね……！\n　言うわよ、言えばいいんでしょう！？」%K%P
「吵死了……！\n　我说，我说总行了吧！？」%K%P
「春樹くんには、その。感謝してるわ。\n　蛍と仲直りできたのはあなたのおかげでもあるし……」%K%P
「春树，那个，我很感谢你。\n我能和小萤和好，也是多亏了你……」%K%P
「でも勘違いはしないで。役に立ったのは確かだけど、\n　全てが全てあなたのおかげというわけじゃないわ」%K%P
「但是你别误会了。虽然你的确帮了大忙，但并不是全都是你的功劳。」%K%P
「精々全体の５％……いえ１％程度のありがたみよ。\n　だから『貸しを作ってやったぞ』とか思わないことね！」%K%P
「顶多占整体的5％……不，1％左右的感激。\n所以不要以为『我卖你人情』哦！」%K%P
「そんな風には思ってないってば！\n　損得で相談に乗ったわけじゃないし……！」%K%P
「就说我没有那样想了！\n我并不是因为有好处才陪你商量的……！」%K%P
「どうかしら。どうせ心の中では、\n　『弱みを握ってやったぜ、グヘヘヘヘ……』\n　――とか思ってるんでしょ！？」%K%P
「谁知道呢。反正你心里一定在想：\n『我抓到你的把柄了，嘿嘿嘿嘿……』\n——对吧！？」%K%P
「僕のイメージってそんななの！？」%K%P
「我的形象是那样吗？」%K%P
「……僕？」%K%P
「……我？」%K%P
「あっ……！！　お、俺の……！！」%K%P
「啊……！！我、我的……！！」%K%P
思わず素で聞き返してしまい慌てて言い直す。%K%P
我忍不住直接反问，然后又连忙改口。%K%P
うぅ、少しはマシになったかと思ったけど、\nまだまだ警戒されちゃってるみたい。%K%P
呜呜，还以为她稍微对我好一点了，看来她还是对我有戒心。%K%P
清佳ちゃんと仲良くなる道のりは\n思っていた以上に遠いのかも――%K%P
和清佳成为好朋友的道路，\n或许比想象中还要遥远——%K%P
「……そ、そんなことはないわ……」%K%P
「……没、没那回事……」%K%P
「え？」%K%P
「咦？」%K%P
「～～っっ。そんなことないって言ったのよ！\n　冗談の通じない男ね……！！」%K%P
「～～！我就说没有了嘛！\n真是个不解风情的男人……！！」%K%P
「私だってバカじゃないもの。あなたが、その。\n　損得で動くような男じゃないってことくらい、\n　今回のことで理解したわ……！」%K%P
「我也不是笨蛋。你……那个……\n不是会用得失来衡量的男人，\n这次的事让我明白了……！」%K%P
「私はあんなにもあなたに敵意を向けていたのに\n　相談にも真摯に乗ってくれたし……」%K%P
「我明明对你那么有敌意\n　你却还是真诚地听我倾诉……」%K%P
「蛍の気持ちに気づかない鈍感さは頂けないけど……\n　第一印象で感じたほど酷い男だとはもう思ってない」%K%P
「虽然你没察觉到萤的心意，实在很迟钝……\n　不过，我已经不觉得你像第一印象那么糟糕了。」%K%P
「むしろ……その。また相談事ができたら、\n　話を聞いてもらいたいとすら思ったりもしているわ」%K%P
「不如说……那个，如果还有事情要商量，我甚至还想找你谈呢。」%K%P
「清佳さん……」%K%P
「清佳小姐……」%K%P
清佳ちゃんが恥ずかしそうに目を逸らす。\n……そんな風に思ってくれてたんだ。%K%P
清佳害羞地移开视线。\n……原来她是这么想的啊。%K%P
だとしたら悪くない状況なのかもしれない。%K%P
如果是这样，那状况或许还不坏。%K%P
この調子で少しずつ清佳ちゃんと仲良くなっていけば、\n正体を明かしても受け入れてもらえる関係になれるかも。%K%P
如果能像这样慢慢和清佳培养感情，就算表明真实身份，她或许也能接受。%K%P
「なら相談事ができたらいつでも言って？\n　俺で良ければいくらでも話を聞くから」%K%P
「那么，有事情想找我商量的话，随时都可以开口哦？\n只要你不嫌弃，我愿意听你诉苦。」%K%P
「……疑りたくなっちゃうほどお人好しね。\n　そんなに私と蛍をくっつけたいの？」%K%P
「……你人好到让人不禁怀疑呢。\n你就这么想撮合我和萤吗？」%K%P
「そ、そういうわけじゃないけど……！」%K%P
「我、我不是那个意思……！」%K%P
「まぁいいわ。少なくとも私と蛍の仲を\n　邪魔する気はないっていうことは十分わかったし」%K%P
「算了。至少我明白你们不打算妨碍我跟小萤的关系。」%K%P
「私も今は蛍との仲を急ごうとも思っていないしね。\n　精々今度の休日に――……」%K%P
「我现在也不急着跟小萤发展关系。\n下次放假的时候——……」%K%P
と言いかけたところで清佳ちゃんが口ごもる。%K%P
话说到一半，清佳突然支支吾吾了起来。%K%P
「どうしたの？」%K%P
「怎么了？」%K%P
「……あ、あったわ。相談事……」%K%P
「……有、有啊。有事要商量……」%K%P
「へ？」%K%P
「咦？」%K%P
「いえ、でも春樹くんと……？\n　だけど蛍との本番で失敗したくないし……」%K%P
「不，可是和春树……？\n可是我又不想在正式和小萤约会失败……」%K%P
「条件だけ考えればこれほど適任の人はいないわ……。\n　春樹くんなら蛍のこともよく知ってるし――\n　けどここで頼るとまたしても借りが……！」%K%P
「如果只考虑条件，没有人比他更适合了……\n春树也很了解萤——\n可是如果拜托他，又欠了他一个人情……！」%K%P
「いいえ、清佳。大切なのは勝ち負けよりも\n　蛍を楽しませることよっ。下がりきった好感度を\n　どうにか上げなくちゃいけないんだから……！」%K%P
「不，清佳。比起输赢，更重要的是让萤开心。\n 因为必须想办法提升好感度……！」%K%P
清佳ちゃんが一人でブツブツと呟きながら、\nああでもないと頭を抱える。%K%P
清佳一个人喃喃自语，抱着头苦恼。%K%P
しかし不意に僕へ向き直って――%K%P
但忽然间，她又转头面向我——%K%P
「春樹くんっ！」%K%P
「春树！」%K%P
「ひゃ、ひゃあい！？」%K%P
「在、在！？」%K%P
「本当に、私の相談に乗ってくれるのね？」%K%P
「你真的愿意听我商量吗？」%K%P
「そ、相談の内容にも――」%K%P
「也、也跟商量的内容有关——」%K%P
「――よらないわよね？\n　男に二言はないわよね！？」%K%P
「——不会变卦吧？\n　男人说话算话对吧！？」%K%P
「はい！　ありません！」%K%P
「是的！不会！」%K%P
「よろしい」%K%P
「很好。」%K%P
うぅ。あまりにも圧が強すぎて頷いちゃった。\nそ、相談事ってなんだろう？%K%P
呜呜，因为压力太大，我不小心就点头了。\n要、要商量什么事呢？%K%P
「今度の休日は空いてる？」%K%P
「你下次休假有空吗？」%K%P
「う、うん……」%K%P
「嗯、嗯……」%K%P
「なら私に一日付き合って」%K%P
「那就陪我一天。」%K%P
「一日付き合うって……。\n　どういうこと……？」%K%P
「陪我一天……\n这是什么意思……？」%K%P
「決まってるじゃない」%K%P
「这还用问吗？」%K%P
すると清佳ちゃんは\n真剣な眼差しで僕を見据えて――%K%P
清佳用认真的眼神看着我——%K%P
「私とあなたで――デートに行くのよ」%K%P
「我和你——要去约会。」%K%P
「へ……？」%K%P
「咦……？」%K%P
デート？%K%P
约会？%K%P
僕と、清佳ちゃんで……？%K%P
我和清佳……？%K%P
「えええええええっっ～～！！？」%K%P
「咦咦咦咦咦咦咦～～！？」%K%P
