………………%K%P
………………%K%P
…………%K%P
…………%K%P
……%K%P
……%K%P
そして、迎えた翌日――%K%P
然后，到了第二天——%K%P
「へぇー……。個室が用意されているわけじゃないのね？」%K%P
「哦……所以没有准备个人房间吗？」%K%P
「そうですね。ここで皆一様に着替えるのが一般的です。\n　お望みでしたらＶＩＰ用の個室もございますが」%K%P
「是的。一般而言，大家都会在这里换衣服。\n如果您有需要，也有VIP专用的更衣室。」%K%P
「いいわいいわ。ふふ、こういうの初めてだもの」%K%P
「没关系没关系。呵呵，我也是第一次这样。」%K%P
「あ、ヤバ。日焼け止めクリーム忘れちった」%K%P
「啊，糟糕。我忘记擦防晒乳了。」%K%P
「…………」%K%P
「…………」%K%P
……ちょっと待って？\nこの状況はどういうこと？%K%P
……等一下？\n这个状况是怎么回事？%K%P
「んしょ……と。あら、どうしたの蛍？」%K%P
「嘿咻……哎呀，萤你怎么了？」%K%P
なんで僕――%K%P
为什么是我——%K%P
「着替えないの？」%K%P
「你不换衣服吗？」%K%P
%XS20更衣室なんかにいるの～！！？%XE%K%P
%XS20居然在更衣室里～！！？%XE%K%P
「はぁ……。やっぱ下着は楽だねー……。\n　お出かけ用の服着ると肩が凝って肩が凝って……」%K%P
「唉……果然内衣裤穿起来最轻松了……\n穿上外出用的衣服，肩膀好僵硬好僵硬……」%K%P
「むっ……」%K%P
「唔……」%K%P
「ん？　どうしたの愛ちゃん？\n　あたしのおっぱい見つめちゃってさ～？」%K%P
「嗯？怎么了，小爱？\n一直盯着我的胸部看～？」%K%P
「み、見つめていません」%K%P
「我、我没有盯着看。」%K%P
「ふーん。けど、いいなぁ愛ちゃんのサイズ感……。\n　やー、おっぱいとか小さい方がいいよー？」%K%P
「哼～不过，小爱的尺寸真不错呢……哎呀～胸部还是小一点比较好哦～」%K%P
「ぐっ……！　持たざる者の悩みも知らずにこの女……！」%K%P
「唔……！这个女人，根本不懂一无所有的人的烦恼……！」%K%P
みんなが無防備に着替えを続ける。\n周りを見渡せば、他の女性客も普通に着替えていて――%K%P
大家都毫无防备地换着衣服。\n我环顾四周，发现其他女性客人也都在正常地换衣服——%K%P
「～～っっ！！」%K%P
「～～！」%K%P
見ちゃダメ……！　見ちゃダメだよ……！！\nというか、なんでこんな場所に連れてこられて……！？%K%P
不能看……！不能看啊……！！\n话说，为什么把我带到这种地方来……！？%K%P
「……大丈夫？　なんだかお顔が真っ赤だけど……」%K%P
「……你没事吧？你的脸好红……」%K%P
「あっ、えと……！　その……！」%K%P
「啊，呃……！那个……！」%K%P
「ああ、ここ蒸し暑いものね。\n　ふふ、じゃあ早く着替えてプールで涼みましょ？」%K%P
「啊，这里好闷热哦。\n呵呵，那我们快点换好衣服去游泳池纳凉吧？」%K%P
「プ、プール……！」%K%P
「泳、泳池……！」%K%P
「そうよ。ふふ、夏と言えばプールだと思って」%K%P
「是啊。呵呵，我想说夏天就是要去游泳池。」%K%P
昨日の模擬デートはなんだったの！？\nてっきり遊園地に行くものだと思ってたのに……！%K%P
昨天的模拟约会是怎么回事？\n我还以为要去游乐园的……！%K%P
「実はね？　遊園地とどっちか悩んだの。\n　でも春樹くんに蛍が絶叫系が苦手だって聞いて」%K%P
「其实呢，我本来很烦恼该选游乐园还是鬼屋。\n不过，我听春树说小萤很怕尖叫类的游乐设施。」%K%P
「あと……まぁ。遊園地は私もまだ不安が多いし。\n　蛍とデートするにはレベルが足りないわ」%K%P
「还有……嗯，我对游乐园也还有很多不安。\n要和萤约会，等级还不够。」%K%P
どうやら模擬デートを踏まえて、\nプール遊びに切り替えたらしい。%K%P
看来是基于模拟约会的成果，决定改成去游泳池玩。%K%P
でも、よりにもよってプールだなんて……！%K%P
可是，好死不死偏偏是游泳池……！%K%P
「わたし、水着が――」%K%P
「我、我没有泳装——」%K%P
「え？　千鶴さんが用意していると聞いたけど」%K%P
「咦？我听说千鹤小姐有准备。」%K%P
「え゛っ！？」%K%P
「咦！？」%K%P
「あ、そだ。渡すの忘れた。ちょっと待ってね～」%K%P
「啊，对了。我忘记拿给你了，等我一下哦～」%K%P
「『ちょっと待って』じゃなくて……！」%K%P
「不是『等一下』……！」%K%P
「わわっ。なにさっ？」%K%P
「哇哇！怎么了？」%K%P
「なにさじゃないよ……！\n　どうして止めてくれなかったの！？\n　プール行くこと知ってたんだよね……！？」%K%P
「还问我为什么……！\n　为什么你没有阻止她！？\n　你明明知道她要去游泳池吧……！？」%K%P
「や。蛍に言ってないとは聞いてなかったし。\n　あたしとしては蛍が頷いたんだって思ってさー」%K%P
「没有啊。我也没听说她没跟小萤说啊。\n我本来以为小萤已经答应了呢。」%K%P
「まあ……蛍もお年頃だし？\n　女の園に入りたい願望もあるだろうし？\n　妹の願望を叶えてあげるのも姉の務めかなぁって」%K%P
「哎……毕竟萤也到了这个年纪，应该会想进入女人的园地吧？\n实现妹妹的愿望，也是姐姐的职责嘛。」%K%P
「気を遣う方向がおかしいでしょ！？\n　あと弟だから……！」%K%P
「你关心的方向有问题吧！？\n还有，我是你弟……！」%K%P
「あはは、まぁまぁ大丈夫だって。\n　そんなに言うならみなきゃいいんだし」%K%P
「啊哈哈，哎呀，没关系啦。\n既然你那么说，不看也没关系。」%K%P
あっけらかんとお姉ちゃんが笑う。\nそ、その通りだけど、でも……！%K%P
姐姐若无其事地笑了。\n是、是这样没错，可是……！%K%P
「ほら早く。蛍も着替えて着替えて。\n　冷たいプールでたくさん遊びましょ？」%K%P
「好了，快点。小萤也快点换衣服。\n我们去冰凉的泳池玩吧？」%K%P
「こう見えても私、ふふん。\n　泳ぎには自信あるから」%K%P
「别看我这样，呵呵，我对自己的泳技很有自信哦。」%K%P
「っっ」%K%P
「唔唔！」%K%P
こう目の前で着替えられると、つい……！\n相変わらず清佳ちゃん、綺麗な身体してて……。%K%P
她在我眼前换衣服，我忍不住……！\n清佳的身体还是一样漂亮……%K%P
「……蛍様には一応勝ってますね」%K%P
「……至少我赢过萤大人了。」%K%P
「ふぇ！？」%K%P
「呼咦！？」%K%P
「……なんでもありません」%K%P
「……没事。」%K%P
胸の大きさを気にしているのか、\nおっぱいをモミモミと揉む愛さん。%K%P
爱小姐似乎很在意胸部的大小，不停揉捏自己的胸部。%K%P
確かに小さいけれど、この間押し当てられた時は、\n妙にその仄かな柔らかさにドキドキさせられたり――%K%P
虽然确实很小，但之前被她抵住的时候，那隐约的柔软感让一真心跳加速——%K%P
――じゃなくて！%K%P
——不对！%K%P
「おーおー……。スケベな顔しちゃって……。\n　我が弟ながらエロいねー……」%K%P
「哦～哦～……露出一脸色眯眯的表情……\n我的弟弟还真是好色呢……」%K%P
「～～っっ！」%K%P
「～～！」%K%P
お姉ちゃんがニタニタとからかうように笑ってくる。\nうぅ、ホントにこの姉は……！！%K%P
姐姐露出不怀好意的笑容，调侃着我。\n呜呜，这个姐姐真的是……！！%K%P
というか、まさか僕も着替えなきゃいけないの？%K%P
话说回来，难道我也得换衣服吗？%K%P
水着に？%K%P
换上泳装？%K%P
女物の水着に……？%K%P
穿上了女用泳装……？%K%P
「へぇ～……！　これがレジャープール……！\n　見て見て、愛！　あれが流れるプールなのねっ？」%K%P
「哦～……！这就是水上乐园……！\n　快看快看，爱！那就是流动泳池吧？」%K%P
「はしゃがれるのは構いませんが、\n　水に入る前にストレッチは欠かさずにお願いします」%K%P
「要玩水是无所谓，但是请务必在下水前先做热身操。」%K%P
「くぅぅ……！　やっぱプールで飲むお酒は違うねぇ～！\n　めちゃくちゃ染みるぅ～……！」%K%P
「唔唔唔……！在游泳池边喝的酒果然不一样呢～～！感觉超入味的～～……！」%K%P
出遅れること数分。%K%P
晚了几分钟。%K%P
更衣室から出ると、プールを前に\n三者三様の反応ではしゃぐみんながいた。%K%P
走出更衣室，只见大家在泳池前，以三种不同的反应嬉闹着。%K%P
「あ、蛍。着替え終わったの――って」%K%P
「啊，萤，你换好衣服了吗——咦？」%K%P
「かっ、かわっ、可愛いぃぃ～～！！」%K%P
「好、好可、好可爱～～！！」%K%P
「～～っっ！！　撮らないでっ……！！\n　写真撮っちゃダメだってばぁ～～！！」%K%P
「～～！！不要拍我……！！\n　就说不可以拍照了～～！！」%K%P
恥ずかしすぎてヤバい……！！\n僕、男なのにどうしてこんな水着を着る羽目に……！！%K%P
我害羞到不行……！！\n我明明是男生，为什么得穿这种泳装……！！%K%P
「おお～。めちゃくちゃ似合ってるじゃ～ん。\n　どうどう気に入った？　蛍のために作った一点物だよ？」%K%P
「哦哦～～超适合你的嘛～～\n怎么样，喜欢吗？这是为了萤特别制作的哦。」%K%P
「気に入りました！　ものすごく気に入りました！！\n　素晴らしいですっ、千鶴さん……！！」%K%P
「我喜欢！我非常喜欢！！\n　太棒了，千鹤小姐……！！」%K%P
「どうして清佳ちゃんが応えるの～！？」%K%P
「为什么是清佳回答～！？」%K%P
「……やはり愛の方が勝ってますね。ホっ……」%K%P
「……果然还是爱赢了呢。呼……」%K%P
「愛さんはどこ見てるの！？」%K%P
「爱小姐，你在看哪里啊！？」%K%P
これだけじっと見られてもバレないなんて……。\n身体付きで男だとバレてもおかしくないのに……。%K%P
被这样盯着看居然都没被发现……\n明明光看身材，就算被发现是男的也不奇怪……%K%P
むしろ悲しいかも……。%K%P
或许反而该说悲哀吧……%K%P
「それより蛍。私の水着姿はどう……？\n　か、可愛いかしら……？」%K%P
「先不说这个了，小萤。你觉得我穿泳装……？可、可爱吗……？」%K%P
「えっ！？　あ、えと……！」%K%P
「咦！？啊，呃……！」%K%P
「蛍にドキドキしてもらいたくて……えへへ。\n　ちょっぴり大胆な水着着てみたの。\n　ど、どうかしら？　ドキドキ……する？」%K%P
「为了让萤心动……欸嘿嘿。\n我试着穿了有点大胆的泳装。\n怎、怎么样？会心动……吗？」%K%P
「っっ」%K%P
「唔唔！」%K%P
言いながら清佳ちゃんが水着姿を見せつけてくる。\nた、確かにすごく大胆で……！%K%P
清佳边说边向我展示她的泳装。\n这、这确实非常大胆……！%K%P
眺めてるだけでも、その――%K%P
光是看着，那个——%K%P
「……はぁ。女性同士でドキドキするも何も\n　ないでしょう。特に蛍様は清佳様と違いノーマルですし」%K%P
「……唉。两位女性之间，根本没有什么脸红心跳的反应吧。特别是萤大人，她和清佳大人不同，是正常人呀。」%K%P
「むっ……！　だからこそ大胆にしてるんじゃない。\n　ていうか愛はどうしてスク水なのよ」%K%P
「唔……！所以我才要穿得更大胆啊。\n话说回来，为什么爱要穿学校泳装啊？」%K%P
「違います。そこの変態のせいですよ。\n　鞄を開けたら水着がすり替えられていたんです」%K%P
「不是的，都是那个变态的错。\n我打开包包时，发现泳装被掉包了。」%K%P
「はぁはぁ、金髪ロリっ子の旧スク姿は国宝だよね……！\n　愛ちゃん眺めてるだけで幾らでも酒が飲める……！」%K%P
「呼～呼～金发萝莉的旧式学校制服真是国宝啊……！光是看着小爱，不管喝多少酒都行……！」%K%P
「そのまま酒に溺れて死ねばいいのに」%K%P
「干脆就这样醉死算了。」%K%P
「あぁ……！　そのつれない態度も最高だよ……！\n　もっと罵って……！」%K%P
「啊啊……！这种冷淡的态度也棒透了……！再多骂我一点……！」%K%P
「おね――ち、千鶴様。どうか通報だけは\n　されないようにして下さいね……？\n　お酒もほどほどにして下さい……」%K%P
「姐——千、千鹤小姐，请您千万不要报警哦……？\n　也请不要喝太多酒……」%K%P
お姉ちゃんに呆れつつも、\n二人の水着姿にもつい目が行ってしまう。%K%P
我虽然对姐姐感到傻眼，但还是忍不住看向她们的泳装。%K%P
あまり言いたくないけど、お姉ちゃんも\nオトナっぽい水着がとても似合ってると思うし……。%K%P
虽然不太想承认，但姐姐穿成熟的泳装也很好看……%K%P
お姉ちゃんに同意するわけじゃないけど、\n愛さんのスク水姿は確かに……うん。%K%P
虽然我并不赞同姐姐的说法，不过爱小姐的学校泳装打扮……嗯，的确很赞。%K%P
でもやっぱり――%K%P
不过，果然——%K%P
「さ。一緒にストレッチしましょ？\n　それでめいっぱいプールで遊ぶのっ」%K%P
「来，一起做伸展操吧？\n　然后在游泳池里尽情地玩吧！」%K%P
清佳ちゃんの水着姿にドキドキが止まらない。\nき、気を抜いたら下半身が熱くなりそうで……！%K%P
清佳的泳装打扮让我心跳不已。\n一、一不小心下半身就会发烫……！%K%P
早くプールに飛び込みたい。\nこの熱気を飛ばさないとマズいよ……！%K%P
好想赶快跳进游泳池里。\n不把这股热气驱散可就糟了……！%K%P
「あ、そだ。蛍。ちょっとちょっと」%K%P
「啊，对了。小萤，你等一下。」%K%P
「え？　な、なんですか？」%K%P
「咦？什、什么事？」%K%P
清佳ちゃんと愛さんから離れるように、\nお姉ちゃんが僕を引っ張ってくる。%K%P
姐姐拉着我离开清佳和爱小姐身边。%K%P
「わかってると思うけど、あんまりがっつり潜ると\n　ウィッグ取れちゃうからね？　気をつけるんだよ？」%K%P
「我想你应该知道，要是潜得太深，假发会掉下来哦。要小心一点哦。」%K%P
「……その注意をするくらいなら、\n　プールに来るのを止めてもらいたかったんだけど……」%K%P
「……与其提醒我，还不如别来游泳池……」%K%P
「まぁまぁ最後まで聞いて。緊急時の対策として、\n　その水着には仕掛けを施しておいたんだよ」%K%P
「哎呀哎呀，先听我说完嘛。为了应对紧急状况，我在那件泳装上动了点手脚。」%K%P
「仕掛け？」%K%P
「机关？」%K%P
「うん。もしウィッグが外れたら、\n　すぐに水着を脱いで」%K%P
「嗯。如果假发掉了，就马上脱掉泳装。」%K%P
%XS20「は、裸になれってこと！？」%XE%K%P
「要、要我脱光光吗！？」%K%P
「違うってば。スカート履いた時に気づかなかった？\n　ブルマ部分とスカート部分に分かれてたでしょ？」%K%P
「不是啦。穿裙子的时候你没发现吗？\n分成运动短裤跟裙子两部分对吧？」%K%P
「だからビキニとスカートを脱げば……ほら。\n　男性水着に早変わり♪」%K%P
「所以只要把比基尼和裙子脱掉……你看，马上变成男性泳装了♪」%K%P
「な、なるほど……！　助かるよ、お姉ちゃん……！」%K%P
「原、原来如此……！你真是帮了大忙呢，姐姐……！」%K%P
「ふふふ。可愛い妹のためだもん。\n　お姉ちゃんに任せなさいってば」%K%P
「呵呵呵，为了可爱的妹妹嘛，交给姐姐吧。」%K%P
だから弟だけどね。でもホントに助かった。\n当てにしすぎるのは危ないけれど保険にはなる。%K%P
所以说我是弟弟啦。不过她真的帮了大忙。\n虽然太过依赖她很危险，但还是能成为保险。%K%P
「あ。でもスカート丈の都合上、\n　脱いだらブーメランパンツになるから」%K%P
「啊，不过因为裙子长度的关系，脱掉之后会变成三角裤。」%K%P
「え゛っ！？　ブーメランパンツって……！」%K%P
「咦！？三角运动裤……！」%K%P
「男らしくていいじゃん。\n　好きなんでしょ？　そういうの」%K%P
「很有男子气概，很好啊。\n你喜欢这种的吧？」%K%P
絶対に脱ぎたくなくなってきた。\n……ウィッグが取れるような事態は絶対に避けよう。%K%P
我绝对不想脱掉假发了。\n……绝对要避免假发被摘掉的状况。%K%P
「蛍ー？　なに二人でこそこそ話してるの？\n　ストレッチ終わっちゃったわよ？」%K%P
「萤～？你们两个在说什么悄悄话啊？\n伸展操已经做完咯。」%K%P
「あっ……！　き、気にしないで？」%K%P
「啊……！不、不用在意哦？」%K%P
「じゃあ早速潜りに行きましょ？\n　ふふん。私の華麗な泳ぎを見せてあげるわ」%K%P
「那我们赶快下水吧？\n　哼哼，让你见识一下我华丽的泳姿。」%K%P
「そ、それなんだけど。わたし、その……。\n　泳ぎが苦手で……。潜るのは、ちょっと……」%K%P
「关、关于这件事，我、那个……\n我不太会游泳……要潜水的话，有点……」%K%P
「そうだったんだ……。なら流れるプールを歩きましょ？\n　溺れないように、えへへ、私が手を引いてあげるわ」%K%P
「这样啊……那我们去漂漂河吧？\n我会牵着你的手，让你不会溺水的，嘿嘿嘿。」%K%P
「う、うん」%K%P
「嗯、嗯。」%K%P
こう言っておけば無理に泳がされることはないだろう。\nちょっぴり心苦しいけれど。%K%P
只要这么说，他们应该就不会勉强我了。\n虽然有点过意不去。%K%P
「後であの、うぉーたーすらいだーとかいうヤツにも\n　乗りましょ。見るからに楽しそうだし！」%K%P
「等一下，我们去坐那个叫什么飞天旋翼的游乐设施吧。看起来好像很好玩！」%K%P
「なんでも日本最長が売りなんですって。\n　二人で一緒に乗ることもできるらしいの！」%K%P
「听说最长是彼此的卖点。\n好像可以两个人一起坐哦！」%K%P
「ふふ。でしたら愛が代わりに並んでおきましょう。\n　清佳様のお側にいるよりよっぽど楽ですから」%K%P
「呵呵。既然如此，就由爱来代替您排队吧。\n这样比待在清佳大人身边轻松多了。」%K%P
ウォータースライダーか……。\nそれはそれでウィッグが取れそうで怖い。%K%P
滑水道啊……\n感觉会把假发弄掉，有点可怕。%K%P
でもひとまずは――%K%P
不过，总之——%K%P
「今日は一日楽しみましょ？\n　なんなら泳ぎの練習にも付き合うわ」%K%P
「今天就让我们好好享受吧？\n　不然，我也可以陪你练习游泳哦。」%K%P
「――うんっ」%K%P
「——嗯！」%K%P
幸せそうに手を引いてくれる清佳ちゃんを喜ばせたい。%K%P
我想让牵着我的手、一脸幸福的清佳开心。%K%P
プールに来たのは予想外だったけど、\n清佳ちゃんは僕と楽しく遊びたくて誘ってくれたんだ。%K%P
虽然来游泳池是意料之外，但清佳是想和我一起开心地玩，所以才邀我的。%K%P
なら今はただ『蛍』として、\n清佳ちゃんと心置きなく遊ぼう。%K%P
既然如此，现在就以『萤』的身份，和清佳尽情地玩吧。%K%P
男であることを忘れて、\n『蛍』として過ごすことが清佳ちゃんに対する礼儀だ。%K%P
忘记自己是男人，以『萤』的身份生活，才是对清佳的礼仪。%K%P
………………%K%P
………………%K%P
…………%K%P
…………%K%P
……%K%P
……%K%P
――とはいえ%K%P
——话虽如此。%K%P
「きゃぁぁぁぁ～～っっ！」%K%P
「呀啊啊啊啊～～！」%K%P
「はわわっっ……！！」%K%P
「哇哇哇……！！」%K%P
清佳ちゃんと二人乗り用の浮き輪に乗って、\nウォータースライダーを滑り降りていく。%K%P
我和清佳一起坐在双人用的游泳圈上，从滑水道上滑下来。%K%P
お、女の子同士だと思われているとはいえ、\nこんなにも密着しちゃっていいのかな……！%K%P
虽、虽然大家都以为我们是女生……\n但是像这样紧贴在一起真的好吗……！%K%P
「水しぶきがっ、きゃっ、気持ちいいっ。\n　私これ、ジェットコースターより好きかも……！」%K%P
「水花！呀！好舒服！我可能比云霄飞车更喜欢这个……！」%K%P
「ぐるぐる回転して気持ち悪くなることもないし……！\n　スピードもあそこまで速くないし……！」%K%P
「不会转来转去让人不舒服……！\n速度也没有那么快……！」%K%P
「何より――ぎゅぅぅ～！」%K%P
「最重要的是——啾～～！」%K%P
「ふぇっ！？　ききき、清佳ちゃん……！\n　くっつき過ぎだってば……！！」%K%P
「咦！？清清清、清佳……！\n你贴得太紧了啦……！！」%K%P
「えへへ、だって滑り落ちちゃいそうなんだもん♪」%K%P
「嘿嘿，因为好像会滑下去嘛♪」%K%P
チャンスとばかりに清佳ちゃんが後ろから\nぎゅ～っと抱きしめてくる。%K%P
清佳抓准机会，从背后紧紧抱住我。%K%P
こ、後頭部に柔らかい感触が触れて……！\nこれってもしかして、お、おっぱ――～～っっ！！%K%P
后、后脑勺传来柔软的触感……！\n这该不会是胸、胸部——～～！！%K%P
「きゃっ！　あははっ、段差になってるところ面白い。\n　身体が一瞬フワってする」%K%P
「呀！啊哈哈，高低差的地方好好玩。\n身体瞬间轻飘飘的。」%K%P
「もっとスピード上げてみましょ？\n　ほら蛍。足上げてっ」%K%P
「再加快速度试试看吧？\n来，萤，把脚抬起来！」%K%P
「あ、あんまりスピード上げると段差の時に\n　バランス崩れちゃうってば……！」%K%P
「要、要是速度太快的话，遇到高低差的时候会失去平衡啦……！」%K%P
「大丈夫大丈夫っ。私がしっかり蛍を\n　抱きしめておくからっ。さ、行くわよっ」%K%P
「没问题没问题！我会紧紧抱住小萤的！来，我们走吧！」%K%P
「わわわわっっ……！！」%K%P
「哇哇哇哇……！！」%K%P
ブレーキをかけていた足を持ち上げられて、\nぐんぐんとスピードが上がっていく。%K%P
原本踩着刹车的脚被抬了起来，速度越来越快。%K%P
スピードに比例するように、\n清佳ちゃんが腕に力を入れてきて……！%K%P
清佳的手臂也随着速度的加快而更加用力……！%K%P
あ、頭が清佳ちゃんのおっぱいに沈んでく……！\n～～っっ！　嬉しいけど申し訳ない気分が……！%K%P
啊，我的头沉入清佳的胸部里了……！\n～～！虽然很开心，但又觉得过意不去……！%K%P
「あっ、段差くるっ……！\n　蛍、グっと堪えるのよっ？」%K%P
「啊，有高低差……！萤，你要忍住哦？」%K%P
「う、うん……！」%K%P
「嗯、嗯……！」%K%P
「きゃっ！！」%K%P
「呀啊！！」%K%P
スピードが乗った分、さっきよりも大きく\n浮き輪ごと身体が跳ね上がる。%K%P
由于速度加快，身体比刚才跳得更高，连同游泳圈一起弹起。%K%P
すると着地の瞬間――%K%P
就在着地的瞬间——%K%P
ずりぃ！！%K%P
好狡猾！！%K%P
「あっ……！　水着が……！」%K%P
「啊……！泳装……！」%K%P
「ど、どうしよう、蛍……！\n　水着取れて、置き去りになっちゃった……！！」%K%P
「怎、怎么办，小萤……！\n泳衣被冲走了，被丢在这里了……！！」%K%P
「置き去りになったって……！」%K%P
「被丢下……！」%K%P
「このままゴールしちゃったら私――\n　ブ、ブレーキかけてっ……！\n　流れてくるの待たなくちゃ……！」%K%P
「要是就这样冲向终点的话，我——\n　快、快刹车……！\n　得等水流过来才行……！」%K%P
清佳ちゃんがさらに強く抱きついてくる。\nこ、この生々しい肌感って――%K%P
清佳更用力地抱紧我。\n这、这肌肤的触感未免太真实了——%K%P
「ひぃあんっ……！　あ、あまり動かないで蛍……！\n　んふぁ、あ……！　擦れてくすぐったい……！」%K%P
「咿啊……！萤，你不要乱动……！\n嗯呼啊，啊……！摩擦到好痒……！」%K%P
「～～っっ！！？」%K%P
「～～！！？」%K%P
やっぱり清佳ちゃんの生おっぱい！！？%K%P
果然是清佳的胸部！！？%K%P
柔らかすぎ――じゃなくて……！\nはわわっ、どどど、どうしたら……！？%K%P
太软了——不对……！\n哇哇哇，怎怎怎、怎么办……！？%K%P
「あっ……！　んっ、ふっ……！\n　ダメ、蛍……！　くすぐったいってば……！」%K%P
「啊……！嗯、呼……！\n　不行，萤……！这样很痒啦……！」%K%P
「お願い、ふぁ、じっとしててっ……？\n　じゃないと、どんどん滑り降りて行っちゃう……！」%K%P
「拜托，呼啊，不要乱动……？\n不然会一直滑下去……！」%K%P
必死に清佳ちゃんがブレーキをかける。\nその分、僕の身体が清佳ちゃんの身体に密着して――%K%P
清佳拼命地刹车，我的身体也跟着紧贴着她——%K%P
「はぁ、はぁ……！」%K%P
「呼、呼……！」%K%P
変な吐息が漏れちゃう……！\n無心に、はぁはぁ、無心にならないと……！%K%P
我忍不住发出奇怪的喘息声……！\n我得放空，得放空啊……！%K%P
早く流れてきて……！\n清佳ちゃんの水着、戻ってきてぇ……！！%K%P
快点流过来……！\n清佳的泳衣，快回来啊……！！%K%P
「あっ……！　流れてきた……！\n　あれ、私の水着よ……！」%K%P
「啊……！漂过来了……！\n　那是我的泳衣……！」%K%P
よ、よし――%K%P
好、好——%K%P
「――きゃぁ！？　掴み損ねちゃった……！！」%K%P
「——呀啊！？没抓到……！！」%K%P
「はわわっ！？　なんで掴み損ねちゃうのぉ～！？」%K%P
「啊哇哇！？为什么没抓到呢～！？」%K%P
「蛍の頭が擦れて、ひゃってなっちゃって……！\n　い、いえ、蛍のせいじゃないわ……！」%K%P
「被萤的头撞到，痛得哇哇叫……！\n不、不对，这不是萤的错……！」%K%P
「とにかく今度は追いかけなくちゃ……！\n　蛍、足上げて……！　全速力で追いつくわよ……！」%K%P
「总之这次一定要追上……！\n小萤，把脚抬起来……！我要用全速追上它……！」%K%P
「～～っっ！！　だ、だから、\n　あんまり抱きつかれると……！！」%K%P
「～～！！就、就说了，你抱得太紧了啦……！！」%K%P
清佳ちゃんの胸の感触を意識しないようにしながら、\n必死にスピードを上げる。%K%P
我努力地加快速度，同时努力不去意识到清佳胸部的触感。%K%P
やっぱり男であることを\n完全に忘れることなんてできないよぉ……。%K%P
果然还是没办法完全忘记自己是男的……%K%P
「大変な目に遭った……」%K%P
「真是有够倒霉……」%K%P
清佳ちゃんが更衣室に戻っている間に、\n流れるプールを一人歩いて平静を取り戻そうとする。%K%P
在清佳回到更衣室的期间，我一个人走在流动泳池中，试图恢复平静。%K%P
なんとか着水前に水着を回収できたけど……。\nさっきは本当に色々と危なかった。%K%P
虽然在落水之前勉强把泳衣捡了回来……\n刚才真的好险。%K%P
あれ以上長く密着されてたら、僕の意志とは無関係に\n男の部分が起きちゃうところだったもん……。%K%P
要是继续和她紧贴在一起，我的男性象征就会不由自主地挺立起来……%K%P
い、未だに後頭部には\n清佳ちゃんのおっぱいの感触が残ってるし――%K%P
清、清佳的胸部触感，至今仍残留在我的后脑勺——%K%P
「――お、思い出しちゃダメ……！\n　忘れるんだ、僕……！」%K%P
「——不、不可以回想起来……！\n快点忘掉，我……！」%K%P
なんのために危険を冒してプールに入ってるんだ。\n冷静になるためじゃないか……！%K%P
我冒着危险进入泳池，不就是为了让自己冷静下来吗……！%K%P
す、少しだけ潜ろう。しっかりウィッグを\n押さえて潜れば脱げることはないはず……！%K%P
只、稍微潜一下吧。只要好好按住假发，应该不会掉……！%K%P
「すぅはぁ、すぅはぁ、よーし！」%K%P
「吸、吐、吸、吐、好！」%K%P
呼吸を整えて、トプンと水中へと潜る。%K%P
我调整呼吸，噗通一声潜入水中。%K%P
しかし――この時の僕は火照りを鎮めることを\n考えるあまり忘れてしまっていた。%K%P
然而——我却因为太过专注在如何让身体降温，而忘了其他事情。%K%P
流れるプールというものは、\n大抵どこの施設でも潜ることは推奨されていない。%K%P
流动泳池这种设施，基本上无论在哪个地方，都不建议游客潜水。%K%P
何故かというと――%K%P
至于原因——%K%P
「っっ！？」%K%P
「！？」%K%P
い、痛いっ……！\n人がぶつかってきて――あいたっ、いたたっ！！%K%P
好、好痛……！\n有人撞了过来——好痛，好痛啊！！%K%P
考えてみれば当たり前だ……！\n人が流れてきてるわけなんだから……！！%K%P
仔细想想，这也是理所当然的……！\n毕竟人潮会不断流动……！！%K%P
「ぷはっ……！」%K%P
「噗哈……！」%K%P
慌てて水中から浮き上がる。\nあいたたた……。自業自得とはいえ散々だよ……。%K%P
我连忙从水里浮上来。\n痛痛痛痛……虽说是自作自受，但这也太惨了……%K%P
「でも、少しスッキリしたかも。\n　すごく頭が軽くなった気がする」%K%P
「不过，我好像稍微舒坦了一点。\n感觉脑袋变得好轻松。」%K%P
そう頭が――%K%P
脑袋里——%K%P
「ん……？」%K%P
「嗯……？」%K%P
なんか変なものが浮いてるなぁ。\n髪の毛……？　みたいだけど。%K%P
好像有奇怪的东西浮在水面上。\n是头发……？看起来是这样。%K%P
「…………」%K%P
「…………」%K%P
「――って、僕のウィッグじゃん！！？」%K%P
「——等等，这不是我的假发吗！？」%K%P
もしかしてぶつかった時に取れたの！？\nマ、マズい、すぐに回収しないと――%K%P
难道是刚才撞到的时候掉下来的？\n不、不妙，得赶紧捡回来——%K%P
「――蛍～！　どこに行っちゃったのよ、蛍～！」%K%P
「——小萤～！你跑到哪里去了，小萤～！」%K%P
「はぁ……。少し黙って下さい、清佳様。\n　叫ばなくともこのまま一周もすれば見つかりますって」%K%P
「唉……请安静一下，清佳大人。\n就算不叫，只要绕一圈就会找到的。」%K%P
「全くこの歳になって迷子とはねぇ～。\n　ま、酔い覚ましには、ひっく、丁度良いかぁ～」%K%P
「都几岁了还迷路，真是的～不过，这样刚好可以醒醒酒，嗝～」%K%P
後ろからみんなの声が！？\nどどど、どうしよう……！！？%K%P
大家的声音从后面传来了！？\n怎怎怎、怎么办……！！？%K%P
こうなったら――%K%P
既然如此——%K%P
「ん？　あれは……」%K%P
「嗯？那是……」%K%P
「春樹くん……？　こんなところで奇遇ね？」%K%P
「春树……？真巧，居然会在这里遇见你。」%K%P
「き、清佳さんっ。ホ、ホントに奇遇だね……！！」%K%P
「清、清佳小姐！真、真的好巧哦……！！」%K%P
例の緊急手段を使って、ギリギリ事なきを得る。\nた、助かった、女物の水着を着た変態になるところだ。%K%P
我使出那招紧急手段，勉强平安度过危机。\n得、得救了，差点就要变成穿着女用泳装的变态了。%K%P
あ……女装しててもそれは同じか。%K%P
啊……就算穿女装也一样。%K%P
「友達と来てたの？　……それとも一人でナンパ？」%K%P
「你跟朋友一起来的吗？……还是一个人来搭讪的？」%K%P
「ナ、ナンパなんかするはずないよ……！\n　決まってるじゃない！」%K%P
「我、我怎么可能去搭讪啊……！\n这还用说吗！」%K%P
「ふーん？　それにしては、ねぇ？\n　中々セクシーな水着着てるじゃないの」%K%P
「哦？可是你穿的泳装还挺性感的嘛。」%K%P
「うぐっ……！」%K%P
「呜咕……！」%K%P
「童貞のクセに大胆ですね～？　でも身の丈に\n　合わない物は着ない方がいいと思いますよ～？」%K%P
「明明是处男却很大胆呢～？不过我觉得还是别穿不适合自己的衣服比较好哦～？」%K%P
「はうっ……！」%K%P
「啊呜……！」%K%P
「あははははっ！　我が弟ながら、あははっ、\n　大胆すぎるっしょっ！　ブーメランパンツて……！」%K%P
「啊哈哈哈哈！我弟弟也太……啊哈哈……太有胆了吧！竟然穿三角泳裤……！」%K%P
「～～っっ！！」%K%P
「～～！」%K%P
ブーメランパンツ姿の僕を見て、\nみんなそれぞれドン引いた視線を送ってくる。%K%P
看到我穿着三角泳裤，大家都露出傻眼的眼神。%K%P
というか、お姉ちゃんは作った本人でしょ！？\nなに笑ってるのさ！？%K%P
话说，姐姐你不是制作者吗？\n你在笑什么啊？%K%P
「あなたが悪い人だとはあまり思ってないけれど……\n　女癖の悪さは頂けないわね。直した方がいいと思うわ」%K%P
「我不觉得你是坏人……\n但是，花心这一点我无法接受。我觉得你最好改掉这个坏习惯。」%K%P
「ちょ、ちょっと。\n　ホントに俺はナンパしに来たわけじゃ……！」%K%P
「等、等一下，我真的不是来搭讪的……！」%K%P
「はいはい。どうだっていいから。\n　私は今忙しいの。蛍を探してる途中だから」%K%P
「是是是，随便你们啦。\n我现在很忙，正在找萤。」%K%P
「あんまり視姦するのはやめておいた方がいいですよ～？\n　先輩ってすーぐに発情しちゃうタイプっぽいですしー。\n　その格好だと通報される羽目になるかもですからー」%K%P
「劝你最好不要一直视奸学长哦～？\n毕竟学长好像是那种动不动就会发情的类型～\n要是你继续用那种眼神看他，说不定会有人报警哦～」%K%P
そう言って清佳ちゃんたちが先を急ごうとする。%K%P
清佳说完，催促其他人赶快离开。%K%P
マズいっ。先行されてもしもウィッグを\n清佳ちゃんたちに見つけられちゃったら……！%K%P
糟糕！要是被清佳她们发现我戴着假发……！%K%P
「待ってっ。行かないで……！」%K%P
「等等！不要走……！」%K%P
「……はぁ？　どうしてよ？」%K%P
「……啊？为什么？」%K%P
「え、えと……！　その……！\n　もう少し、俺とお喋りしない……？」%K%P
「呃，那个……！那个……！\n要不要再跟我多聊一下……？」%K%P
%XS20――って、これじゃまるでナンパじゃん！？%XE%K%P
——等等，这不就是搭讪吗！？%K%P
「なっ――……！？　ふ、ふざけないで……！\n　あなたホントに見境無しなの……！？」%K%P
「什——……！？别、别开玩笑了……！\n你真的来者不拒吗……！？」%K%P
「違っ……！　今のは言葉のアヤで……！」%K%P
「不是……！刚才那句话是语病……！」%K%P
「せんぱぁい～……？　愛、昨日言いましたよね～？\n　清佳様とはぁ良い友達としてお付き合いして欲しいって」%K%P
「学长～……？爱昨天说过吧～？\n　希望你和清佳大人以好朋友的身份来往。」%K%P
「ひぃ！？　だから今のは……！！」%K%P
「咿！？刚才那是……！！」%K%P
「あははははっ、弟が、あはっ……！\n　ナンパしてる……！　姉の目の前でとか、ヤバい……！」%K%P
「啊哈哈哈哈，我弟弟，啊哈……！\n他搭讪女生……！而且还是在姐姐面前，太糟糕了……！」%K%P
「姉さんは絶対酔ってるよね！？」%K%P
「姐姐你绝对喝醉了吧！？」%K%P
「あなたのこと見直しかけていたところだったのに……！\n　いい人かもと思いかけていたところだったのに……！」%K%P
「我正要对你刮目相看的说……！\n正要觉得你是个好人的时候说……！」%K%P
「やっぱりあなた最低ね……！　あの模擬デートも、\n　そういう魂胆があって協力したの……！？」%K%P
「你果然差劲透了……！那次模拟约会也是，你也是因为有这种企图才帮忙的吗……！？」%K%P
「違うんだってば……！」%K%P
「就说不是了嘛……！」%K%P
「ち、近づかないで、この変態……！」%K%P
「不、不要靠近我，你这个变态……！」%K%P
「へんた――」%K%P
「变态——」%K%P
「愛もぉもう少し先輩は誠実な人だと思ってましたぁ。\n　もう二度と清佳様に近づかないで下さいね～？」%K%P
「爱本来以为学长是更诚实的人呢～\n请不要再接近清佳大人了哦～？」%K%P
「愛さんも話を聞いて……！」%K%P
「爱小姐也听我说……！」%K%P
「あははははっ、玉砕してるっ……！\n　ひ～、超ウケる～！」%K%P
「啊哈哈哈哈，壮烈牺牲了……！\n　咿～超好笑的～！」%K%P
%XS20「さっさと家に帰れ、この酔っ払い！！」%XE%K%P
「快点回家去吧，你这个醉鬼！！」%K%P
「プールから上がるわよ、愛。\n　この人と同じ水に浸かりたくないわ」%K%P
「我们离开泳池吧，爱。\n我不想和这个人泡在同一个水池里。」%K%P
「賛成で～す。知らない間に\n　妊娠させられても嫌ですし～」%K%P
「我赞成～\n　我可不想在不知不觉间怀孕～」%K%P
「あっ、ちょっと――」%K%P
「啊，等一下——」%K%P
そうして清佳ちゃんたちが\nプールから上がっていく。%K%P
清佳等人陆续离开泳池。%K%P
ある意味これでゆっくり\nウィッグを回収できる時間ができたけど……。%K%P
就某种意义而言，这样就有时间慢慢回收假发了……%K%P
失った物が、あはは……。大きすぎるよ……。%K%P
失去的东西，啊哈哈……也太大了吧……%K%P
「ドンマイドンマイ。お姉ちゃんが、ひっく……！\n　ついてるってばぁ、あはは～！」%K%P
「别在意别在意，姐姐我可是……呜呜……！超幸运的啦，啊哈哈～！」%K%P
「そして、この酔っ払いは……」%K%P
「然后，这个醉鬼是……」%K%P
――その後、どうにかウィッグを見つけた僕は\n蛍として精一杯{春樹:ぼく}のフォローをした。%K%P
——之后，我好不容易找到假发，\n以萤的身份努力地帮「{春树:我}」打圆场。%K%P
なんとか誤解は解けたけど……。\n僕が心に負った傷は当分癒えなさそうだ。%K%P
虽然总算是解开误会了……\n但我内心受到的伤害，看来暂时是无法痊愈了。%K%P
