………………%K%P
………………%K%P
…………%K%P
…………%K%P
……%K%P
……%K%P
「……事情はわかりました」%K%P
「……我明白事情的原委了。」%K%P
少しでも冷静になろうとしてくれたんだろう、\nメイド服から部屋着に着替えた愛さんが渋面で頷く。%K%P
爱小姐似乎想让自己冷静下来，她从女仆装换回居家服，板着脸点头。%K%P
――トイレで女装バレした後、\n僕は彼女を自室に招いて洗いざらい告白した。%K%P
——在厕所被她发现我穿女装后，我请她到我房间，一五一十地向她坦白。%K%P
幼い頃に偶然、蛍として清佳ちゃんと知り合ったこと。\nそれ以来ずっと性別を偽って関わっていたこと。%K%P
小时候偶然以萤的身份认识清佳。\n之后一直伪装性别与她来往。%K%P
蛍が春樹の女装であることや、\n僕が……その。清佳ちゃんを好きなことも。%K%P
包括春树其实是女装这件事，还有我喜欢……那个，喜欢清佳的事。%K%P
「妙に春樹様が清佳様に協力的だとは思っていましたが。\n　まさか同一人物でしたとは……」%K%P
「我一直觉得春树大人对清佳大人莫名地配合，没想到居然是同一个人……」%K%P
「ずっと騙していてごめんね……」%K%P
「对不起，一直骗了你这么久……」%K%P
「そう思うなら愛の恥ずかしい姿を見た記憶を\n　全て消し去って下さい」%K%P
「既然如此，就请把看到爱害羞模样的记忆全部消除吧。」%K%P
「も、もちろん……！」%K%P
「当……当然……！」%K%P
「あと……着替えて頂いたところ申し訳ありませんが、\n　女装し直して下さい。清佳様が訪ねてきたら事ですので」%K%P
「还有……虽然很抱歉，但请重新换上女装。因为清佳」%K%P
「う、うん」%K%P
「嗯、嗯。」%K%P
「これでいい……？」%K%P
「这样可以吗……？」%K%P
「はい」%K%P
「是的。」%K%P
愛さんが静かに頷く。な、何を考えているんだろう。\n無表情すぎて窺いしれない……。%K%P
爱小姐静静地点头。她、她在想什么呢？\n她面无表情，无法窥知……%K%P
「ともかく……。愛も先程のことは\n　見なかったことにします」%K%P
「总之……刚才的事情，爱也当作没看见。」%K%P
「えっ？　ホントに……？」%K%P
「咦？真的吗……？」%K%P
「はい。清佳様に告げ口したいところですが、\n　伝えれば大層ショックを受けられると思うので」%K%P
「是的。虽然我很想向清佳大人告状，但是……\n如果告诉她，她应该会受到很大的打击。」%K%P
「ま、当たり前ですよね。愛した人がまさか\n　女装癖のある変態――いえ言葉が悪かったです。\n　女のフリして近づくうじ虫だったなんて辛いですから」%K%P
「这也是理所当然的。毕竟自己所爱的人竟然是个有女装癖的变态——不，我用词不当。\n竟然是个假扮成女人接近自己的臭虫，这实在太痛苦了。」%K%P
「うぅ……」%K%P
「呜呜……」%K%P
反論したいけれど、何も反論できない。\n実際その通りだもん……。%K%P
虽然想反驳，却完全无法反驳。\n因为实际上就是这样……%K%P
でも愛さん、黙ったままでいてくれるんだ……。%K%P
不过，爱小姐还是保持沉默……%K%P
「愛から言えることは一つだけです。\n　今すぐ性転換手術を受けて下さい」%K%P
「爱能说的只有一句话。\n请立刻去接受变性手术。」%K%P
「ふぇ！？　それは流石に……！」%K%P
「耶！？这实在是……！」%K%P
「清佳様のことがお好きなのでしょう？\n　身も心も蛍様になってしまえば、\n　大団円ではないですか」%K%P
「您不是喜欢清佳大人吗？\n只要身心都变成萤大人，\n不就是大团圆了吗？」%K%P
「ぼ――じゃなくて、俺はその……。\n　春樹として清佳ちゃんとお付き合いしたくて……」%K%P
「我——不对，我……\n我想以春树的身份和清佳交往……」%K%P
「残念ながら清佳様の想い人は蛍様です。\n　春樹様はお呼びではありません」%K%P
「很遗憾，清佳大人的心上人是萤大人。\n　春树大人没有被叫到。」%K%P
「うっ……！　今はそうだけど――」%K%P
「唔……！现在是这样没错——」%K%P
「――変わることもありません。\n　清佳様をあなたのような煩悩まみれの人間と\n　一緒にしないで下さい」%K%P
「——这一点也不会改变。\n请不要把清佳大人和你这种满脑子邪念的人\n混为一谈。」%K%P
「煩悩まみれって……」%K%P
「满脑子邪念……」%K%P
「違いますか？　先程も低脳なサルさながらに\n　発情されていましたよね？　いえ、この物言いは\n　低脳なサルにも失礼ですね」%K%P
「难道不是吗？刚才您也像只发情的低能猴子一样吧？不，这种说法对低能猴子也很失礼呢。」%K%P
「はうう……！　ご、ごめんなさい……！」%K%P
「啊呜呜……！对、对不起……！」%K%P
「別に愛のことはどうだっていいんです。\n　正直言って、あなたに裸体を見られようが、\n　トイレ姿を見られようが気にしていませんので」%K%P
「爱的事情不重要。\n老实说，爱并不在意被你看见裸体，\n也不在意被你看见上厕所的模样。」%K%P
「ですが清佳様に蛍様のお姿で下劣なイチモツを\n　見せようものなら――愛は許しませんよ」%K%P
「不过，如果以萤大人的模样，被清佳大人看见那根下流的家伙的话——爱可不会原谅哦。」%K%P
愛さんが真剣な眼差しで僕を見つめてくる。%K%P
爱小姐以认真的眼神注视着我。%K%P
「清佳様にとって蛍様は唯一無二の親友なのです。\n　この世でただ一人清佳様が心を開いているお方なのです」%K%P
「对清佳大人而言，萤大人是独一无二的挚友。\n在这个世界上，只有萤大人能打开清佳大人的心房。」%K%P
「そんな無垢な心をあなたの卑しい心で穢した時――\n　清佳様は親友を失うどころか、人を信じる心すらも\n　失ってしまうに違いありません」%K%P
「当您用卑劣的心灵玷污了清佳大人纯洁的心灵时——\n　清佳大人不但会失去挚友，甚至会失去对人的信任。」%K%P
「……はい……」%K%P
「……是的……」%K%P
「それと、たとえ女装がバレたとしても、\n　春樹様と蛍様が同一人物だと明かさないで下さい」%K%P
「还有，就算女装的事情曝光了，也请不要把春树大人和萤大人的身份说出去。」%K%P
「えっ？　ど、どうして？」%K%P
「咦？为、为什么？」%K%P
「当然です。清佳様は蛍様に見せたくない姿を春樹様に\n　見せてしまっていますので。その時点でアウトですよ」%K%P
「当然。清佳大人让春树大人看见了不想让萤大人看见的模样。在那个时间点就已经出局了。」%K%P
「その程度……少し考えればわかりますよね？\n　ああすみません。うじ虫には少し難しすぎましたか」%K%P
「这种程度……稍微想一下就知道了吧？\n啊，对不起，对蛆虫来说可能太难了。」%K%P
愛さんの言葉が普段以上に辛辣だ。\nそれだけ酷いコトをしてしまっていたということだろう。%K%P
爱小姐的语气比平常更加辛辣。\n这代表我刚才的举动真的太过分了。%K%P
自分で思っているよりも罪深いことだったんだと思う。\n愛さんはそれをバカな僕に思い知らしてくれてるんだ。%K%P
我想，我所犯下的罪孽，远比自己所想的还要深重。\n爱小姐让我这个笨蛋彻底明白这一点。%K%P
「でもそれも明かせないとなると……。\n　どうやって過ごしていけば……」%K%P
「可是如果连这件事都不能说……\n那我到底该怎么过下去……」%K%P
「これまで通り、蛍様と春樹様を使い分けて\n　過ごされたらいいのではありませんか？」%K%P
「您只要像之前那样，视情况分别使用萤大人和春树大人不就好了吗？」%K%P
「ただし……春樹様として清佳様に\n　アプローチなさるのは許しませんが」%K%P
「只不过……我不会允许春树大人以春树大人的身份向清佳大人示好。」%K%P
それだと結局、僕の恋心は永遠に叶わないということだ。%K%P
这么一来，我的恋情就永远无法实现。%K%P
「蛍様と春樹様の棲み分けをきっちりとする。\n　春樹様として清佳様に今後一切アプローチはしない」%K%P
「我会确实地让萤大人和春树大人分居。\n　今后我不会再让你以春树大人的身份接近清佳大人。」%K%P
「もしもこの要求を呑んで下さるのでしたら、\n　愛もあなたに協力しますよ？」%K%P
「如果你愿意接受这个要求，爱也会协助你哦？」%K%P
「清佳様の恋心とお気持ちを、\n　愛もお守りしたいですから」%K%P
「因为爱也想守护清佳大人的爱意与心情。」%K%P
「あなたは……どうなさいますか？」%K%P
「你……打算怎么做？」%K%P
「俺は――」%K
「我——」%K
愛さんの要求を呑む
我答应爱小姐的要求。
愛さんの要求は呑めない
我无法答应爱小姐的要求。
