………………%K%P
………………%K%P
…………%K%P
…………%K%P
……%K%P
……%K%P
そして迎えた夏祭り当日――%K%P
然后，到了夏日祭典当天——%K%P
「へぇ～。思っていたよりも人が少ないわね？」%K%P
「哦～人比想象中少呢。」%K%P
「本番は夜の花火大会ですからね～。\n　屋台の燈籠も灯って雰囲気もグっと良くなりますしぃ」%K%P
「重头戏是晚上的烟火大会嘛～\n摊贩的灯笼也会点亮，气氛会变得更好哦～」%K%P
「逆に言えば下見には持ってこいの時間帯ってわけね！\n　そうと決まれば隅々まで回るわよ！」%K%P
「反过来说，这个时段最适合勘探场地了！\n既然决定了，就让我们逛遍每一个角落吧！」%K%P
気合い十分の様子で清佳ちゃんが握り拳を作る。\n傍らには珍しく私服姿の愛さんも控えていた。%K%P
清佳干劲十足地握紧拳头。\n身旁是难得穿着便服的爱小姐。%K%P
そんな二人を遠めに見つめながら、\n僕もまた隣に向かって小さく声をかける。%K%P
我远远地望着彼此，也小声地对身旁的人说：%K%P
「頼むよ、姉さん。愛さんの気を逸らしてもらえる？」%K%P
「拜托你了，姐姐。可以帮我转移爱小姐的注意力吗？」%K%P
「可愛い弟の頼みとあっちゃ仕方ないね～。\n　ま、見てなよ。清佳ちゃんと二人きりにしたげるから」%K%P
「可爱的弟弟都这么拜托了，真没办法～\n算了，你就看着吧。我会让清佳和你独处的。」%K%P
心強い。お姉ちゃんを頼って正解だった。%K%P
真可靠。有姐姐在真是选对了。%K%P
愛さんが僕の邪魔をするつもりなら、\nその愛さんの邪魔をしてもらうしかないもんね。%K%P
如果爱小姐打算妨碍我，那就只能请她妨碍爱小姐了。%K%P
「チっ……。小癪な真似を……。\n　ま、それはそれでやりようはありますが」%K%P
「啧……竟敢耍这种小手段……\n算了，反正我也有办法对付。」%K%P
「ん？　何か言った？」%K%P
「嗯？你说了什么吗？」%K%P
「えへへ、なんにも言ってませんよ～？\n　それより清佳様、あの屋台とか気になりません？」%K%P
「嘿嘿，我什么都没说哦～？\n对了，清佳大人，您不觉得那个摊贩很令人在意吗？」%K%P
「わわっ。引っ張らなくてもいいわよ……！\n　春樹くんと千鶴さんを置いていっちゃってるじゃない」%K%P
「哇哇！不用拉我也没关系啦……！\n　你这样会把春树和千鹤丢在后头耶。」%K%P
「なるほどなるほど。ペアになったのを利用して、\n　清佳ちゃんと二人で行動するつもりみたいだね」%K%P
「原来如此原来如此。看来是打算利用搭档的名义，和清佳两个人一起行动呢。」%K%P
「だけど愛ちゃん、それは諸刃の剣だよ……！\n　あたしが愛ちゃんとペアを組めば必然的に\n　春樹は清佳ちゃんと二人きりになるんだから……！」%K%P
「可是小爱，这是一把双面刃哦……！\n如果我和小爱一组，春树就必然得和清佳两人独处……！」%K%P
「行くよ、春樹っ。いざ突撃～！」%K%P
「要上咯，春树！突击～！」%K%P
「わわっ。引っ張らなくてもいいってば！」%K%P
「哇哇！不用拉我啦！」%K%P
「愛ちゃん、愛ちゃーん。\n　お姉さんもかまってよ～」%K%P
「小爱，小爱～\n姐姐也想要你陪我嘛～」%K%P
「今日は愛ちゃんのために、ふふん。\n　お姉さんもバッチリ決めてきたんだぞ♪」%K%P
「今天为了小爱，呵呵，姐姐我也精心打扮了一番哦♪」%K%P
「清佳様、あっちの屋台も気になりません？\n　行ってみましょうよ～？」%K%P
「清佳大人，您不觉得那边的摊贩也很令人在意吗？\n　我们去看看吧～？」%K%P
「ガン無視！！」%K%P
「完全无视！！」%K%P
「ちょっと愛、いくらなんでも失礼でしょ？\n　千鶴さんが可愛そうじゃない」%K%P
「等等，爱，你这样未免太失礼了吧？\n千鹤小姐很可怜耶。」%K%P
「清佳様こそ空気読んであげて下さいってば。\n　久しぶりに姉弟が顔を合わせたんですよ？\n　邪魔しちゃったら悪いですって」%K%P
「清佳大人，您才应该识相一点吧。\n姐弟俩难得见面哦？\n您这样打扰他们，未免太不识相了。」%K%P
「……それもそうね。そういえば春樹くんと\n　千鶴さんの組み合わせを見るのは初めてかも」%K%P
「……说得也是。这么说来，这好像是我第一次看到春树和千鹤的组合呢。」%K%P
「き、気にしないで？　姉さんとは連絡も取ってるし」%K%P
「别、别在意啦。反正我跟姐姐还有联络。」%K%P
「そうそう。せっかく集まったんだから、\n　みんなでワイワイ回ろうよ～？」%K%P
「对啊对啊，难得大家聚在一起，就一起开开心心地逛吧～？」%K%P
「そうですね。でも……千鶴さんまで呼んで、\n　蛍はお屋敷で寂しくしてないかしら……」%K%P
「是啊。不过……连千鹤小姐都被叫来，不知道萤会不会寂寞地待在宅邸里呢……」%K%P
「蛍なら夕方まで用事があるから大丈夫だよ。\n　モデルの仕事で外に出ちゃっててさー」%K%P
「小萤她傍晚前都有事，所以没问题哦。\n她出门去接模特儿的工作了～」%K%P
「えっ？　そうだったんですか？\n　蛍ったら、そんなこと一言も言ってなかったのに。\n　夕方の待ち合わせ、大丈夫なのかしら……」%K%P
「咦？是这样吗？\n　萤真是的，她完全没提过这件事。\n　傍晚的会合，没问题吗……」%K%P
「心配ないですよ。蛍さんは絶対に来てくれますって。\n　ね、先輩？」%K%P
「不用担心啦。萤姐姐一定会来的。\n对吧，学长？」%K%P
「うっ……」%K%P
「呜……」%K%P
「そういえば春樹くん。蛍から……その。\n　な、夏祭り回ろうって連絡があったりした？\n　――いえ、なんでもないわ。言わないで！」%K%P
「对了，春树。小萤有没有……那个……\n联、联络你说要一起去夏日祭典？\n——不，没事。你别说了！」%K%P
「私はただ時間になったら待ち合わせ場所に\n　向かうだけだから。選ぶのは蛍だものね」%K%P
「我只要到了时间就去会合地点就行了，因为要选的人是小萤。」%K%P
「安心して下さい、清佳様。蛍さんは親友を\n　蔑ろにするような人ではありませんよ。ね、先輩？」%K%P
「请放心，清佳大人。萤小姐不是会轻视挚友的人。对吧，学长？」%K%P
頷きづらいことを殊更に愛さんが尋ねてくる。%K%P
爱小姐又问了我一个难以回答的问题。%K%P
この圧に屈しちゃダメだ。\n今日、僕は清佳ちゃんとデートしに来てるんだから。%K%P
我不能屈服于这种压力。\n今天我是来和清佳约会的。%K%P
待ち合わせにも蛍として現れるつもりはない。\n蛍になるための女装道具すら持ってきていない。%K%P
我也不打算以萤的身份赴约。\n我甚至没带任何变装成萤的女装道具。%K%P
春樹として会いに行って――\n今日こそ清佳ちゃんに伝えるんだ。%K%P
以春树的身份去见她——\n今天一定要告诉清佳。%K%P
僕が蛍なんだって。騙していてごめんって。%K%P
我就是萤，骗了你真的很抱歉。%K%P
その事実を清佳ちゃんがどう受け止めるかはわからない。%K%P
我不知道清佳会如何接受这个事实。%K%P
愛さんの言う通りショックを受けるかもしれないし、\nお姉ちゃんの言う通り受け入れてもらえるかもしれない。%K%P
或许会像爱小姐说的那样大受打击，也或许会像姐姐说的那样被接受。%K%P
どちらにしても――伝えなければ何も始まらない。%K%P
无论如何——不传达出去就什么都不会开始。%K%P
愛さんの要求を撥ねのけた時点で、\nいつかは清佳ちゃんに伝えると心に決めたんだ。%K%P
在拒绝爱小姐的要求时，我就下定决心总有一天要告诉清佳。%K%P
今まではその『いつか』を待つばかりだったけど、\n待つだけじゃ何も変わらない。%K%P
虽然至今为止，我都在等待着那个『总有一天』的到来，但是光是等待，什么都不会改变。%K%P
清佳ちゃんが蛍へアプローチする姿を見てきて、\nそれがよくわかった。%K%P
我看着清佳对萤展开攻势的模样，非常清楚。%K%P
だからこそ夏祭りという舞台を借りて、\n僕も清佳ちゃんに告げよう。%K%P
所以，我也要借用夏日祭典这个舞台，向清佳告白。%K%P
まだまだ男らしくはないかもしれないけど、\n勇気を出して清佳ちゃんに伝えるんだ。%K%P
虽然我可能还很不像个男人，但我鼓起勇气告诉清佳：%K%P
「清佳さんは何か気になる屋台ある？\n　あれば一緒に見に行くよっ？」%K%P
「清佳小姐有特别想逛的摊位吗？\n有的话，我们可以一起去逛哦？」%K%P
「ありがとう。助かるわ。\n　ま、気になると言えば全てが気になっているんだけどね？」%K%P
「谢谢，帮了大忙。\n不过，要说在意的话，我全部都很在意哦？」%K%P
「屋台の中でも二人で遊んで楽しいものはないかしら？\n　そういう感覚を是非、あなたには聞きたいわ」%K%P
「在摊位中，有没有两个人一起玩会很开心的呢？\n我非常想听听你的意见。」%K%P
「なら金魚すくいとかどうかな？\n　い、一緒にやってみる？」%K%P
「那捞金鱼如何？\n要、要不要一起捞捞看？」%K%P
「きんぎょすくい……？\n　いいわよ。やってみましょ――」%K%P
「捞金鱼……？\n好啊，来试试看吧——」%K%P
「――あ～、ずるーい。清佳様ってば、\n　愛の気持ち知ってるクセに先輩を盗らないで下さいよ～」%K%P
「——啊～好狡猾哦。清佳大人，您明明知道爱的心意，却还是把学长抢走了～」%K%P
「べ、別に盗ってないわよ。\n　愛も一緒にやればいいでしょ、やれば」%K%P
「我、我才没有偷呢！爱也一起做不就好了？」%K%P
「えへへ、せんぱぁい。\n　手取り足取り教えて下さいね～？」%K%P
「嘿嘿嘿，学长～\n请你手把手地教我吧～？」%K%P
くっ。やはりそう簡単に\n二人きりにはさせてもらえなさそうだ。%K%P
唔，果然没这么简单就能让我们独处。%K%P
%XS20だけど、こっちにも――お姉ちゃんがいる！！%XE%K%P
%XS20但我也有——姐姐！！%XE%K%P
「う～ひっく……！　なになに？\n　どじょーすくいー？　あたひ、とくいらよ～？」%K%P
「呜～嗝……！什么什么？\n　捞金鱼？我最会了哦～？」%K%P
%XS20「いや、なんで酔っ払ってるの！！？」%XE%K%P
%XS20「呃，你为什么喝醉了啦！！？」%XE%K%P
「酔っへなひ、酔っへなひ。\n　ほらほら～、どじょーすくいもできてるっしょ～？」%K%P
「喝醉了，喝醉了啦～～\n你看你看～～连捞金鱼都办得到哦～～」%K%P
「あーらえっさっさー……おっとっとっ！」%K%P
「哎呀～～好快好快～～……哎呀呀！」%K%P
「完全に千鳥足じゃない！」%K%P
「根本就是醉醺醺的嘛！」%K%P
「あははっ。千鳥じゃないっへ、千鶴だっへ。\n　姉の名前間違えるなんへ、ヒドいなぁ～」%K%P
「啊哈哈，不是千鸟，是千鹤啦。\n居然搞错姐姐的名字，好过分哦～」%K%P
少し目を離した隙にこの姉は……！\nうぅ、お姉ちゃんを頼ったのは間違いだったかも……！%K%P
才稍微没注意，这个姐姐就……！\n呜呜，看来找姐姐帮忙是错的……！%K%P
「らいじょうぶ、らいじょうぶ。\n　心配しなくへも、これも作戦らからー」%K%P
「没事的，没事的。\n不用担心，这也是作战计划之一～」%K%P
「作戦って……」%K%P
「什么作战……」%K%P
「その……。大丈夫ですか、千鶴さん？\n　少しお休みになった方が……」%K%P
「那个……你还好吗，千鹤小姐？\n是不是稍微休息一下比较好……」%K%P
「だね～……。来てそーそーだけど、うぷっ。\n　屋敷に帰った方がいいかも……」%K%P
「是啊～～……虽然感觉快来了，呜噗！\n还是回宅邸比较好……」%K%P
「でしたら、愛。千鶴さんを送って差し上げて」%K%P
「既然如此，爱，你送千鹤小姐回家吧。」%K%P
「えっ！？　どうして愛が……！？」%K%P
「咦！？为什么爱会……！？」%K%P
「こんなに酔ってる人を一人で帰らせるのは危険でしょ。\n　車を回してあげて？」%K%P
「让喝成这样的一个人回家太危险了。\n你开车送她回去吧？」%K%P
「いま車乗るのはヤバいかも……うぷっ」%K%P
「现在搭车可能不太妙……呜恶！」%K%P
「そ、そうですか。なら、愛。\n　お屋敷まで肩を貸してあげなさい」%K%P
「这、这样啊。那么，爱。\n你扶她回宅邸吧。」%K%P
なるほど……！　あえて酔っ払って、\n愛さんに送ってもらうつもりだったんだ……！%K%P
原来如此……！她故意喝醉，打算让爱小姐送她回家……！%K%P
ナイスだよ、お姉ちゃん……！%K%P
干得好啊，姐姐……！%K%P
「で、でも清佳様を一人にするわけにはいきませんし。\n　春樹さんに送ってもらった方がいいんじゃないですか？」%K%P
「可、可是，我们不能让清佳大人一个人回去。\n让春树先生送她回去比较好吧？」%K%P
「春樹くんがいなくなったら下見ができないじゃない。\n　大丈夫よ。いざとなったら彼を盾にするわ」%K%P
「要是春树不在，我们就没办法事先勘查了。\n没问题的。要是有什么万一，我会拿他当挡箭牌。」%K%P
「で、ですが……！」%K%P
「可、可是……！」%K%P
「うぷっ……。吐きそう……！\n　愛ちゃん、とりまトイレまで連れてっへぇ……」%K%P
「呜噗……好想吐……！小爱，总之先带我去厕所……」%K%P
「ほら愛。急いで」%K%P
「好了，爱。快点。」%K%P
「っっ……！　先輩。愛はすぐに戻ってきますからね。\n　清佳様に変なことしたらぶち殺しますよ？」%K%P
「唔……！学长，爱马上就回来哦。\n要是你敢对清佳大人做奇怪的事，我就宰了你哦？」%K%P
「ちょっ――！？　そんな急がれると、\n　酔いが回っへ――うぷっ……！」%K%P
「等等——！？跑这么急，会害我头晕——呜噗……！」%K%P
そうして愛さんがお姉ちゃんの手を\n半ば無理やり引っ張って走り去って行く。%K%P
爱小姐半强迫地拉着姐姐的手，就这么跑走了。%K%P
「……何あなた？　私に変なことするつもりなの？」%K%P
「……你想干什么？想对我做什么奇怪的事吗？」%K%P
「ち、違うよ。そんなつもりないってば」%K%P
「不、不是啦，我没有那种意思。」%K%P
「どうかしらね……。よく考えると、\n　ブーメランパンツでナンパしてた男だし……」%K%P
「很难说呢……仔细想想，你可是穿着三角泳裤搭讪的男人……」%K%P
清佳さんが汚物を見るような目で僕を見つめながら、\n一歩後ずさる。%K%P
清佳小姐用看着脏东西的眼神盯着我，同时向后退了一步。%K%P
「だからしないってば！」%K%P
「就说不会了嘛！」%K%P
「あはは、冗談よ、冗談。\n　あの時は水着をなくして売店で買ったんでしょ？」%K%P
「啊哈哈，开玩笑的啦，开玩笑的。\n那时候你不是在商店买了泳装吗？」%K%P
「それより今は下見よ、下見。さっき言ってた\n　きんぎょすくい……だっけ？　やってみせてくれない？」%K%P
「先不说这个，现在要先去勘查一下。刚才你说的……捞金鱼？可以示范一下吗？」%K%P
「う、うん」%K%P
「嗯，好。」%K%P
なんにしても清佳ちゃんと二人きりになれた。\n後は彼女に良いところを見せるだけだ……！%K%P
无论如何，我终于能和清佳独处了。\n接下来只要让她看到我帅气的一面……！%K%P
しかし僕は忘れていた。%K%P
但是我忘记了。%K%P
こういう時の清佳ちゃんは想像以上に\nぶっ飛んだことをしでかしちゃうことを――%K%P
这种时候的清佳，总是会做出超乎想象的疯狂举动——%K%P
「くっ……！　また破けたわ……！\n　おばあさん、もう一つちょうだいっ……！」%K%P
「唔……！又破了……！婆婆，再给我一张……！」%K%P
「き、清佳さん。その辺にしておいた方が――」%K%P
「清、清佳小姐，还是适可而止——」%K%P
「――とめないで！　蛍にとびきりの金魚を\n　プレゼントしてあげるためにも私はこれを\n　マスターしなくちゃいけないんだから……！」%K%P
「——不要阻止我！为了送萤最棒的金鱼礼物，我必须精通这个……！」%K%P
「にしても難しいわね。春樹くんはあんな簡単そうに\n　取ってたのに――あっ！　また破けちゃった……！\n　もう一回よ……！」%K%P
「话说回来，这还真难耶。春树同学明明就那么轻松地……啊！又破掉了……！再一次……！」%K%P
「そこまで再挑戦するなら、\n　お店で買った方が安いってば……！」%K%P
「既然你这么想挑战，那还不如直接去店里买，还比较便宜……！」%K%P
「欲しいのは金魚じゃないの。\n　蛍が惚れ惚れするような金魚すくいの技術なのよ！\n　お金で買えない技術こそ価値があるの！」%K%P
「我想要的不是金鱼。\n而是能让萤着迷的捞金鱼技术！\n用钱买不到的技术才有价值！」%K%P
金魚すくいでは屋台のポイを使い尽くすまで、\n再挑戦したり――%K%P
在捞金鱼的摊位上，我们不断挑战，直到把摊位的纸网用完为止——%K%P
「……全然当たらないわね？\n　本当に当たりが入っているのかしら……」%K%P
「……完全抽不到耶？\n真的有奖品吗……」%K%P
「入ってるさ。嬢ちゃんの運がないってだけだよ」%K%P
「当然有啊。只是小姐你运气不好而已。」%K%P
「む……。なら全部引かせてもらうわ。\n　当たりが入ってるかどうか、あらためてあげる」%K%P
「唔……那我就全部抽走吧。\n我再帮你确认一次有没有中奖。」%K%P
「なっ……！？」%K%P
「什么……！？」%K%P
「無茶言っちゃダメだよ、清佳さん……！\n　くじ引きのくじを全部引くなんて普通じゃないって」%K%P
「清佳小姐，你这样太乱来了……！\n　把所有签都抽走，这太不寻常了。」%K%P
「そ、そうだぜ嬢ちゃん。\n　他のお客の楽しみもなくなっちまうだろ？」%K%P
「就、就是说啊，小妹妹。\n这样其他客人不就没得玩了吗？」%K%P
「もしも当たりが入っていれば。ね？\n　私、嘘つきには敏感なの」%K%P
「我猜中了，对吧？\n我对骗子很敏感。」%K%P
「さっきからあなた嘘くさいわよ？\n　何か隠しているでしょう？」%K%P
「你从刚才开始就一直在说谎吧？\n　你一定隐瞒了什么吧？」%K%P
「な、何も隠してないって、へへへ……。\n　まぁそのお金を引っ込めなって」%K%P
「我、我什么都没做啊，嘿嘿嘿……\n哎，把钱收起来吧」%K%P
「何も隠していないなら構わないじゃない。\n　さぁ、その箱を渡しなさい。全部引いてあげるから」%K%P
「既然你没有隐瞒什么，那不就没关系了吗？\n来，把那个盒子交给我吧。我会帮你全部抽完的。」%K%P
「もしもくじに当たりが入っていたら、\n　商品はもらわずにお金だけ差し上げるわ」%K%P
「如果中奖的话，我就不收奖品，只付钱。」%K%P
「だけどもし当たりくじも入れずに、お祭りを楽しみに\n　きたお客さんを騙そうとしているなら――許さないわよ」%K%P
「不过，如果连中奖签也没有放进去，只是想欺骗来参加祭典的客人——那就不可原谅。」%K%P
「～～っっ！　も、申し訳ありません……！\n　お金はお返ししますから、お店もすぐに畳みますから」%K%P
「～～！真、真的很抱歉……！\n我会把钱还给您，也会马上把店收起来。」%K%P
「私が来る前にくじを引いた人たちにも返金なさい。\n　そうすれば今回は見逃してあげる」%K%P
「把钱还给在我来之前抽过签的人们。\n这样一来，这次我就放过你们。」%K%P
「私と蛍が楽しい思い出を作ろうって場所で、\n　あこぎな商売してんじゃないわよ」%K%P
「这里是我和小萤要创造快乐回忆的地方，\n　你们不要在这里做些肮脏的生意啦。」%K%P
時には悪徳屋台を成敗したり――%K%P
有时还会惩治黑心摊贩——%K%P
「ダダダダダダダっ――！！」%K%P
「哒哒哒哒哒哒哒——！！」%K%P
「ちょっとなにその銃！？\n　明らかにお店のものじゃないよね！？」%K%P
「等等，那把枪是怎样！\n　那明显不是店里的东西吧！？」%K%P
「ふふん。いいでしょ？\n　今日のために特注で用意してもらったの」%K%P
「哼哼，很棒吧？\n　这是我为了今天特别订制的。」%K%P
「如何でしょうか、清佳様。試射のご感想は」%K%P
「如何呢，清佳大人？试射的感想是？」%K%P
「素晴らしいわ。撃ってて楽しいし、\n　何より的に当てやすいもの！」%K%P
「太棒了。开枪很有趣，而且子弹很容易命中目标！」%K%P
「お、お店も自分で用意してたんだ……」%K%P
「连、连店面都自己准备了啊……」%K%P
「蛍には秘密よ？　ビックリさせてあげたいから！」%K%P
「要对小萤保密哦？我想给她一个惊喜！」%K%P
「あはは……」%K%P
「啊哈哈……」%K%P
そんな風に清佳ちゃんとお祭りを回っていって――%K%P
我和清佳像这样逛着祭典——%K%P
――気づけば、日は傾き始めていた。%K%P
——回过神来，太阳已经开始西斜。%K%P
「ふぅ。十分に下見できたわね。\n　ありがとう、付き合ってくれて」%K%P
「呼，已经充分地勘查过了呢。\n谢谢你陪我来。」%K%P
「ううん。こちらこそ」%K%P
「不会，我才要谢谢你。」%K%P
応えながらも、思わず生唾を呑んでしまう。\n今日の本番はここからなんだ。%K%P
我一边回答，一边忍不住吞了口口水。\n今天的重头戏现在才要开始。%K%P
「一応、その。聞きたいんだけど……」%K%P
「那个，我姑且问一下……」%K%P
気合いを入れ直していると、\n不意に清佳ちゃんが聞きづらそうに尋ねてくる。%K%P
我重新打起精神，清佳突然用难以启齿的语气问我：%K%P
「どうだったかしら……。\n　私と一緒にお祭りを回って、た、楽しかった？」%K%P
「不知道呢……\n和我一起逛祭典，开、开心吗？」%K%P
「もちろん楽しかったよ？\n　ちょっぴり今日も暴走しちゃってたけど」%K%P
「当然很开心啊。\n虽然今天也有点失控就是了。」%K%P
「うっ。き、気を付けないとね。\n　お金にうっかり頼らないようにしないと……」%K%P
「唔！我、我得小心一点，不能太依赖金钱……」%K%P
遊園地の時と同じく蛍の前では醜態を晒したくないのか\n清佳ちゃんがうんうんと一人頷く。%K%P
她不想在萤面前重蹈游乐园时的覆辙吗？\n清佳一个人「嗯嗯」地点头。%K%P
「あ、そうだ。あなたも悪くなかったわよ？\n　一緒に回って十分に楽しめたわ」%K%P
「啊，对了。你也不差哦？\n一起逛也逛得很开心。」%K%P
「そ、そう？」%K%P
「是、是吗？」%K%P
「ええ。かき氷で頭を痛くしちゃったり、\n　勧められるがまま変なお面買っちゃったりして、\n　なんだか可愛かったし」%K%P
「是啊。吃刨冰吃得很头痛，被推销买了奇怪的面具，\n　总觉得有点可爱。」%K%P
「可愛いって……。\n　男の子に言う言葉じゃないよ」%K%P
「可爱……\n这不是该对男生说的话哦。」%K%P
「ふふ。これでも褒めてるんだけど」%K%P
「呵呵，我这是在夸你哦。」%K%P
ケタケタと清佳ちゃんが明るく笑う。%K%P
清佳开朗地咯咯笑着。%K%P
男らしいと思われてないのはちょっぴり不満だけど、\n一緒にいて楽しいと思ってもらえたのなら良かった。%K%P
虽然她不认为我很有男子气概，但只要能和她一起开心地玩，我就心满意足了。%K%P
「じゃあ私は行くわね。\n　蛍との待ち合わせ場所に行かないと」%K%P
「那我先走了，得去和小萤约好的地方。」%K%P
「あっ……！　ま、待って……！」%K%P
「啊……！等、等一下……！」%K%P
「何よ？　まだ何かあるの？」%K%P
「什么？还有什么事吗？」%K%P
「もしも……。もしもなんだけど」%K%P
「如果……我是说如果。」%K%P
「うん？」%K%P
「嗯？」%K%P
「もしも蛍が待ち合わせ場所に来なかったら――\n　その時は俺と一緒に花火を見てもらってもいいかなっ？」%K%P
「如果萤没有来约定的地点——\n到时候可以请你跟我一起看烟火吗？」%K%P
「へ？」%K%P
「咦？」%K%P
僕の決死の告白を聞いて、\n清佳ちゃんが呆気に取られた顔をする。%K%P
听到我拼命的告白，清佳露出惊讶的表情。%K%P
「その……。よく意味がわからないのだけど。\n　蛍が私との待ち合わせに来なかったとしたら、\n　たぶんあなたのところに蛍が行くと思うわよ？」%K%P
「那个……虽然我不太懂你的意思。\n不过，如果萤没有来和我碰面的话，\n我想她应该会去找你哦？」%K%P
「もしかして三人で花火を見ようってこと？\n　……それは流石に遠慮するわ」%K%P
「难道你们想三个人一起看烟火？\n……那我就不奉陪了。」%K%P
「蛍の恋路を邪魔してまで一緒にいようとするほど、\n　私は無粋じゃないもの」%K%P
「我可没有不解风情到会不惜妨碍萤的恋情也要和她在一起。」%K%P
「違うんだ。僕は――ううん、俺は清佳さんに\n　言わなくちゃいけないことがあって……」%K%P
「不是的。我——不，我有话必须对清佳小姐说……」%K%P
「聞いて欲しいことが、あって。\n　だから、その時に――」%K%P
「我有话想跟你说，所以到时候——」%K%P
不意に温かいものが唇に触れる。\n清佳ちゃんが人差し指を僕の唇に押しつけていた。%K%P
突然，有股温暖的触感碰上我的嘴唇。\n清佳用食指抵住我的嘴唇。%K%P
「清佳さん……？」%K%P
「清佳小姐……？」%K%P
「何を話そうとしているか知らないけど、\n　別に無理して話す必要はないわ」%K%P
「我不知道你想说什么，但是你不需要勉强自己说出来。」%K%P
「べ、別に無理なんて……」%K%P
「我、我哪有勉强……」%K%P
「そう？　あなた今とても辛そうな顔をしているけれど。\n　言葉に詰まるようなら、口にするべきじゃないわ」%K%P
「是吗？你现在的表情看起来很痛苦呢。\n如果说不出话来，就不要说。」%K%P
「きっとそれは無理をして紡いだ言葉だから。\n　自分の心に嘘をついて、形にした言葉だから」%K%P
「那一定是勉强编织出来的言语。\n是对自己内心说谎，然后化为形体的言语。」%K%P
その清佳ちゃんの台詞には聞き覚えがあった。%K%P
我听过清佳说过的这句话。%K%P
そうだ。清佳ちゃんと再会した日も\n同じことを言われたんだっけ。%K%P
对了，和清佳重逢的那一天，她也说过同样的话。%K%P
今と同じように蛍が春樹の女装姿だと\n打ち明けようとした時に。%K%P
就像现在这样，当我想坦承春树是女装的萤时。%K%P
「どうしても伝えなくちゃいけないことだとしても、\n　覚悟を決めるまでもなく言える時が来たらにしなさい」%K%P
「就算有无论如何都必须传达的事情，也请等到做好心理准备再说。」%K%P
「その時は、ふふ。喜んで聞いてあげる」%K%P
「到时候，呵呵，我会开心地听你说。」%K%P
あの日と同じ調子で微笑みかけてくる清佳ちゃんの姿に\n言葉を失いかけてしまう。%K%P
看到清佳用和那天一样的态度对我微笑，我差点说不出话来。%K%P
けれどダメだ。ここで二の足を踏めば、\nまた同じことの繰り返しになる。%K%P
可是不行。如果在这里犹豫不决，又会重蹈覆辙。%K%P
あの日ははっきりと言葉にしなかったせいで、\n蛍が春樹を好きだと勘違いされてしまった。%K%P
那天因为没有把话说清楚，所以才会被误会成萤喜欢春树。%K%P
同じ轍を踏むわけには行かない。%K%P
不能重蹈覆辙。%K%P
「それでも俺は、いま聞いて欲しいんだ」%K%P
「即使如此，我还是希望你现在听我说。」%K%P
「……はぁ。変なところで似てるわね。\n　あなたと蛍って」%K%P
「……唉，你和小萤在奇怪的地方还真像呢。」%K%P
「どういうこと？」%K%P
「什么意思？」%K%P
「だから、そういうところよ。\n　二人とも必要以上に隠し事を口にしようとして」%K%P
「就是这个部分啊，你们两个都太爱隐瞒了。」%K%P
「最初から気づいてるわよ。\n　あなたも蛍も私に何か隠してるってことくらいね？」%K%P
「我一开始就知道了哦。\n你和小萤都瞒着我什么事，这点小事我早就发现了。」%K%P
「えっ……？」%K%P
「咦……？」%K%P
「言ったじゃない。\n　私、嘘つきには敏感なの」%K%P
「我不是说过了吗？我对骗子很敏感。」%K%P
当たり前のように微笑みかけてくる清佳ちゃんを見て、\n頭の中が真っ白になる。%K%P
看着理所当然地对我微笑的清佳，我的脑袋一片空白。%K%P
「でも最初からって……」%K%P
「可是你说从一开始……」%K%P
「だから最初からよ。出会った時から。\n　蛍もそうね……小さい頃からずーっと何か\n　私に隠してるみたいだったけど」%K%P
「所以从一开始，从相遇的时候开始，我就这么觉得了。\n萤也是……虽然她从小到大似乎都一直瞒着我什么。」%K%P
「知っていたのなら、なんで聞かなかったの？\n　嘘つきだってわかってたんでしょ……？」%K%P
「既然知道，为什么不问？\n你明明知道她是个骗子吧……？」%K%P
「嘘にも種類があるじゃない。\n　悪意のある嘘。どうでもいい嘘。それに――」%K%P
「谎言也有分种类不是吗？\n有恶意的谎言，无关紧要的谎言，还有——」%K%P
「優しい嘘。とかね？」%K%P
「善意的谎言。之类的？」%K%P
清佳ちゃんがにっこりと僕に微笑みかける。%K%P
清佳对我露出微笑。%K%P
「蛍はもちろん、あなたの嘘もそれだってわかってる。\n　じゃなきゃ私もあなたと仲良くなんてしないもの」%K%P
「我当然知道萤，也知道你在说谎。\n不然我也不会跟你当朋友。」%K%P
「何かは知らないけれど、きっと私のためについてる\n　嘘なんでしょ？　なら聞き出す理由はないじゃない」%K%P
「虽然不知道是什么，但一定是为了我而说谎的吧？既然如此，就没必要问了。」%K%P
「大切な人がわざわざ隠してる秘密なんだもの。\n　だからこそ無闇に踏み込むような真似はしないわ」%K%P
「因为那是重要的人刻意隐瞒的秘密。\n　所以不会随便去干涉。」%K%P
「だからあなたも、いま無理に伝えようとしなくていい。\n　むしろ今告げられても困るわ」%K%P
「所以，你现在也不必勉强自己告诉我。\n　现在告诉我，反而会让我困扰。」%K%P
「こ、困るって」%K%P
「这、这样我很困扰耶。」%K%P
「だって私は今から蛍とデートだもの。\n　そんな時に真剣な話なんて聞きたくもないし」%K%P
「因为我现在要和小萤约会啊。\n这种时候，我可不想听什么严肃的话题。」%K%P
「あなたに未だ連絡が来てないってことは、ふふ。\n　悪いけど、蛍は私を選んでくれたみたいだし。ね？」%K%P
「既然你还没收到联络，呵呵，看来萤选择了我，对吧？」%K%P
蛍とのデートを無邪気に期待している彼女の姿を見て、\n告げかけた言葉が喉元を滑り落ちていく。%K%P
看到她天真无邪地期待着与萤的约会，我原本要说出口的话，就这么从喉咙滑落。%K%P
……やっぱり言えないや。%K%P
……果然还是说不出口。%K%P
こんなにも蛍を大切に想ってくれている彼女に、\n突然正体を明かすことはできない。%K%P
她这么重视萤，我不能突然表明自己的真实身份。%K%P
楽しみにしてくれているデートを\n台無しにすることなんてできない。%K%P
我不能让她期待的约会泡汤。%K%P
「もういいかしら？\n　そろそろ行きたいんだけど」%K%P
「可以了吗？\n我差不多想走了。」%K%P
「本当に清佳ちゃんは……その。\n　蛍が好きなんだね……？」%K%P
「清佳你真的……那个……很喜欢萤吧……？」%K%P
「そうだって、ずっと言ってるじゃない」%K%P
「我不是一直这么说吗？」%K%P
「もしかして……女の子同士の恋はおかしいだとか、\n　旧時代的な思想でも押しつけてくるつもり？」%K%P
「难道说……你打算用『女孩子之间的恋爱很奇怪』这种旧时代的观念来逼迫我？」%K%P
「そ、そういうわけじゃないけど」%K%P
「我、我不是那个意思。」%K%P
首を横に振って応える僕を見て\n誤魔化していると思ったのか清佳ちゃんがため息をつく。%K%P
看到我摇头回应，清佳叹了口气，似乎以为我在敷衍她。%K%P
そして真っ直ぐ僕を見つめて伝えてきた。%K%P
然后直视着我，这么说道：%K%P
「性別なんて関係ないわ。たとえ蛍が男性だったとしても\n　私は蛍のことを間違いなく好きになってる」%K%P
「性别根本无所谓。就算萤是男性，我也会喜欢上萤。」%K%P
「大切なのは、性別でも、見た目でも、立場でもない。\n　その人を愛してるって気持ちじゃないの？」%K%P
「重要的不是性别、外表、立场。\n而是爱着对方的心情，不是吗？」%K%P
「大切なのは、その人を愛してるって気持ち……」%K%P
「重要的是爱着对方的心情……」%K%P
そうか。本当に清佳ちゃんは、\nただただ蛍のことが好きなんだ。%K%P
原来如此，清佳真的只是单纯地喜欢萤。%K%P
女の子だからじゃない。幼馴染みだからでもない。\n純粋に一人の人間として蛍が好きだから――%K%P
不是因为她是女孩子，也不是因为她是自己的青梅竹马。\n而是纯粹地喜欢她这个人——%K%P
「……あら。どこ行くの？\n　散々私を引き止めておいて」%K%P
「……哎呀，你要去哪里？\n　你不是一直挽留我吗？」%K%P
「用事を思い出して。\n　ごめんね、大切なデート前に時間を取っちゃって」%K%P
「我想起有事要办。\n抱歉，在重要的约会前占用了你的时间。」%K%P
「本当よ。あなたの辛気くさい顔を見てたら、\n　デート前の舞い上がった気分が台無しになっちゃう」%K%P
「真的。看到你那张苦瓜脸，约会前的兴奋心情就全没了。」%K%P
「あ、あはは」%K%P
「啊、啊哈哈。」%K%P
「じゃ、私も行くわ。今日はありがとう」%K%P
「那我也要走了。今天谢谢你。」%K%P
「あ……そうだ。\n　もしかしたら蛍はちょっと遅れるかも」%K%P
「啊……对了。\n小萤可能会晚一点到。」%K%P
「そうなの？　別に構わないわ。\n　私、待つのも得意だから」%K%P
「是吗？没关系，反正我很擅长等待。」%K%P
そう言って清佳ちゃんが\nゆっくりと歩き去って行く。%K%P
清佳说完，缓缓地走远。%K%P
僕も急ごう。屋敷に戻って着替えなくちゃ。%K%P
我也得快点回去才行，得换下这身衣服才行。%K%P
僕との――いいや、わたしとのデートを\n心待ちにしてくれている大好きな人に、\n会いに行かなくちゃいけない。%K%P
我得去见我最喜欢的人——不对，是我最喜欢的人在期待着和我约会——\n我得去见她才行。%K%P
