「ちょ、ちょっと清佳ちゃん……！？\n　ダメだってば……！」%K%P
「等、等一下，清佳……！？\n　不行啦……！」%K%P
「いいじゃない。女の子同士なんだし♪」%K%P
「有什么关系，反正都是女孩子♪」%K%P
それは、愛さんと付き合ってしばらく経った、\nとある日の夜のことだった――%K%P
那是我跟爱小姐交往一段时间之后，某天晚上的事情——%K%P
「たまには一緒にお風呂くらい、入りましょ？」%K%P
「偶尔一起洗个澡吧？」%K%P
「～～っっ！　い、いけないよ……！\n　愛さんにもしバレたら……！」%K%P
「～～！不、不可以……！要是被爱小姐发现的话……！」%K%P
「ふふ。どうして愛の名前が出てくるの？\n　愛と付き合ってるのは春樹くんで、\n　蛍ではないはずでしょ？」%K%P
「呵呵，为什么会出现爱的名字呢？\n和爱交往的是春树，\n不是小萤吧？」%K%P
「それはそうだけど……！」%K%P
「话是这么说没错……！」%K%P
蛍として扱ってくれるのは嬉しいけど、\nさ、流石にお風呂はやり過ぎだよ……！%K%P
虽然我很高兴她把我当成萤，但是……\n在浴池里放萤也太夸张了……！%K%P
わざとらしく裸を見せつけてきてるし……！\n一体、清佳ちゃんは何を考えて――%K%P
她还故意裸露给我看……！\n清佳到底在想什么——%K%P
「あら……ふふふ。なぁに？\n　蛍は私の裸が気になるの？」%K%P
「哎呀……呵呵呵。怎么？\n　萤对我的裸体有兴趣吗？」%K%P
「別に見てもいいわよ？　なんなら……ふふ。\n　このまま押し倒しちゃいましょうか」%K%P
「要看也没关系哦？不然……呵呵。\n就这样推倒我好了。」%K%P
「そういう不純なのはＮＧだってば……！\n　流石のわたしも怒るよっ？」%K%P
「不可以做那种不纯洁的事啦……！\n就算是我也会生气哦？」%K%P
「むぅ。蛍のいけず。……まぁいいわ。\n　じゃあお風呂あがったら一緒に遊びましょ？\n　不純なことはしないから」%K%P
「唔，小萤真坏心……算了，那等你洗完澡后，我们一起玩吧？\n我不会做不纯洁的事啦。」%K%P
「う、うん。それなら」%K%P
「嗯、嗯。既然如此……」%K%P
「ふふ。約束よ？」%K%P
「呵呵，说好了哦？」%K%P
それだけ言うと清佳ちゃんは\n湯船からあがってお風呂場から出て行く。%K%P
清佳只说了这些，就离开浴缸，走出浴室。%K%P
どうやら遊びの約束を取り付けるために\nわざわざお風呂までやってきたみたいだ。%K%P
看来她是为了约我出去玩，才特地来浴室找我的。%K%P
何もそこまでしなくとも、\n毎日のように一緒にいるのに。%K%P
明明我们每天都在一起，根本不需要做到这种地步。%K%P
むしろここ最近は愛さんよりも\n一緒にいる時間が長いくらいだし……。%K%P
最近我跟爱小姐在一起的时间，反而比跟小春小姐在一起的时间还长……%K%P
「でもこれで、ようやくゆっくりとお風呂に入れるや……」%K%P
「不过，这下子总算可以慢慢泡澡了……」%K%P
と。一息ついて、湯船に浸かっていると――%K%P
我喘了口气，泡进浴缸里——%K%P
「きゃっ！？」%K%P
「呀！？」%K%P
不意にまたお風呂の扉が開く。%K%P
浴室的门突然又打开了。%K%P
「も、もう。清佳ちゃん……！\n　ちゃんとお風呂上がったらお部屋に行くから――」%K%P
「真、真是的，清佳……！\n我洗好澡之后就会去你的房间——」%K%P
「……ふふふ。そうですか、そうですか。\n　まず最初に出る名前が清佳様なのですね？」%K%P
「……呵呵呵。这样啊\n最先出现的名字是清佳大人呢？」%K%P
「ふぇ！？」%K%P
「呼咦！？」%K%P
「清佳様がどこを探してもいらっしゃらないと思ったら、\n　やはり一緒にご入浴されていたのですか」%K%P
「我正想说怎么到处都找不到清佳大人，原来你们一起入浴了啊。」%K%P
「仲睦まじくて、とても良いですね？\n　彼女のことは、ずーっと放置しているくせに」%K%P
「你们感情很好，非常融洽对吧？\n明明一直放着女朋友不管。」%K%P
「あ、愛さん……！　いや、今のは、その……！」%K%P
「爱、爱小姐……！不，刚才那是，那个……！」%K%P
「わかっていますよ？　大方、清佳様が勝手に\n　入浴してきたのでしょう？　まぁだとしても。ですが」%K%P
「我明白哦？八成是清佳大人擅自进来的吧？不过，即使如此……」%K%P
背筋が凍るような笑顔を浮かべながら、\n愛さんが僕の隣に座り込んでくる。%K%P
爱小姐露出令人背脊发凉的笑容，坐到我身旁。%K%P
「とりあえず、ウィッグ取ってくれませんか？\n　今は愛と、二人きりですよ？」%K%P
「总之，可以请你先拿下假发吗？\n现在只有爱和你两个人哦？」%K%P
「は、はい」%K%P
「好、好的。」%K%P
「……脱ぎました……」%K%P
「……脱掉了……」%K%P
「よろしい」%K%P
「很好。」%K%P
まるで浮気現場を目撃されてしまったかのような\n緊張が走る。こ、怖い。%K%P
紧张感顿时窜过全身，仿佛被当场抓到外遇一样。\n好、好可怕。%K%P
でも愛さん、どうして水着なんだろう……？\n……最高にエッチで可愛いけど。%K%P
不过爱小姐为什么穿着泳装呢……？\n……虽然这样子又色又可爱。%K%P
「……なにをジロジロ見ているんです。\n　そうやって清佳様の裸も見ておられたのですか？」%K%P
「……你干嘛一直盯着我看？\n你也是像这样偷看清佳大人的裸体吗？」%K%P
「み、見てない。見てないよ……！」%K%P
「没、没有。我没看……！」%K%P
「へぇ……？　さっき清佳様に自慢されましたけどね？\n　『蛍は私の裸に興味津々みたいよ！』って」%K%P
「咦……？刚才清佳大人不是还很得意地对我说：『萤似乎对我的裸体很感兴趣哦！』」%K%P
――うわあああっ！\nなに言ってくれてるの清佳ちゃん！？%K%P
——呜哇啊啊啊！\n清佳，你在说什么啊！？%K%P
「誤解だよ……！　確かに目に入っていたけれど、\n　邪な目で見ていたわけじゃ決してなくて……！」%K%P
「你误会了……！我的确有看到，但绝对不是用色色的眼光看她……！」%K%P
「ふーん。でしたら――……」%K%P
「哼——既然如此——……」%K%P
すると、愛さんはぐっと身体を寄せてきて――%K%P
爱小姐说完，将身体凑了过来——%K%P
「愛の身体はぁ……\n　邪な目で見ちゃってるってことですか？」%K%P
「你的意思是……\n　大家都用邪念的眼神看着爱的身体吗？」%K%P
不意に愛さんが甘い声で耳打ちしてくる。\n小さい胸が身体に当たって……！%K%P
爱小姐突然用甜美的声音在我耳边低语。\n小巧的胸部抵着我的身体……！%K%P
「どうなんですか？\n　えっちい目で見ちゃってるんですか？」%K%P
「怎么样？\n你用色色的眼神看我吗？」%K%P
「愛の身体触りたい……とか。\n　思っちゃってるんですか？」%K%P
「你是不是……\n想要触碰我的身体？」%K%P
「……う、うん……」%K%P
「……嗯、嗯……」%K%P
「ふーん。まぁ触らせませんけど」%K%P
「哼——我才不会让你摸呢。」%K%P
「えっ！？　どうしてっ！？」%K%P
「咦！？为什么！？」%K%P
「清佳様にうつつを抜かしていた罰ですよぉ。\n　なんだかんだ言って、大きいのがお好きなんですよね？」%K%P
「这是你被清佳大人迷得神魂颠倒的惩罚哦～\n不管怎么说，你还是喜欢大一点的吧？」%K%P
「まぁ別にいいですけど。\n　愛の身体はどうせ貧相ですし」%K%P
「算了，无所谓。\n反正我的身材很平。」%K%P
「清佳様みたいに、おっぱい大きくないですし。\n　身長だって低くて、身体付きもほっそりしてますし」%K%P
「我的胸部不像清佳大人那么大。\n身高也很矮，身材也很纤细。」%K%P
「だから誤解だってば……！\n　そういう目で清佳ちゃんを見てなくて……！」%K%P
「就说你误会了……！我没有用那种眼光看清佳……！」%K%P
必死に愛さんに訴える。\nすると彼女はぽつりと呟いた。%K%P
我拼命地向爱小姐解释。\n她喃喃地说道：%K%P
「……なら。どうして触ってくれないんですか？」%K%P
「……既然如此，为什么不肯摸我呢？」%K%P
「えっ？」%K%P
「咦？」%K%P
「愛をえっちい目で本当に見ていたら、\n　何を言われても触っちゃうと思うんです」%K%P
「如果真的用色色的眼光看爱，不管爱说什么，我想我都会摸下去。」%K%P
「でも……全然触ってくれないじゃないですか。\n　キスの一つもしてくれませんし」%K%P
「可是……你完全不肯碰人家不是吗？\n连一个吻都不肯给。」%K%P
「最近はずっと清佳様に付きっきりで……。\n　愛には全く構ってくれなかったりもしますし」%K%P
「最近一直跟在清佳大人身边……\n有时候完全不理爱。」%K%P
愛さんがしおらしそうに俯く。\n……寂しい思いをさせちゃってたみたいだ。%K%P
爱小姐温顺地低下头。\n……看来我让她感到寂寞了。%K%P
「面倒臭いこと言っちゃってるのわかってます。\n　触らせないって言ったり、触ってって言ったり……」%K%P
「我知道自己说了很麻烦的话。\n一下说不让你摸，一下又说要你摸……」%K%P
「……でも、その。飽きられてないか不安で……。\n　愛の身体、やっぱり貧相ですし……」%K%P
「……可是，那个，我很担心你会不会已经腻了……\n毕竟爱的身体，果然很贫瘠……」%K%P
「愛さん……」%K%P
「爱小姐……」%K%P
「――な、なーんて。言ってみたりして。\n　冗談ですよぉ。不安に思ってるわけないじゃないですか」%K%P
「——没、没有啦，只是说说而已。\n开玩笑的啦。我怎么可能会觉得不安呢？」%K%P
「先輩がロリコンなのはわかってますしぃ？\n　さっきからずーっとおちんぽも、ふふ、勃ってますし♪」%K%P
「人家知道学长是萝莉控嘛～？\n而且从刚才就一直硬邦邦的呢♪」%K%P
「愛に興奮してるの丸わかりですよぉ～……。\n　まぁ、だとしてもしばらく触らせませんけど♪」%K%P
「一看就知道你对爱感到兴奋了～……\n不过，就算如此，我也不会让你摸的哦♪」%K%P
誤魔化すように愛さんが声色を変えて\n笑い飛ばそうとしてくる。%K%P
爱小姐像是要掩饰过去似地改变语气，试图一笑置之。%K%P
「じゃあ、愛は上がりますね。\n　あなたも早く上がって下さい。\n　清佳様が待ってましたよ？」%K%P
「那么，爱要上楼了。\n你也快点上来吧。\n清佳大人在等你哦？」%K%P
「愛のことは気にしないで構いませんから。\n　どーせ先輩は、ふふ、愛に首ったけですし♪」%K%P
「学长不用在意爱也没关系。\n反正学长已经对爱，呵呵，死心塌地了♪」%K%P
そう言って愛さんが湯船から立ち上がる。%K%P
爱同学这么说完，便从浴池里站了起来。%K%P
そして、そのまま立ち去ろうとして――%K%P
然后，她准备直接离开——%K%P
「きゃっ！？」%K%P
「呀！？」%K%P
そんな彼女を引き止めるように僕は抱き寄せた。\nそのまま膝の上に座らせる。%K%P
我抱住她，阻止她这么做，让她坐到我的大腿上。%K%P
「な、なんですかもう～……。\n　急に抱きしめてきたりして～……。\n　触っちゃダメって言ったところですよぉ～？」%K%P
「你、你做什么啦～……\n突然抱过来～……\n我刚刚才说过不可以碰我耶～？」%K%P
「ごめんね、愛さん。寂しい思いさせちゃって」%K%P
「对不起，爱小姐。让你感到寂寞了。」%K%P
「っっ。べ、別に愛は寂しいだなんて。\n　ちょっと可愛く拗ねてみただけですってばぁ～」%K%P
「唔唔，爱才没有感到寂寞呢，只是稍微闹一下别扭而已啦～」%K%P
「それより早く離してくだ――んんっ！？」%K%P
「别管我了，快点放开我——嗯嗯！？」%K%P
はぐらかそうとする愛さんに、\nグっと唇を押しつける。%K%P
我将嘴唇压在试图岔开话题的爱小姐唇上。%K%P
「んんっ……！　んちゅっ……んふ……！」%K%P
「嗯嗯……！嗯啾……嗯呼……！」%K%P
「……ぷは、はぁはぁ。\n　い、いきなりキスしてくるなんて……」%K%P
「……噗哈、哈啊哈啊。\n竟、竟然突然吻我……」%K%P
「ダメだった？」%K%P
「不行吗？」%K%P
「ダメでは……ないですけど」%K%P
「也不是……不行啦。」%K%P
「なら……もう一度してもいい？」%K%P
「那么……可以再试一次吗？」%K%P
「……は、はい……」%K%P
「……好、好的……」%K%P
俯いて呟く彼女の顔をクイっと上げさせる。\nそして、再び顔を近づけた。%K%P
我让低着头喃喃自语的她抬起头来，然后再次把脸凑近。%K%P
「ん……ふ……んちゅっ……ちゅ……」%K%P
「嗯……呼……嗯啾……啾……」%K%P
「ふぁ……んふ、んちゅぁ……れろ……れろろぉ……」%K%P
「呼啊……嗯呼、嗯啾……舔舔……舔舔……」%K%P
「んはぁむ……んっ、んふ、ちゅぁ、ん、ぺろ、れろろ」%K%P
「嗯哈唔……嗯、嗯呼、啾啊、嗯、滋溜、滋溜溜」%K%P
ついばむようなキスから、そのまま舌を絡めていくと、\n愛さんもまた小さくて短いベロを絡ませてきてくれた。%K%P
我俩的舌头交缠在一起，爱小姐也伸出小巧的舌头，与我交缠在一起。%K%P
さっきまで紅茶でも飲んでいたのかな？\n舌先にその味が残っている。%K%P
难道她刚才在喝红茶吗？\n舌尖上还残留着那个味道。%K%P
けれどキスを繰り返している間にその味も薄れて、\nガムシロップのような彼女の味が口いっぱいに広がった。%K%P
不过在反复接吻的过程中，那个味道也逐渐变淡，她那如同口香糖糖浆的味道在口中扩散开来。%K%P
「……ぷはぁ。はぁ、はぁ、はぁ……。\n　し、舌まで入れていいとは言ってません」%K%P
「……噗哈。呼、呼、呼……\n我、我没说连舌头都可以伸进来。」%K%P
「つい興奮しちゃって」%K%P
「一不小心就兴奋起来了。」%K%P
「っっ。そ、そうですか……」%K%P
「唔唔，这、这样啊……」%K%P
「もっとエッチなことしていいかな？\n　愛さんとイチャイチャしたくて」%K%P
「我可以做更色的事吗？\n我想和爱小姐卿卿我我。」%K%P
「～～っっ。露骨に機嫌を取らないで下さい。\n　さっきのは冗談ですから……！」%K%P
「～～！请不要露骨地讨好我。\n刚才只是开玩笑……！」%K%P
愛さんがプイっと顔を逸らして頬を膨らませる。%K%P
爱小姐嘟起嘴，气呼呼地别过头去。%K%P
しかし、照れ隠しするように声色を変えて――%K%P
不过，她像是要掩饰害羞般，改变了语气——%K%P
「まぁ……でも」%K%P
「不过……」%K%P
「……先輩がどうしてもって言うのなら。\n　イチャイチャしてあげてもいいですけど……」%K%P
「……如果学长坚持的话，要我跟你亲热也是可以……」%K%P
愛さんが僕の胸に、そっと背中を預けてくる。\nそんな彼女へ僕はまた唇を近づけていった。%K%P
爱小姐轻轻地将背部靠在我的胸膛上。\n我再次将嘴唇凑近她。%K%P
「ん……ふ……。んちゅ……ちゅ……」%K%P
「嗯……呼……嗯啾……啾……」%K%P
「んはぁむ……んふ。れろぉ……れろろぉ……」%K%P
「嗯哈唔……嗯呼。滋溜……滋溜溜……」%K%P
「好きだよ……ん、愛さん……愛してる……」%K%P
「我喜欢你……嗯，爱小姐……我爱你……」%K%P
「都合が、んちゅ、いいんですから……。\n　愛のこと、いっつも放っておいてるクセに……」%K%P
「因为这样比较、嗯啾……方便……\n你明明总是丢下爱不管……」%K%P
「ごめん……。寂しい想いさせた分、ん……。\n　心行くまでイチャイチャするから……」%K%P
「抱歉……让你感到寂寞了，嗯……\n我会好好疼爱你的……」%K%P
「……ん、ぷはぁ。はぁはぁ、いいんですか……？\n　清佳様……お部屋でずっと待ってますよ？」%K%P
「……嗯、噗哈。呼呼，可以吗……？\n　清佳大人……我会一直在房间等您哦？」%K%P
「……僕だって寂しかったんだ。\n　清佳ちゃんと遊びながらずっと愛さんのこと考えてた」%K%P
「……我也很寂寞啊。\n和清佳玩的时候，我一直在想爱小姐的事。」%K%P
「今も……愛さんとキスするだけで、\n　ううん、愛さんの姿を見てるだけで興奮してる……」%K%P
「现在也是……光是和爱小姐接吻……不，光是看到爱小姐的身影，我就兴奋不已……」%K%P
「すぐにでも射精しちゃいそうなくらい……。\n　おちんちんもパンパンになっちゃってて……」%K%P
「我好像随时都会射精……\n小兄弟也硬邦邦的……」%K%P
「……ふふ。なんだか不倫男の口説き文句みたいですね？\n　ご機嫌取りが上手なんですから……」%K%P
「……呵呵，怎么好像外遇男的甜言蜜语呢？\n　真会讨人欢心……」%K%P
「でも……そこまで言うならいいですよ？\n　特別に……好きなだけ愛の身体眺めさせてあげます」%K%P
「不过……既然你都这么说了，那好吧？我就特别允许你……尽情欣赏爱的身体。」%K%P
「な、眺めるだけ？」%K%P
「只、只是看看？」%K%P
「はい。おっぱいもアソコも触っちゃダメですよ？\n　キスも今ので終わりです」%K%P
「是的。不可以摸胸部和那里哦？\n接吻也到此为止了。」%K%P
「おちんぽなんて、絶対に挿れちゃダメですから。\n　愛を放っておいた罰として、しばらくエッチはしません」%K%P
「所以你绝对不可以把鸡鸡插进来哦。\n这是你丢下爱不管的惩罚，暂时不准你做爱。」%K%P
言葉とは裏腹に愛さんが色っぽい顔で僕を見上げてくる。%K%P
爱小姐嘴上这么说，却用娇媚的表情仰望着我。%K%P
僕の腕を自分のおっぱいにわざとらしく押し当てたり、\nお尻でおちんちんをスリスリしてくる。%K%P
她故意把我的手臂压在自己的胸部上，用屁股磨蹭着我的肉棒。%K%P
キスする寸前まで顔も近づけてきて――\nすぐにでもその唇を奪いたくなってしまう。%K%P
脸凑得那么近，让人忍不住想立刻夺走她的唇。%K%P
「ダメ……。ダメですよ……？\n　エッチなことしたら許しませんからね……？」%K%P
「不行……不可以哦……？要是你敢做色色的事，我可不会原谅你哦……？」%K%P
「見るだけで我慢して下さい。\n　もっと愛のおっぱいや、アソコ……見て下さい？」%K%P
「请学长用看的忍耐就好。\n请多看看爱的胸部和那里……好吗？」%K%P
これ見よがしに愛さんが、スク水越しのおっぱいや\nおまんこを見せつけてくる。%K%P
爱小姐故意炫耀似地，让我看她隔着学校泳装的胸部和小穴。%K%P
乳首はピンと勃っていて、股間の布地は\n割れ目にやらしく食い込んでいた。%K%P
乳头坚挺地勃起着，胯部的布料则是淫荡地陷入股间。%K%P
「あ……ふふ。おちんちんガッチガチ……。\n　お尻の下で、ビクビクしちゃってます……♪」%K%P
「啊……呵呵。鸡鸡硬邦邦的……\n在屁股下面一跳一跳的……♪」%K%P
「でも……ダメですからね？\n　愛のこと襲ったりしたら、別れちゃいますから」%K%P
「不过……不可以哦？\n要是你敢侵犯爱，我们就要分手了。」%K%P
「眺めるだけに……しておいて下さい？」%K%P
「请你……只用看的就好。」%K%P
誘惑するように愛さんが耳元で囁いてくる。%K%P
爱小姐在我耳边呢喃，像是在诱惑我。%K%P
――我慢できるわけがなかった。%K%P
——我怎么可能忍得住。%K%P
「きゃっ！」%K%P
「呀啊！」%K%P
愛さんの言葉を無視して彼女の水着をはだける。%K%P
我无视爱小姐的发言，将她的泳衣扯开。%K%P
そして欲望のまま彼女のおまんこに、\nおちんちんを押し当てて――%K%P
然后顺从欲望将肉棒抵在她的肉穴上——%K%P
