………………%K%P
………………%K%P
…………%K%P
…………%K%P
……%K%P
……%K%P
%XS20「きゃあああああああああっっ～～！！！？」%XE%K%P
「呀啊啊啊啊啊啊啊啊啊～～！！！？」%K%P
「ふぇ！？　なに今の叫び声！？」%K%P
「呼耶！？刚才那声惨叫是怎么回事！？」%K%P
愛さんのものらしき叫び声を聞いて飛び起きる。%K%P
听到疑似是爱小姐的叫声，我立刻跳了起来。%K%P
お姉ちゃんの部屋の方から聞こえてきたけど――%K%P
声音是从姐姐的房间传来的——%K%P
『は、離してっ、離して下さいっ……！\n　この変態ロリコン女っ……！』%K%P
『放、放开我！请你放开我……！\n这个变态萝莉控女人……！』%K%P
『じっとしてなってばぁ～……。\n　悪いようにはしないからさぁ～……？』%K%P
『不要乱动啦～……\n我不会对你怎样啦～……』%K%P
『そうよ、愛。大人しくしなさい？\n　これは主人としての命令よ？』%K%P
『没错，爱。你给我安分一点。\n这是主人的命令哦？』%K%P
部屋の前まで来ると、中から声が聞こえてきた。\nお姉ちゃんだけじゃなくて清佳ちゃんもいるみたいだ。%K%P
我来到房间前，里面传来声音。\n不只姐姐，清佳好像也在。%K%P
「二人ともっ！　愛さんに何をやってる――」%K%P
「你们两个！对爱小姐做什么——」%K%P
「の――って！？」%K%P
「什么——！？」%K%P
「ふぁ……」%K%P
「呼啊……」%K%P
扉を開けた瞬間、いつかのように\n服を半ば脱がされた愛さんの姿が目に飛び込んでくる。%K%P
打开房门的瞬间，爱小姐一如往常，衣服被脱掉一半的模样映入我的眼帘。%K%P
「～～っっ！？　な、ななな……！！」%K%P
「～～！？什、什什什……！！」%K%P
「何をじっくり見てるんですかっ……！\n　へ、変態っ！　このスケベ男っっ……！！」%K%P
「你在看什么啊……！\n　变、变态！你这个色狼……！！」%K%P
「ふぇ！？　ごごご、ごめんなさいっ……！！」%K%P
「呼欸！？对对对、对不起……！！」%K%P
かーっと顔を真っ赤にした愛さんが怒声を浴びせてくる。%K%P
爱小姐顿时满脸通红，对我怒吼。%K%P
「ちょっと愛。何がスケベ男よ。蛍は女の子よ？」%K%P
「等等，爱。什么色狼男啊。小萤是女孩子哦？」%K%P
「っっ。そ、それは――とにかく出てって下さいっ！\n　早く出て行かないとぶっ殺しますよっ！？」%K%P
「唔唔。那、那是——总之请你出去！\n不快点出去的话，我就要宰了你哦！？」%K%P
「まぁまぁ落ち着きなって。\n　むしろ愛ちゃんにとってはチャンスじゃないの～？」%K%P
「哎呀，你冷静点嘛。这对小爱来说反而是个好机会吧～？」%K%P
「な、何がですかっ……！！」%K%P
「什、什么啊……！！」%K%P
「セクシーな姿を見せつけてあげれば、ふふ。\n　うちの弟なんてイチ殺だって」%K%P
「只要让他看到我性感的模样，呵呵，我弟弟一定会被我迷死。」%K%P
「ですから愛は別に……！！\n　というか不用意な発言は……！！\n　清佳様にもし聞こえたら……！」%K%P
「所以说，爱并没有……！！\n应该说，您不要随便乱说……！！\n要是被清佳大人听到的话……！」%K%P
「ん？　どうしたの愛？\n　何を二人でこそこそ話してるの？」%K%P
「嗯？怎么了，爱？\n你们两个在说什么悄悄话？」%K%P
「な、なんでもありません……！\n　それよりも蛍様を出て行かせて下さい……！」%K%P
「没、没什么……！\n先别管这个了，请让萤大人离开吧……！」%K%P
「何よ蛍を目の敵にして……。あっ。もしかして、\n　もう蛍をライバル視してるの？」%K%P
「什么嘛，竟然把小萤当成眼中钉……啊，难道说，你已经把小萤当成竞争对手了？」%K%P
「同じ男性を好きになったもの同士だものね？\n　これが噂に聞く三角関係のもつれというヤツ？」%K%P
「毕竟你们都喜欢上同一个男人嘛。\n这就是传说中的三角关系吗？」%K%P
「違いますってば……！　そもそも愛は\n　春樹さんのことなんて好きじゃありませんっ！\n　何度説明すればわかるんですかっ……！」%K%P
「就说不是了嘛……！爱本来就\n　没有喜欢春树同学！\n　要解释几次才懂啊……！」%K%P
「またまた～。昨日は楽しそうにしてたじゃない。\n　遠めから見てる分にはカップルそのものだったわよ？」%K%P
「又来了～昨天你们不是玩得很开心吗？\n从远处看，你们根本就是一对情侣哦？」%K%P
「グっ……！　一生の不覚……！　不覚です……！\n　まさかこの愛が尾行に気づけなかったとは……！」%K%P
「唔……！这是我一生的耻辱……！耻辱啊……！\n　没想到我爱居然没发现有人跟踪……！」%K%P
「千鶴さん。春樹さんの心を奪えるように、\n　愛をばっちり仕立ててあげて下さいね？」%K%P
「千鹤小姐，你要好好地让春树的心被你夺走哦。」%K%P
「もちのろんろん～。ふふふ、あたしの妹になっちゃい\n　なよ～。可愛い服たっくさん着せたげるよ～？」%K%P
「当然当然～～呵呵呵，来当人家的妹妹嘛～～人家会给你很多可爱的衣服穿哦～～」%K%P
「着たくありませんっ！」%K%P
「我才不想穿！」%K%P
嫌がる愛さんを清佳ちゃんとお姉ちゃんは\n二人がかりで無理やり着替えさせようとする。%K%P
爱小姐很不情愿，清佳和姐姐两人联手，硬是帮她换上衣服。%K%P
そんな中、僕は愛さんのセクシーな姿に、\nどうにも見とれてしまっていて――%K%P
在这样的情况下，我看着爱小姐的性感模样，不禁看得出神——%K%P
「～～っっ！　あなたはいつまで見てるんですかっ！\n　いいから出て行って下さいっ……！！」%K%P
「～～！你要看到什么时候！\n别管了，快点出去……！！」%K%P
「――ハっ！　ごめんなさいっ……！」%K%P
「——啊！对不起……！」%K%P
『ふふふ。助けに来てくれた相手を追い返すなんて。\n　こりゃもう観念するしかないね～』%K%P
『呵呵呵，居然把来救我的人赶走。\n看来只能认命了～』%K%P
『春樹さんを好きだからって蛍を邪険にしちゃダメよ？\n　ちゃんと後で謝っておきなさい？』%K%P
『不可以因为喜欢春树，就对小萤那么冷淡哦。\n之后要好好向她道歉哦。』%K%P
『ぐぅぅ……！！　ですから愛は……！！』%K%P
『唔唔唔……！！所以说爱是……！！』%K%P
恨めしそうな、あるいは恥ずかしそうな\n愛さんの呻き声が聞こえてくる。%K%P
爱小姐的呻吟声传来，听起来像是怨恨，又像是害羞。%K%P
これは……後でめちゃくちゃ怒られるかも。%K%P
这下……之后可能会被骂得狗血淋头。%K%P
「おかげでややこしいことになったじゃないですか！！」%K%P
「结果事情不就变得很复杂了吗！」%K%P
「ふぇっ……！？」%K%P
「呼欸……！？」%K%P
数十分後。二人に散々着せ替えされたのであろう\n愛さんに僕は詰め寄られていた。%K%P
数十分钟后，被两人逼着换过好几套衣服的爱小姐，朝我逼近。%K%P
「どうして愛があなたのことを\n　好きだという話になっているんです！？\n　全く意味がわかりませんっ！」%K%P
「为什么话题会变成爱喜欢你！？\n我完全不懂你的意思！」%K%P
「わ、わたしだってそうだもん……！」%K%P
「我、我也一样啊……！」%K%P
「そもそも千鶴様はあなたの秘密を知ってますよね！？\n　清佳様の好意も知っていますよねっ！？\n　なのにどうして愛とくっつけようとしてるんですかっ！」%K%P
「说起来，千鹤小姐知道您的秘密吧！？\n　也知道清佳小姐对您的好感吧！？\n　明明如此，为什么您还要把爱和清佳小姐凑成一对呢！」%K%P
相当怒っているのか、いつものクールな姿は\nどこへやら愛さんが捲し立ててくる。%K%P
爱似乎相当生气，平常的冷静态度已不复见，滔滔不绝地说道：%K%P
「ああいう人だからとしか……。\n　清佳ちゃんへの恋を諦めたことも伝えてあるから、\n　そのせいかもしれないけれど……」%K%P
「我只能回答，他就是那样的人……\n我有告诉他，我放弃追求清佳了，\n或许是因为这样吧……」%K%P
「でも二人とも悪気があってしたわけじゃないと思うよ。\n　愛さんに、えと。普通の女の子らしく過ごして欲しいと\n　思ってるからこその行動だと思うし……」%K%P
「不过，我想她们两个应该没有恶意。\n她们是希望爱小姐能像一般女孩子那样生活，\n才会采取那样的行动……」%K%P
「余計なお節介ですよっ。\n　愛のことなんか気にしなくていいんです」%K%P
「你真是多管闲事。\n你不用在意爱。」%K%P
「清佳様も清佳様です。\n　仮に春樹様と蛍様が別人だったとして、\n　蛍様が春樹様のことを好きだったとしたら」%K%P
「清佳大人也是。\n假设春树大人和萤大人是不同人，\n如果萤大人喜欢春树大人的话……」%K%P
「愛を春樹様にけしかけることで、蛍様からの\n　好感度が下がること請け合いでしょうに」%K%P
「您明明知道只要对春树大人灌输爱意，萤大人的\n　好感度就会下降。」%K%P
「それもわかってると思うけど。\n　それでも嬉しかったんじゃないかな？」%K%P
「我想你应该也知道吧。\n不过，你还是觉得很开心吧？」%K%P
「嬉しかった？」%K%P
「开心吗？」%K%P
「清佳ちゃん、言ってたよ？　自分に蛍がいたように、\n　愛さんにも立場抜きで付き合える人がいたらって」%K%P
「清佳曾经说过，就像自己身边有小萤一样，爱小姐身边如果也有一个可以抛开立场来往的人就好了。」%K%P
「そうすれば愛さんももっと自分本位に、\n　自由に自分の幸せを追い求められるんじゃ。って」%K%P
「如此一来，爱小姐就能更自私地追求自己的幸福了。」%K%P
「だから僕――ううん俺と遊んでるところを見て、\n　愛さんが楽しそうにしているところを見て、\n　清佳ちゃんはこれだって思ったんじゃないかな」%K%P
「所以她看到我——不对，是看到我和爱小姐玩得很开心，\n　清佳才会觉得『就是这个』吧。」%K%P
「……ですからそれも、余計なお節介ですよ」%K%P
「……所以我说，你这样也是多管闲事。」%K%P
ふと愛さんが僕から身を離す。%K%P
爱小姐突然离开我的身体。%K%P
「確かに昨日は……その。楽しかったです。\n　そこはまぁ……認めてあげます」%K%P
「昨天……那个，的确很开心。\n这一点……我就承认吧。」%K%P
「でも春樹さんが好きだと勘違いされて、\n　無理やりくっつけようとされても困りますよ」%K%P
「可是，如果有人误以为我喜欢春树同学，硬要凑合我们，那也很伤脑筋呢。」%K%P
「そ、そうだよね。俺なんかを好きだと思われても\n　愛さんに悪いもん」%K%P
「说、说得也是。要是她喜欢上我这种人，对爱小姐也太不好意思了。」%K%P
「……それは別に……」%K%P
「……这倒没有……」%K%P
「へ？」%K%P
「咦？」%K%P
「～～っっ。な、なんでもありません」%K%P
「～～！没、没什么。」%K%P
愛さんがぎゅっと唇を噛んで、首を横に振る。%K%P
爱小姐紧咬着嘴唇，摇了摇头。%K%P
「そもそもあなたは清佳様が好きなのでしょう？\n　一番困るのはあなたじゃないですか」%K%P
「说起来，你喜欢清佳大人吧？\n　最困扰的人不就是你吗？」%K%P
「う、うん。そうなんだけど……」%K%P
「嗯、嗯，是这样没错……」%K%P
……この気持ちはなんだろう。\n清佳ちゃんのことは今でも好きだ。%K%P
……这种心情是什么呢？\n我现在也喜欢清佳。%K%P
恋心を明かさないと決めた今でもそれは変わらない。\n好きだからこそ秘密を隠し続けると決めたわけだし。%K%P
即使现在决定不表明自己的心意，这一点也不会改变。\n毕竟正因为喜欢，才决定要继续隐瞒秘密。%K%P
「けど……なんですか？」%K%P
「可是……怎么了吗？」%K%P
問われて、僕は少し考えた。\n一体僕は何を思っているんだろう？%K%P
被她这么一问，我稍微思考了一下。\n我到底在想什么？%K%P
しばらく考えて、けれど思考はまとまらないまま、\n僕は浮かんできた言葉をそのまま口に出した。%K%P
我思考了一会儿，但还是理不出头绪，于是直接说出浮现脑海的话语：%K%P
「けど……清佳ちゃんたちと同じように、\n　愛さんに幸せになってもらいたいって思うよ」%K%P
「不过……我也和清佳她们一样，希望爱小姐能够幸福。」%K%P
「仕事だからと言って好きでもない男と\n　一夜を過ごしてしまうような人にはなって欲しくない」%K%P
「我不希望她变成那种为了工作，和不喜欢的男人共度一夜的人。」%K%P
「――って。こんなこと、俺が言えたことじゃないけど」%K%P
「——不过，我好像没资格说这种话。」%K%P
「…………」%K%P
「…………」%K%P
「本当にどいつもこいつもお節介焼きばかりですね。\n　愛は尽くすことが仕事ですのに尽くされても困りますよ」%K%P
「你们真的都太鸡婆了。\n爱的工作是为你们奉献一切，你们这样反而会让我很困扰。」%K%P
「それだけみんな、愛さんのことが好きなんだよ」%K%P
「大家都很喜欢爱小姐，所以才会这样。」%K%P
「……好き、ですか……」%K%P
「……喜欢吗……」%K%P
「でも愛は今まで清佳様に尽くすためだけに\n　生きてきました。今更自由にしろと言われても……」%K%P
「可是，爱至今为止都是为了侍奉清佳大人而活。事到如今，就算您说要放我自由……」%K%P
戸惑っているように言葉を漏らす彼女へ僕は続ける。%K%P
她困惑地喃喃自语，我继续说下去：%K%P
「少しずつ、何かしたいことを見つけていけば\n　いいんじゃないかな？　俺も手伝うよ」%K%P
「只要慢慢找出自己想做的事，\n　不就好了吗？我也会帮忙的。」%K%P
「羽根を伸ばしたい時は昨日みたいに遊びに\n　行ってもいいし。もちろん、お友達として」%K%P
「想放松的时候，也可以像昨天那样找我出去玩。\n　当然，是以朋友的身份。」%K%P
「……どうしてあなたはそんなにも愛に構うのです？」%K%P
「……为什么你这么关心爱呢？」%K%P
「愛は、あなたに長年の恋心を諦めろ。と、\n　めちゃくちゃなことを強いた仇敵ですのに」%K%P
「爱明明是强迫你放弃长年爱慕之情的仇敌，却还说这种话。」%K%P
「仇敵って……。そんな風に思ってないよ。\n　愛さんの言葉はもっともだと思ったし……」%K%P
「什么仇敌……我并没有那么想哦。\n爱小姐说的话很有道理……」%K%P
「愛さんに構う理由は……なんだか似てるからかな。\n　小さい頃の清佳ちゃんにそっくりで」%K%P
「我之所以会照顾爱小姐……是因为她和我很像吧？\n她和小时候的清佳一模一样。」%K%P
「今の愛に、清佳様を重ねてみているわけですか。\n　……やっぱり清佳様がお好きなのですね？」%K%P
「您把现在的爱，和清佳大人重叠在一起了吗？\n……您果然喜欢清佳大人吧？」%K%P
「ま、真っ直ぐ尋ねられると恥ずかしいけど……」%K%P
「被、被你这么直接一问，我反而觉得很难为情……」%K%P
「でしたら尚更、愛のことは放っておいて下さい」%K%P
「既然如此，那就更应该别管爱了。」%K%P
「えっ？　どうしてそうなるのさっ」%K%P
「咦？为什么会变成这样？」%K%P
「清佳様の代わりにされても困りますから」%K%P
「您代替清佳大人的话，我会很困扰的。」%K%P
「代わりにしてるわけじゃ――」%K%P
「我并不是代替他——」%K%P
「そうですか？　そう聞こえましたけど」%K%P
「是吗？我听起来是那样。」%K%P
「愛に対しても清佳様に対しても失礼です。\n　失恋の埋め合わせに愛を使わないで下さい」%K%P
「对爱和清佳大人来说，这都是很失礼的举动。\n请不要把爱当成失恋的补偿。」%K%P
「してないよ……！\n　愛さんをそんな風に見てないってば……！」%K%P
「才没有……！我并没有用那种眼光看待爱小姐……！」%K%P
「なら尚更、愛のことは放っておいて下さい」%K%P
「既然如此，那就更应该别管爱了。」%K%P
「話が巻き戻ってるって。\n　どうしてそんなに嫌がるのさ」%K%P
「话题怎么又绕回去了？\n为什么你这么讨厌我？」%K%P
「……はぁ。ですから――」%K%P
「……唉，所以说——」%K%P
「――きゃっ！？」%K%P
「——呀啊！？」%K%P
不意にドンと突き飛ばされて、\nベッドの上に倒れ込んでしまう。%K%P
我突然被推倒在床上。%K%P
すると、身体の上に軽い体重がのしかかってきて――%K%P
接着，一股轻盈的体重压在了我的身上——%K%P
「ちゅっ……んっ……」%K%P
「啾……嗯……」%K%P
柔らかい唇が――僕の唇に押しつけられた。%K%P
柔软的嘴唇——压在我的嘴唇上。%K%P
「ん……ちゅ……んふ……」%K%P
「嗯……啾……嗯呼……」%K%P
「～～っっ！？」%K%P
「～～！？」%K%P
ど、どういうこと……！？\n一体どうしてキスなんかされて……！？%K%P
这、这是怎么回事……！？\n她为什么会被亲……！？%K%P
「ぷは……はぁ、はぁ、はぁ……」%K%P
「噗哈……呼、呼、呼……」%K%P
「はぁ、はぁ……。あ、愛さん……！？」%K%P
「呼、呼……爱、爱小姐……！？」%K%P
「……だ、黙って下さい。\n　いま死ぬほど恥ずかしいんです……」%K%P
「……请、请不要说了。\n我现在害羞得要死……」%K%P
そう呟く愛さんの顔は\nビックリするくらい赤くなっていた。%K%P
爱同学如此低喃，她的脸红到令人惊讶。%K%P
愛さんの小さな唇は僕の唾液で濡れていて、\n彼女とキスをした証のように仄かに煌めいている。%K%P
爱小姐的樱桃小嘴被我的唾液沾湿，仿佛在证明我们接吻过似地微微发亮。%K%P
「つまりは、こういうことですよ……。\n　愛があなたに放っておいて欲しい理由は……」%K%P
「换句话说，就是这么一回事……\n爱希望你放着不管的理由……」%K%P
「もしも……勢いでこんなことをしてしまうくらい、\n　愛が本気であなたを好きになったらどうするんです」%K%P
「如果……爱真的喜欢上你，喜欢到会一时冲动做出这种事的话，你打算怎么办？」%K%P
「えっ……？」%K%P
「咦……？」%K%P
「こう見えて……愛はチョロいんです」%K%P
「别看爱这样……其实爱很好哄的。」%K%P
「今まで恋なんかしたことありませんでしたから、\n　少し優しくされるだけで好きになっちゃいます」%K%P
「我从来没有谈过恋爱，所以只要对我好一点，我就会喜欢上对方。」%K%P
「……でも愛はあなたに恋を諦めさせました。\n　その愛はあなたに恋するわけにはいきません」%K%P
「……可是爱让你放弃了恋爱。\n所以爱不能爱上你。」%K%P
「だから……愛のことは放っておいて下さい。\n　愛に、あなたへ恋させないで下さい」%K%P
「所以……请不要管爱了。\n请不要让爱爱上你。」%K%P
「愛さん……」%K%P
「爱小姐……」%K%P
愛さんの声がどんどんか弱く、\n表情が切なげになっていく。%K%P
爱小姐的声音越来越微弱，表情也变得越来越哀伤。%K%P
「愛に優しくしないで下さい。\n　勘違いしちゃうような行動を取らないで下さい」%K%P
「请不要对爱太温柔。\n请不要做出会让人误会的行动。」%K%P
「愛に清佳様を裏切らせないで下さい」%K%P
「请不要让爱背叛清佳大人。」%K%P
「…………」%K%P
「…………」%K%P
「愛は今の自分に満足しています。\n　清佳様の幸せが愛の幸せなんです」%K%P
「爱对现在的自己感到满足。\n清佳大人的幸福就是爱的幸福。」%K%P
「この間の言葉も撤回します。\n　どうぞご勝手に清佳様にアプローチなさって下さい」%K%P
「我收回之前说过的话。\n请随意对清佳大人发动攻势。」%K%P
「愛に意識が向いてしまうくらいならその方がいいです。\n　その方があなたも清佳様も幸せだと思います」%K%P
「与其让意识转向爱情，倒不如这样比较好。\n我认为这样你和清佳大人都会幸福。」%K%P
「何かの拍子で秘密がバレてしまった時は\n　できる限り庇ってもあげます。だから自由にして下さい」%K%P
「如果秘密不小心曝光了，我会尽可能地袒护你，所以请自由地做你想做的事吧。」%K%P
愛さんが淡々と告げてくる。%K%P
爱小姐淡淡地说道。%K%P
まるで、別れの挨拶のように。%K%P
简直就像在道别一样。%K%P
「愛さ――」%K%P
「爱——」%K%P
「――何も言わないで下さい。\n　もう二度と、愛に関わらないで下さい」%K%P
「——请不要说任何话。\n请不要再跟爱扯上关系。」%K%P
「愛を案じているのならご心配なく。\n　これからは愛も自分の好きなことをします」%K%P
「不用担心爱，今后爱也会做自己喜欢的事。」%K%P
「もちろん好きでもない男となんて寝ません。\n　たまにペットショップへ行ったり、\n　甘い物を食べに行ったりしようと思います」%K%P
「当然，我不会跟不喜欢的男人上床。\n我偶尔会去宠物店，\n去吃甜食。」%K%P
「だから……愛のことはもう放っておいて下さい。\n　もう何も気にすることはないはずですよね？」%K%P
「所以……请不要再管爱了。\n你应该已经没有任何在意的事了吧？」%K%P
「…………」%K%P
「…………」%K%P
確かに愛さんが今言ったことを本当に実行するなら、\n僕が愛さんを気にする理由は何もなくなる。%K%P
的确，如果爱小姐真的实行她刚才所说的，我就没有理由再继续在意她了。%K%P
だけど、どうしてだろう。\nそれがとても寂しかった。%K%P
可是，不知道为什么，我感到非常寂寞。%K%P
もしかして僕は――%K%P
难道我——%K%P
「……今のキスだけで愛はもう十分です。\n　愛の恋はこれで終わり」%K%P
「……光是刚才的吻，爱就已经心满意足了。\n爱的恋情到此结束。」%K%P
「さようなら。清佳様とお幸せになって下さい」%K%P
「再见了。请和清佳大人幸福地生活吧。」%K%P
「愛さ――」%K%P
「爱——」%K%P
僕の叫びを無視して愛さんが部屋から出て行く。%K%P
爱小姐无视我的呐喊，径自走出房间。%K%P
「……さようなら。か……」%K%P
「……再见了，萤……」%K%P
愛さんの言葉が頭の中に木霊する。\n別れを告げられたことが、すごく痛かった。%K%P
爱小姐的话语在脑中回荡。\n被她道别，让我感到非常心痛。%K%P
「…………」%K%P
「…………」%K%P
指先がふと唇に触れる。\n愛さんのぬくもりを求めるように無意識のうちに。%K%P
指尖不经意地触碰嘴唇，下意识地寻求爱小姐的温暖。%K%P
やっぱり僕は、愛さんのことを――%K%P
我果然还是对爱小姐——%K%P
愛さんのことを――好きになっていたんだ。%K%P
我——喜欢上爱小姐了。%K%P
