「ふぁ……はぁん……っっ……」%K%P
「呼啊……哈啊嗯……」%K%P
「んくっ、んん……！」%K%P
「嗯唔、嗯嗯……！」%K%P
両手の平でおっぱいを揉んだのと同時に、\nおちんちんが肉厚でスベスベな弾力に圧迫される。%K%P
在用双手揉捏胸部的同时，肉棒也受到厚实而光滑的弹力压迫。%K%P
「い、いきなり揉みますか、普通……！」%K%P
「一、一般不会突然揉胸部吧……！」%K%P
「愛さんこそ、僕のおちんちん、\n　太ももで挟み込んできて……」%K%P
「爱小姐才是，用大腿夹住我的大老二……」%K%P
「座り心地が悪かったから出しただけです……！\n　他意はありません……！」%K%P
「只是因为坐起来不舒服才拿出来的……！\n没有其他意思……！」%K%P
そう言いながらも愛さんが僅かに足を揺らして、\nおちんちんをこっそり扱いてくる。%K%P
爱小姐虽然嘴上这么说，但还是微微晃动着双腿，偷偷地套弄着我的肉棒。%K%P
それだけでも、ふぁ、か、感じちゃう……。\n手でしてもらった時よりも肌のボリューム感が凄い……！%K%P
光是这样，呼啊，就、就有感觉了……\n比用手做的时候，皮肤的触感更强烈……！%K%P
「愛さん、んんっ、そんなにゴシゴシされると――……」%K%P
「爱小姐，嗯嗯，你这样搓洗的话——……」%K%P
「あ……んふ……！　んんっ……！」%K%P
「啊……嗯呼……！嗯嗯……！」%K%P
言いかけて、気づいた。\n――愛さんは別に扱こうとしていたわけじゃないんだ。%K%P
我话说到一半，突然察觉到一件事。\n——爱小姐并不是想虐待她。%K%P
そっと乳房に被せるようにしていた手の平を\nほんの少しだけ握ってみる。%K%P
我轻轻握住原本覆盖在乳房上的手掌。%K%P
「ひぁ……！　あ……！」%K%P
「咿啊……！啊……！」%K%P
すると愛さんはピクンと身体を揺らして、\nその拍子におちんちんがギュムムと圧迫されて扱かれた。%K%P
爱小姐的身体猛然一震，我的肉棒也跟着被她用力夹住。%K%P
やっぱり愛さんは、自分から動こうとしたわけじゃなくて\n僕に触れられて、気持ちよくなってくれて、それで――%K%P
爱小姐果然不是主动采取行动，而是被我触碰后感到舒服，所以才——%K%P
「～～っっ！　なんですか、その顔……！\n　愛が感じちゃ、お、おかしいのですか……！」%K%P
「～～！你那是什么表情……！\n爱有感觉，很、很奇怪吗……！」%K%P
「そ、そんなことないよ……！\n　ただ、えと……！　予想以上だったというか……」%K%P
「没、没那回事……！只是，呃……！该说是超乎预期吗……」%K%P
「あ、愛だって予想外ですよ……。\n　自分でも驚いているんです……」%K%P
「爱也觉得出乎意料……\n我自己也很惊讶……」%K%P
「胸に手を重ねられてるだけなのに……その。\n　こんなにも身体がビクビクしてしまっていて……」%K%P
「明明只是手叠在胸口上而已……那个……\n身体却会忍不住发抖……」%K%P
羞恥心で顔を真っ赤にしながら、\n愛さんが熱っぽい吐息を漏らしてくる。%K%P
爱小姐羞得满脸通红，同时吐出温热的气息。%K%P
膝の上に乗せた愛さんの体温も、\n最初の頃よりグングンと火照ってるのがわかった。%K%P
放在腿上的爱小姐的体温，也比一开始的时候更加火烫。%K%P
「可愛い……」%K%P
「好可爱……」%K%P
「なっ――～～っっ！！\n　真顔で変なコト言わないで下さい……！」%K%P
「什——～～！！\n　请不要一脸认真地说出奇怪的话……！」%K%P
「あ、ごめん……！　つい勝手に口が……！\n　でも……可愛いのは本当だよ？」%K%P
「啊，抱歉……！我一不小心就……！\n不过……我是说真的哦？」%K%P
「し、知らないですよ、この女ったらし……。\n　…………嬉しいですけど」%K%P
「我、我才不知道呢，你这个花花公子……\n……不过，我很高兴就是了。」%K%P
恥ずかしがりながらも喜んでくれる姿が、\nさらに可愛い。だからこそ性欲も込み上がってしまう。%K%P
她害羞又喜悦的模样，更是可爱。所以我的性欲也跟着高涨。%K%P
「ひぃあ……！　あ……んんっ……！」%K%P
「咿啊……！啊……嗯嗯……！」%K%P
その煩悩に従うように、愛さんの胸を\nゆっくり、じっくりと揉んでいく。%K%P
我顺从内心的欲望，慢慢地、仔细地搓揉爱小姐的胸部。%K%P
「痛くない……？　大丈夫……？」%K%P
「不会痛吗……？没事吧……？」%K%P
「は、はい。ふぁ……あ……！\n　優しすぎる、んん、くらいです……」%K%P
「是、是的。呼啊……啊……！\n　太温柔了，嗯嗯，差不多就这样……」%K%P
「でも、その……。愛の胸なんか揉んで、んぁ……。\n　こ、興奮するものなんですか……？」%K%P
「可是，那个……揉爱的胸部，嗯啊……\n会、会兴奋吗……？」%K%P
「え？　どうして？」%K%P
「咦？为什么？」%K%P
「だって、えと……。清佳様や千鶴様と比べて\n　すごく……小さいですし……」%K%P
「因为，呃……跟清佳大人和千鹤大人比起来……\n　非常……小……」%K%P
申し訳なさそうな声色で愛さんが呟いてくる。%K%P
爱小姐用充满歉意的语气低声说道。%K%P
だけど、どうしてそんなことを言うのか\n僕には全然わからなかった。%K%P
可是，我完全不懂她为什么要这么说。%K%P
「正直……今にも射精しちゃいそうなくらい興奮してる」%K%P
「老实说……我现在兴奋到随时都可能射精。」%K%P
「えっ……」%K%P
「咦……」%K%P
「お、おちんちん見てわからないかな……。\n　自分でもビックリするくらい大きくなってるんだけど」%K%P
「看、看鸡鸡就知道了吧……\n它已经大到连我自己都吓一跳了。」%K%P
「た、確かにこの間よりも大きいような……」%K%P
「的、的确好像比之前大……」%K%P
「愛さんのおっぱい、その。すごく気持ちいいよ……？\n　とっても綺麗だし、モチモチだし、エッチいし……」%K%P
「爱小姐的胸部，那个，非常舒服哦……？不但漂亮，而且又软又有弹性，好色……」%K%P
「なんなら、その……。ずっと気になってたし……。\n　ずっと触ってみたいって思ってて……」%K%P
「既然这样，那个……我一直很在意……\n一直很想摸摸看……」%K%P
「そ、そんな目で愛を見ていたのですか……！？」%K%P
「你、你一直用那种眼神看着爱吗……！？」%K%P
「～～っっ！　あ、愛さんのせいじゃない……！\n　色仕掛けの時これ見よがしに押しつけてきて……！」%K%P
「～～！这、这不是爱小姐的错……！她色诱的时候，还故意把这东西塞给我……！」%K%P
「うっ……！　それは――あふっ、ひぃあっ……！」%K%P
「呜……！那是——啊呼、咿啊……！」%K%P
口にしていると我慢ができなくなってしまって、\n何か喋ろうとしている愛さんを遮って胸を揉んでしまう。%K%P
我愈说愈兴奋，忍不住打断爱小姐的话，揉起她的胸部。%K%P
「待って下さ……！　あぁん……！\n　そんないきなりモミモミされちゃ――はぁん……！」%K%P
「请等一下……！啊啊嗯……！\n突然揉成这样——哈啊嗯……！」%K%P
「ふぁ……！　あっ……！　ダメですっ、んん……！\n　もう少し、ひぁ、優しく、あっ、はぁ……！」%K%P
「呼啊……！啊……！不行，嗯嗯……！再、再温柔一点，呀，啊……！」%K%P
優しく触ろうと思うのに、どうしようもなく力が入る。%K%P
我明明想温柔地触碰她，却不由自主地用力。%K%P
手の平サイズなのがむしろ嬉しい。\n愛さんのおっぱいを丸ごと全部堪能できて……！%K%P
手掌大小的尺寸反而让我开心。\n这样我就能尽情享受爱小姐的胸部了……！%K%P
「お、おちんちん、すごくビクビクして……！\n　はぁん、あぁ、エッチなおつゆ溢れ出してきて……！」%K%P
「鸡、鸡鸡、一直抽动……！\n　哈啊、啊啊、色色的汁液流出来了……！」%K%P
「本当に、はぁはぁ、興奮してるんですね。\n　愛の小さいおっぱいで、こ、こんなに……」%K%P
「你真的、呼、呼，很兴奋呢。\n爱的小小胸部，竟、竟然能让你这么……」%K%P
愛さんがモジモジと身体をくねらせる。\n股間をグっとおちんちんに押しつけられて……！%K%P
爱小姐扭动着身体，胯间紧紧地贴着我的肉棒……！%K%P
すごく、ん、熱い……！　これ、濡れてるよね……！\nショーツがビショ濡れになるくらい感じてくれていて。%K%P
好热，嗯，好热……！这，已经湿了……！\n她已经湿到内裤都湿透了。%K%P
「ふあぁぁ……！　握り締められると、んはぁっ！\n　ビクンってしちゃいますっ……！」%K%P
「呼啊啊啊……！被握紧的话，嗯哈啊！\n　就会抽动一下……！」%K%P
「気持ちいい……！　あっ、んぁ……！\n　恥ずかしい声、あふぁ、で、出ちゃって……！」%K%P
「好舒服……！啊、嗯啊……！\n　羞耻的声音、啊呼啊、出、出来了……！」%K%P
どんどん荒くなっていく愛さんの吐息が\n尋常じゃないほど僕を昂ぶらせてくる。%K%P
爱小姐的呼吸越来越急促，让我兴奋到非比寻常的地步。%K%P
おっぱいも張りが強くなってきて――\nそれだけ、はぁはぁ、感じてるんだ……。%K%P
胸部也变得越来越有弹性——\n这说明她现在非常兴奋……%K%P
「はぁぁぁん……！　そんなに揉み回されたら……！\n　ふぁ、んふ……！　あふぁ……！」%K%P
「哈啊啊啊嗯……！揉得这么用力的话……！\n　呼啊、嗯呼……！啊呼啊……！」%K%P
「愛のおっぱい、ふぁ、気に入っちゃったんですか？\n　自分でいうのもなんですが、ひ、貧相ですのに……」%K%P
「您喜欢上爱的胸部了吗？\n虽然自己这么说有点奇怪，但明明就、那么贫瘠……」%K%P
「そんなことない……！　最高のおっぱいだよ……！\n　小さいからこそ、むしろ興奮しちゃうし……！」%K%P
「没那回事……！这是最棒的胸部……！正因为小，反而更让人兴奋……！」%K%P
「愛さんが僕の膝の上にすっぽりと収まってるだけでも、\n　その。すごくムラムラしてきちゃうし……！」%K%P
「光是爱小姐坐在我的大腿上，我就已经欲火焚身了……！」%K%P
「～～っっ！　ロリコンの思考ですね……！\n　ムラムラされるのは……嬉しいですけど……」%K%P
「～～！这是萝莉控的思考方式吧……！\n虽然……被你这样色眯眯地盯着看……我很开心……」%K%P
「色々と小さいの、んふ、地味にコンプレックスでした\n　から……はぁはぁ、喜んでもらえて、その……」%K%P
「因为我的身材，嗯哼，一直让我感到自卑……呼呼，所以很高兴能让你开心，那个……」%K%P
ショーツ越しに触れる愛さんのおまんこが\nさらに熱を帯びてきているのを竿越しに感じる。%K%P
隔着底裤，我感受到爱小姐的私密处更加炙热。%K%P
小さなお胸の中心も、見てわかるくらい\n固く尖ってきていて――……！%K%P
小小的胸部中心，也明显变得坚挺——……！%K%P
「ひぃああ……！！」%K%P
「咿啊啊……！！」%K%P
軽く乳首を摘まむと、愛さんは身体を大きく弾ませた。%K%P
我轻轻捏住乳头，爱小姐的身体便大大地弹了一下。%K%P
「い、痛かったっ？」%K%P
「会、会痛吗？」%K%P
「い、いえ……。身体が勝手に……。\n　そこ、はぁはぁ、気持ちよくて……」%K%P
「没、没事……身体自己就……\n那里，呼呼，好舒服……」%K%P
そんなに感じちゃうんだ……。\n身体が跳ね上がっちゃうくらい、強く……。%K%P
原来会这么有感觉啊……\n甚至让身体都跳了起来，好强烈……%K%P
それに今の愛さんの反応、\nはぁはぁ、とってもエッチくて――%K%P
而且爱小姐现在的反应，看起来好色情——%K%P
「――あひぃんっ！！？」%K%P
「——啊咿嗯！！？」%K%P
気づけば僕は、愛さんの乳首をつねりあげていた。%K%P
回过神来，我发现自己捏住了爱小姐的乳头。%K%P
「ちょっ、待っ――あぁあああんっ！！\n　それダメ、ああぁ、ダメですっ……！！」%K%P
「等、等一下——啊啊啊啊啊嗯！！\n不可以，啊啊啊，不可以……！！」%K%P
「コリコリしちゃダメ、あぁ、つまんじゃダメ……！\n　ふぁあああっ……！　あぁぁあんっ……！！」%K%P
「不可以咬，啊啊，不可以捏……！\n　呼啊啊啊啊……！啊啊啊啊嗯……！！」%K%P
堪えきれないとばかりに愛さんが大きな嬌声を上げる。\nはぁはぁ、みるみるうちに乳首も勃起してきて……！%K%P
爱小姐像是再也忍不住似地，发出了巨大的娇喘声。\n哈啊哈啊，乳头也逐渐勃起……！%K%P
「あっ、あっ、あっ、あっ……！！\n　乳首ばっかりダメぇ……！！　感じちゃ、あぁんっ！」%K%P
「啊、啊、啊、啊……！！\n不要一直弄乳头……！！好有感觉，啊啊嗯！」%K%P
「頭の中フワフワしちゃいますっ……！\n　あふあぁぁっ、ビクビクとめられな……！」%K%P
「脑袋里变得轻飘飘的……！\n啊呼啊啊啊，身体抖个不停……！」%K%P
相当感じているのか、愛さんが激しく頭を振りながら、\n僕の胸の中でビクビクビクっと跳ねるように震える。%K%P
爱小姐似乎相当有感觉，她激烈地摇头，同时在我的怀中颤抖。%K%P
身体に力もこもっているのか、んんんっ……！！\n太ももがおちんちんを思いっきり締め付けてきて……！！%K%P
她的身体似乎也使足了力气，大腿紧紧地夹住了我的肉棒……！！%K%P
「あはぁんっ……！　あふぁぁ……！　あぁぁ……！！\n　乳首の根元ぎゅってされるの痛気持ちいい……！」%K%P
「啊哈啊……！啊呼啊啊……！啊啊啊……！！\n　乳头根部被捏紧好痛好舒服……！」%K%P
「先っぽクリクリされると、ふぁぁぁ……！！\n　身体が蕩けるような感じがして……！！」%K%P
「你搓弄我的乳头，呼啊啊啊……！！\n　我的身体好像要融化了……！！」%K%P
愛さんが身もだえすると、\nおちんちんも激しくズリズリ扱かれる。%K%P
爱抚弄着我的身体，小弟弟也跟着被激烈地套弄着。%K%P
はぁはぁ、気持ちいい……！\n余裕のなさと快感も伝わってきて興奮しちゃう……！%K%P
哈啊哈啊，好舒服……！\n能感受到她的紧张和快感，让我更加兴奋了……！%K%P
「ひぃあっ！？　か、身体揺らさないで下さっ……！\n　ペニスが、ふぁっ、へ、変なところに擦れて……！！」%K%P
「咿啊！？请、请不要摇晃身体……！\n阴茎，呼啊，擦、擦到奇怪的地方了……！！」%K%P
指摘されて、腰を振ってしまっていることに気づいた。\nでも、はぁはぁ、気づいたところで止められない……！%K%P
被她这么一说，我才意识到自己正在扭腰摆臀。\n但是，哈啊哈啊，就算意识到了也停不下来……！%K%P
「あぁああんっ……！　あぁっ、んはぁぁんっ……！！」%K%P
「啊啊啊啊嗯……！啊啊、嗯哈啊啊嗯……！！」%K%P
「き、気持ちいい、ふぁあ……！\n　おっぱいも、はふぁ、ア、アソコも……！」%K%P
「好、好舒服，呼啊啊……！\n胸部也好，哈呼啊，小、小穴也好……！」%K%P
「何も、あぁ、考えられなくなっちゃ……！\n　ふぁぁあっ、こ、こんなの初めて……！！」%K%P
「什么都、啊啊、想不起来了……！\n　呼啊啊啊，这、这种感觉还是第一次……！！」%K%P
僕の胸の中で愛さんがガクガクと震え続ける。\nそんな彼女の胸を愛撫しながら、僕も腰を振ってしまう。%K%P
爱小姐在我的怀里不停颤抖。\n我一边爱抚着她的胸部，一边摆动腰部。%K%P
興奮と快感で頭がボーッとしちゃって、\n悶える愛さんの姿と声しかわからなくなって。%K%P
兴奋与快感让我的脑袋一片空白，我只看得见爱小姐挣扎的模样，也只听得见她的声音。%K%P
「あぁんっ……！　はふぁっ……！\n　あっ、あっ、あっ、あぁああんっ……！」%K%P
「啊啊嗯……！哈呼啊……！\n　啊、啊、啊、啊啊啊啊嗯……！」%K%P
「はぁはぁっ……！　っっ……！！」%K%P
「哈啊哈啊……！唔唔……！！」%K%P
湯気が見えそうなくらい熱い吐息をはきながら、\n愛さんが蕩けた表情で僕を上目遣いに見つめてくる。%K%P
爱小姐吐出几乎能看见热气的温热气息，以陶醉的表情由下往上看着我。%K%P
僕が顔を近づける理由はそれだけで十分だった。%K%P
光是这个理由，就足以让我把脸凑过去。%K%P
「んはぁむんっ……！　んちゅっ、れろぉ、れろろぉっ！」%K%P
「嗯哈唔嗯……！嗯啾、滋溜、滋溜溜！」%K%P
愛さんの小さな口を丸ごと呑み込む勢いで唇を重ねる。\n彼女はすぐに応えてくれて、自然と舌まで絡めていた。%K%P
我以几乎要将爱小姐的樱桃小嘴整个吞下去的气势，将嘴唇贴了上去。\n她也立刻回应我，自然而然地将舌头缠了上来。%K%P
「気持ちいい、んちゅっ、れろろろっ……！\n　はぁはぁっ、好きっ、好きれふっ、んちゅぅ……！」%K%P
「好舒服，嗯啾，滋噜噜噜……！\n　哈啊哈啊，喜欢，我喜欢你，嗯啾……！」%K%P
「それ以外、んちゅぁ、考えられな――んんんっっ！\n　好きっ、れろっ、好きっ、好きっ……！！」%K%P
「除此之外，嗯啾，我想不到——嗯嗯嗯！\n　喜欢，滋溜，喜欢，喜欢……！！」%K%P
快感で身体を震わせながらも、\n愛さんががむしゃらに顔を近づけてキスしてくれる。%K%P
爱小姐不顾身体因快感而颤抖，不顾一切地将脸凑过来亲吻我。%K%P
今まで感じたことがないくらいの幸せな気持ちが\n全身を火照らせてきて、彼女の唇を離すことができない。%K%P
从未感受过的幸福，让我的全身都热了起来，让我无法离开她的嘴唇。%K%P
「はむぅんっ、んふぅんっ……！\n　れろろっ、ぺろろっっ……！」%K%P
「哈嗯、嗯呼嗯……！\n　舔舔、舔舔……！」%K%P
「はぁはぁ――んちゅぅっ……！\n　んふっ、んんっ……！　れろろぉ……！！」%K%P
「哈啊哈啊——嗯啾……！\n　嗯呼、嗯嗯……！滋噜噜……！！」%K%P
熱に浮かされながら、どちらともなくお互いの唇を貪る。\n蕩けるような舌の感触が性欲をさらに後押しして――%K%P
两人陶醉在热吻之中，贪婪地索求着对方的嘴唇，舌头的触感让性欲更加高涨——%K%P
「んふっ、んんんんっっ！！\n　はぁはぁ、ダメ、ああ、イ、イっちゃ……！」%K%P
「嗯呼、嗯嗯嗯嗯！！\n　呼啊呼啊，不行，啊啊，要、要去了……！」%K%P
「僕も、はぁはぁ、イきそうっ……！」%K%P
「我也、呼呼、要去了……！」%K%P
「えへっ、えへへへっ、んちゅっ……！\n　一緒に、でしたら一緒にイきましょう……！」%K%P
「嘿嘿、嘿嘿嘿嘿、嗯啾……！\n要一起的话，就一起高潮吧……！」%K%P
「キスしながら、んふぅんっ、イきたいですっ……！\n　このまま、んちゅっ、ちゅぁ、つながったまま……！」%K%P
「我想一边接吻，嗯呼、一边高潮……！\n就这样，嗯啾、啾啊、连接在一起……！」%K%P
必死に唇を押しつけてきてくれながら、\n最高に嬉しいことを愛さんが言ってきてくれる。%K%P
爱小姐拼命地将嘴唇贴了上来，同时对我说出最令人开心的话。%K%P
だからこそ愛さんをもっと感じさせたくて、\nさらに彼女の唇を貪り、乳首をつねりあげていく――%K%P
所以为了让她更进一步地感受我的爱意，我更加贪婪地索求她的唇，同时用力地捏着她的乳头——%K%P
「～～っっ！！！　んふっ、ん゛んんんっっ！！」%K%P
「～～！！！嗯呼、嗯嗯嗯嗯！！」%K%P
「んれろろろっっ！！　れろっ、れろろぉっ！！\n　はぁはぁはぁはぁっ、んはぁっ、ふぁぁぁ……！！」%K%P
「嗯滋滋滋滋！！滋滋、滋滋滋滋！！\n　哈啊哈啊哈啊哈啊、嗯哈啊、呼啊啊啊……！！」%K%P
舌を絡める余裕もないほど感じてるみたいだ……！\nけど太ももにはむしろギュウギュウに力がこもって……！%K%P
她似乎舒服得连舌头都缠不上来了……！\n但是大腿却反而用力夹紧……！%K%P
「も、ダメ……！　イ、イくっ、んんんっっ……！\n　はふぁっ、んはぁっ、はぁはぁはぁはぁっっ……！！」%K%P
「不、不行……！要、去了、嗯嗯嗯……！\n　哈呼啊、嗯哈啊、哈啊哈啊哈啊哈啊……！！」%K%P
「はぁは――んちゅぅんっっ！！？\n　んふっ、んんっ、れろろっ、れろれろぉっっ！！」%K%P
「哈啊哈——嗯啾！！？\n　嗯呼、嗯嗯、滋溜溜、滋溜滋溜！！」%K%P
力の抜けきった彼女の唇を奪って、\nなりふり構わず舌を絡ませる。%K%P
我夺走她无力的双唇，不顾一切地缠上她的舌头。%K%P
蕩けきった脳の代わりに、\n愛さんへの好意が僕を突き動かしていく――%K%P
对爱小姐的好感，取代了我那已经融化的大脑，驱使着我——%K%P
「んちゅぁっ、んはぁっ……！\n　す、好きっ、ああぁ、好きです、好きぃ……！！」%K%P
「嗯啾啊、嗯哈啊……！喜、喜欢，啊啊啊，我喜欢你，喜欢你……！！」%K%P
「僕もっ、ちゅぁ、好きだっ……！\n　愛さんのことが、んんっ、好きだっっ……！！」%K%P
「我也……啾，喜欢你……！\n　我喜欢……嗯嗯，爱小姐……！！」%K%P
「～～～～っっ！！　んちゅぅぅっっ……！！\n　んちゅっ、ちゅぁっ、ちゅちゅっ、れろろっっ……！！」%K%P
「～～～～！！嗯啾……！！\n　嗯啾、啾啊、啾啾、滋噜噜……！！」%K%P
最後の力を振り絞るように愛さんが\n小さな身体を必死に伸ばして一心不乱に口づけてくれる。%K%P
爱小姐挤出最后的力气，拼命伸展娇小的身躯，一心一意地吻着我。%K%P
はぁはぁ、気持ちいい、幸せだ……！\n愛さんが愛おしすぎてたまらないっ……！！%K%P
哈啊哈啊，好舒服，好幸福……！\n爱小姐实在是太可爱了，我无法自拔……！！%K%P
「ふぁぁああっっ！！　乳首きもちい――イくっ！！\n　んんんんっっ、イくイくイくぅぅっっ……！！」%K%P
「呼啊啊啊啊！！乳头好舒服——要去了！！\n　嗯嗯嗯嗯、去了去了去了……！！」%K%P
「キスっ、キスしてっ、あああっ、\n　思いっきりキスしてくださっ……！！」%K%P
「吻我！吻我！啊啊啊！\n请你用力吻我……！」%K%P
「愛を食べてっ、んぁぁあっ……！！\n　食べちゃうくらい、ふぁぁ、愛してっ……！！」%K%P
「吃下我的爱，嗯啊啊啊……！！\n爱我爱到，呼啊啊，吃下我的爱……！！」%K%P
おちんちんが今にも爆発しそうなくらい膨れあがる。\n愛さんの小さな身体が張り裂けそうなくらい跳ね上がる。%K%P
我的肉棒膨胀到随时都会爆炸。\n爱小姐的娇小身躯也弹跳到几乎要被撑破。%K%P
「――んちゅぅっ！！　んふっ、んっ、んっ、んっ！！\n　れろろぉっ、はぁはぁ、れろっ、れろろっ、ぺろろっ！」%K%P
「——嗯啾！！嗯呼、嗯、嗯、嗯！！\n　舔舔、哈啊哈啊、舔舔、舔舔、舔舔！」%K%P
力いっぱい彼女を抱きしめながら唇を貪る。\n性欲と恋情のままに愛さんの小さな乳首をつねりあげる。%K%P
我用力抱紧爱小姐，贪婪地吸吮她的唇瓣，顺从性欲与爱意捏起她小巧的乳头。%K%P
「んふっ！　んんんっ！　んちゅぁっ、んはぁぁっ！！」%K%P
「嗯呼！嗯嗯嗯！嗯啾啊、嗯哈啊啊！！」%K%P
「イきゅっ、はふぁ、イきゅイきゅイきゅっっ……！！」%K%P
「去了，哈呼啊，去了去了去了……！！」%K%P
「もっひょ押しつけっ、唇押しつけへっ……！！\n　んふぁぁっ――んはぁむっ、れろろっ、れろろっっ！！」%K%P
「再用力一点，把嘴唇压上来……！！\n　嗯呼啊啊——嗯哈啊唔，滋噜噜，滋噜噜！！」%K%P
そして、二人揃って身体を強ばらせた――次の瞬間。%K%P
接着，两人同时绷紧身体——下一瞬间。%K%P
「ん゛ふっ、ん゛んっっ！！\n　ん゛んんんんんんんんんっっっ～～！！！！」%K%P
「嗯呼、嗯嗯！！\n嗯嗯嗯嗯嗯嗯嗯嗯嗯～～！！！！」%K%P
溜まりに溜まった快感をぶちまけるように、\n僕たちは二人揃って激しく絶頂した。%K%P
我们两人同时激烈地高潮，仿佛要将累积许久的快感一口气发泄出来。%K%P
「ぷはっ……！　はぁ、はぁ、はぁ、はぁ……！！」%K%P
「噗哈……！呼、呼、呼、呼……！！」%K%P
「ダ、ダメです……。身体のビクビク、んはぁ……！\n　全然収まりません…………」%K%P
「不、不行……身体的颤抖，嗯哈……！\n完全停不下来…………」%K%P
「はぁはぁ……！　僕も、はぁはぁ……」%K%P
「呼、呼……！我也、呼、呼……」%K%P
唇を離したまま、蕩けきった表情で見つめ合う。%K%P
我们唇瓣相接，用恍惚的表情凝视彼此。%K%P
愛さんの綺麗な顔と身体は、\n僕の精液で真っ白に染まっていた。%K%P
爱小姐美丽的脸庞和身体，被我的精液染成一片白。%K%P
「この間よりも……えへへ。いっぱい出てますよね……。\n　顔にまで、はぁはぁ、ビュービューきて……」%K%P
「比上次……嘿嘿，射了好多出来……\n连脸上都……哈啊哈啊，射了好多……」%K%P
「当たり前だよ……。はぁはぁ……。前とは違うもん。\n　今日は恋人として、エッチしてるんだから……」%K%P
「那当然……呼呼……因为跟之前不一样嘛。\n今天是作为情侣在做爱……」%K%P
「恋人……はぁはぁ、えへへ……」%K%P
「情侣……呼呼，嘿嘿嘿……」%K%P
愛さんが恥ずかしそうに、\nけれど嬉しそうに微笑んでくれる。%K%P
爱小姐露出既害羞又开心的微笑。%K%P
その顔を見ているだけでも、\n再びおちんちんが熱く硬くなった。%K%P
光是看着她的脸，我的肉棒就再次变得滚烫坚硬。%K%P
「愛も……この前とは全然違います……。\n　すごく、はぁはぁ、興奮していて……」%K%P
「爱也……和之前完全不一样……\n　非常，哈啊哈啊，兴奋……」%K%P
「とてもあなたが愛おしくて……。\n　何をされても気持ちよくって……」%K%P
「你让我觉得好可爱……\n不管被你做什么都好舒服……」%K%P
「これが……ふふふ。『愛』なのでしょうか……。\n　不思議な心地です……」%K%P
「这就是……呵呵呵。这就是『爱』吗……\n感觉好不可思议……」%K%P
荒い呼吸を繰り返しながら、\n愛さんが上目遣いに僕を見つめてきてくれる。%K%P
爱小姐一边喘着气，一边抬眼凝视着我。%K%P
今まで感じたことのないほどの性欲が膨らんできて、\nもっともっと愛さんと愛し合いたくて堪らなくなる。%K%P
一股前所未有的性欲油然而生，我好想和爱小姐做更多更多爱爱。%K%P
「……いいですよ？　続き……して下さい」%K%P
「……可以哦？请……继续吧。」%K%P
「もっともっと……知りたいんです。\n　この気持ちのコト……。『愛』のコト……」%K%P
「我……想要知道更多。\n关于这种心情……关于『爱』……」%K%P
「愛の恋人の……コト」%K%P
「关于爱的恋人……的事情。」%K%P
愛さんがグっと僕にもたれかかってくる。\n触れた肌から、彼女のぬくもりが強く伝わってきた。%K%P
爱小姐整个人靠在我身上。\n从肌肤的接触，可以强烈感受到她的体温。%K%P
「僕も知りたい……。愛さんのコト……。\n　僕の恋人のコトをもっともっとよく知りたい」%K%P
「我也想知道……我想更了解爱小姐……更了解我的情人。」%K%P
「もっともっと……愛さんと愛し合いたい」%K%P
「我还想……和爱小姐更加相爱。」%K%P
「えへへ……喜んで」%K%P
「嘿嘿嘿……我很乐意。」%K%P
愛さんが身体を翻して、僕に抱きついてくる。\nそして服のボタンを一つずつ外し始めてくれた。%K%P
爱小姐转过身来抱住我，然后开始一颗一颗地解开我的衣服钮扣。%K%P
僕も同じように彼女の服を脱がしていって\n――お互いに一糸まとわぬ姿になる。%K%P
我也同样脱下她的衣服。\n——彼此都变得一丝不挂。%K%P
「あ……」%K%P
「啊……」%K%P
そのまま愛さんをそっと持ち上げて、\nベッドへ寝転がらせる。%K%P
我轻轻抱起爱小姐，让她躺在床上。%K%P
そんな僕を彼女は嬉しそうにただ受け入れてくれた。%K%P
她只是开心地接受这样的我。%K%P
