………………%K%P
………………%K%P
…………%K%P
…………%K%P
……%K%P
……%K%P
「はぁ、はぁ……！」%K%P
「呼、呼……！」%K%P
猛ダッシュで街中を駆け抜ける。%K%P
我全力冲刺，跑过大街。%K%P
時計を確認すると、待ち合わせの時間を\n大幅に遅刻してしまっていた。%K%P
我确认时钟，发现自己已经大幅迟到。%K%P
ああ、きっと怒ってるだろうな……。\n急がないと……！%K%P
啊啊，她一定很生气吧……\n我得快点……！%K%P
「ごめん、愛さんっ……！\n　はぁはぁ、お待たせ……！」%K%P
「对不起，爱小姐……！呼、呼，让你久等了……！」%K%P
「……遅いです」%K%P
「……好慢。」%K%P
待ち合わせ場所には、\n仏頂面で僕を睨みつけてくる愛さんがいた。%K%P
爱小姐板着一张脸，瞪着我。\n我们约好在车站前碰面。%K%P
「待ち合わせの時間から実に３０分以上の遅刻ですよ？\n　何か申し開きがあるならお聞き致しますが」%K%P
「你可是比约定的时间晚了三十分钟以上哦？\n如果你有什么想辩解的，我倒是可以听一听。」%K%P
「ご、ごめんね。出る直前に清佳ちゃんに\n　紅茶を淹れてって頼まれちゃって。\n　そのまましばらく蛍姿でティータイムを……」%K%P
「对、对不起。清佳在出门前拜托我泡红茶，我就变成萤泡茶……」%K%P
「へぇ……。愛とのデートよりも\n　清佳様を優先なさっていたわけですか」%K%P
「哦……比起和爱约会，您更重视清佳大人吗？」%K%P
「相変わらず浮気性な男ですね？\n　愛は健気にもここでずっと待っておりましたのに」%K%P
「这个男人还是一样花心呢。\n　爱一直在这里等我，真是个坚强的女孩。」%K%P
皮肉交じりに愛さんが小首を傾げて明るく言ってくる。\nうぅ、やっぱり怒ってるみたいだ。%K%P
爱小姐语带讽刺地歪着头，开朗地说道。\n呜呜，她果然生气了。%K%P
「ほ、本当にごめんね。でも、蛍と一緒に\n　紅茶を飲みたいって言われると断れなくて……」%K%P
「真、真的很抱歉。可是，她说想和萤一起喝红茶，我实在无法拒绝……」%K%P
「……清佳様に負い目を感じているのはわかりますが。\n　だからと言って愛を蔑ろにするとは良い度胸です」%K%P
「……我明白您对清佳大人感到内疚，但您竟然因此轻视爱，真是好大的胆子。」%K%P
「おかげで３０分も無駄にしてしまいました。\n　なんのためにお休みを頂いたのだかわかりませんね」%K%P
「结果浪费了三十分钟。\n真不知道我为什么要请假。」%K%P
「お、遅れた分しっかり楽しませるから……！\n　本当にごめんね？」%K%P
「我、我会连迟到的份一起好好享受的……！\n真的很抱歉哦。」%K%P
「……ふふ。言いましたね？\n　つまらないデートをしてくれたら許しませんよ？」%K%P
「……呵呵，你说了哦？\n要是约会内容无聊，我可不会原谅你哦？」%K%P
そう言って、愛さんが僕の身体を抱き寄せてくる。%K%P
爱小姐这么说着，将我拥入怀中。%K%P
「さぁ、行きましょう。\n　今日は行きたい場所がたくさんあるんです」%K%P
「好了，我们走吧。\n今天有很多想去的地方。」%K%P
「わわっ。そんなに引っ張らなくても大丈夫だよ」%K%P
「哇哇！不用拉得那么用力啦！」%K%P
「もう３０分以上も無駄にしているんです。\n　１分１秒が勿体ないじゃないですか」%K%P
「已经浪费了三十分钟以上。\n每一分钟每一秒都很宝贵不是吗？」%K%P
愛さんが僕を引っ張って行く。\nふふ、この間とは真逆だなぁ。%K%P
爱小姐拉着我往前走。\n呵呵，和上次完全相反呢。%K%P
「……む。何を笑っておられるのですか？」%K%P
「……唔，你在笑什么？」%K%P
「はしゃぐ愛さんが可愛くて」%K%P
「因为爱小姐兴奋的模样很可爱。」%K%P
「～～っっ。あ、あなたはまたそういう……！\n　別に、はしゃいじゃいませんし……！」%K%P
「～～！你、你又在胡说八道了……！我、我才没有兴奋呢……！」%K%P
愛さんが顔を赤くしながらほっぺを膨らませる。\nそうやって照れる姿もすごく可愛らしかった。%K%P
爱小姐红着脸，鼓起脸颊。\n她害羞的模样也十分可爱。%K%P
「あなたこそ……その。内心ではしゃいでるんじゃ\n　ないですか？　可愛い、か、かか、彼女に腕組まれて」%K%P
「你才是……那个，内心应该很兴奋吧？被可爱的女、女女、女朋友挽着手臂。」%K%P
「そうだね。すっごくはしゃいでるよ？」%K%P
「是啊。她非常兴奋哦。」%K%P
「～～っっ！　ですから否定して下さい……！\n　ツッコミ待ちしてるんですよ、こっちは……！」%K%P
「～～！就说了请否定一下啊……！\n我可是等着你吐槽耶……！」%K%P
「だって本当に嬉しいんだもん」%K%P
「因为我真的很高兴嘛。」%K%P
「ふ、ふんだ……。そんな言葉に騙されません。\n　愛を長々と待たせたクセに……」%K%P
「哼、哼……我才不会被你骗呢。\n你明明让爱等了那么久……」%K%P
照れ隠しするように愛さんがプイと顔を逸らす。%K%P
爱小姐像是在掩饰害羞似地撇过头去。%K%P
だけど逸らした顔とは裏腹に、\n僕の腕を抱く力はさっきよりも強くなっていた。%K%P
然而，与她别过头去的举动相反，她抱住我手臂的力道变得比刚才更强了。%K%P
こういう天邪鬼なところが本当に可愛い。%K%P
这种爱闹别扭的地方真的很可爱。%K%P
「待たせちゃったのは本当にごめんね？\n　代わりに今日は一日中付き合うから」%K%P
「抱歉让你久等了，今天我会陪你一整天来补偿你。」%K%P
「当たり前です。こっちはわざわざ今日のために\n　お休みまで取っているのですから」%K%P
「那当然。我可是为了今天特地请假呢。」%K%P
「朝から夜まで……一日中\n　愛に時間を使ってもらわないと困ります。\n　普段は清佳様に取られてばかりですし」%K%P
「从早到晚……一整天。\n　如果不把时间用在爱身上，我会很困扰的。\n　平常总是被清佳大人抢走。」%K%P
「清佳様と話している時のあなたはあなたで……\n　なんだかデレデレしちゃってますし」%K%P
「和清佳大人说话时的你也是你……\n感觉好像很害羞。」%K%P
「し、してないよ。清佳さんと話す時はいつも蛍姿だし。\n　あくまで親友として接してるだけだから……！」%K%P
「才、才没有呢。我和清佳小姐说话时都是萤的样子。\n我只把她当成挚友看待……！」%K%P
愛さんと付き合ってから既に数週間。\n未だに僕はお屋敷にいる時は蛍姿で過ごしていた。%K%P
和爱小姐交往后已经过了好几个礼拜，我到现在还是只能在宅邸里维持萤的模样。%K%P
正体を明かしてもなお蛍を大切に想ってくれる\n清佳ちゃんのためだ。%K%P
即使知道我的真实身份，依然很珍惜萤。\n为了清佳。%K%P
その時ばかりは僕も春樹であることを忘れて、\n清佳ちゃんの親友である蛍であることに徹している。%K%P
只有在这种时候，我才会忘记自己是春树，彻底扮演清佳的好友小萤。%K%P
それがきっと、彼女を騙し続けていた僕にできる、\n唯一の罪滅ぼしだから。%K%P
因为，这肯定是欺骗了她许久的我，唯一能做的赎罪。%K%P
「だとしても……清佳様に構い過ぎです。\n　愛との時間ももっと大切にして欲しいですね」%K%P
「就算是这样……你也太在意清佳大人了。\n我希望你能更珍惜与我相处的时间。」%K%P
「清佳様も清佳様で未だに蛍様とのデートの相談とか\n　してきますし。愛から寝取るつもり満々じゃないですか」%K%P
「清佳大人也一样，到现在还会找我商量和萤大人的约会行程，摆明了就是想从我身边抢走萤大人嘛。」%K%P
「そ、そんな相談されてるんだ」%K%P
「她、她找你商量这种事啊。」%K%P
「はい。清佳様の中ではあなたと蛍様は今も別人なので。\n　『蛍は私がもらうわよ』とか言われてます」%K%P
「是的。在清佳大人的心中，您和萤大人现在仍是不同的人，所以她对我说『萤就由我来接收咯』。」%K%P
……確かに正体を明かした後も何も変わってないもんね。\nそれはそれで有り難いことなんだけど……。%K%P
……的确，即使我表明身份，她也没有任何改变。\n虽然这样也满令人感激的……%K%P
「ちょっぴり――いいえ、かなり不安です。\n　あなたは浮気性のドスケベ男ですから」%K%P
「有一点——不，是非常不安。\n因为你是个花心大色狼。」%K%P
「清佳様に押し倒されたら最後……\n　そのまま心変わりしちゃいそうで」%K%P
「如果被清佳大人推倒的话……\n感觉就会就这样改变心意。」%K%P
「し、しないってば」%K%P
「我、我才不会那样。」%K%P
「信用できません。今日も遅れてきましたし」%K%P
「我没办法相信你。毕竟你今天也迟到了。」%K%P
ヤキモチを妬いているのか、\n愛さんがつーんと不機嫌そうに言ってくる。%K%P
爱小姐似乎在吃醋，不悦地说道。%K%P
だけど、そんな姿も可愛く思えてしまうのだから、\n僕は相当彼女に惚れちゃっているんだろう。%K%P
不过，就连这样的她也让我觉得可爱，看来我真的很迷恋她。%K%P
「……あんまり愛を放っておくと、\n　他の男に乗り換えちゃいますよ？」%K%P
「……要是放着爱不管，她可是会移情别恋哦？」%K%P
「愛はこう見えてチョロいんです。\n　他の良い男にナンパされたら\n　ホイホイついていってしまうかもしれません」%K%P
「别看爱这样，其实很好骗的。\n要是有其他好男人来搭讪的话——\n说不定就会傻傻地跟对方走了。」%K%P
「それは困るよ……！」%K%P
「那可就伤脑筋了……！」%K%P
「なら……。もっとしっかり捕まえていて下さい。\n　愛に優しくして、あなたにもっと恋させて下さい」%K%P
「那么……请你更紧紧地抓住我。\n请你对爱温柔一点，让爱更爱你。」%K%P
愛さんが僕を抱き寄せながら上目遣いにそう言ってくる。\nその言葉に、仕草に、ドキドキが止まらない。%K%P
爱小姐抱着我，抬眼看着我这么说。\n她的话语和动作，让我心跳加速。%K%P
それに――%K%P
而且——%K%P
「ふふ」%K%P
「呵呵。」%K%P
「で、ですから、どうしてそこで笑うんですか」%K%P
「所、所以说，为什么这时候要笑呢？」%K%P
「だって愛さん。いつかと真逆のこと言ってるから」%K%P
「因为爱小姐说的话和之前完全相反啊。」%K%P
「少し前は、愛のことは放っておいてって。\n　恋させないでって言ってきたのに」%K%P
「不久之前，你明明还叫我别管爱，不要让她谈恋爱。」%K%P
「う、うるさいですね。愛に惚れたのは\n　そっちじゃないですか」%K%P
「你、你很啰唆耶。爱上爱的\n　不就是你吗？」%K%P
「うん……そうだね。\n　だから他の男の人に取られるのは嫌だな」%K%P
「嗯……是啊。\n所以我不希望她被其他男人抢走。」%K%P
「ふぁ……」%K%P
「呼啊……」%K%P
愛さんにそっと身を寄せる。\nすると愛さんは照れたように顔を赤くした。%K%P
我悄悄地将身体靠向爱小姐，结果她害羞地红了脸。%K%P
「ちゃんと、ふふ。捕まえておくね？」%K%P
「呵呵，我会好好抓住你的。」%K%P
「……そ、そうして下さい……」%K%P
「……请、请帮我擦……」%K%P
蚊の鳴くような声で呟く彼女が\n愛おしくてたまらない。%K%P
她用蚊子叫般的声音低语，那模样让我觉得可爱得不得了。%K%P
ずっとずっと大切にしていきたいと思う。%K%P
我想永远珍惜她。%K%P
「それで今日は何をしよっか？\n　どこか行きたい場所はある？」%K%P
「那今天要做什么呢？\n你有想去的地方吗？」%K%P
「と、とりあえず服を買ってみたいです……！\n　あとペットショップにもまた行ってみたくて。\n　それと甘いものもたくさん食べたいです……！」%K%P
「总、总之我想买衣服……！\n还有我想再去一次宠物店。\n还有我想吃很多甜食……！」%K%P
「ふふ。わかった。時間はたっぷりあるし、\n　行きたいところ全部回ってみよう？」%K%P
「呵呵，我知道了。反正时间很多，我们就把想去的地方全部逛一遍吧？」%K%P
「はいっ」%K%P
「是！」%K%P
愛さんも変わったなぁ。%K%P
爱小姐也变了呢。%K%P
この間は何事にも興味なさそうにしていたのに。\nこんなにも楽しそうに僕を引っ張り回すようになって。%K%P
明明之前对任何事都兴趣缺缺，现在却这么开心地拉着我到处跑。%K%P
「……あなたが変えてくれたんですよ？」%K%P
「……是你改变了我哦？」%K%P
「え？」%K%P
「咦？」%K%P
「ですから……あなたが愛を変えてくれたんです」%K%P
「所以说……是你改变了爱。」%K%P
「ずっと自分に嘘をついて何事にも興味のないフリを\n　していた愛を、あなたが変えてくれました」%K%P
「你改变了总是对自己说谎，假装对任何事都不感兴趣的爱。」%K%P
「自分のことなんか諦めきっていた愛を……\n　あなたが救ってくれたんです」%K%P
「是你拯救了……\n已经放弃自己的爱。」%K%P
「そう言ってもらうと……なんだか照れるかも」%K%P
「听你这么说……总觉得有点害羞。」%K%P
「でも、僕だけじゃないよ？　お姉ちゃんも\n　清佳さんも愛さんのことを思ってるんだから」%K%P
「不过，不只是我哦？姐姐和清佳姐也都很关心爱小姐。」%K%P
「それは重々承知しています。\n　だけど……あなたはその中でも特別です」%K%P
「这我非常清楚。\n不过……你在这当中也是特别的。」%K%P
すると愛さんは、ふっと表情を緩ませて――%K%P
爱小姐闻言，表情突然放松下来——%K%P
「なんと言っても……ふふ。\n　あなたは愛の彼氏さんなんですから」%K%P
「不管怎么说……呵呵，你都是人家的男朋友嘛。」%K%P
「愛さん……」%K%P
「爱小姐……」%K%P
「えへへ……。愛に恋を教えたこと、\n　後悔させてあげますからね？」%K%P
「欸嘿嘿……我会让你后悔教爱谈恋爱的哦？」%K%P
「清佳様なんかメじゃないくらい、\n　愛にもっともっと惚れさせてやりますから」%K%P
「我会让你更、更、更迷恋上爱，让你觉得清佳大人根本不算什么。」%K%P
「こう見えて愛はチョロい上に、一度惚れてしまったら\n　デレデレになってしまう女の子らしいです。\n　……こうなった愛は中々に面倒臭いですよ？」%K%P
「别看爱这样，其实爱很好哄，而且只要一迷恋上对方，就会变得很粘人，很像女孩子会有的反应……变成这样的爱可是很麻烦的哦？」%K%P
「ふふふ。望むところだよ」%K%P
「呵呵呵，正合我意。」%K%P
明るい笑顔で笑いかけてくれる彼女を見て、\n僕も自然と笑顔が漏れてしまう。%K%P
看到她对我露出开朗的笑容，我也自然地跟着笑了。%K%P
後悔なんて絶対にしないだろう。\n僕はいつまでもこの笑顔を眺めていたい。%K%P
她绝对不会后悔吧。\n我想一直看着她的笑容。%K%P
「えへへ……」%K%P
「嘿嘿嘿……」%K%P
「どうしたの？」%K%P
「怎么了？」%K%P
「幸せだなぁって思いまして……。\n　あなたと歩いてるだけでも心がポカポカします」%K%P
「我觉得好幸福哦……\n光是跟你走在一起，我的心就暖洋洋的。」%K%P
「今なら愛にもハッキリわかります。\n　これが、恋なんだって……」%K%P
「现在爱也清楚明白了。\n这就是恋爱……」%K%P
愛さんが真っ直ぐ僕を見て微笑みかけてくれる。%K%P
爱小姐直视着我，对我露出微笑。%K%P
「大好き……ですよ？　えへへ……愛してます」%K%P
「最喜欢……你了哦？欸嘿嘿……我爱你。」%K%P
「これからも、愛をよろしくお願いしますね？」%K%P
「今后也请多多关照爱哦？」%K%P
愛さんがぎゅっと僕に抱きついてきてくれる。%K%P
爱小姐紧紧地抱住我。%K%P
僕はそんな彼女を抱きしめ返した。%K%P
我也紧紧地抱住她。%K%P
