………………%K%P
………………%K%P
…………%K%P
…………%K%P
……%K%P
……%K%P
「はぁ……」%K%P
「唉……」%K%P
「どうしてこんなことに……」%K%P
「为什么会变成这样……」%K%P
「まぁまぁいいじゃない。\n　せっかくだから一日楽しもうよ」%K%P
「哎呀，有什么关系嘛。\n难得有这个机会，就开心地玩一整天吧。」%K%P
――数日後の休日。\n僕は愛さんと繁華街に来ていた。%K%P
——几天后的假日，我和爱小姐一起来到闹区。%K%P
愛さんも僕と二人きりということもあってか、\nいつもみたいにキャラ作りして接してこない。%K%P
或许是因为只有我和爱小姐两个人，她不像平常那样装模作样。%K%P
何故こんなことになったかと言うと――%K%P
要说为什么会变成这样——%K%P
「えっ！？　デ、デート……！？」%K%P
「咦！？约、约会……！？」%K%P
「ええ。デートよ、デート。\n　何かしてあげたいって言うのならデートしてあげて？」%K%P
「没错，约会，约会。\n如果想为她做点什么，就带她去约会吧？」%K%P
「遊園地の下見に付き合ってくれたことがあったでしょ？\n　あんな感じでいいから愛と遊んであげて欲しいの」%K%P
「你不是陪我去游乐园踩点吗？\n我希望你能像那样陪爱玩。」%K%P
「あの子も私と同じで、ううん、それ以上に\n　年頃らしい遊びをしたことがないはずだから」%K%P
「她和我一样，不，她应该比我更没有玩过符合年纪的游戏。」%K%P
「そっか……。ずっと清佳さんのお付きをしてるもんね」%K%P
「这样啊……她一直跟在清佳小姐身边呢。」%K%P
「ええ。たまの休みも勉強ばかりしているしね。\n　仕事しか知らない弊害なのだろうけど」%K%P
「是啊。连放假都在念书。\n虽然这是只知道工作的弊病。」%K%P
「だから普通の女の子みたいに遊んであげて欲しいの。\n　私のいないところで伸び伸びさせてあげたくて」%K%P
「所以，我希望你能像对待普通女孩一样陪她玩。\n我想让她在没有我的地方自由自在地成长。」%K%P
「手はずはこちらで整えるから、\n　あなたは休日の予定だけ空けておいて？」%K%P
「我会安排好一切，你只要把假日空下来就好。」%K%P
「まぁでも……蛍が許してくれればだけどね？\n　あなたと愛が二人きりだとヤキモチ焼いちゃうかもだし」%K%P
「不过……如果萤允许的话啦？\n你和爱独处的话，我可能会吃醋。」%K%P
――無論、後日清佳ちゃんから\n蛍姿の時に話が来た時は二つ返事で頷いた。%K%P
——当然，之后清佳以萤姿态来拜访时，我二话不说就答应了。%K%P
愛さんには色仕掛け作戦の一環として、\n休日に僕と遊ぶように命令したらしい。%K%P
爱小姐似乎命令她假日要和我一起玩，这是色诱作战的一环。%K%P
後は僕が愛さんに休日を\n満喫してもらえるようエスコートするだけだ。%K%P
接下来，我只要好好护送爱小姐，让她充分享受假日就行了。%K%P
もちろん。愛さんにはその目的が\nバレないように気を付けて――%K%P
当然，我必须小心别让爱小姐发现我的目的——%K%P
「で……清佳様と組んで愛に何をさせたいのですか？\n　また愛にこんな似合わない服まで着せて」%K%P
「那么……您想让爱和清佳大人一起做什么呢？\n竟然还让爱穿上这么不适合的衣服。」%K%P
「えっ！？　べべべ、別に組んでなんて……！」%K%P
「咦！我我我、我没有跟任何人联手……！」%K%P
「あなた……ずっと女装の秘密を隠してきた割に、\n　嘘が苦手ですよね。清佳様もですけど」%K%P
「你……虽然一直隐瞒女装的秘密，却很不会说谎呢。清佳大人也是。」%K%P
「おおよその察しはついてます。愛を遊びに連れて\n　行ってあげてとでも清佳様に頼まれたのでしょう？」%K%P
「我大概猜得到。是清佳大人拜托你带爱出去玩的吧？」%K%P
「うっ……！」%K%P
「呜……！」%K%P
「やはりそうでしたか。余計なお世話です」%K%P
「果然是这样吗？真是多管闲事。」%K%P
「愛と遊ぶ暇があるなら、\n　蛍になって清佳様と遊んであげて下さい」%K%P
「如果有空陪我玩，\n　请变成萤陪清佳大人玩吧。」%K%P
「そ、そう言わずに。清佳さんも心配してたよ？\n　愛さんにもっと自由を謳歌して欲しいって」%K%P
「别、别这么说嘛。清佳小姐也很担心你哦？\n她希望爱小姐能更加歌颂自由。」%K%P
「別に愛は今の生活に不満はありませんから。\n　愛より清佳様を優先して下さい」%K%P
「爱对现在的生活并没有任何不满。\n请以清佳大人为优先。」%K%P
とりつく島もない。%K%P
完全不给台阶下。%K%P
そう言えば清佳ちゃん、\n愛さんのことを意固地だって言ってたなぁ。%K%P
这么说来，清佳曾经说过爱小姐很固执呢。%K%P
「そもそもこんな場所で何をするというのですか？」%K%P
「话说回来，你们在这种地方做什么？」%K%P
「色々あるじゃない。ショッピングとか、食べ歩きとか。\n　あ、ゲームセンターに行ったりとか」%K%P
「有很多事可以做啊。逛街购物、边走边吃之类的。\n啊，还可以去电子游乐场。」%K%P
「興味ありません。そんなことなんの役にも立たない\n　じゃないですか。それなら勉強の一つでもしていた\n　方がマシです」%K%P
「没兴趣。那种东西又不能当饭吃，\n　不是吗？既然如此，还不如多念点书。」%K%P
「無駄なことに時間を費やすより、\n　もっと有意義なことに時間を使うべきですよ」%K%P
「与其把时间浪费在无谓的事情上，还不如把时间用在更有意义的事情上。」%K%P
「……ふふっ……」%K%P
「……呵呵……」%K%P
「？？？　何を笑っているのですか」%K%P
「？？？你在笑什么？」%K%P
「ふふ、ごめん。清佳さんと初めて出会った時に、\n　同じような台詞を清佳さんも言ってたなぁって思って」%K%P
「呵呵，抱歉。我想到第一次遇见清佳小姐时，她也说过类似的话。」%K%P
「愛さんって、ちょっぴり清佳さんに似てるね？\n　遊びたいなら遊びたいって言えばいいのに」%K%P
「爱小姐跟清佳小姐有点像呢？\n　想玩的话，直接说想玩就好了啊。」%K%P
「で、ですから愛は――」%K%P
「所、所以爱——」%K%P
「――とにかく行こうっ？\n　じっとしてても仕方ないしっ」%K%P
「——总之我们走吧？\n一直待在这里也不是办法。」%K%P
「ひゃっ！？」%K%P
「呀！？」%K%P
愛さんの小さな手を握って、\n街中へ駆け出していく。%K%P
我握着爱小姐的小手，冲向大街。%K%P
「やっぱり俺は簡単には割り切れないから。\n　あの日のお返しだと思って一日付き合ってよっ」%K%P
「我还是没办法轻易放下。\n你就当作是回礼，陪我一天吧。」%K%P
「何度も言いますがそんな必要は……！\n　というかどこへ向かっているんですっ？」%K%P
「我说过很多次了，没有那个必要……！\n应该说，我们到底要去哪里？」%K%P
「何も考えてないっ」%K%P
「我什么都没想！」%K%P
「～～っっ！　もう……！\n　どうして愛の周りはこう鳥頭が多いのですか……！」%K%P
「～～！真是的……！\n为什么爱的身边有这么多鸟脑啊……！」%K%P
嫌がるような言葉とは裏腹に、\n愛さんは僕の歩みにおっかなびっくり付いてくる。%K%P
爱小姐嘴上虽然这么说，却还是战战兢兢地跟在我身后。%K%P
興味ないって言ってたけど、\nやっぱり遊んでみたい気持ちはあるみたいだ。%K%P
虽然她说没兴趣，但果然还是想玩玩看。%K%P
なら――今日は心ゆくまで楽しんでもらおう。%K%P
那么——今天就让她好好享受一番吧。%K%P
あの日の借りを返したいという気持ち以上に、\nたまには仕事を忘れて愛さんにはしゃいでもらいたい。%K%P
比起想报那天的一箭之仇，我更希望爱小姐能暂时放下工作，和我一起玩。%K%P
「見て見て愛さん。ペットショップだよ？\n　愛さんは飼ってみたい動物とかいる？」%K%P
「爱小姐，你看你看，是宠物店耶！爱小姐有想养的动物吗？」%K%P
「いません。清佳様のお世話だけでも大変なのに、\n　ペットの世話までしていられませんから」%K%P
「没有。光是照顾清佳大人就已经很辛苦了，我没办法再照顾宠物。」%K%P
「じゃあ、犬派？　猫派？\n　飼うこと考えずに言ってくれていいからさ」%K%P
「那么，你是狗派？还是猫派？\n不用考虑养不养的问题，直接说就好。」%K%P
「そんなのどちらでもいいではありませんか。\n　愛が犬派か猫派かを知ってどうするんです？」%K%P
「那种事情怎样都无所谓吧？\n知道我是狗派还是猫派又能怎样？」%K%P
「いいじゃない。教えてよ。\n　ちなみに俺は犬も猫も好きだなぁ」%K%P
「有什么关系，告诉我嘛。\n顺带一提，我不管猫狗都喜欢。」%K%P
「自分で二択の質問をしておいて、\n　まさか第三の選択肢を選ぶとは……はぁ。\n　本当に適当ですね……」%K%P
「自己问人家二选一的问题，\n　竟然选了第三个选项……唉，\n　真的很随便呢……」%K%P
愛さんが面倒臭そうにため息をこぼす。\nけれど僕はめげずに話しかけ続けた。%K%P
爱小姐一脸厌烦地叹了口气。\n但我没有气馁，继续向她搭话。%K%P
「愛は……そうですね。どちらかというと犬派です。\n　忠犬っぷりは使用人の仕事に通じるところがありますし」%K%P
「爱嘛……要说的话，是狗派的。\n忠犬的特质跟佣人的工作有共通之处。」%K%P
「そうなんだ？　なんだか愛さんって猫っぽいのに」%K%P
「是这样吗？总觉得爱同学明明就很像猫。」%K%P
「愛が猫っぽいですか？」%K%P
「爱像猫吗？」%K%P
「うん。マイペースで自由気ままで\n　清佳さんにも慇懃無礼だし」%K%P
「嗯。我行我素又自由奔放。\n　对清佳小姐也是表面上客客气气，实际上却很不客气。」%K%P
「む……。あれは愛なりの処世術ですよ。\n　全部、あえてやっていることです」%K%P
「唔……那是爱的处世之道哦。\n全部都是故意的。」%K%P
「ふふ、そういう素直じゃないところも猫っぽい。\n　隠れてこっそり尻尾フリフリしてそう」%K%P
「呵呵，这种不坦率的地方也很像猫。\n感觉会偷偷地摇着尾巴。」%K%P
「っっ。ケンカ売ってますかっ？\n　売ってますよね？　買いますよ？」%K%P
「……你是在挑衅吗？\n　你是在挑衅吧？我接受哦？」%K%P
「売ってないってば。――あ、店員さんに言えば、\n　抱かせてもらえるらしいよ。猫ちゃん抱いてみる？」%K%P
「就说没有卖了嘛——啊，不过店员说只要跟他们说一声，就可以抱抱看哦。你要抱抱看吗？」%K%P
「だ・き・ま・せ・ん！」%K%P
「我、不、要！」%K%P
「すみません、店員さーん」%K%P
「不好意思，店员先生～」%K%P
%XS20「愛の話聞いてます！？」%XE%K%P
「你有在听我说爱的故事吗！？」%K%P
「はい。どうぞ。逃がさないように気を付けてね？」%K%P
「来，请用。小心别让她逃掉哦。」%K%P
「ひゃっ……！」%K%P
「呀……！」%K%P
ケージから出してもらった猫ちゃんを\n愛さんの腕にそっと乗せる。%K%P
我将从笼子里放出来的小猫，轻轻放在爱小姐的手臂上。%K%P
「ふにゃ～……」%K%P
「呼喵～……」%K%P
「あ……ふふ。可愛い……」%K%P
「啊……呵呵，好可爱……」%K%P
文字通り猫撫で声を上げる猫ちゃんを\n愛さんが優しくよしよしと撫でる。%K%P
爱小姐温柔地抚摸着发出撒娇声的小猫。%K%P
「んにゃ、ふにゃぁ……」%K%P
「嗯、呼喵……」%K%P
「猫のクセして人懐っこいじゃないですか。\n　ふふ、もっと撫でて欲しいんですか？」%K%P
「明明是猫，却很亲人呢。\n呵呵，还想被摸摸吗？」%K%P
「にゃぁ～！」%K%P
「喵～！」%K%P
「ふふふ。甘えた声を出せば撫でてもらえると\n　思っているようですね。でも簡単には撫でません」%K%P
「呵呵呵，你似乎以为只要发出撒娇的声音，我就会摸摸你的头，不过我不会轻易摸你的。」%K%P
「にゃっ！？」%K%P
「什么！？」%K%P
「もっと……ふふふ。甘えてきたら考えてあげます。\n　ほら。さっきみたいに可愛い声で鳴いたらどうです？」%K%P
「再……呵呵呵，再撒娇一点的话，我再考虑看看。\n来，像刚才那样用可爱的声音叫叫看吧？」%K%P
「ふにゃぁ～……。んにゃあ～……」%K%P
「呼喵～……嗯喵～……」%K%P
「ふふふ、良い気分です。\n　いいでしょう。ご褒美に撫でてあげます」%K%P
「呵呵呵，感觉真好。\n　好吧，就让我摸摸你当作奖励。」%K%P
楽しげな笑みを浮かべながら愛さんが猫を愛でる。%K%P
爱小姐露出开心的笑容，抚摸着猫咪。%K%P
「なーんだ。やっぱり抱きたかったんじゃない」%K%P
「什么嘛，你果然还是想抱她啊。」%K%P
「～～っっ！？　愛としたことが……！\n　お返しします……！　興味ありませんし……！」%K%P
「～～！？爱真是的……！\n还给你……！反正爱没兴趣……！」%K%P
「いいよいいよ。照れなくたっていいじゃない」%K%P
「没关系啦，不用害羞啊。」%K%P
「照れてませんから……！」%K%P
「我才没有害羞……！」%K%P
顔を真っ赤にしながら愛さんが店員さんに猫を返す。%K%P
爱小姐满脸通红地将猫还给店员。%K%P
ホントに、あまのじゃくだなぁ。\nでも今まで見たことのない愛さんの姿を見られて新鮮だ。%K%P
她真的很口是心非呢。\n不过，能看见爱小姐过去未曾展现的一面，感觉很新鲜。%K%P
「む……その目、めちゃくちゃ気に入らないです。\n　愛を上から目線で子供扱いしてますよね？」%K%P
「唔……你的眼神，我超级不爽的。\n你把爱当成小孩子，高高在上地对待对吧？」%K%P
「そんなことないよ。\n　ただ可愛いところもあるなぁって思ってただけ」%K%P
「没那回事哦。\n我只是觉得你也有可爱的地方。」%K%P
「っっ。それが上から目線だと言っているんです。\n　愛にペニスを扱かれてヒンヒン鳴いてた男のクセに」%K%P
「唔，这就是所谓的高高在上吧。\n明明是个被爱玩弄阴茎，还发出淫叫的男人。」%K%P
「～～っっ！？　ちょっと……！\n　こんな場所で何言ってるの……！！」%K%P
「～～！？等一下……！\n　你在这种地方说什么啊……！！」%K%P
「ふんだ。あなたが愛を辱めるからですよ」%K%P
「哼，还不都是你污辱了爱。」%K%P
「愛は人をバカにするのは好きですが、\n　人からバカにされるのは嫌いなんです」%K%P
「爱虽然喜欢愚弄别人，但是不喜欢被别人愚弄。」%K%P
「バカにしたわけじゃないってばっ」%K%P
「我不是在取笑你啦！」%K%P
「愛を見てほくそ笑んでいたではありませんか。\n　言っておきますけど、あなたを辱めることくらい、\n　愛には朝飯前なんですよ？」%K%P
「你不是看着爱窃笑吗？\n告诉你，羞辱你这种小事，\n对爱来说根本是家常便饭哦？」%K%P
「例えば、こんな風に――」%K%P
「例如像这样——」%K%P
すると愛さんはおもむろに僕の腕に抱きついてきて――%K%P
爱小姐缓缓地抱住我的手臂——%K%P
「ね、せーんぱい。愛はペットを可愛がるよりもぉ……。\n　先輩を可愛がってあげたいなぁ？」%K%P
「呐，学长。与其疼爱宠物……\n爱更想疼爱学长呢。」%K%P
これ見よがしに身体を押し当てながら、\n愛さんが上目遣いで甘く囁いてくる。%K%P
爱小姐一边刻意地将身体贴上来，一边由下往上地望着我，以甜美的声音低语：%K%P
この角度だと、小さなお胸がチラりと見えかけて――%K%P
从这个角度，可以隐约看到她那小小的胸部——%K%P
「あ……ふふ。どーこ見てるんですか？\n　先輩の……エッチ……」%K%P
「啊……呵呵。你在看哪里啊？\n学长……色狼……」%K%P
「～～っっ！　みみみ、見てない……！\n　何も見てないってば……！！」%K%P
「～～！没没没、没看见……！\n　我什么都没看见啦……！！」%K%P
「耳まで真っ赤ですよぉ～……？\n　やっぱり先輩は照れてる方が可愛いですね♪」%K%P
「连耳朵都红通通的了～……？\n学长害羞的样子果然很可爱呢♪」%K%P
「でも、ホント浮気性です。\n　清佳様を好きなのに愛のおっぱいを覗こうとして」%K%P
「不过，您真的很花心呢。\n明明喜欢清佳大人，却想偷看爱的胸部。」%K%P
「ち、違うんだってば……！\n　身長差的に目に入っちゃっただけで……！」%K%P
「不、不是啦……！\n只是因为身高差距，不小心看到而已……！」%K%P
「ふーん？　見てるじゃないですか」%K%P
「哦？你不是在看吗？」%K%P
「あ――！」%K%P
「啊——！」%K%P
「……とんだスケベ男ですね？\n　煩悩まみれのド変態クソ野郎です」%K%P
「……真是个大色狼呢？\n是个充满烦恼的超级变态混账家伙。」%K%P
「ご、ごめんなさい……！\n　でも、えと……！」%K%P
「对、对不起……！\n可是，呃……！」%K%P
焦っていると愛さんがふと僕から身体を離した。\nそして素に戻って話し始める。%K%P
就在我感到焦急时，爱小姐忽然放开我，恢复原本的模样，开始说道：%K%P
「ふふ。そら言ったとおりでしょう？\n　あなたを辱めるくらい朝飯前です」%K%P
「呵呵，我说过了吧？\n　羞辱你对我来说根本是小菜一碟。」%K%P
「ちょーっと胸チラさせただけで、\n　すぐ赤面しちゃうんですから」%K%P
「只是稍微露一下胸部，马上就脸红了。」%K%P
「～～っっ！　もしかしてわざとだったのっ？\n　そういうことされても困るよ……！」%K%P
「～～！难道你是故意的吗？\n　你这样会让我很困扰耶……！」%K%P
「その割にはガン見していたじゃないですか。\n　そんなことだから愛は不安なんですよ？\n　勃起して清佳様に正体バレるかもしれないって」%K%P
「话虽如此，您不是一直盯着我看吗？\n就是因为这样，爱才会感到不安哦？\n因为勃起的话，或许会被清佳大人发现真实身份。」%K%P
「う……。ごめんなさい……」%K%P
「呜……对不起……」%K%P
「ふふふ。しょんぼりする顔も可愛いですね。\n　やっぱり春樹さんはイジメ甲斐がありますよ」%K%P
「呵呵呵，你沮丧的表情也好可爱。\n欺负你果然很有成就感。」%K%P
「イジメ甲斐って……」%K%P
「欺负起来有成就感……」%K%P
「決めました。せっかくですし、\n　春樹さんを一日からかって遊ぶことにします。\n　からかわれるのは癪ですし」%K%P
「我决定了。机会难得，我要捉弄春树同学一整天。\n因为被捉弄很令人不爽。」%K%P
「ええっ！？　ど、どういうこと……！？」%K%P
「咦咦！？这、这是怎么回事……！？」%K%P
「どういうことって――……」%K%P
「你问我什么意思——……」%K%P
そうして再び愛さんが身を寄せてくる。%K%P
爱小姐再次将身体靠了过来。%K%P
「こうやって……ふふ。先輩をドキドキさせながら、\n　一日過ごそうかなーっていう意味ですよ？」%K%P
「就是像这样……呵呵，让学长心跳加速，度过一整天的意思哦？」%K%P
「っっ。それは――」%K%P
「唔唔，这个嘛——」%K%P
「――困るとか言わないですよね？\n　誘ってきたのは先輩の方なんですから♪」%K%P
「——你可别嫌我烦哦？\n　毕竟是学长先开口的嘛♪」%K%P
「よく考えればこれはこれで社会勉強にもなりますしぃ。\n　リサーチがてら先輩とデートするのも悪くないです」%K%P
「仔细想想，这也可以当成社会学习呢～\n和学长约会兼做市场调查也不错。」%K%P
「デ、デートっ？」%K%P
「约、约会？」%K%P
「あれあれ？　デートじゃなかったんですかぁ？\n　エッチしてあげたお礼にデートしてくれるんですよね？」%K%P
「奇怪奇怪？不是要约会吗？\n我帮你做了色色的事，所以你要跟我约会对吧？」%K%P
「だから公衆の面前でそういうこと言わないでって！」%K%P
「就叫你别在大庭广众之下讲这种话了！」%K%P
「ふふふ。愛、甘いスイーツとか食べたいなぁ～。\n　あ、ゲームセンターも行ってみたいですぅ～」%K%P
「呵呵呵，爱想吃甜点～\n啊，也想去游乐场～」%K%P
悪戯っぽく愛さんが笑ってからかってくる。%K%P
爱小姐露出恶作剧般的笑容调侃我。%K%P
ま、まぁ乗り気になってくれたのならいいか。\n愛さんの羽根を伸ばしてあげよう。%K%P
总、总之她有意愿就好，就让爱小姐好好地放松一下吧。%K%P
「…………」\n「…………」%K%P
「…………」\n「…………」%K%P
「ん？」%K%P
「嗯？」%K%P
気のせいかな。何か視線を感じるような……。%K%P
是我的错觉吗？总觉得好像有人在看我……%K%P
「――ぎゅぅ～！」%K%P
「——啾～！」%K%P
「ひぃあ！？　きゅ、急になに！？」%K%P
「咿啊！？你、你突然做什么！？」%K%P
「先輩がボーッとしてるからじゃないですかぁ。\n　それにこの方が、デートっぽいですしぃ……？」%K%P
「因为学长一直发呆的关系啊。\n而且这样比较像约会……？」%K%P
「ま、愛としても春樹さんの恋を\n　無理やり終わらせちゃった申し訳なさもありますしね？」%K%P
「毕竟爱也对强行结束春树的恋情感到很抱歉嘛。」%K%P
「ですから今日はぁ、愛を彼女だと思って\n　連れ回してくれてもいいですよ？」%K%P
「所以今天，你可以把爱当成女朋友，带爱到处逛逛哦？」%K%P
「愛さん……」%K%P
「爱小姐……」%K%P
気にしてくれてたんだ……。\nやっぱり根は優しい人なんだなぁ。%K%P
原来她一直很在意啊……\n她果然本性是个温柔的人。%K%P
「あ……でも変な期待持たないで下さいね？\n　これはあくまでからかうための演技で、\n　愛は先輩にこれっぽっちの興味もありませんから」%K%P
「啊……不过请不要产生奇怪的期待哦？\n这终究只是为了捉弄学长的演技。\n爱对学长一点兴趣也没有。」%K%P
「わ、わかってるってば。一言多いよ！」%K%P
「我、我知道啦。你太多嘴了！」%K%P
「あはは」%K%P
「啊哈哈。」%K%P
屈託なく愛さんが笑う。%K%P
爱小姐露出无忧无虑的笑容。%K%P
演技だとわかってはいるけれど、\nその弾けるような笑顔に思わずドキリとさせられた。%K%P
虽然知道是演出来的，但那灿烂的笑容还是让我不禁怦然心动。%K%P
「でしたらぁ。愛のこと、ふふっ、\n　たっぷりエスコートして下さいね？」%K%P
「既然如此，就请哥哥多多关照爱哦？」%K%P
………………%K%P
………………%K%P
…………%K%P
…………%K%P
……%K%P
……%K%P
「うぅ……。今月のお小遣いが……」%K%P
「呜呜……这个月的零用钱……」%K%P
日が沈む頃には僕のお財布は空っぽ同然になっていた。\n行く先々で散財させられてしまったから当然だろう。%K%P
太阳下山时，我的钱包已经空空如也。\n毕竟走到哪里都被迫花钱，这也是理所当然的。%K%P
「ふふ、何をメソメソしてるんですか。\n　先輩が煽ってくるから悪いんですよ？」%K%P
「呵呵，你在哭什么哭啊？\n谁教学长要挑衅我，都是他的错哦？」%K%P
「煽ってないってば。愛さんが物欲しそうに\n　見てるのに興味のないフリするからだもんっ」%K%P
「我才没有煽动她。谁教爱小姐一直用渴望的眼神看着我，我只好假装对她没兴趣。」%K%P
「～～っっ！　う、うるさいですね……！\n　ホントに興味なかったんです……！」%K%P
「～～！你、你很烦耶……！\n我真的没兴趣……！」%K%P
「でも……愛さんって意外と甘い物好きだったんだね？\n　ネタで言ってるだけかと思ってたのに」%K%P
「不过……没想到爱小姐这么喜欢吃甜食耶？\n我还以为你只是在开玩笑。」%K%P
「ですから好きじゃないですってば！\n　デートっぽくするために頼んであげただけです！」%K%P
「就说我不喜欢了嘛！\n我只是为了营造约会气氛才拜托你的！」%K%P
「照れなくていいじゃない。あ、そうだ。\n　帰る前にもう一度ゲームセンター寄っていく？\n　取り損ねた最後のぬいぐるみ、再挑戦してみよっか？」%K%P
「不用害羞啦。啊，对了。\n回去之前要不要再去一次游乐场？\n要不要再挑战一次没抓到的最后一只娃娃？」%K%P
「要らないですってば！　それもあなたが勝手に\n　愛が欲しがってるって思っただけですよね……！」%K%P
「就说不需要了！而且你只是擅自以为爱想要而已吧……！」%K%P
「その割には全種類集めるまで、\n　何度も何度もクレーンゲームやらされたような……」%K%P
「可是你为了收集所有种类，好像还是玩了好几次夹娃娃机……」%K%P
「それもよく聞くデートらしいことを\n　させてあげようと思った愛の配慮ですってば！」%K%P
「这是爱的贴心之举，想说要让你们做些常听到的约会活动！」%K%P
夕日色に頬を染めながら愛さんが反論してくる。\n本当に愛さんも素直じゃないなぁ。%K%P
爱小姐双颊染上夕阳色，反驳道。\n爱小姐真的很不坦率呢。%K%P
でも……普段クールな分、なんだか可愛いかも。%K%P
不过……平常那么冷酷，现在这样反而显得可爱。%K%P
「そ、そろそろ帰りますっ。夕食の準備もありますし」%K%P
「我、我差不多该回去了。还得准备晚餐呢。」%K%P
「誰かさんがお屋敷にいらっしゃらない以上、\n　愛が夕食の準備をしなければいけませんので」%K%P
「既然某人不在家里，\n　爱就得准备晚餐才行。」%K%P
「そ、それはごめんね？\n　すぐに着替えて僕も戻るから」%K%P
「那、那真是抱歉哦？\n我马上换好衣服就回去。」%K%P
「なら夕食の手伝いより清佳様と遊んであげて下さい。\n　今日一日、蛍様がいなくて寂しがってるでしょうし」%K%P
「既然如此，比起帮忙做晚餐，请您先陪陪清佳大人吧。\n今天一整天，萤大人都不在，她应该很寂寞吧。」%K%P
それだけ言って愛さんが立ち去ろうとする。%K%P
爱小姐只留下这句话，便转身离去。%K%P
結局どうだったんだろう。\n愛さんは今日一日楽しめたのかな……。%K%P
结果到底如何呢？\n爱小姐今天玩得开心吗……？%K%P
「一応……」%K%P
「算是吧……」%K%P
「え？」%K%P
「咦？」%K%P
ふと愛さんが立ち止まって、くるりと振り返ってくる。%K%P
爱小姐突然停下脚步，转过身来。%K%P
「一応、お礼は言っておきます……」%K%P
「我还是先道个谢吧……」%K%P
「今日は……その。楽しかったです。\n　初めてのことたくさんしましたし……」%K%P
「今天……那个，我很开心。\n毕竟做了很多第一次做的事情……」%K%P
「ひとときでも……仕事を忘れて楽しめました」%K%P
「虽然只有短暂的时间……但我真的忘记工作，玩得很开心。」%K%P
ちょっぴり恥ずかしそうに、\n愛さんが顔を俯かせて呟いてくる。%K%P
爱小姐有点害羞地低下头，喃喃说道：%K%P
「……ふふ。だったら良かった。\n　また遊びたい時はいつでも言ってよ」%K%P
「……呵呵，那就好。\n下次想玩的时候随时跟我说。」%K%P
「言いませんってば。愛と遊ぶ暇があったら、\n　清佳様と遊んであげて下さい。何度言わせるんですか」%K%P
「就说不会了。有时间陪爱玩的话，就去陪清佳大人玩吧。要我说几次啊？」%K%P
「まぁ……でも。気が向いたら誘ってあげます」%K%P
「这个嘛……不过，等我有兴致的时候会约你的。」%K%P
「ふふ、うん」%K%P
「呵呵，嗯。」%K%P
「っっ。で、では。くれぐれも\n　清佳様たちにバレないように帰ってきて下さいねっ！」%K%P
「唔唔。那、那么，你们要小心，别被清佳大人他们发现哦！」%K%P
それだけで言って愛さんが足早に走り去って行く。%K%P
爱小姐只说了这句话，便快步跑走了。%K%P
今日一日過ごしてわかったけど……\nやっぱり愛さんは普通の女の子だ。%K%P
经过今天一整天的相处，我明白了一件事……\n爱小姐果然只是个普通的女孩子。%K%P
小さい頃の清佳ちゃんと同じで、\nただ遊び方を知らないだけ。%K%P
她和小时候的清佳一样，只是不知道怎么玩而已。%K%P
「また……一緒に遊びたいな」%K%P
「真想……再跟你一起玩。」%K%P
ふと無意識に呟いてしまう。%K%P
我下意识地喃喃自语。%K%P
そうだ。今度は清佳ちゃんと三人で遊びにこよう。\n蛍姿ならそういうことだってできるはずだ。%K%P
对了，下次和清佳三个人一起来玩吧。\n变成萤的样子，应该就能办到。%K%P
お姉ちゃんも誘ってあげてもいいかな。\nあ。でも、お姉ちゃんがいると愛さんは嫌がるかも。%K%P
要不要也约姐姐一起来呢？\n啊，可是姐姐来了，爱小姐可能会不高兴。%K%P
けど、お姉ちゃんに絡まれて困る愛さんの姿も、\nふふふ、面白そうかも。%K%P
不过，爱小姐被姐姐缠上而感到困扰的模样，似乎也挺有趣的。%K%P
「と。こうしちゃいられないや。\n　どこかで着替えて僕も帰ろう」%K%P
「好了，我不能再待在这里了。\n找个地方换衣服，我也回家吧。」%K%P
そうして愛さんが歩いて行った方向とは\n反対方向へと歩き始める。%K%P
然后，我朝着与爱小姐离去的反方向走去。%K%P
別に誰に見られてるわけじゃないだろうけど、\n一応用心のためだ。%K%P
虽然应该不会被谁看到，但还是小心为上。%K%P
「いやー。中々のデートっぷりだったね～？」%K%P
「哎呀～～你们约会得挺开心的嘛～～」%K%P
「そうですね。愛ったら、ふふふっ。\n　本当に春樹くんに惚れちゃってたりして」%K%P
「就是说啊。爱真是的，呵呵呵，她该不会真的爱上春树了吧？」%K%P
「あの愛が私の尾行に全く気づかないんだもの。\n　よっぽどドキドキしてたんだわ」%K%P
「因为爱完全没有发现我在跟踪她啊。\n她一定很紧张吧。」%K%P
「しっかし、うちの弟はホント浮気性だねー……。\n　まぁでもアレはアレで吹っ切れたってことなのかな」%K%P
「不过，我弟弟真的很花心呢……\n不过，那件事应该也让他看开了吧。」%K%P
「どういう意味ですか？」%K%P
「这是什么意思？」%K%P
「あ、ううん。こっちの話こっちの話。\n　それよりこの後はどうすんの？」%K%P
「啊，没事。是我这边的事，我这边的事。话说回来，接下来要怎么办？」%K%P
「とりあえず車に乗って帰りましょう。\n　愛より先に着かないと尾行してたことがバレますし」%K%P
「总之，我们先搭车回去吧。\n要是比爱先到，跟踪的事就会被她发现。」%K%P
「にしても、ふふふ。愛が春樹くんをね……。\n　これは面白いことになりそう……！\n　蛍と愛の三角関係に発展しそうだし……！」%K%P
「话说回来，呵呵呵。爱对春树同学……\n这下子事情好像会变得很有趣……！\n感觉会发展成萤和爱的三角关系……！」%K%P
「ああ、私はどっちを応援するべきなのかしら。\n　正直、蛍には失恋してもらいたいけど……！\n　でも露骨に愛を応援すると私への好感度が……！」%K%P
「啊啊，我该支持哪一边呢？\n老实说，我希望萤失恋……！\n可是，如果我明显支持爱，她对我的好感度会……！」%K%P
「もし愛ちゃんと春樹がくっつけば、\n　あの超絶美少女金髪ロリっ子が妹になるわけか……」%K%P
「如果小爱跟春树凑成一对，那个超级美少女金发萝莉就会变成我妹妹吗……」%K%P
「――最高じゃんっ！　着せ替えし放題じゃん……！」%K%P
「——太棒了！可以尽情换装了……！」%K%P
「失恋した蛍を慰めて一気に好感度アップを\n　計れるかも……！　愛も彼氏ができて幸せだろうしっ。\n　ちょっぴり良心が痛むけど、これなら……！」%K%P
「安慰失恋的萤，或许可以一口气提升好感度……！而且爱交到男朋友应该也很幸福吧！虽然良心有点痛，不过这样……！」%K%P
「やべぇ。愛ちゃんを着せ替えられると思うと、\n　どんどんアイデア湧いてきた！　服作りてぇ……！」%K%P
「糟糕，一想到可以帮小爱换装，灵感就源源不绝地涌出来了！好想做衣服哦……！」%K%P
「早く帰りましょう、千鶴さん……！\n　愛に恋愛のいろはを教えてあげなくちゃ！」%K%P
「我们快点回去吧，千鹤小姐……！\n　得教他爱的入门知识才行！」%K%P
「そうだね！　愛ちゃんと春樹をくっつけちゃお！」%K%P
「对了！让小爱和春树凑一对吧！」%K%P
