「……ふぅ……」%K%P
「……呼……」%K%P
深夜――皆が寝静まった後、\n愛は一人リビングへ足を運んでいました。%K%P
深夜——大家都睡着了之后，爱一个人来到客厅。%K%P
どうにも眠れなくて。温かい紅茶でも飲んで、\n気持ちを落ち着かせたいと考えたからです。%K%P
她怎么也睡不着，所以想喝杯温热的红茶，让心情平静下来。%K%P
眠れない理由は……きっと今朝のこと。%K%P
睡不着的理由……一定是今天早上的事。%K%P
……何故、愛は春樹さんにあんなことを\n言ってしまったのでしょう。%K%P
……为什么爱会对春树同学说出那种话呢？%K%P
そもそもどうして押し倒してしまったのか。\nなにゆえ唇を奪ってしまったのか。%K%P
说起来，自己为什么会推倒她呢？\n为什么会夺走她的吻呢？%K%P
あんなことをしなければ、言わなければ、\n少なくとも好意を知られることはなかったはずなのに。%K%P
如果没做那种事，没说那种话，至少不会被她知道自己的好感。%K%P
「……どちらにしろ、愛の恋はもう終わりです……」%K%P
「……无论如何，爱的恋情已经结束了……」%K%P
そもそも恋であったのかさえもわかりません。\nたった一度、遊びに行っただけ。それだけですし。%K%P
我甚至不知道那算不算恋爱。\n我们只出去玩过一次，就只有这样而已。%K%P
その程度で本当に惚れてしまっていたとしたら――\nそれこそ清佳様と同じです。ありえません。%K%P
如果因为这种程度的事就真的喜欢上对方——\n那就跟清佳大人一样了。不可能。%K%P
そう。これはある種の錯覚でしょう。%K%P
没错，这应该是一种错觉。%K%P
初めての遊びを通して得た感動を、\n恋のトキメキと勘違いしているだけのこと。%K%P
只是把透过第一次的游玩所得到的感动，误认为恋爱的悸动而已。%K%P
もしもあの日、デートに行ったのが他の誰かだとしたら。\n愛はきっとその他の誰かを――……%K%P
如果那天，爱去约会的对象是其他人的话……\n爱一定会对那个人——……%K%P
「…………」%K%P
「…………」%K%P
そう考えようとすると、唐突に怖気が走った。\n何故なのかはわからない。%K%P
我试着这么想，却突然感到一阵恐惧。\n我不知道为什么。%K%P
愛の考え通りなら、その人に同じ感情を抱いても\nおかしくないはずですのに。%K%P
如果爱的想法正确，那么即使对那个人抱持相同的情感，应该也不足为奇。%K%P
他の人が愛の隣を歩いていると思うだけで、\n鳥肌が立ってしまうくらい気持ち悪い。%K%P
一想到有别人走在爱的身边，我就觉得恶心到起鸡皮疙瘩。%K%P
「チっ……どうして愛がこんなに\n　モヤモヤさせられなければいけないんですか」%K%P
「啧……为什么爱非得被搞得这么烦闷不可呢？」%K%P
終わったことを考えても無駄です。\nウジウジ悩むなんて愛らしくもない。%K%P
去想已经结束的事情也没用。\n忸忸怩怩地烦恼一点也不可爱。%K%P
そういう人間は嫌いだったはずです。\nだから、あの人のことも嫌い。%K%P
我应该很讨厌这种人。\n所以，我也讨厌那个人。%K%P
たった一度、性処理をしてあげた程度で\nウジウジウジウジ気にして。愛に構って。%K%P
只不过是帮她处理了一下性欲，就忸忸怩怩地在意起她，还去关心她的爱。%K%P
愛は使用人としての仕事をこなしただけですのに。\n必要とあれば、誰にでも同じことをしますのに。%K%P
明明爱只是尽了身为佣人的本分而已。\n明明只要有必要，她对任何人都会这么做。%K%P
「……でも……」%K%P
「……可是……」%K%P
……今の愛にできるかはわからない。\n他の男の性処理をすると思うと身震いがする。%K%P
……我不知道现在的自己能不能做到。\n一想到要帮其他男人处理性欲，我就浑身发抖。%K%P
少し前まではこんなこと\n思ったこともなかったはずですのに。%K%P
明明直到不久之前，我应该都从来没想过这种事。%K%P
少し前までは彼のことなんて、からかい甲斐のある\n童貞男としてしか見ていませんでしたのに。%K%P
明明直到不久之前，我只把他当成一个值得捉弄的处男。%K%P
「……はぁ……」%K%P
「……唉……」%K%P
ため息が漏れる。%K%P
我叹了口气。%K%P
もっと自分は冷たい人間だと、\n何があっても心が揺れない人間だと思ってました。%K%P
我以为自己是个更冷酷的人，是个无论发生什么事，内心都不会动摇的人。%K%P
……それも違っていたのかも知れません。\nただ愛は、何も知らなかっただけなのかも。%K%P
……或许，那也是错的。\n或许，爱只是什么都不知道而已。%K%P
蛍様と出会う前の清佳様と同じように、\n心ときめく何かを知らずにいただけだったのでしょう。%K%P
就像与萤小姐相遇之前的清佳大人一样，她只是不知道什么会令她心动而已。%K%P
……今更気づいても取り返しは付きませんが。\nどうせ愛の恋は決して実りはしないのですし。%K%P
……事到如今，就算发现也已经无法挽回了。\n反正爱的恋情也绝对不会有结果的矣。%K%P
彼は清佳様がお好きですしね。\n勘違いしておられるとはいえ清佳様も彼をお好きですし。%K%P
毕竟他喜欢清佳大人。\n虽然有所误会，但清佳大人也喜欢他。%K%P
従者が主人の想い人を横取りするだなんて言語道断。\nだから……愛の選択は間違ってなかったはずです。%K%P
随从抢走主人的心上人，简直岂有此理。\n所以……爱的选择应该没有错。%K%P
切り替えなければ。\n元の愛に戻らなくてはいけません。%K%P
必须切换才行。\n必须回到原本的爱才行。%K%P
思い出は十分にもらいました。\nあの日のデートと、そして――%K%P
我已经得到够多的回忆了。\n那一天的约会，以及——%K%P
「ん……！」%K%P
「嗯……！」%K%P
紅茶を呷る。%K%P
我喝了一口红茶。%K%P
思い出しかけた唇のぬくもりを制するように。%K%P
仿佛要制止差点想起的嘴唇的温暖。%K%P
「……ぬるいですね。いつの間に、\n　こんなに冷めていたのでしょうか……」%K%P
「……好温热哦。什么时候变得这么热了……」%K%P
冷めてしまった紅茶を入れ直そうと立ち上がる。%K%P
我站起身，打算重新泡一杯冷掉的红茶。%K%P
すると、不意に声が聞こえてきました。%K%P
结果，突然听见了声音。%K%P
「ね。もう一人分追加してもらえるかな？」%K%P
「欸，可以再追加一人份吗？」%K%P
「……え？」%K%P
「……咦？」%K%P
「俺の――ううん。僕の分も淹れてもらえる？」%K%P
「可以帮我——不，也帮我泡一杯吗？」%K%P
振り返った先には――\n別れを告げたはずの童貞男が立っていました。%K%P
转头一看——\n站在那里的是理应已经道别的处男。%K%P
