………………%K%P
………………%K%P
…………%K%P
…………%K%P
……%K%P
……%K%P
そして迎えた、誕生日前日――%K%P
然后，到了生日的前一天——%K%P
「これでどう……かしら」%K%P
「这样如何……呢？」%K%P
「…………」%K%P
「…………」%K%P
不安げに差し出されたショートケーキを\nじっくりと味見する。%K%P
我仔细品尝着她不安地递过来的奶油蛋糕。%K%P
甘さはもちろん口当たりの良さや\nフォークの入りやすさまでを事細かにみていって――%K%P
仔细地品尝着蛋糕的甜度，以及口感和容易叉起的程度——%K%P
「――うん。合格だね」%K%P
「——嗯，合格了。」%K%P
「うおっしゃああっっ～～！！\n　ようやく小姑に認められたわっ！！」%K%P
「哦耶～～！！\n我终于得到小婆婆的认可了！！」%K%P
「小姑じゃないから」%K%P
「我不是小婆婆。」%K%P
ガッツポーズを決めて喜ぶ清佳ちゃんを\n微笑ましげに眺めながらもう一口ケーキをほおばる。%K%P
我微笑望着摆出胜利姿势的清佳，又吃了一口蛋糕。%K%P
うん。すごく美味しい。%K%P
嗯，非常好吃。%K%P
「本当によく頑張ったね。最初は包丁の使い方すら\n　全然知らなかったのにここまでできるようになって」%K%P
「你真的很努力呢。明明一开始连菜刀都不会用，现在却能做出这种程度的料理。」%K%P
「春樹くんの教え方が良かったのよ。\n　私がちょっと包丁の入れ方を失敗しただけでも、\n　それはもうチクチク口撃してくれたから」%K%P
「那是因为春树教得好。\n　我只不过是切菜的方式有点失败，\n　他就对我冷嘲热讽。」%K%P
「褒められてる気がしないんだけど……。\n　ごめんね、チクチク言っちゃって……」%K%P
「我怎么不觉得你在夸奖我……\n对不起哦，一直碎碎念……」%K%P
「いいえ。おかげでここまで上達できたわ。\n　あなた、きっと良い姑になれるわよ」%K%P
「不会。多亏你，我才能进步到这种程度。\n你一定会成为好婆婆的。」%K%P
「わざと言ってるよね？\n　僕の心をナイフでザクザク刺してきてるよね？」%K%P
「你是故意这么说的吧？\n你想用小刀在我心上扎出了一堆窟窿吧？」%K%P
軽口を叩き合いつつも、\nなんだかんだ健闘を讃え合う。%K%P
虽然彼此开着玩笑，但还是互相称赞对方的奋斗。%K%P
僕も相当口うるさく言っちゃった自覚はあるけど\nよくついてきてくれたものだ。%K%P
虽然我也知道自己唠叨得要命，不过——\n真亏她愿意跟来。%K%P
「でも本当に良かったわ。ギリギリ間に合って。\n　これで明日の誕生日パーティーも上手くいきそう」%K%P
「不过，真的太好了。幸好勉强赶上了。\n这样一来，明天的生日派对应该也会顺利进行。」%K%P
「あくまで俺の主観も入ってるからね？\n　愛さんや姉さんにも味見してもらったらいいよ」%K%P
「这终究只是我的主观意见哦？\n爱小姐和姐姐也可以来试吃看看。」%K%P
「それはできないわね。二人にも驚いてもらいたいから。\n　春樹くんに太鼓判を押してもらえたのなら十分よ」%K%P
「那可不行。因为我想让她们两个也吓一跳。\n有春树的保证就够了。」%K%P
「ありがとう、春樹くん。\n　夏休みなのに長い間、付き合ってもらっちゃって」%K%P
「谢谢你，春树。\n明明是暑假，还让你陪我这么久。」%K%P
「ううん。気にしないで。俺も楽しかったから」%K%P
「不会，别在意。我也玩得很开心。」%K%P
笑顔でお礼を言ってきてくれる清佳ちゃんに\n僕もまた笑顔で頷き返す。%K%P
清佳笑着向我道谢，我也笑着点头回应。%K%P
傍目から見れば、好意を知られる前と同じような関係だ。\nだけど――%K%P
在旁人看来，我们之间的关系和被她知道我的心意之前一样。\n但是——%K%P
「ひゃっ……！？」%K%P
「呀……！？」%K%P
片付けをしていた拍子にふと手が触れ合う。\nすると清佳ちゃんはバっと腕を引いた。%K%P
收拾的时候，我们的手不小心碰在一起，清佳立刻把手缩了回去。%K%P
「ご、ごめん」%K%P
「抱、抱歉。」%K%P
「い、いえ。私こそちょっと手が当たっただけで\n　驚き過ぎちゃったわ」%K%P
「不、不会。我才是，只是稍微碰到一下就吓成这样。」%K%P
言いながら、それとなく清佳ちゃんが距離を取ってくる。\n……やっぱり意識はされちゃってるみたいだ。%K%P
清佳一边说，一边不着痕迹地拉开距离。\n……她果然很在意我。%K%P
でもこうして清佳ちゃんに気を揉ませちゃうのも、\n今日で最後だ。もう覚悟は決めた。%K%P
不过，今天是最后一次让清佳担心了。我已经做好觉悟。%K%P
明日から{春樹:ぼく}は、フランスにいる\nお父さんたちのところへ帰る、ということにする。%K%P
明天开始，{春树:我}要回法国，回到爸爸他们身边。%K%P
そうすれば清佳ちゃんは僕に意識を割くことなく、\n蛍との夏休みを存分に楽しめるだろうし。%K%P
如此一来，清佳就能尽情享受和萤的暑假，不必分心顾虑我。%K%P
僕としても清佳ちゃんへの恋心をすっぱり諦められる。%K%P
对我来说，这样就能彻底放弃对清佳的爱意。%K%P
ここ数日で芽生えかけた後ろ髪を引かれる想いを\n今度こそ断ち切るんだ。%K%P
这次一定要斩断这几天来，差点萌芽的依恋。%K%P
「（よ、よし！）」%K%P
「（很、很好！）」%K%P
心の中で話を切り出す覚悟を決める。%K%P
我在心中做好觉悟，准备开口。%K%P
これが蛍として清佳ちゃんの\n恋人になることを選んだ僕なりの決意だ。%K%P
这就是我选择以萤的身份成为清佳的恋人时，所下定的决心。%K%P
「ね、清佳さん。少し話が――」\n「ね、春樹くん。少し話が――」%K%P
「欸，清佳小姐，我有些话想跟你说——」\n「欸，春树，我有些话想跟你说——」%K%P
「へ？」%K%P
「咦？」%K%P
話をしようとしたところで\n清佳ちゃんからも声をかけられてしまう。%K%P
就在我正想开口的时候，\n清佳也向我搭话。%K%P
「ど、どうしたの？　話って？」%K%P
「怎、怎么了？要跟我说什么？」%K%P
「き、清佳さんこそ」%K%P
「清、清佳小姐才是。」%K%P
「あ、えと……。そのね……？\n　明日、なんだけど……」%K%P
「啊，呃……那个……？\n关于明天的事……」%K%P
チラチラとこちらを窺いながら、\n清佳ちゃんがぽつりぽつりと話し始める。%K%P
清佳一边偷瞄着我，一边开始娓娓道来。%K%P
「良ければ、春樹くんも来てくれないかなと思って……」%K%P
「如果可以的话，我想邀春树你一起来……」%K%P
「えっ！？　どうしてっ！？」%K%P
「咦！？为什么！？」%K%P
「か、勘違いしないで。お礼代わりよ、お礼代わり……！\n　料理を教えてくれたことはもちろん、\n　火傷から庇ってくれたお礼もできてないし……」%K%P
「你、你可别误会了。这是谢礼，只是谢礼……！\n不只是为了答谢你教我做菜，\n也为了答谢你在我被烫伤时保护了我……」%K%P
「誕生日パーティーが終われば\n　中々会うこともできないだろうし。\n　あなたにもちゃんとお礼がしたくって」%K%P
「生日派对结束后，\n　应该就很难见面了。\n　我也想好好向你道谢。」%K%P
「き、気持ちは嬉しいけど」%K%P
「你、你的心意我很高兴。」%K%P
その場合、僕は誕生日パーティーに\n春樹と蛍の一人二役で参加することになる。%K%P
到时候，春树和萤会一人分饰两角，参加我的生日派对。%K%P
それは流石にヤバいんじゃ……！%K%P
这样未免太糟糕了吧……！%K%P
「それに……あなたも誕生日なんでしょ？」%K%P
「而且……你的生日也快到了吧？」%K%P
「へっ！？　なんで知ってるのっ？」%K%P
「咦！？你怎么知道？」%K%P
「あ。やっぱりそうだったのね。\n　ちょっとした話の流れで千鶴さんから聞いたの」%K%P
「啊，果然是这样。\n　我听千鹤小姐说的。」%K%P
「水くさいじゃない。蛍と同じ日だって言ってくれれば、\n　私もお祝いの一つくらいしてあげるっていうのに」%K%P
「你太见外了。如果你说和小萤同一天，我至少会帮你庆祝一下。」%K%P
「あ、あはは……。邪魔しちゃ悪いかと思って……」%K%P
「啊、啊哈哈……因为觉得打扰到你们不太好意思……」%K%P
お姉ちゃんめ、余計なことを……！\n話がこじれちゃうってわかるじゃない……！%K%P
臭姐姐，竟然多嘴……！\n她明明知道事情会变得很复杂……！%K%P
「とにかく明日、春樹くんも参加して？\n　蛍の誕生日をお祝いするついでに祝ってあげるから」%K%P
「总之，明天春树也来参加吧？\n我们会顺便帮你庆祝生日的。」%K%P
「俺のことはいいって。蛍を祝ってあげてよ……！」%K%P
「不用管我了，你们去庆祝萤的生日吧……！」%K%P
「む。私の誘いがそんなに嫌だって言うの？\n　あなた、私が好きなんでしょうに。嬉しくないの？」%K%P
「唔。你这么讨厌我的邀约吗？\n你明明喜欢我，难道不开心吗？」%K%P
「そんなハッキリと訊かれても……」%K%P
「你这么直接地问我，我也……」%K%P
「私、ああだこうだ悩むの嫌いなの。……そりゃ\n　露骨に好意を向けられるのは恥ずかしいけれど」%K%P
「我讨厌烦恼东烦恼西的……虽然说，被露骨地示好，是会让人害羞没错。」%K%P
「恋人にはなってあげられないけれど、\n　蛍の次くらいには、えと。私もあなたを信頼してるわ。\n　本当に良い友達だと思ってる」%K%P
「虽然我没办法跟你成为恋人，不过，仅次于萤，呃，我也很信赖你哦。我真的觉得你是个很好的朋友。」%K%P
「清佳さん……」%K%P
「清佳小姐……」%K%P
「確かにここ数日はあなたの気持ちに戸惑って\n　ぎこちなくなってしまっていたけれど……」%K%P
「这几天，我的确因为你的感情而感到困惑，\n　变得很不自在……」%K%P
「でも、いつまでもこのままではいたくないの。\n　前と同じ――いいえ。前と少し違っていてもいいから\n　これからもあなたとは仲良く付き合っていきたい」%K%P
「但是，我不想一直这样下去。\n和以前一样——不，和以前有点不同也没关系\n我希望今后也能和你好好相处。」%K%P
「少なくとも私は、そう思ってるわ」%K%P
「至少我是这么想的。」%K%P
清佳ちゃんが曇りのない眼差しでそう伝えてきてくれる。%K%P
清佳用毫无阴霾的眼神这么告诉我。%K%P
こういうところなんだよね。\n僕が清佳ちゃんを好きになったところは。%K%P
我就是喜欢上清佳的这一点。%K%P
僕みたいに、いつまでも悩んだりしないで、\nはっきりと自分の意志を相手に伝えて――%K%P
不要像我一样，一直烦恼下去，\n要清楚地把自己的想法告诉对方——%K%P
「中々酷なことを言ってくれるね。\n　恋人にはなってくれないのに仲良くしたい、なんて」%K%P
「你讲的话还真过分呢，明明不跟我当男女朋友，却想跟我当朋友。」%K%P
「勝手に好意を寄せてきたのは春樹くんの方でしょ？\n　私はずーっと蛍が好きだって明言してるんだから」%K%P
「是春树擅自对我有好感吧？\n我可是明明白白地说过，我只喜欢萤。」%K%P
「むしろ感謝して欲しいくらいよ。\n　その上で、これからも仲良くしようって\n　言ってあげてるんだから」%K%P
「你反而应该感谢我呢。\n我可是说了，\n在这样的前提下，今后也让我们好好相处吧。」%K%P
ニヤリと清佳ちゃんが微笑みかけてくる。\nなんだかこんなやり取りも懐かしい。%K%P
清佳对我露出微笑。\n这种对话也让我感到怀念。%K%P
「で、どうするの？　参加するの、しないの？」%K%P
「所以呢？你要参加还是不参加？」%K%P
「できれば……まぁ。私は参加して欲しいんだけど。\n　春樹くんがいれば料理の味見もしてもらえるし……」%K%P
「可以的话……嗯，我是希望他能参加啦。\n有春树在的话，也可以帮忙试吃料理……」%K%P
「ふふ、そっちが本音だったりして」%K%P
「呵呵，原来这才是你的真心话。」%K%P
「う、うるさいわね。\n　本番で失敗したら元も子もないもの……！」%K%P
「你、你很烦耶。\n要是正式上场时失败，一切就完了……！」%K%P
正直、参加するのはリスキーだ。\n一人二役で過ごさなきゃいけなくなるし。%K%P
老实说，参加的话风险很高。\n因为必须一个人扮演两个角色。%K%P
でも……もう一日だけ、\n春樹として清佳ちゃんと接したい。%K%P
不过……我还想以春树的身份和清佳相处一天。%K%P
大好きな人が僕の誕生日を祝いたいと\n言ってくれているんだ。ものすごく幸せなことだもん。%K%P
最喜欢的人说要帮我庆生，这可是非常幸福的事。%K%P
「わかった。参加させてもらうね？\n　料理が失敗しないようにしっかり見せてもらうよ」%K%P
「知道了。那我也参加吧。\n　为了不让料理失败，我会好好看着你的。」%K%P
「ふふ、任せなさい。口うるさい姑を唸らせる\n　美味しい料理を振る舞ってあげるから」%K%P
「呵呵，交给我吧。我会做出美味的料理，让那个啰嗦的婆婆闭嘴的。」%K%P
「いつまでその扱いするのさ……」%K%P
「你到底要这样对待我到什么时候啊……」%K%P
やれやれと肩を竦めつつ清佳ちゃんに応える。%K%P
我无奈地耸耸肩，回应清佳。%K%P
ここ数日感じていたぎこちなさは、\nすっかりなくなっていた。%K%P
这几天感受到的尴尬，已经完全消失了。%K%P
「あ。そういえば春樹くんの話はなんだったの？」%K%P
「啊，话说回来，你刚才要讲自己的事对吧？」%K%P
「ああ、うん。いいよ、また今度話すから」%K%P
「啊，嗯。没关系，下次再聊吧。」%K%P
「そう？」%K%P
「是吗？」%K%P
首を傾げる清佳ちゃんに頷く。%K%P
我对歪着头的清佳点点头。%K%P
とりあえず、お姉ちゃんと愛さんに\n事情を説明しておいた方が良さそうだ。%K%P
总之，先向姐姐和爱小姐说明一下情况比较好。%K%P
「いや、アホですか？」%K%P
「不，你是白痴吗？」%K%P
「はう……！」%K%P
「啊呜……！」%K%P
夜――清佳ちゃんがお風呂に入っている間に\n話をすると愛さんがグサリと切りつけてきた。%K%P
晚上——在清佳洗澡的时候，我向爱小姐说明了事情的经过。\n爱小姐听了之后，毫不留情地说道：%K%P
「普通に考えて断るべきでしょう？\n　一人二役なんて今まで一番悪い状況じゃないですか」%K%P
「正常来说应该拒绝吧？\n一人分饰两角，这可是至今最糟糕的状况。」%K%P
「うぅっ……！！」%K%P
「呜呜……！！」%K%P
「やめたげなって愛ちゃん。\n　好きな女の子に誕生日祝われたいって言われたら、\n　そりゃ頷きたくもなっちゃうだろうし」%K%P
「别这样啦，小爱。\n听到喜欢的女孩子说想要帮自己庆生，\n当然会想要点头答应啊。」%K%P
「そもそも千鶴様がいけませんよね？\n　どうして清佳様に春樹様の誕生日を教えているのですか」%K%P
「说起来，千鹤大人也有错吧？\n为什么您要告诉清佳大人春树大人的生日呢？」%K%P
「やー……。あたしも言うつもりなかったんだよ？\n　でも清佳ちゃんがどーしても春樹にお礼がしたい\n　って頭下げてくるもんだからさー……」%K%P
「哎呀……我本来也没打算说的哦？\n可是清佳她无论如何都想向春树道谢\n所以就跑来跟我低头拜托了……」%K%P
「そ、そんなに必死になってくれてたの……？」%K%P
「她、她这么拼命啊……？」%K%P
「……何を嬉しそうな顔をしているのですか。\n　未練タラタラですね。男らしくない」%K%P
「……你为什么一脸开心的样子？\n依依不舍的呢。真不像个男人。」%K%P
「うぐっ！」%K%P
「呜咕！」%K%P
「まぁまぁ。とりま明日はあたしらも\n　なるたけフォローはするからさ。\n　くれぐれもバレないようにすんだよ？」%K%P
「好啦好啦，总之明天我们也会尽量帮忙。\n　你可要小心别穿帮咯？」%K%P
「はぁ……面倒臭いことになりましたね」%K%P
「唉……事情变得好麻烦哦。」%K%P
「――なになに？　なんの話をしてるの？」%K%P
「——什么什么？你们在说什么？」%K%P
「ふぇっ。き、清佳ちゃん……！\n　もう出て来たんだ？」%K%P
「呼欸！清、清佳……！\n你已经出来啦？」%K%P
「明日に備えて今日は早く寝ようと思って。\n　それよりどうしたの？」%K%P
「为了明天，今天我想早点睡，怎么了吗？」%K%P
「清佳様には関係のないことですよ」%K%P
「这和清佳大人没有关系。」%K%P
「そーそー。気にしない気にしない」%K%P
「对啊对啊，别在意别在意。」%K%P
「む。なんだかここ最近、\n　私をのけものにしてること多くないかしら？\n　何をこそこそ話してるのよ」%K%P
「唔。总觉得最近你们好像常常排挤我？\n　你们在偷偷摸摸地讲些什么？」%K%P
「あ、明日が楽しみだなぁって話してたの。\n　どんな料理を振る舞ってくれるのかなぁって」%K%P
「啊，我们刚才在聊明天的事，不知道会吃到什么样的料理呢。」%K%P
「そうだったの？　ふふ、でもそれは秘密よ。\n　誕生日パーティーのことがバレちゃった今、\n　そこだけは明かすわけにはいかないから」%K%P
「是吗？呵呵，不过那是秘密哦。\n生日派对的事已经曝光了，\n唯独这件事不能公开。」%K%P
「……よくさらっと嘘がつけますね」%K%P
「……你真能面不改色地说谎呢。」%K%P
「まぁその一本槍でこれまで過ごしてきたから……」%K%P
「哎，毕竟她就是靠这把长枪一路走过来的……」%K%P
うるさいよ、二人とも。仕方ないじゃないか。\n明日が楽しみなのは本当だし。%K%P
你们两个很烦耶，有什么办法，我就是很期待明天啊。%K%P
「楽しみにしておいてね、蛍。\n　うんと美味しい料理をごちそうするわ！」%K%P
「你就好好期待吧，小萤。\n我会准备很多好吃的料理给你吃！」%K%P
清佳ちゃんが幸せそうに微笑みかけてきてくれる。%K%P
清佳对我露出幸福的微笑。%K%P
一人二役に関して一抹の不安はあるけれど、\nやっぱり明日が楽しみだ。%K%P
虽然一人分饰两角让我有点不安，但我还是很期待明天。%K%P
