「いよいよね。心の準備はいい？」%K%P
「终于要开始了。你做好心理准备了吗？」%K%P
「うん」%K%P
「嗯。」%K%P
迎えたブライダルコンテスト当日。%K%P
到了婚纱比赛当天。%K%P
婚礼服に着替えた僕たちは、\n自分たちの出番を待っていた。%K%P
换上结婚礼服的我们，等待着出场的时机。%K%P
「いい結婚式にしましょうね？\n　私、ふふ、本番だと思って臨むから」%K%P
「让我们办一场很棒的婚礼吧？\n　呵呵，我会当成正式的婚礼来办的。」%K%P
「もちろん。僕だってそのつもりで臨むよ」%K%P
「当然。我也是抱着这个打算来参加的。」%K%P
不思議と緊張はしていない。\nこの間のような焦燥感もない。%K%P
不可思议的是，我并不紧张，也没有之前那种焦躁感。%K%P
隣にいる清佳ちゃんを幸せにしたい。\n――その気持ちだけが胸を熱くしていた。%K%P
我想让身旁的清佳幸福。\n——只有这份心情让我的胸口发热。%K%P
「それではそろそろご準備をお願いします」%K%P
「那么，差不多该请您准备了。」%K%P
「はい。わかりました。さ、行きましょ」%K%P
「好的，我知道了。来，我们走吧。」%K%P
「会場の人たちみんなが嫉妬しちゃうほど、\n　幸せいっぱいの結婚式にしてあげるんだから」%K%P
「我会让这场婚礼充满幸福，让会场的所有人都嫉妒不已。」%K%P
と意気揚々に清佳ちゃんが式場に向かおうとする。%K%P
清佳意气风发地走向会场。%K%P
「あ、ごめん、先に行っててもらえる？」%K%P
「啊，抱歉，你可以先走吗？」%K%P
「え？　どうして？」%K%P
「咦？为什么？」%K%P
「ちょっと、その。撮影前にトイレに……」%K%P
「那个，我……想在拍摄前上个厕所……」%K%P
「はぁ？　どうして済ませておかなかったのよ。\n　時間も限られてるっていうのに」%K%P
「啊？为什么没有先解决啊？\n时间有限耶。」%K%P
「文句を言っても仕方ありませんよ。\n　尿意を我慢しながら撮影されるよりはマシですし」%K%P
「抱怨也没用哦。\n总比忍着尿意拍摄要好。」%K%P
「そうだけど。なら先に中で待ってるから。\n　すぐに出して、すぐに来なさい」%K%P
「是没错。那我先进去等你。\n你马上洗好出来，马上过来。」%K%P
「顔も言葉も下品ですよ、清佳様。\n　今から婚礼の儀を執り行うというのに」%K%P
「清佳大人，您的脸和用词都很下流哦。\n现在可是要举行婚礼的仪式呢。」%K%P
「顔は余計よ！？」%K%P
「脸是多余的哦！？」%K%P
愛さんに連れられて清佳ちゃんが\n先に礼拝堂へと入っていく。%K%P
爱小姐带着清佳先进入礼拜堂。%K%P
二人が立ち去ったところで、\nお姉ちゃんが声をかけてきた。%K%P
两人离开后，姐姐对我说：%K%P
「で、ホントにやるの？　例のヤツ」%K%P
「所以，真的要来吗？就是那个。」%K%P
「うん。お願い」%K%P
「嗯，拜托你了。」%K%P
「ま、あたしは構わないけどね～。\n　んじゃ時間もないし、ちゃっちゃと準備しちゃおっか」%K%P
「哎，我是无所谓啦～～\n那么时间也不多了，赶快准备吧。」%K%P
「うんっ！」%K%P
「嗯！」%K%P
計画については愛さんにも話してある。\n何も知らない清佳ちゃんを引き止めてくれるだろう。%K%P
关于计划，我也已经告诉爱小姐了。\n她应该会帮忙留住一无所知的清佳吧。%K%P
驚いてくれるといいな。\nそれ以上に喜んでくれると嬉しい。%K%P
如果她能感到惊讶就好了。\n如果她能感到开心就更好了。%K%P
今こそあの日の約束を果たしたい――%K%P
现在正是实现那天约定的时候——%K%P
「遅いわね、春樹くん……。\n　何をモタモタしてるのかしら」%K%P
「春树，你动作好慢哦……\n到底在磨蹭什么？」%K%P
「お腹でも壊しているのではないですか。\n　きっと緊張されているのですよ」%K%P
「会不会是吃坏肚子了呢？\n一定是紧张的关系。」%K%P
「そんな風には見えなかったけど」%K%P
「看起来不像耶。」%K%P
会場には他の参加者やスタッフたちも集まっていた。\nブライダルハウスの関係者たちもいるみたい。%K%P
会场里聚集了其他参加者和工作人员，婚纱店的相关人士好像也在。%K%P
彼らは遠巻きに私を眺めながら、\n眉間に皺を寄せて皆ひそひそと話していた。%K%P
他们远远地望着我，皱着眉头窃窃私语。%K%P
きっと私が楠グループの令嬢だと知ったのでしょうね。\nこのコンテストが出来レースだということにも。%K%P
他一定知道我是楠集团的千金，也知道这场竞赛是事先安排好的。%K%P
彼らからしてみれば面白い話じゃない。\n申し訳なさが胸の内に込み上がってくる。%K%P
对他们来说，这并不是什么有趣的话题。\n我心中涌起一股歉意。%K%P
しかし私の視線に気づくと彼らは途端に会話をやめて、\n笑顔で会釈をしてきた。私も姿勢を整えて会釈を返す。%K%P
不过，他们一注意到我的视线，便立刻停止交谈，对我露出笑容，点头致意。我也端正姿势，点头回应。%K%P
気持ちとは裏腹に品位を保とうとしてしまう自分が憎い。\n無意識に楠家の娘としての自分を演じてしまう。%K%P
我很痛恨自己明明这么想，却还是想维持自己的格调。\n她下意识地扮演着楠家女儿的角色。%K%P
「清佳様は大丈夫ですか？　純白のドレスに\n　下痢などされては式以前に女として終わりますよ」%K%P
「清佳大人还好吗？如果穿着纯白的礼服拉肚子，还没举行婚礼就失去身为女人的资格了。」%K%P
「あなた……さっき私に品がないとか\n　のたまってたわよね？」%K%P
「你……刚才不是说我没有气质吗？」%K%P
愛がいつも通りなのが救いね。\n独りだったらもっと暗い気分になっていたと思う。%K%P
幸好爱还是跟平常一样，如果只有我一个人的话，心情应该会更消沉吧。%K%P
「いやー、本日はありがとうございます。\n　流石は清佳様、お綺麗でございますね！」%K%P
「哎呀，今天真是谢谢您了。\n不愧是清佳大人，真是美丽动人呢！」%K%P
暇を持て余していると責任者の関口さんが\n手揉みをしながらニヤついた笑みを浮かべてやってきた。%K%P
闲得发慌的负责人关口搓着手，带着贼笑走了过来。%K%P
「すみません、中々撮影が始められなくて」%K%P
「对不起，一直没办法开始拍摄。」%K%P
「いえいえいえ、とんでもない！\n　お好きなだけ時間を取って頂いて構いませんから」%K%P
「不会不会不会，千万别这么说！\n　您想花多少时间都无所谓。」%K%P
「それにしても本当にお美しい。\n　同じ女性として憧れてしまいます」%K%P
「话说回来，您真的好美。\n同样身为女性，我好崇拜您。」%K%P
「立っているだけで絵になると言いますか。\n　まるで天使が地上に舞い降りたようで――」%K%P
「光是站着就美得像幅画，宛如天使降临人间——」%K%P
ご機嫌取りの美辞麗句を並べられて辟易する。%K%P
被她用一堆讨好的花言巧语恭维，让我不禁感到厌烦。%K%P
気分が悪い。憂鬱だ。\n幸福に満たされていたはずの心に陰りが差してくる。%K%P
心情很糟，很忧郁。\n原本应该充满幸福的心蒙上了一层阴影。%K%P
この煌びやかな空間もどんどん空虚なものに思えてきて。\n欲と嫉妬と虚飾にまみれたどす黒い空間に思えてきて。%K%P
这个金碧辉煌的空间，也逐渐变得空虚。\n逐渐变成充满欲望、嫉妒与虚伪的污浊空间。%K%P
良家の娘という立場を否が応にも自覚させられる。%K%P
这下子，我不得不承认自己是富家千金的事实。%K%P
みんなが私じゃなくて、\n私の背後にあるものばかりを見ているんだ。%K%P
大家看的都不是我，而是我背后的东西。%K%P
私に向けられるものは嘘ばかり。\n裸の心で向かい合ってくれる人は誰もいない。%K%P
对我而言，所有的一切都是谎言。\n没有人愿意以赤裸裸的真心与我相对。%K%P
孤独感が襲ってくる。\n世界でただ独りになったような感覚。%K%P
孤独感袭来，仿佛全世界只剩下自己一个人。%K%P
寂しい。%K%P
好寂寞。%K%P
愛を知ってしまった今、\n今まで以上に寂しさを感じてしまう。%K%P
如今尝到了爱的滋味，我比以往更感到寂寞。%K%P
ああ。やっぱり参加しなければ良かったかもしれない。%K%P
啊啊，果然还是不该参加的。%K%P
たとえ愛する人が隣にいても、\nこの会場で私が生きた笑顔を浮かべられたとは思えない。%K%P
就算心爱的人就在身旁，我也不认为自己能在这会场里露出发自内心的笑容。%K%P
せっかくの結婚式を台無しにしてしまう。%K%P
难得的结婚典礼会因此泡汤。%K%P
誰も私の幸せなんかを祈っていない。%K%P
没有人会为我的幸福祈祷。%K%P
誰も私を見てくれない。%K%P
没有人愿意正眼看我。%K%P
私だって、ただの女の子なのに。%K%P
我明明只是个普通的女孩子。%K%P
幸せな結婚式に憧れるような、\nどこにでもいる普通の女の子なのに――%K%P
明明是个憧憬着幸福婚礼的普通女孩——%K%P
「――お待たせっ、清佳ちゃん」%P%K%P
「——让你久等了，清佳。」%P%K%P
「え――」%K%P
「咦——」%K%P
「お待たせ」%K%P
「让你久等了。」%K%P
「春樹、くん……？　その格好……」%K%P
「春树……？你这身打扮……」%K%P
「えへへ、驚いた？」%K%P
「欸嘿嘿，吓到了吗？」%K%P
つい先程までタキシードを着ていたはずの最愛の人は、\n純白のドレスを着て、私の初恋の人の姿で現れた。%K%P
直到刚才还穿着燕尾服的挚爱，穿着纯白的礼服，以我初恋情人的姿态现身。%K%P
「わたしと清佳ちゃんの約束だったでしょ？\n　戻ってきたら、結婚するって」%K%P
「我和清佳不是约好了吗？\n等你回来，我们就结婚。」%K%P
「でもあなた……男の自分を好きになって欲しいって」%K%P
「可是你……希望我爱上身为男性的你。」%K%P
「清佳ちゃんが言ってくれたんじゃない」%K%P
「这不是清佳说的吗？」%K%P
「わたしにはわたしなりの男らしいところがあるって。\n　大切なのは性別でも、姿形でもなく、心なんだって」%K%P
「我也有我自己的男子气概。\n重要的不是性别，也不是外表，而是心。」%K%P
「だから蛍の姿で結婚式に出ようって思ったの。\n　清佳ちゃんに何か幸せなサプライズをしたくって」%K%P
「所以我想以小萤的模样参加婚礼，给清佳一个幸福的惊喜。」%K%P
「蛍……」%K%P
「萤……」%K%P
ちょっとした悪戯心だったのかもしれない。\nきっと昨日、思い出話をした時に思いついたんだ。%K%P
她可能只是想恶作剧一下。\n肯定是昨天聊起回忆时想到的。%K%P
でも、涙が溢れてしまうほど嬉しかった。%K%P
不过，我高兴得几乎要喜极而泣。%K%P
目の前の大好きな人は私を真っ直ぐ見てくれていた。%K%P
眼前我最喜欢的人正直视着我。%K%P
私を普通の女の子として扱ってくれて。\nただただ私の幸せを祈ってくれていて。%K%P
把我当成普通的女孩子对待。\n一心一意地祈祷我能获得幸福。%K%P
「それと、これも」%K%P
「还有这个。」%K%P
蛍が何かを私の頭に被せてきてくれる。\n同じように自分の頭にも被せて微笑みかけてくれて――%K%P
萤将某个东西戴在我的头上。\n接着她也把那个东西戴在自己的头上，对我露出微笑——%K%P
「これって……」%K%P
「这是……」%K%P
触れれば崩れてしまいそうな色あせた花の冠。%K%P
那是一顶褪色的花冠，仿佛一碰就会碎掉。%K%P
けれど花弁はあの頃と同じ美しさを保ち続けていて、\n枯れてもなお綺麗に咲き誇っていた。%K%P
然而，花瓣却和当时一样美丽，即使枯萎了，依然绽放着美丽的花朵。%K%P
「実はわたしもずっと大切に残してあったの。\n　清佳ちゃんとわたしの友情の証」%K%P
「其实，我也一直很珍惜地留着呢。这是我和清佳的友情证明。」%K%P
「離れ離れになった後もこれを見て、\n　清佳ちゃんのことをいつも思い出してた」%K%P
「分开之后，我总是看着这个，想起清佳。」%K%P
「清佳ちゃんとの指切りを思い出して。\n　一緒に遊んだ日々を思い出して」%K%P
「我想起和清佳打勾勾的约定，还有和她一起玩耍的时光。」%K%P
「いつも清佳ちゃんのことを考えてた」%K%P
「我总是想着清佳。」%K%P
「蛍……」%K%P
「萤……」%K%P
言葉が出てこない。\nこんなに幸せなサプライズは初めてだったから。%K%P
我一句话都说不出来。\n因为这是我第一次遇到这么幸福的惊喜。%K%P
だけど蛍はそんな胸の内を知ってか知らずか、\nさらに私の心を波立たせてくる。%K%P
然而，萤似乎没察觉到我心中的想法，继续掀起我内心的波澜。%K%P
「受け取ってくれる？\n　今度は友情じゃなくて、愛の誓いとして」%K%P
「你愿意收下吗？\n这次不是友情，而是爱的誓言。」%K%P
「指輪代わりじゃないけど……。\n　わたしの気持ち、清佳ちゃんに受け取って欲しいな？」%K%P
「虽然不是代替戒指……\n不过，我希望清佳能接受我的心意。」%K%P
「受け取って欲しいって……。\n　もう被せちゃってるじゃない」%K%P
「希望你收下……\n你已经戴上了啊。」%K%P
「えへへ。断られると思ってないもん」%K%P
「嘿嘿嘿，我才不觉得你会拒绝我呢。」%K%P
「もう……」%K%P
「真是的……」%K%P
嬉しいってそのまま言いたいのに、\n気恥ずかしくなってつい悪態をついてしまう。%K%P
虽然我很想直接说我很开心，但因为太害羞了，所以忍不住就骂了她。%K%P
けれど、きっと私はいま笑顔を浮かべていた。\n幸せいっぱいの笑顔を。大好きな人に向けて。%K%P
不过，我脸上一定挂着笑容。\n对最喜欢的人，露出幸福洋溢的笑容。%K%P
今にも目尻から涙を溢れさせそうになりながら、\n清佳ちゃんが幸せそうに笑ってくれる。%K%P
清佳眼角泛泪，幸福地笑了。%K%P
ドレス姿はちょっぴり恥ずかしいけれどやって良かった。%K%P
虽然穿婚纱有点害羞，但幸好有穿。%K%P
「ありがとう、蛍。春樹くん。\n　こんなにも私を愛してくれて」%K%P
「谢谢你们，萤、春树。\n谢谢你们这么爱我。」%K%P
「そんなにしみじみと言われちゃうと照れるってば。\n　喜んでくれたのは、えへへ、嬉しいけど」%K%P
「你讲得那么感慨，我会不好意思啦。\n不过你这么高兴，我也很开心就是了。」%K%P
「少しは格好いいところ見せられたかな？」%K%P
「我有稍微展现帅气的一面吗？」%K%P
「うん、とっても格好良いわ。\n　それにとっても、ふふ、可愛い」%K%P
「嗯，非常帅气哦。\n而且，呵呵，很可爱。」%K%P
「か、可愛いは余計だもん」%K%P
「可、可爱是多余的啦！」%K%P
「どうして？　物凄く似合ってるわよ、蛍のドレス姿。\n　この会場にいるどの花嫁よりも可愛いくらい」%K%P
「为什么？萤，你穿婚纱的样子非常适合你哦，甚至比这个会场里的任何新娘都还要可爱。」%K%P
「も、もう。あんまり言うと\n　もう一度着替えてきちゃうからね」%K%P
「讨、讨厌啦。你再继续说下去的话，我就要再换一次衣服咯。」%K%P
「ダーメ。たった今プロポーズしたクセに、\n　また花嫁を一人にしちゃうつもり？」%K%P
「不～行。你刚刚才求婚，现在又打算让新娘一个人吗？」%K%P
「もう片時も離しちゃダメだから。\n　私と……ずっと、末永くずっと一緒にいて？」%K%P
「从今以后，你不能离开我半步。\n可以吗……请你永远、永远和我在一起。」%K%P
「病める時も健やかなる時も……\n　ずっとずっとあなたと一緒にいたい」%K%P
「无论健康或疾病……\n　我都想一直和你在一起。」%K%P
「清佳ちゃん……」%K%P
「清佳……」%K%P
そっと清佳ちゃんが小指を伸ばしてきてくれる。%K%P
清佳轻轻伸出小指。%K%P
彼女が何を求めているのかは、すぐにわかった。%K%P
我立刻明白她想要什么。%K%P
「もちろん。約束する。\n　わたしも清佳ちゃんとずーっと一緒にいたいもん」%K%P
「当然，我答应你。\n我也想和清佳一直在一起。」%K%P
小指を絡め合って、彼女の瞳を見据えて、頷き返す。%K%P
我与她十指交扣，看着她的眼睛，点头回应。%K%P
「ふふ。なら、せーので言いましょっか」%K%P
「呵呵。那么，我们数到三一起说吧。」%K%P
「うんっ」%K%P
「嗯！」%K%P
撮影のことなんて頭からすっぽり抜けていた。%K%P
我完全忘了摄影的事情。%K%P
今はただ幸せで。%K%P
现在只觉得幸福。%K%P
まるで本当に結婚式を挙げているような心地がして。%K%P
感觉就像真的在举行婚礼一样。%K%P
大好きな人と永遠の愛を早く誓いたくてウズウズして。%K%P
我迫不及待地想和最喜欢的人立下永恒的誓言。%K%P
「せーの」%K%P
「一、二、三！」%K%P
「ゆーびきりげーんまん、\n　うそついたら、はりせーんぼんのーますっ」%K%P
「约好了哦，说谎的人要吃一千根针！」%K%P
「ゆーびきったっ！」%K%P
「约好了！」%K%P
めいっぱい強く指をきる。%K%P
我用力地用手指勾着。%K%P
子供の頃と同じように互いの小指に運命の糸を結んで、\n永遠の愛を誓い合う。%K%P
和小时候一样，我们用小指系上命运的红线，互相发誓永远相爱。%K%P
「わかってると思うけど、\n　嘘をついたら本当に針千本飲ますからね？」%K%P
「我想你应该知道，要是说谎的话，我真的会让你吃一千根针哦？」%K%P
「えへへ、清佳ちゃんこそ」%K%P
「嘿嘿，清佳才是呢。」%K%P
気づけばそこかしこから\n温かい拍手の音が聞こえてきた。%K%P
不知不觉间，温暖的掌声从四面八方传来。%K%P
お姉ちゃんも愛さんも他のカップルさんたちも、\n皆が皆わたしたちを祝福してくれていた。%K%P
姐姐、爱小姐和其他情侣，都纷纷向我们献上祝福。%K%P
ひだまりの中にいるような、ぬくもりを感じる。%K%P
仿佛置身于阳光之中，可以感受到温暖。%K%P
目の前にいる大好きな人が\n愛しくて愛しくてたまらない。%K%P
眼前是我最喜欢的人，\n我爱她爱得不得了。%K%P
「ん……ちゅっ」%K%P
「嗯……啾！」%K%P
衆人環視の中、口づけを交わす。\nわたしたちのラブラブっぷりをみんなに見せつける。%K%P
在众目睽睽之下，我们接吻了。\n向大家展现我们恩爱的模样。%K%P
そんなわたしたちを、みんながさらに祝福してくれる。%K%P
大家也纷纷祝福我们。%K%P
「……人に一番嘘をついていたのは私だったのかも」%K%P
「……对别人说最多谎话的，或许是我。」%K%P
「え？」%K%P
「咦？」%K%P
「ううん、なんでもない。\n　私たちのラブラブパワーは本物だったと思っただーけ」%K%P
「不，没什么。\n我只是在想，我们的恩爱力量是货真价实的。」%K%P
「もう……清佳ちゃんったら」%K%P
「真是的……清佳你真是的。」%K%P
古くさいよ。と言おうとしたところで\n不意打ち気味に唇を奪われた。%K%P
真是老套。我正想这么说的时候，嘴唇突然被夺走了。%K%P
ぎゅっと抱きしめられて、より深く唇を重ねてくれる。%K%P
被她紧紧抱住，嘴唇交叠得更深了。%K%P
「おめでとうございます。清佳様、蛍様」%K%P
「恭喜你们，清佳大人、萤大人。」%K%P
「おめでとう。清佳ちゃん、蛍」%K%P
「恭喜你们，清佳、萤。」%K%P
公然とイチャつくわたしたちを本物の結婚式さながらに\nみんなが幸せそうな笑顔を浮かべて見つめてきてくれる。%K%P
公然打情骂俏的我们，仿佛在举办真正的结婚典礼。\n大家都露出幸福的笑容，注视着我们。%K%P
「えへへ……幸せね？」%K%P
「欸嘿嘿……很幸福吧？」%K%P
「うん。すっごく幸せ」%K%P
「嗯，非常幸福。」%K%P
そんな愛と祝福に満ちた空間で、\nわたしたちはいつまでもいつまでも唇を重ね続けた――%K%P
在充满爱与祝福的空间里，我们一直一直接吻——%K%P
