………………%K%P
………………%K%P
…………%K%P
…………%K%P
……%K%P
……%K%P
%XS20「――ほ、ほーっ、ホアアーッ！！　ホアーッ！！」%XE%K%P
%XS20「——啊、啊——！啊啊啊——！！啊啊——！！」%XE%K%P
「ひぃあっ……！？　な、なに……！？」%K%P
「咿啊……！？怎、怎么了……！？」%K%P
耳元で奇怪な大声を聞かされて、思わず飛び起きる。%K%P
耳边传来奇怪的大叫，害我忍不住跳了起来。%K%P
「ホアアッ、ホアッ！！\n　ほたッ、ほたたたッッ……！！」%K%P
「喝啊啊、喝啊！！\n　喝啊、喝啊啊啊……！！」%K%P
「あ――～～っっ！　き、清佳ちゃん……」%K%P
「啊——～～！清、清佳……」%K%P
目に飛び込んできた彼女の姿を見て、\n清佳ちゃんと同じ心持ちになる。%K%P
看到她映入眼帘的模样，我产生了和清佳一样的心情。%K%P
そ、そうだ僕……！\n昨日、清佳ちゃんと――%K%P
对、对了，我……！\n昨天，我和清佳——%K%P
「あのっ、えと……！！\n　蛍っ、き、昨日、ききき、昨日っ……！！」%K%P
「那个，呃……！！\n萤，昨、昨天，昨天、昨天……！！」%K%P
「ふぇっ……！！　あえとっ……！！　そ、その……！！」%K%P
「呼欸……！！呃……！！那、那个……！！」%K%P
二人揃って慌てふためいてしまう。\n頭が働かない。何も考えられなくて……！！%K%P
两人同时惊慌失措。\n脑袋无法运转，什么都无法思考……！！%K%P
「～～っっ！！　ごめんなさいっ……！！\n　いま私、蛍の顔見られそうになくてっ……！！\n　あ、朝ご飯、いらないからっっ……！！」%K%P
「～～！！对不起……！！\n我现在，不敢面对萤……！！\n早、早餐，我就不吃了……！！」%K%P
「あっ――き、清佳ちゃん……！！」%K%P
「啊——清、清佳……！！」%K%P
『愛っ……！！　愛っっ！！！\n　車をっ、車を回してっっ、愛っっ！！！！』%K%P
『爱……！！爱——！！！\n快开车、快开车啊——！爱——！！！！』%K%P
止める間もなく清佳ちゃんが部屋を出て行ってしまう。%K%P
我还来不及阻止，清佳就离开了房间。%K%P
無理もないよね……。\nあんなことしたわけだし……。%K%P
这也难怪……\n毕竟我做了那种事……%K%P
「冷静に考えると、\n　とんでもないことをしちゃったような……」%K%P
「冷静想想，我好像做了很不得了的事情……」%K%P
キスや告白だけでもマズいと思っていたのに、\nエ、エッチまでしちゃって……。%K%P
光是接吻和告白就已经够糟糕了，居然还做了色色的事……%K%P
清佳ちゃんを――騙したまま。%K%P
就这样——继续欺骗着清佳。%K%P
「…………」%K%P
「…………」%K%P
幸せな気持ちから一転、罪悪感が募ってしまう。\n僕はなんて最低愛悪の男なんだ……。%K%P
幸福的心情急转直下，罪恶感油然而生。\n我真是个差劲透顶的男人……%K%P
「いっそ……本当に女の子だったら良かったのに」%K%P
「干脆……如果真的是女孩子就好了。」%K%P
僕が生まれた時から女の子だったら、蛍だったら、\n清佳ちゃんと純粋に愛し合えたはずだ。%K%P
如果我出生时是女孩子，如果是萤的话，应该就能和清佳纯粹地相爱了。%K%P
ああしてイチャイチャした後に、\nこうして悲しい気持ちになることもなかっただろう。%K%P
如果我们没有像那样亲热，我应该也不会这么难过。%K%P
僕は一体……どうすればいいんだろう。%K%P
我到底……该怎么做才好？%K%P
「はーるき」%K%P
「春希～～」%K%P
「ひぃあっ！？　おおお、お姉ちゃん……！？」%K%P
「咿啊！？姐、姐姐……！？」%K%P
不意に音もなく、お姉ちゃんが入ってくる。\n扉が開けっ放しだったみたいだ。%K%P
姐姐突然无声无息地走进来。\n门似乎一直开着。%K%P
「やー……。どうやら難儀なことになっちゃった\n　みたいだねー……。これからどうするの？」%K%P
「哎呀……看来事情变得很麻烦了呢……接下来该怎么办？」%K%P
「えっ！？　な、なんの話……！？」%K%P
「咦！？你、你在说什么……！？」%K%P
「なんの話って……そりゃ昨日の話だよ。\n　清佳ちゃん、嬉しそうに報告してきたよ？\n　蛍にキスしてもらった、好きって言ってもらえたって」%K%P
「什么话……当然是昨天的事啊。\n清佳很开心地向我报告了哦？\n她说萤亲了她，还说喜欢她。」%K%P
「まったく……。なーにしてんのさ。\n　どんどん春樹として付き合えなくなっちゃうじゃん」%K%P
「真是的……你在搞什么啊？\n这样子会越来越没办法以春树的身份和你相处啊。」%K%P
な、なんだ。その話か……。%K%P
什、什么啊，原来是这件事……%K%P
てっきりエッチのことかと思っ――%K%P
我还以为她要说什么色色的——%K%P
「その上エッチまでしてたみたいだし」%K%P
「而且好像还上过床。」%K%P
%XS20「どうして知ってるの！！？」%XE%K%P
%XS20「你怎么会知道！！？」%XE%K%P
「……やっぱしてたんだ。夜寝ようとしてたら、\n　清佳ちゃんのえっろい声が超聞こえてきてさー……」%K%P
「……你果然有在做。晚上要睡觉的时候，清佳的淫荡声音我听的超清楚……」%K%P
「てか、もしかしてついに正体明かしたの？\n　その流れでヤっちゃった感じ……？」%K%P
「话说，难道说你终于要公开自己的身份了？\n然后顺势就做了……？」%K%P
「あ、いや、それは、えと――……！」%K%P
「啊，不是，那个，呃——……！」%K%P
昨夜の出来事をかいつまんでお姉ちゃんに話す。%K%P
我将昨晚发生的事情，简单扼要地告诉姐姐。%K%P
すると――%K%P
结果——%K%P
「我が弟ながら向こう見ずだねー……」%K%P
「我弟弟还真是有勇无谋呢……」%K%P
「う……。ご、ごめんなさい……」%K%P
「呜……对、对不起……」%K%P
「あたしに謝られても。\n　それに悪いことでもなくない？」%K%P
「跟我道歉也没用啊。\n而且这也不是什么坏事吧？」%K%P
「えっ？」%K%P
「咦？」%K%P
「それだけ想いが止められなかったってコトっしょ。\n　春樹は本気で清佳ちゃんが好きなんだよ」%K%P
「这代表他的心意无法停止吧？春树是真心喜欢清佳的。」%K%P
「最後の一線だって守ったわけじゃん？\n　チンポ生えてること……隠し続けたんでしょ？」%K%P
「你不是守住最后一线了吗？\n你一直隐瞒自己有小鸡鸡的事……对吧？」%K%P
「普通は襲っちゃうって、好きな子のあんな\n　エロい声聞かされたら。あたしもムラムラしたもん」%K%P
「正常来说都会袭击对方吧，听到喜欢的女生发出那种色情的声音，我也会欲火焚身啊。」%K%P
「お姉ちゃん……」%K%P
「姐姐……」%K%P
「ま……前途多難になったのは間違いないけどさ。\n　あんま悩みすぎても仕方ないって」%K%P
「哎……虽然前途多舛是无庸置疑的啦。\n不过烦恼太多也没用啊。」%K%P
「それより清佳ちゃんへの気持ちを大切にしなよ。\n　土下座して謝るって言うなら一緒に謝ってあげるしさ」%K%P
「比起这个，你还是好好珍惜对清佳的心意吧。\n如果你说要下跪道歉，我也会陪你一起道歉的。」%K%P
「うん……ありがとう」%K%P
「嗯……谢谢。」%K%P
お姉ちゃんの言う通りだ。\n自分を責めても何も解決しない。%K%P
姐姐说得没错。\n自责也解决不了任何问题。%K%P
いっそ本当に土下座してもいいかもしれない。%K%P
干脆真的下跪磕头好了。%K%P
今こそ全てを打ち明けて、\n清佳ちゃんに自分の想いを告げる時なのかも――%K%P
现在正是向清佳表明一切，说出自己心意的时候——%K%P
「――去勢しますね」%K%P
「——你要去势了。」%K%P
「ははは、話せばわかるよ……！！」%K%P
「哈哈哈，你只要听我解释就会明白了……！！」%K%P
「問答無用です。切ります」%K%P
「多说无益，我要剪了。」%K%P
「ひぃいっ！？　ホントにハサミ持ってるし！！」%K%P
「咿咿咿！？你真的拿着剪刀！！」%K%P
登校するや否や、愛さんに声をかけられて、\n体育倉庫へと連れて行かれた。そして今に至る。%K%P
一到学校，爱同学就叫住我，把我带到体育仓库，然后就变成现在这样了。%K%P
「ふふふ、昨夜はお楽しみだったのでしょう？\n　女装姿でキスに告白、果てはエッチまでなさったとか」%K%P
「呵呵呵，昨晚玩得很开心吧？\n　扮女装接吻告白，最后还上了床。」%K%P
「それはつまり男を捨てる覚悟をなさった、\n　ということでございますよね？　そうでしょう？」%K%P
「也就是说，你已经做好了抛弃男人的觉悟，对吧？没错吧？」%K%P
「そそそ、それは……！」%K%P
「这这这、这个嘛……！」%K%P
「まさか、その覚悟もなしに清佳様に触れたのですか？\n　あり得ませんよね？　ゴミクズ以下の思考ですよ？」%K%P
「难道说，你没有那种觉悟就去碰清佳大人了吗？\n不可能吧？那种想法比垃圾还不如哦？」%K%P
「つ、つい――」%K%P
「不、不小心——」%K%P
「――『つい勢いで』とでも言おうものなら、\n　本気で去勢しますから。そんな言葉で\n　済まされるものだとお思いなのですか？」%K%P
「——如果你还想说『一时冲动』这种话，\n　我就真的要阉了你。你以为\n　这种话就能了事吗？」%K%P
「うっ……！」%K%P
「呜……！」%K%P
愛さんに激詰めされて口ごもってしまう。\nそ、そうだよね。済まされないよね……。%K%P
被爱小姐逼问得无话可说。\n就、就是说啊，无法原谅……%K%P
「清佳様の話によれば、夏祭りでは自らキスをされて、\n　昨夜は自ら清佳様を押し倒されたのでしょう？」%K%P
「根据清佳大人的说法，你在夏日祭典上主动被亲吻，昨晚则是主动推倒了清佳大人，对吧？」%K%P
「なら下品なイチモツは必要ないではありませんか。\n　身も心も女になれば、思い悩むこともありませんよ？」%K%P
「既然如此，就不需要下流的那话儿了吧？只要身心都变成女人，就不用烦恼了哦？」%K%P
「そ、それはそうなんだけど……」%K%P
「话、话是这么说没错……」%K%P
「『けど』？　なんです？　まさかこの期に及んで、\n　男として好かれることを諦めてないのですか？」%K%P
「『可是』？是什么？难道事到如今，你还是不肯放弃作为男人被喜欢吗？」%K%P
「…………」%K%P
「…………」%K%P
どうなんだろう。\n自分でもよくわからない。%K%P
该怎么说呢？\n我自己也不太清楚。%K%P
昨夜、清佳ちゃんとエッチするまでは、\n夏祭りでキスや告白をしてしまったことも後悔してた。%K%P
昨晚，和清佳做爱之前，我也很后悔在夏日祭典时和她接吻、向她告白。%K%P
でも今は……どうなんだろう。\n今朝も「もし自分が蛍だったら」なんて思っていたし。%K%P
可是现在……又是如何呢？\n今天早上我也在想「如果自己是萤」。%K%P
「はぁ……。ともかく自分のしでかした行為の責任は\n　きちんと取って下さい」%K%P
「唉……总之，请你好好负起自己所犯下的责任。」%K%P
「明日から夏休みでしょう？　蛍様として、\n　清佳様と関わる機会も自ずと増えるはずですし」%K%P
「明天开始就是暑假了吧？身为萤大人，和清佳大人接触的机会应该也会增加。」%K%P
「二人の関係が深まったというなら尚更です。\n　くれぐれも正体がバレないように振る舞って下さい」%K%P
「既然你们的关系已经变得这么亲密，那就更应该注意了。\n请务必小心行事，不要暴露了真实身份。」%K%P
「清佳様を悲しませるような真似をなされば、\n　愛はあなたを許しませんから」%K%P
「如果您做出让清佳大人伤心的事，爱不会原谅您的。」%K%P
それだけ言って愛さんは去って行った。%K%P
爱小姐只留下这句话，便转身离去。%K%P
……愛さんの話ももっともだ。だからこそ迷う。%K%P
……爱小姐说的也有道理。正因为如此，我才会犹豫。%K%P
お姉ちゃんの言うように土下座してでも打ち明けるか、\nあるいは本当に蛍になってしまうか。%K%P
要像姐姐说的那样，不惜下跪也要坦白，还是真的变成萤。%K%P
僕は一体、どうしたいんだろう。%K%P
我到底想怎么做？%K%P
「夏休みだからと言って羽目を外しすぎないように！\n　休み明けに髪染めたまま登校するなよ。以上」%K%P
「不要因为放暑假就玩过头了！\n开学时别顶着一头染过的头发来学校哦。以上。」%K%P
ＨＲが終わった瞬間、教室が一気に賑やかになる。\n夏休みの予定を友達同士で立てているみたいだ。%K%P
班会结束的瞬间，教室一口气变得热闹起来。\n大家似乎在和朋友讨论暑假的计划。%K%P
「はぁ……」%K%P
「唉……」%K%P
「どうしたのよ……。ようやく夏休みに入ったって\n　いうのにため息なんか漏らしちゃって」%K%P
「怎么了……？好不容易放暑假，你却叹气？」%K%P
「ふぇ！？　き、清佳さん……！？」%K%P
「咦！？清、清佳小姐……！？」%K%P
「何よ、その驚きようは。\n　悩みがあるなら聞くわよ？\n　私、今日はとっても機嫌が良いから」%K%P
「干嘛那么惊讶？\n你有什么烦恼的话，可以跟我说哦？\n我今天心情很好。」%K%P
ニコニコと幸せそうに笑いながら\n清佳ちゃんが話しかけてきてくれる。%K%P
清佳笑嘻嘻地对我说道。%K%P
その笑顔の理由を考えて、嬉しくなる反面、\nやっぱり申し訳なさも覚えてしまう。%K%P
一想到她为什么笑得这么开心，我虽然高兴，但另一方面也觉得过意不去。%K%P
早急に僕も覚悟を決めないと、だよね。%K%P
我也得尽快做好觉悟才行。%K%P
「ありがとう。でも大丈夫」%K%P
「谢谢，不过没关系。」%K%P
「そう？　ならいいけど」%K%P
「是吗？那就好。」%K%P
手を振って応えると、清佳ちゃんも\n特段、気にする様子もなく頷いてくれた。%K%P
我挥挥手回应，清佳也点点头，看起来并不在意。%K%P
もしもこれが蛍だったら、\nもっと悩みを聞き出されたりしたのかな。%K%P
如果是小萤的话，她是不是会问出更多烦恼呢？%K%P
って……何を考えてるんだ、僕は。%K%P
呃……我在想什么啊？%K%P
「あ、そうだ。春樹くん、このあと暇だったりする？」%K%P
「啊，对了。春树，你等一下有空吗？」%K%P
「え？　えと、どうだろう」%K%P
「咦？呃，不知道耶。」%K%P
「どうだろう。ってことは予定らしい予定はないのね？」%K%P
「不知道耶。也就是说，你没有所谓的预定行程咯？」%K%P
「なら付き合って欲しいことがあるんだけど」%K%P
「既然这样，我有事想请你帮忙。」%K%P
「へ？」%K%P
「咦？」%K%P
