――なんて、あの時は思っていたけれど。%K%P
——当时我是这么想的。%K%P
「ふふ。なんだか緊張しちゃうわね？\n　まるで結婚式の前撮りに来てるみたい」%K%P
「呵呵，总觉得好紧张哦？\n简直就像来拍婚纱照一样。」%K%P
「そ、そうだね」%K%P
「说、说得也是。」%K%P
――ドキドキが止まらない。\n清佳ちゃん、本当に綺麗で……。%K%P
——心跳得越来越快。\n清佳真的好漂亮……%K%P
「馬子にも衣装ですね。\n　お似合いですよ、清佳様」%K%P
「佛要金装，人要衣装呢。\n很适合您哦，清佳大人。」%K%P
「褒めてるのか貶してるのかどっちよ」%K%P
「你到底是在夸我还是在损我啊？」%K%P
「褒めてますよ。春樹様もよくお似合いです」%K%P
「这是在夸奖您哦。春树大人也很适合那身打扮。」%K%P
「あ、ありがとう」%K%P
「谢、谢谢。」%K%P
「というか愛。春樹くんの前でキャラ作るのやめたのね」%K%P
「话说回来，爱。你不在春树面前装模作样了呢。」%K%P
「最早キャラを作る必要もなくなりましたしね。\n　愛が本気を出すと春樹様を寝取ってしまいますから」%K%P
「毕竟已经没必要再装模作样了。\n毕竟爱要是认真起来，可是会睡走春树大人的。」%K%P
「愛なんぞに私の春樹くんは寝取られないわよ！」%K%P
「我的春树才不会被爱那种人睡走！」%K%P
二人の会話を聞きながら心を落ち着ける。%K%P
我听着两人的对话，让心情平静下来。%K%P
硬くなり過ぎちゃダメ。\n今こそ男らしい姿を見せないと……！%K%P
我不能太紧张。\n现在正是展现男子气概的时候……！%K%P
「春樹春樹、怖い顔しすぎだってば。\n　んな顔で幸せいっぱいウェディングすんの？\n　リラーックス、リラーックス」%K%P
「春树春树，你的表情太可怕了啦。\n你打算用那种表情参加幸福洋溢的婚礼吗？\n放松点、放松点。」%K%P
「っっ。そうだね――コホン。\n　ありがとう。お姉ちゃん」%K%P
「！说得也是——咳咳。\n谢谢你，姐姐。」%K%P
「とりあえずＰＲコンテストについて確認しよっか。\n　それで、この後どうするか決めよう」%K%P
「总之先来确认一下宣传比赛的详情吧。\n然后我们再来决定接下来要怎么做。」%K%P
「ええ、そうね。私もそれがいいと思うわ」%K%P
「嗯，是啊。我也觉得这样比较好。」%K%P
ＰＲコンテストは予選と本選に分かれるらしい。%K%P
公关比赛似乎分为预赛和决赛。%K%P
予選は遊園地内でＰＲ動画を撮り、その動画で評価を得た\n上位３ペアが後日チャペルで行われる本戦に進むとの事だ。%K%P
预赛是在游乐园内拍摄宣传视频，以视频获得的评价决定\n前三对可以晋级在教堂举行的决赛。%K%P
「つまり、チャペルで式を挙げるには、\n　予選を勝ち残らないといけないってわけですよね？」%K%P
「也就是说，如果要在教堂举行婚礼，就必须在预赛中胜出，对吧？」%K%P
「そ、そうなります」%K%P
「是、是的。」%K%P
改めて説明をしてくれていたスタッフの女性が\n清佳ちゃんにおっかなびっくり頷く。%K%P
重新向我们说明的女性工作人员，战战兢兢地对清佳点头。%K%P
「なるほど……。これは気を抜けないわよ、春樹くん！\n　私たちの幸せな結婚式を手に入れるためにもね……！」%K%P
「原来如此……这下子可不能掉以轻心了，春树！\n为了得到我们幸福的婚礼……！」%K%P
「何度も言うけどあくまでＰＲだからね？\n　本当の結婚式じゃないから」%K%P
「我再强调一次，这只是宣传，不是真正的结婚典礼哦。」%K%P
「わかってるわよ。でもせっかくの機会なんだし、\n　とことん味わい尽くしたいじゃない」%K%P
「我知道啦。不过机会难得，我想尽情享受嘛。」%K%P
「それともあなたは……ふふ。\n　私とチャペルの前で愛を誓い合いたくないの？」%K%P
「还是说……呵呵，你不想和我在教堂前互许终身吗？」%K%P
「そんなことないよ！\n　もちろん誓い合いたいさ……！」%K%P
「没那回事！\n　我当然想和你互许终身……！」%K%P
「なら予選を突破するしかないわね。\n　私たちのラブラブな姿、ばっちり撮ってもらいましょ？」%K%P
「那就只能突破预赛了。\n　你要把我们恩爱的模样，拍得一清二楚哦？」%K%P
「う、うんっ」%K%P
「嗯、嗯！」%K%P
「あ、あの。では私は……」%K%P
「那、那个，那么我……」%K%P
「はい。ありがとうございます。\n　すみません。何度も説明して頂いて」%K%P
「是的。谢谢您。\n不好意思，让您一再说明。」%K%P
「いえ！！　それでは失礼します……！」%K%P
「不会！！那么我先告辞了……！」%K%P
あからさまに畏縮したまま\n逃げるようにスタッフの女性が去って行く。%K%P
女员工明显畏缩了起来，逃也似地离开了。%K%P
「はぁ……。気を遣わなくていいって言ったのに。\n　上手くいかないものね」%K%P
「唉……明明说过不用顾虑我的，结果还是不顺利。」%K%P
「仕方ありませんよ。楠グループの令嬢が\n　飛び入り参加してきたとなればこうなります」%K%P
「没办法呀。楠公司的千金突然参赛，当然会变成这样。」%K%P
「だとしても、あそこまで怯えなくても。\n　私を人食い鬼か何かと勘違いしてるんじゃないかしら」%K%P
「就算是这样，也不用怕成那样吧？\n她是不是把我误认为吃人的鬼了？」%K%P
「…………。仕方ありませんよ」%K%P
「…………真拿你没办法。」%K%P
「あ゛？　見えるってか？\n　私が人食い鬼に見えるってか！？」%K%P
「啊？你看得见？\n你看得见我这个吃人鬼吗！？」%K%P
「お婿様の前でございますよ、清佳様」%K%P
「您在夫婿大人面前呢，清佳大人。」%K%P
「あはは……。相変わらず仲がいいね……」%K%P
「啊哈哈……你们的感情还是一样好呢……」%K%P
まぁ清佳ちゃんの機嫌を損ねないようにと怖がる\nスタッフさんの気持ちもわからないではない。%K%P
哎，工作人员会害怕，不想惹清佳不高兴，这也不是不能理解。%K%P
忘れがちだけど清佳ちゃんは日本有数の資産家の娘だ。\nだからこそ僕も彼女に釣り合うような男にならないと。%K%P
虽然很容易忘记，但清佳可是日本屈指可数的资产家的女儿。\n正因为如此，我也必须成为配得上她的男人。%K%P
「ともかく行こっか。撮影映えしそうな場所探そう？」%K%P
「总之我们走吧。来找个适合拍照的地方。」%K%P
「あ……」%K%P
「啊……」%K%P
エスコートするように、\nそっと清佳ちゃんの手を握って歩き始める。%K%P
我像护花使者般，轻轻牵起清佳的手，迈开步伐。%K%P
「ふふっ、ええ。どこがいいかしら」%K%P
「呵呵，好啊。要去哪里好呢？」%K%P
「わわ。くっつきすぎだよ」%K%P
「哇哇，你靠太近了啦。」%K%P
「いいじゃない、花嫁と花婿なんだから。\n　春樹くんと恋人になってからの初デートだし、ね？」%K%P
「有什么关系，我们是新娘和新郎啊。\n这是你和春树同学成为情侣后的第一次约会，对吧？」%K%P
「だからめいっぱい、ぎゅ～……！\n　デートも楽しみたいと思ってるの」%K%P
「所以，我想尽情地抱紧你～……！\n　也想尽情地享受约会。」%K%P
嬉しそうに破顔して、清佳ちゃんが腕に抱きついてくる。\nか、可愛い……。嬉しい……。%K%P
清佳开心地露出笑容，抱住我的手臂。\n好、好可爱……我好开心……%K%P
「あ……も、もう。見つめすぎよ……。\n　そんなに見つめられると……」%K%P
「啊……真、真是的。你不要一直盯着我看啦……\n你这样一直看我……」%K%P
「見つめられると……？」%K%P
「盯着看……？」%K%P
「ちゅ……ん。……キスしたくなっちゃうじゃない」%K%P
「啧……嗯……这样会让人想接吻耶。」%K%P
「～～っっ」%K%P
「～～！」%K%P
これはマズい。幸せすぎてマズい。%K%P
这下糟了。幸福过头，糟了。%K%P
僕の今日の一番の目標は撮影中、\n勃起せずにいることになりそうだ……！%K%P
看来我今天最大的目标，就是在拍摄过程中不要勃起……！%K%P
「……あたしら今日一日\n　このイチャつきっぷりを見せつけられんの？」%K%P
「……我们今天一整天，\n　都要被迫看你们这样打情骂俏吗？」%K%P
「残念ですがそうでしょうね。まぁ、ふふ、\n　色々あった割に幸せそうで何よりでございますが」%K%P
「很遗憾，我想是这样没错。不过，呵呵，虽然发生了很多事，但你们看起来很幸福，这样就好。」%K%P
「あ、見て春樹くん。アレなんかいいんじゃない？」%K%P
「啊，春树，你看那个，好像不错耶。」%K%P
「コーヒーカップだね。確かに撮影向きだとは思うけど。\n　あれはやめておいた方がいいと思うよ」%K%P
「咖啡杯啊。那东西确实很适合拍照，不过我觉得还是别用比较好。」%K%P
「あら。どうして？」%K%P
「哎呀，为什么？」%K%P
「ほら清佳さんって乗り物酔いするじゃない。\n　きっと具合悪くしちゃうよ」%K%P
「你想想，清佳不是会晕车吗？\n一定会不舒服的。」%K%P
「春樹くん……！　素敵な気づかいだわ、ありがとう。\n　やっぱり蛍の時の優しさは変わってないわね」%K%P
「春树……！你真是贴心，谢谢你。\n你果然还是和萤的时侯一样温柔呢。」%K%P
「も、もう。イチイチそういうこと言わなくていいってば」%K%P
「真、真是的，不用一直强调这种事啦。」%K%P
「照れなくたっていいのに。嬉しいんだから」%K%P
「不用害羞啊，我很高兴哦。」%K%P
なんだかもう花嫁姿の清佳ちゃんと\nただただ遊園地デートしている気分になってくる。%K%P
我开始觉得好像只是和穿着新娘礼服的清佳在游乐园约会。%K%P
これでいいのかな？　でも、うん。\n幸せだからよしとしよう。%K%P
这样真的好吗？不过，嗯，我很幸福，所以就这样吧。%K%P
「と……。なんだろ、あのざわつき」%K%P
「呃……那阵骚动是怎么回事？」%K%P
撮影場所を探して園内を練り歩いていると、\nやや遠くからキャーと黄色い声が聞こえてきた。%K%P
我们为了寻找摄影地点而在园内漫步，这时从稍远处传来「呀——」的尖叫声。%K%P
「どうやら別の参加者のようですね。\n　一般客が物珍しがっているのでしょう」%K%P
「看来是其他参赛者呢。\n一般游客应该觉得很稀奇吧。」%K%P
「こんだけ花嫁と花婿が遊園地を歩いてたらねー。\n　想像してたより参加者多かったし」%K%P
「毕竟新娘和新郎在游乐园里走来走去，而且参加者也比想象中多。」%K%P
確かに僕らと同じくドレスやタキシードを着た人が\nざっと見回しただけでも複数組、目に入った。%K%P
的确，光是大略扫视一圈，就看到好几组和我们一样穿着礼服或燕尾服的人。%K%P
清佳ちゃんとのデートに浮かれちゃってたけど、\nあの人たちと張り合わないといけないんだよね。%K%P
虽然因为和清佳约会而感到兴奋，但还是得和那些人竞争才行。%K%P
「ブライダルハウスとしては是が非でも\n　勝ち取りたい話だろうしねー。\n　自社のＰＲにもなるわけだし」%K%P
「毕竟婚纱店无论如何都想要赢得这场比赛吧～～\n而且也能帮自家公司打广告。」%K%P
「そうだよね……。仕事なのに浮かれちゃってたや」%K%P
「说得也是……明明是工作，我却乐昏头了。」%K%P
「ええ、私も……」%K%P
「是啊，我也是……」%K%P
幸せな気分でいるのは大切だけど、\n羽目を外し過ぎちゃダメだよね。%K%P
虽然保持幸福的心情很重要，但是也不能太过放纵。%K%P
にしても……他の花婿さんたち、\nモデルなだけあってすっごく格好いいな。%K%P
话说回来……其他新郎都是模特儿，看起来真的好帅。%K%P
身長も高いし、顔も精悍というか男らしいし、\n同性の僕から見ても魅力的に見える。%K%P
身高很高，长相精悍，很有男子气概，连身为同性的我都觉得很有魅力。%K%P
それに引き替え僕は身長も低いし、童顔だし――……%K%P
相较之下，我身高矮，又长得一副娃娃脸——%K%P
「どうしたの、春樹くん？」%K%P
「怎么了，春树？」%K%P
「あ、いや。なんでもない……！\n　僕、じゃなくて、俺たちも気合い入れていこう！」%K%P
「啊，不，没事……！\n不只是我，我们也要鼓起干劲！」%K%P
「ええ、もちろんよ。この機会を与えてくれた\n　ブライダルハウスさんに報いましょ！」%K%P
「嗯，当然咯。我们要报答婚纱公司给我们这个机会！」%K%P
そうだ、しょぼくれている場合じゃない！%K%P
没错，现在不是垂头丧气的时候！%K%P
申し訳ないけど清佳ちゃんより可愛い花嫁さんは\n見当たらないし、後は僕がしっかりすればいいだけだ。%K%P
虽然很抱歉，但我找不到比清佳更可爱的新娘，之后只要我好好努力就行了。%K%P
男らしく清佳ちゃんをエスコートして、\n幸せいっぱいなウェディング動画を撮ろう！%K%P
像个男子汉一样护送清佳，拍下幸福洋溢的结婚视频吧！%K%P
「ふむふむ。他の組を見る限り、場所への拘りは勿論\n　パフォーマンスにも気を遣ってるみたいね」%K%P
「嗯嗯。从其他组别看来，不只是地点，似乎也对表演内容很讲究呢。」%K%P
「ホントだ。わっ、すごい」%K%P
「真的耶。哇，好厉害。」%K%P
視線の先では映画のワンシーンのように\n花婿が花嫁を抱っこしながらクルクルと回っていた。%K%P
在视线前方，新郎抱着新娘转圈，宛如电影中的场景。%K%P
純白のドレスが動きに合わせてふわっと靡いて、\nまるで花婿が天使を捕まえたように見える。%K%P
纯白的礼服随着她的动作轻盈地飘动，看起来就像新郎抓住了天使一样。%K%P
二人とも幸せそうな笑顔を浮かべていて――\n見ているこっちまで結婚したくなっちゃうや。%K%P
两人都露出幸福的笑容——\n连我这个旁观者都忍不住想结婚了。%K%P
「プロモーションとしては良い線を行ってるわね。\n　相手にとって不足無しだわ」%K%P
「以宣传来说，算是做得不错。\n对对方来说，没有不足之处。」%K%P
「そ、そうだね」%K%P
「说、说得也是。」%K%P
僕も同じことを――と思ったけれど、\nあれは身長と相応の腕力がないと無理だ。%K%P
我也办得到——我本来是这么想的，但那需要与身高相符的臂力。%K%P
僕も鍛えてはいるつもりだけど、\n果たして清佳ちゃんの全体重を持ち上げられるかどうか。%K%P
虽然我也算是有在锻炼，但到底能不能举起清佳的全身重量呢？%K%P
「見て。あっちは花婿が花嫁をバックハグしてる。\n　わぁ、ほっぺにキスまでしちゃって……」%K%P
「你看，那边的新郎从背后抱住新娘了。\n哇，还亲了新娘的脸颊……」%K%P
うぅ、あれも花婿さんが男性的な顔つきだから\n絵になるんだよね……。僕がしても良く見えないかも。%K%P
呜呜，那也是因为新郎的长相很男性化，才会有如画中一般……要是我做，可能就不好看。%K%P
――って、ダメダメ。\nしょぼくれても仕方ないってば……！%K%P
——不行不行，就算垂头丧气也没用……！%K%P
「俺たちも何かしてみようっ。\n　負けてられないよっ」%K%P
「我们也来试试看吧！\n不能输给他们！」%K%P
「ふふ、気合い十分じゃない。\n　私も燃えてきたわ」%K%P
「呵呵，真是干劲十足呢。\n我也开始热血沸腾了。」%K%P
「そうと決まれば――春樹くん！\n　私に抱きついてきて！」%K%P
「既然决定了——春树！\n　快点抱住我！」%K%P
「えっ？　俺が？」%K%P
「咦？我吗？」%K%P
「いいからいいから」%K%P
「没关系啦没关系啦。」%K%P
「う、うん」%K%P
「嗯，好。」%K%P
言われたとおり、清佳ちゃんに抱きつく。%K%P
我照着她的话，抱住清佳。%K%P
すると――%K%P
结果——%K%P
「わわっ！？　わわわわわっっ！！？」%K%P
「哇哇！？哇哇哇哇哇！！？」%K%P
「――って、どうして俺が回される側なのさ！？」%K%P
「——等等，为什么是我被举起来啊！？」%K%P
「ふふ、私もやってみたくなっちゃって。\n　一度でいいから蛍にああいうことしてあげたかったの！」%K%P
「呵呵，我也想试试看。\n一次就好，我也想对小萤做那种事！」%K%P
「今は春樹だってばぁ～」%K%P
「现在是春树啦～～」%K%P
「まぁまぁそう言わずに。ぎゅぅぅ……ちゅっ」%K%P
「哎呀，别这么说嘛。啾……啾。」%K%P
そう言って今度は僕をバックハグしながら、\n清佳ちゃんがほっぺにキスをしてきてくれる。%K%P
清佳说完，这次换成从背后抱住我，亲吻我的脸颊。%K%P
嬉しいけど、これじゃ男女があべこべだ。\nちっとも男らしくない……！%K%P
虽然我很高兴，但这样男女立场颠倒了。\n一点都没有男子气概……！%K%P
「悪くない絵ですね。\n　ビデオカメラ、回しておきましょうか？」%K%P
「画得不错呢。\n要不要我拿摄像头拍下来？」%K%P
「やっぱ春樹は受けの方が似合うもんね～。\n　すっごい可愛いじゃん」%K%P
「春树果然比较适合当受嘛～～\n超可爱的。」%K%P
「俺に可愛さは求められてないの！」%K%P
「没人要求我可爱吧！」%K%P
「あら。私は求めてるけど」%K%P
「哎呀，我可是很想要求哦。」%K%P
%XS20「求めなくていいから！」%XE%K%P
「不要要求我！」%K%P
みんな、蛍に引っ張られすぎだよ……！\n花婿は格好良くなきゃいけないんだ。%K%P
大家也太宠萤了吧……！\n新郎当然得帅气才行啊。%K%P
僕だって男として、清佳ちゃんの花婿として、\n格好良い姿を彼女に見せたい。%K%P
身为男人，身为清佳的新郎，我也想让她看到帅气的一面。%K%P
今まで蛍として、女の子として接してきた分、\n男らしいところを見せて惚れ直してもらいたい。%K%P
至今为止，我一直以萤的身份，以女孩子的身份与他相处，所以她希望他能看见自己充满男子气概的一面，重新迷恋上自己。%K%P
「あ……。あれ素敵かも……」%K%P
「啊……那个好像很棒……」%K%P
心の中で決意を新たにしていると、\n清佳ちゃんはまた別のカップルに目を奪われていた。%K%P
我再次下定决心。\n清佳的视线又移向另一对情侣。%K%P
視線を追うと、ベンチに座った花婿さんが\n花嫁さんをお姫様抱っこしている姿が見える。%K%P
我循着她的视线望去，只见坐在长椅上的新郎正用公主抱的方式抱着新娘。%K%P
今までの流れからすると、もしかして――%K%P
从至今为止的对话来看，难道说——%K%P
「ねっ、春樹くんっ。私もあんな風にあなたを――」%K%P
「呐，春树。我也想像那样——」%K%P
「――俺がお姫様だっこしてあげてもいいっ？」%K%P
「——我可以公主抱吗？」%K%P
「え？　春樹くんが？」%K%P
「咦？春树吗？」%K%P
「う、うんっ！　俺もああいうの憧れてて……！」%K%P
「嗯、嗯！我也很向往那种感觉……！」%K%P
清佳ちゃんが僕を「お姫様抱っこしたい」と\n言い出す前にそう切り出す。%K%P
在清佳说出「我想公主抱」之前，我抢先一步说道。%K%P
きょとんとしている顔を見る限り、\nやっぱり僕にしようとしてたみたいだ。%K%P
从她那张呆愣的表情看来，她果然是想选我。%K%P
「……ふふ。もちろん、いいわよ？\n　じゃあ抱っこしてもらっちゃおうかしら」%K%P
「……呵呵。当然可以咯？\n　那我就让你抱抱吧。」%K%P
「任せてよっ」%K%P
「交给我吧！」%K%P
思っていたよりもすんなりと頷いてくれた。\nもしかしたら僕の気持ちを汲んでくれたのかもしれない。%K%P
她比我想象中还要干脆地点头。\n说不定她体谅了我的心情。%K%P
やる気も俄然出てくる。\n清佳ちゃんをどうにかもっと喜ばせてあげたい。%K%P
我突然涌起干劲。\n我想让清佳更开心。%K%P
「じゃあ……またエスコートしてくれるかしら。\n　私の王子様？」%K%P
「那么……你愿意再当我的护花使者吗？\n我的王子殿下？」%K%P
「王子さ――うんっ！」%K%P
「王子——嗯！」%K%P
王子様と言ってもらってドキっとしてしまう。%K%P
听到他叫我王子殿下，我不禁心跳加速。%K%P
僕にできるかな。王子様らしいエスコートが。\n――ううん、ここで弱気になってどうするっ。%K%P
我有办法扮演好王子的角色吗？\n——不行，我怎么可以在这个时候退缩呢？%K%P
やってみせるぞ……！\n僕のお姫様をうんと幸せにしてみせる……！%K%P
我一定会做到……！\n一定会让我的公主幸福……！%K%P
「あっ、そうだ――」%K%P
「啊，对了——」%K%P
「どうしたの？」%K%P
「怎么了？」%K%P
「いいこと思いついたよ、清佳さん！\n　王子様とお姫様なら、こういうのはどうかなっ？」%K%P
「我想到一个好点子了，清佳！\n　王子殿下和公主殿下的话，这样如何？」%K%P
頭に浮かんだ妙案を清佳ちゃんに相談する。%K%P
我向清佳商量浮现在我脑海中的妙计。%K%P
「……なるほど。確かにいい考えかもしれないわね！」%K%P
「……原来如此。这的确是个好主意！」%K%P
「でしょ？　よーし、そうと決まれば行こう！」%K%P
「对吧？好，既然决定了就走吧！」%K%P
「でも大丈夫？　さっきの案だと春樹くんが辛くない？」%K%P
「不过这样没问题吗？照刚才的提案，春树同学不会很辛苦吗？」%K%P
「心配しないで。これでも一応鍛えてるから」%K%P
「别担心，我好歹有在锻炼。」%K%P
「うーん……。でもやっぱり――」%K%P
「嗯……不过，果然还是——」%K%P
「いいからいいから。俺に任せてよ！」%K%P
「别担心别担心，交给我吧！」%K%P
「わわっ。そんなに慌てなくてもいいってば。\n　あんまり早く歩かれると裾踏んじゃう……！」%K%P
「哇哇！不用那么慌张啦！\n你走太快的话，会踩到我的裙摆……！」%K%P
清佳ちゃんの手を引いて、\nとあるアトラクションへと向かう。%K%P
我拉着清佳的手，走向某个游乐设施。%K%P
「ホントに大丈夫……？　重くない……？」%K%P
「真的没问题吗……？会不会很重……？」%K%P
「だ、大丈夫……！　鍛えてるって、言ったでしょ……！」%K%P
「没、没问题……！我不是说过，我有在锻炼吗……！」%K%P
「でも……腕プルプルしてるわよ？」%K%P
「可是……你的手在发抖耶？」%K%P
「大丈夫……！」%K%P
「没问题……！」%K%P
メリーゴーランドのお馬の上に乗りながら、\n清佳ちゃんの身体を両手で抱え上げる。%K%P
我坐在旋转木马的马上，用双手抱起清佳的身体。%K%P
お姫様だっこというヤツだ。\n男らしい人はみんなやってるのを見る。%K%P
就是所谓的公主抱。\n我看过很多很有男子气概的人这么做。%K%P
「座ってるとはいえバランスも取りづらいんじゃない？\n　不安定な場所だし……」%K%P
「虽然坐着，但很难保持平衡吧？\n　而且那个地方也不稳定……」%K%P
「大丈夫……！！」%K%P
「没问题……！！」%K%P
「気持ちは嬉しいけど、\n　そんな無茶しなくても――」%K%P
「你的心意我很高兴，但是不用这么乱来——」%K%P
%XS20「――してないってば！」%XE%K%P
「——就说没有了嘛！」%K%P
「俺にだってできるから……！\n　大好きな人をお姫様だっこするくらい……！」%K%P
「我也办得到……！至少可以公主抱我最喜欢的人……！」%K%P
「春樹くん……」%K%P
「春树……」%K%P
これでも毎日こっそり筋トレはしてきたんだ。\n筋肉が付きづらい体質なのか力こぶもできないけど。%K%P
别看我这样，我每天都有偷偷锻炼肌肉。\n虽然我体质上不容易长肌肉，所以练不出什么肌肉。%K%P
それでも、僕だって――……！！%K%P
即使如此，我也——……！！%K%P
「ふふ。なら、せめてもっと笑いなさい」%K%P
「呵呵。那么，至少多笑一点吧。」%K%P
清佳ちゃんはおかしそうにクスクス笑うと、\nそう僕に囁いてくれる。%K%P
清佳开心地轻笑，对我低语：%K%P
「そんな必死な顔でお姫様を\n　だっこする王子様はいないわ。\n　もっと幸せそうに抱えてもらわないと」%K%P
「没有王子会用那么拼命的表情抱公主哦。\n　要抱得更幸福一点。」%K%P
「あ……、清佳さん……」%K%P
「啊……清佳……」%K%P
「遠慮せずにもっと抱きしめていいから。\n　その方が力も入るでしょ？」%K%P
「不用客气，你可以抱得更紧一点。\n这样也比较省力气吧？」%K%P
「私も……ん。大好きな人と、\n　もっともっーとくっつきたいし」%K%P
「我也……嗯。想和最喜欢的人，更加紧密地贴在一起。」%K%P
そう言って清佳ちゃんがより強く僕へ抱きついてくれる。%K%P
清佳说完，更用力地抱紧我。%K%P
手首から先だけで支えていた体重が\n腕ごと抱きしめる形になって確かに負担が軽くなった。%K%P
原本只用手腕支撑的体重，变成整个手臂抱住，负担确实减轻了。%K%P
「ほーら。笑いなさいってば。\n　ＰＲにならないでしょ？」%K%P
「来，笑一个嘛。\n这样没办法宣传吧？」%K%P
「私なんて、ふふ。大好きな人に格好良く抱きしめられて\n　変なにやけがとまらないんだから」%K%P
「呵呵，像我啊，被喜欢的人帅气地抱住，就会忍不住傻笑。」%K%P
幸せいっぱいの笑みで清佳ちゃんが笑いかけてくれる。%K%P
清佳对我露出幸福洋溢的笑容。%K%P
格好付けようとして無茶をした僕を、\nそれでも愛おしそうに見つめてきてくれる。%K%P
即使如此，她还是用怜爱的眼神，看着为了耍帅而乱来的我。%K%P
……ああ。もうホントに敵わないなぁ。%K%P
……唉，真的是拿她没办法。%K%P
僕には勿体ないくらい良い女の子過ぎる。%K%P
她是个好女孩，我根本配不上她。%K%P
「ありがとう、清佳さん」%K%P
「谢谢你，清佳。」%K%P
「もう。改まったお礼なんかより、\n　違う言葉が欲しいわ」%K%P
「真是的。比起郑重的道谢，我更想要不同的说法。」%K%P
「花嫁をこうしてだっこしてるのよ？\n　愛の一つや二つ、囁くべきよ」%K%P
「你这样抱着新娘耶？\n　应该要呢喃一两句爱的告白吧。」%K%P
笑顔で悪戯っぽくウインクしてくれる彼女が愛おしい。\n溢れんばかりの愛が込み上げてくる。%K%P
她笑着对我使了个俏皮的眼色，那副模样实在惹人怜爱。\n我心中涌起一股满溢而出的爱意。%K%P
「大好きだよ、清佳さん。愛してる」%K%P
「我最喜欢你了，清佳。我爱你。」%K%P
「えへへ……。私も愛してるわ」%K%P
「嘿嘿嘿……我也爱你哦。」%K%P
「あなたのことが……大好き」%K%P
「我……最喜欢你了。」%K%P
お互いにお互いの身体を強く抱きしめる。%K%P
两人紧紧拥抱彼此的身体。%K%P
純白のドレス姿が眩しい。\nただでさえ可愛い清佳ちゃんがもっと可愛く見える。%K%P
纯白的礼服十分耀眼。\n原本就很可爱的清佳看起来更可爱了。%K%P
「ふふ、確かににやけてきちゃうね。\n　ほっぺが勝手に緩んできちゃう」%K%P
「呵呵，的确会让人忍不住笑出来呢。\n脸颊会自己放松。」%K%P
「当たり前よ。こんなに幸せなことをしてるんだから」%K%P
「当然咯。因为我们在做这么幸福的事。」%K%P
「むしろ、こうしてイチャイチャしてる時に\n　他事ばっかり考えてたなんて。許せないわ」%K%P
「我反而觉得，你们竟然在打情骂俏的时候还想着其他事情，真是不可原谅。」%K%P
「ごめんね。でも今はもう\n　清佳さんのことしか考えてないから」%K%P
「对不起。不过我现在满脑子都是清佳。」%K%P
撮影のことも忘れてじっと清佳さんを見つめる。\nきっとお姉ちゃんたちが上手く撮ってくれるだろう。%K%P
我忘了摄影的事，目不转睛地盯着清佳。\n姐姐她们一定会拍得很棒。%K%P
それよりも今は清佳ちゃんのお顔が見たい。\n大好きな人から目を離せない。%K%P
比起这个，我现在想看的是清佳的脸。\n我无法将视线从最喜欢的人身上移开。%K%P
「本当の結婚式も……こんな感じなのかな？」%K%P
「真正的结婚典礼……也是这种感觉吗？」%K%P
「いいえ。きっと、もっと幸せよ」%K%P
「不，一定会更幸福的。」%K%P
「うん、そうだね。そうしなくちゃ」%K%P
「嗯，说得也是。得这么做才行。」%K%P
もう重さは感じなかった。%K%P
已经感觉不到重量了。%K%P
ただ愛しい人に見とれ続けていた。%K%P
只是痴痴地望着心爱的人。%K%P
確かに僕は他の男のモデルさんよりも、\n身長も低いし、顔も整ってないけれど。%K%P
我的身高确实比其他男模特儿矮，长相也不够端正。%K%P
それでも――%K%P
即使如此——%K%P
「ん……ちゅ……」%K%P
「嗯……啾……」%K%P
それでも、きっと僕たちが一番愛し合ってる。%K%P
即使如此，我们一定还是最爱彼此。%K%P
どの参加者よりも一番愛し合ってることは確信できる。%K%P
可以确定的是，他们比任何参赛者都还要相爱。%K%P
「……ふふ。これも誰かに見られちゃうのかしら。\n　そう考えると、ちょっぴり恥ずかしいかも」%K%P
「……呵呵。这也会被别人看到吗？\n想到这里，就觉得有点害羞。」%K%P
「じゃあ、もうやめておく？」%K%P
「那还是算了吧？」%K%P
「いいえ」%K%P
「不。」%K%P
「ちゅ……ん」%K%P
「啾……嗯。」%K%P
「まだまだし足りないわ」%K%P
「还不够。」%K%P
清佳ちゃんが僕を抱き寄せてくる。\n僕も負けじと彼女の身体を抱き寄せる。%K%P
清佳将我拥入怀中。\n我也毫不示弱地抱住她的身体。%K%P
そして僕たちはゆっくりと回る\nメリーゴーランドの上で幸せに愛し合い続けた。%K%P
于是我们坐在旋转木马上，幸福地持续相爱。%K%P
………………%K%P
………………%K%P
…………%K%P
…………%K%P
……%K%P
……%K%P
「わ……もう夕方になっちゃってる」%K%P
「哇……已经傍晚了。」%K%P
あれから他の場所でも撮影をして、\n着替えを終えて戻った頃には日が傾いていた。%K%P
在那之后，我们又去了其他地方摄影，等我换好衣服回来时，太阳已经西斜了。%K%P
思っていたより長い時間、撮影してたんだなぁ。\n全然そんな感じしなかったのに。%K%P
看来拍摄时间比我想象中还要长。\n明明完全看不出来。%K%P
「ごめんなさい、待たせちゃったかしら。\n　ドレスを脱ぐのに手間取っちゃって」%K%P
「对不起，让你久等了吗？\n我花了点时间脱下礼服。」%K%P
「あ、ううん。俺もいま来たところだから」%K%P
「啊，不会。我也才刚到。」%K%P
「動画の提出も済ませてきたよ。\n　いま姉さんが結果待ちしてくれてる」%K%P
「视频也已经交出去了。\n现在姐姐正在等结果。」%K%P
「まぁ私たちのラブパワーなら予選突破は確実だけどね。\n　適当に座って待ってましょうか」%K%P
「不过，凭我们的爱的力量，一定可以突破预赛的啦。\n随便找个地方坐下来等吧。」%K%P
「ラブパワー……。いつの時代のワードセンスですか。\n　かび臭すぎて耳が腐ります」%K%P
「爱的力量……这是哪个时代的字眼啊？\n老到掉牙，耳朵都快烂掉了。」%K%P
%XS20「愛から聞いた言葉なんだけど！？」%XE%K%P
「这是爱告诉我的耶！？」%K%P
「あはは……ホントに仲がいいね」%K%P
「啊哈哈……你们感情真的很好耶。」%K%P
にしても制服姿も可愛いなぁ……。%K%P
话说回来，她穿制服也很可爱……%K%P
「……何を下劣な目を向けているのですか、あなたは」%K%P
「……你干嘛用那种下流的眼神看她？」%K%P
「清佳様が制服を着ているのは楠家の令嬢としてではなく\n　一組の学生カップルとして企画に参加している旨を\n　伝えるためなのですよ？」%K%P
「清佳大人之所以穿着制服，是为了向大家传达她并不是以楠家千金的身份，而是以一班学生情侣的身份参加这次企画哦？」%K%P
「決してあなたを悦ばせるためではありません」%K%P
「她这么做绝对不是为了取悦你。」%K%P
「わ、わかってるよ。だから俺も制服で来たわけだし」%K%P
「我、我知道啦。所以我才穿制服过来。」%K%P
「でしたら邪な視線を向けるのはおやめ下さい。\n　ただでさえ撮影で幾度も清佳様の唇を\n　レイプしていらっしゃいましたし」%K%P
「既然如此，请不要用邪恶的视线看她。\n您已经用摄影的方式强暴了清佳大人的嘴唇好几次了。」%K%P
「レ、レイプってそんな」%K%P
「强、强暴也太……」%K%P
「そうよ愛。祝福してくれてるのか、\n　祝福してくれていないのかどっちなのよ」%K%P
「对啊，爱。你到底是祝福我们，还是不祝福我们啊？」%K%P
「無論、祝福はしておりますよ。\n　ただ節度はわきまえて頂きたいだけです。\n　盛りのついた犬ではありませんし」%K%P
「我当然祝福你们哦。\n只是希望你们能懂得分寸。\n又不是发情的狗。」%K%P
「全くもう。変なところで硬いんだから。\n　……こういう子が案外エッチにはまるって聞くわよね」%K%P
「真是的，你这种人在奇怪的地方特别顽固呢……听说这种人反而特别容易沉迷于色情呢。」%K%P
「はまりませんが。{清佳様:ビッチ}と一緒にしないで下さい」%K%P
「我不会上瘾的。请不要把我跟{清佳大人:Bitch}混为一谈。」%K%P
「あなた、ホントに口が悪いわね……」%K%P
「你真的很毒舌呢……」%K%P
「――大変大変たいへーんっ！」%K%P
「——不好了不好了不好了！」%K%P
三人で話していると、\n不意にお姉ちゃんの声が聞こえてきた。%K%P
我们三人聊着聊着，突然听见姐姐的声音。%K%P
「姉さん？　どうしたの、血相変えて……」%K%P
「姐姐？你怎么了？脸色怎么这么难看……」%K%P
「はぁ、はぁ……。どうしたもこーしたもないよ……！\n　予選の結果が出てさ……！」%K%P
「呼、呼……还问怎么了……！预赛的结果出来了……！」%K%P
「もしかして有名なモデルさんでも勝ち抜いてきました？\n　私たちのライバルになるような」%K%P
「该不会连有名的模特儿都赢过吧？\n像是我们的劲敌之类的。」%K%P
「う、ううん。そういうわけじゃなくて。\n　それ以前の問題というか……」%K%P
「不、不是啦，不是那样。该说是比那个更基本的问题吗……」%K%P
「？？？　どういうこと？」%K%P
「？？？什么意思？」%K%P
「予選――……落ちちゃったっぽい」%K%P
「预赛——……好像落选了。」%K%P
「え…………？」%K%P
「咦…………？」%K%P
「わぁすごい。こんなに高くまで上がるのね。\n　人や街がジオラマみたいに見えるわ」%K%P
「哇，好厉害。竟然能飞得这么高。\n人和街道看起来就像立体模型一样。」%K%P
…………。%K%P
…………%K%P
「もう……いつまで落ち込んでるの？\n　観覧車の中で俯いてたりしたら損よ」%K%P
「真是的……你要沮丧到什么时候？\n在摩天轮里低头可是会吃亏的哦。」%K%P
「確かに予選落ちは残念だったけど、\n　私は満足してるわ。あなたと楽しい時間も過ごせたし」%K%P
「虽然没通过预赛的确很可惜，但我已经很满足了。毕竟我也和你度过了快乐的时光。」%K%P
「だから……ほら。顔を上げて？\n　一緒に外の景色でも眺めましょ？」%K%P
「所以……来，把头抬起来。\n我们一起看看外面的景色吧？」%K%P
「ね――蛍？」%K%P
「呐——萤？」%K%P
%XS20「いや、どうして着替えさせられてるのさ！？」%XE%K%P
「不是，为什么要帮我换衣服啊！？」%K%P
「わ。やっとツッコんだわね。着替えさせたのに\n　あまりにも無反応だったから逆に不安だったわ」%K%P
「哇，你终于吐槽了。我明明帮你换衣服了。\n　你毫无反应，反而让我很不安。」%K%P
予選落ちの知らせを聞いた後――\n僕は何故か女装させられて観覧車に連れてこられていた。%K%P
在得知预赛落选的消息后——\n我莫名其妙地被强迫穿上女装，还被带到了摩天轮。%K%P
「でもヒドいよ、清佳さん……。男としての自信を\n　失いかけてる時に女装させるなんて……」%K%P
「不过，清佳好过分哦……竟然在人家快要失去身为男人的自信时，要人家穿女装……」%K%P
本戦に進めなかったのは紛れもなく僕のせいだ。%K%P
无法晋级正式赛，毫无疑问是我的错。%K%P
清佳ちゃんのレベルは容姿や佇まいを考慮しても、\n他のモデルさんよりも高かった。%K%P
就算把清佳的容貌和举止考虑进去，她的等级也比其他模特儿还要高。%K%P
でも僕が足を引っ張った。%K%P
可是我扯了她的后腿。%K%P
他の男のモデルさんよりも身長も低くて童顔で――\n男女の結婚式のＰＲに使うには男らしさが\n足りなかったんだろう。%K%P
身高比其他男模矮，而且长得娃娃脸——\n所以才会觉得我不够有男子气概，\n不适合用来宣传男女结婚典礼吧。%K%P
その結果が予選落ちだ。%K%P
结果就是预赛就落败。%K%P
「女装してなくても普段から女子と間違えられるような\n　男だもんね……。やっぱり僕には男らしさなんて……」%K%P
「毕竟我是个就算没穿女装，也会被误认为女生的男生嘛……我果然一点男子气概都没有……」%K%P
「ふて腐れないの。『僕』って呼んじゃってるわよ？\n　格好付ける気力もなくなっちゃってるの？」%K%P
「别闹别扭了。我都叫你『{仆:boku}』了哦？\n你连装模作样的力气都没有了吗？」%K%P
「私もあなたをヘコましたくて\n　蛍になってもらったわけじゃないわ。\n　むしろ、その反対よ」%K%P
「我也不是为了让你沮丧才变成萤的。\n　反而正好相反。」%K%P
「その反対って……」%K%P
「相反的意思是……」%K%P
「元気を出してもらいたいと思って。\n　私の恋人は、男としても女としても、\n　こんなに可愛いのよって。ね？」%K%P
「我希望她打起精神来。\n我的情人，不论以男性或女性而言，\n都是这么可爱哦。对吧？」%K%P
「慰めになってないような……」%K%P
「这好像算不上安慰……」%K%P
「いいから蛍モードに入りなさい。\n　その姿で春樹くんの声色で喋られるとくすぐったいわ」%K%P
「好了，快点进入萤模式。\n你用那种模样用春树的声音说话，会让我很害羞。」%K%P
「はう……。そんなこと言われても……」%K%P
「啊呜……就算你这么说……」%K%P
清佳ちゃんに言われて渋々声色を変える。\nこの声で話すのも久々だ。%K%P
听到清佳这么说，我心不甘情不愿地改变声音。\n好久没用这个声音说话了。%K%P
「えへへ、久しぶりに蛍と会えた気がする……。\n　そういえば蛍と遊園地でデートするのは初めてね？」%K%P
「欸嘿嘿，感觉好久没见到萤了……\n这么说来，这是第一次和萤在游乐园约会呢。」%K%P
「う、うん。そうだね。この前も今日も\n　春樹としてデートしてたから……」%K%P
「嗯、嗯。是啊。之前和今天都是以春树的身份约会……」%K%P
「なら……例えばそれが春樹くんとしてじゃなく、\n　蛍としてデートしていたらどうだった？」%K%P
「那么……假设你不是以春树的身份，而是以萤的身份和他约会，你觉得如何？」%K%P
「え？　どういうこと？」%K%P
「咦？什么意思？」%K%P
「ほら私……初めて遊園地に来た時、\n　ものすごい醜態を晒していたじゃない」%K%P
「你想想……我第一次来游乐园的时候，不是出过很大的糗吗？」%K%P
「乗れもしない乗り物に乗って気持ち悪くなったりとか。\n　あの時あなたは私を介抱してくれたわよね……？」%K%P
「我搭了根本不会搭乘的交通工具，结果身体不舒服。\n那时候是你照顾我的对吧……？」%K%P
「もし蛍としてデートしてたら、\n　同じことはしなかったのかしら？\n　乗り物酔いに苦しむ私を看病したりしなかった？」%K%P
「如果是萤，你还会做同样的事吗？\n　你会照顾因为晕车而痛苦的我吗？」%K%P
「そ、そんなことはないよ。\n　春樹だろうと蛍だろうと関係ないってば」%K%P
「没、没那回事啦。\n不管是我或春树，都一样会去。」%K%P
「……でしょ？　私もそう思うわ。だって私が\n　好きになったのは、あなたのそういうところだもん」%K%P
「……对吧？我也这么认为。因为我喜欢的，就是你这一点。」%K%P
「人の魅力なんて、それこそ人それぞれよ。\n　あなたにはあなたの男らしさがある。\n　一般論に拘る必要なんてないわ」%K%P
「每个人的魅力都不同哦。\n你也有你的男子气概。\n不需要拘泥于一般论。」%K%P
「確かに予選は落ちちゃったけど……\n　だからといってあなたが落ち込む必要なんてない」%K%P
「的确，你在预赛中落选了……\n　但是，你没有必要为此而消沉。」%K%P
「私は、ちゃんと知ってるから。\n　あなたなりの男らしいところを」%K%P
「我可是很清楚的哦。\n你很有男子气概的一面。」%K%P
ほんのりと頬を赤くしながら、\n清佳ちゃんが微笑みかけてくれる。%K%P
清佳微微红着脸，对我微笑。%K%P
「女装していて誰とも関わりたくなかったはずなのに、\n　寂しそうにしていた私へ声をかけてくれた優しさも」%K%P
「明明扮女装时不想和任何人扯上关系，却还是温柔地向寂寞的我搭话。」%K%P
「見ず知らずの私にいきなり友達になってなんて\n　言われて、快く受け止めてくれた思いやりも」%K%P
「突然被素昧平生的我要求当朋友，爽快答应的体贴也……」%K%P
「私のために、ずっと蛍を演じ続けてくれた献身も」%K%P
「为了我，一直扮演萤的奉献精神也是。」%K%P
「全部、全部、好きよ。あなたの秘密を知った今、\n　それまで以上に愛おしく思える」%K%P
「全部、全部都喜欢。知道你的秘密之后，我更爱你了。」%K%P
「私にとっては、何よりも格好いいことだって思えるわ」%K%P
「对我来说，那是最帅气的行为。」%K%P
「清佳さん……」%K%P
「清佳……」%K%P
「ふふ。また口調が戻ってる」%K%P
「呵呵，你又变回原本的语气了。」%K%P
「あ……！　ご、ごめんね」%K%P
「啊……！对、对不起。」%K%P
「いいえ。そのままでいい。そのままがいい」%K%P
「不，这样就好。这样最好。」%K%P
「あなたが蛍の姿で、春樹くんの声で話してくれると、\n　私もより強く確信できるから」%K%P
「因为只要你用萤子的模样，用春树的声音跟我说话，我就能更加确定。」%K%P
「私が好きになったのは、あなたの姿形じゃなくて、\n　心なんだって。はっきりとわかるから」%K%P
「我喜欢的不是你的外表，而是你的内心。我很清楚这一点。」%K%P
清佳ちゃんの綺麗な瞳がじっと僕に向けられる。%K%P
清佳美丽的双眸直直地望着我。%K%P
その目は蛍でもなく、春樹でもなく、\n僕の心を見据えてくれていた。%K%P
她的眼中没有萤，也没有春树，而是直视着我的内心。%K%P
「だから男らしくないなんて思わなくていいわ」%K%P
「所以你不用觉得自己不像个男人。」%K%P
「私にとってあなたは、世界で一番男らしくて、\n　その上格好のいい、大好きな大好きな恋人よ？」%K%P
「对我来说，你是世界上最像男人的人，而且又很帅气，是我最喜欢最喜欢的恋人哦？」%K%P
「うん……。うん……！」%K%P
「嗯……嗯……！」%K%P
こんな僕を彼女は全肯定してくれる。\n僕のままでいいと訴えてくれる。%K%P
她全盘肯定这样的我。\n她告诉我，我只要做我自己就好。%K%P
ああ、そうか。\n僕はずっと勘違いしていたのかも知れない。%K%P
啊啊，原来如此。\n或许我一直都误会了。%K%P
男らしくなろうとなんてしなくて良かったんだ。\n無理に自分を変えようとする必要なんてなかったんだ。%K%P
我根本不用去追求什么男子气概。\n根本没必要勉强自己去改变。%K%P
きっと、それは本当の僕ではないから。\nそんなこと、彼女も望んではいないから。%K%P
因为那一定不是真正的我。\n因为那一定不是她所期望的。%K%P
「今はまだまだ清佳さんに釣り合うような男じゃ\n　ないかもしれないけど……！　でもきっと、\n　彼女と釣り合うような男らしい人間になるから……！」%K%P
「虽然我现在可能还不是配得上清佳的男人……！不过，我一定会成为配得上她的男人……！」%K%P
「……本当に、あなたは何もわかっていませんね」%K%P
「……你真的什么都不懂呢。」%K%P
「え……？」%K%P
「咦……？」%K%P
「その考え方では、いつまで経っても\n　清佳様の心は射止められませんよ」%K%P
「如果一直用这种想法，不管经过多久，您都无法掳获清佳大人的芳心哦。」%K%P
いつか愛さんに言われた言葉を思い出す。%K%P
我想起爱小姐曾经对我说过的话。%K%P
そうだ。清佳ちゃんに釣り合う人間になろうとする\nだなんて、烏滸がましい考えだった。%K%P
没错。想要成为配得上清佳的人，这种想法太不自量力了。%K%P
本当の自分を隠して接することの空虚さを、\n大好きな彼女を騙すことの苦痛を知っていたはずなのに。%K%P
明明知道隐藏真正的自己与人相处的空虚感，以及欺骗自己最喜欢的她的痛苦。%K%P
「ありがとう、清佳ちゃん。\n　僕、もう迷わないよ」%K%P
「谢谢你，清佳。\n我不会再迷惘了。」%K%P
「あら。ふふ、急に可愛らしい喋り方になっちゃって」%K%P
「哎呀，呵呵，突然变成可爱的说话方式了。」%K%P
「でも……うん。もっと素敵になった。\n　とってもあなたらしくて魅力的」%K%P
「不过……嗯。变得更棒了。\n非常有你的风格，充满魅力。」%K%P
もう僕は何も偽らない。\nありのままの僕で彼女と接する。%K%P
我已经不再伪装自己，以最真实的自己面对她。%K%P
そのままの僕が好きだと言ってくれる彼女を、\nそのままの僕で幸せにしてみせる。%K%P
她喜欢这样的我，那我就用这样的自己让她幸福。%K%P
「結婚式はチャペルで挙げようね。\n　前撮りもここでしよう。リベンジしてみせるから」%K%P
「结婚典礼就办在教堂吧。\n婚纱照也在这里拍吧。我一定会雪耻的。」%K%P
「ええ。期待してるわ」%K%P
「嗯，我很期待哦。」%K%P
ゴンドラがぐんぐんと高度を増していく。\nけれど外の景色を眺めることはなかった。%K%P
缆车的高度逐渐增加。\n但是，我并没有眺望外面的景色。%K%P
大好きな彼女から目を離すことができなかった。%K%P
我无法将视线从最喜欢的她身上移开。%K%P
「ちゅ……ん……」%K%P
「啾……嗯……」%K%P
おもむろに唇を重ねる。\n何も言わずに彼女が応えてくれる。%K%P
我缓缓地吻上她的唇。\n她什么也没说，只是回应着我。%K%P
ゴンドラが地上に着くまで、あと何分だろうか。\nちょうど頂上に差し掛かる頃みたいだけれど。%K%P
距离车厢抵达地面，还有几分钟呢？\n现在好像正好要到山顶了。%K%P
想いが溢れて仕方がない。\n愛を伝えてくれた彼女にもっともっと僕の愛も伝えたい。%K%P
我满心都是对她的爱意，想要传达更多更多的爱给她。%K%P
とてもじゃないけれど残り数分程度じゃ伝えきれない。%K%P
虽然不是完全无法传达，但剩下的时间只有几分钟，实在无法全部说完。%K%P
「……いい、わよ……？」%K%P
「……可以、哦……？」%K%P
僕の心情を察したのか、清佳ちゃんが\nすっと手を下ろして全身の力を抜いてくれる。%K%P
清佳似乎察觉到我的心情，她轻轻放下手，放松全身的力气。%K%P
「私もあなたに……もっと愛して欲しい」%K%P
「我也希望你……更爱我。」%K%P
そうして僕は、彼女を押し倒そうとして――%K%P
然后，我准备推倒她——%K%P
「きゃっ！？」%K%P
「呀！？」%K%P
――突然、ゴンドラが激しく揺れた。\nそしてピクリとも動かなくなる。%K%P
——车厢突然剧烈摇晃。\n接着就一动也不动了。%K%P
すぐさま謝罪のアナウンスが流れた。\nキャストさんが観覧車の故障を伝えてくれる。%K%P
广播立刻传来道歉的广播。\n演员告知我们摩天轮故障了。%K%P
「これも私たちのラブパワーの賜物かしら？」%K%P
「这也是托了我们的爱的力量吗？」%K%P
「やっぱりそのワードセンスは古くさいよ」%K%P
「你用词的品味果然很老气。」%K%P
言いながら、そっと彼女を横たわらせる。%K%P
我一边说，一边轻轻让她躺下。%K%P
そして彼女の服をはだけさせながら、\n再び唇を重ねにいった。%K%P
然后我一边拉开她的衣服，一边再次吻了上去。%K%P
