「さて、と。まずはどこから向かおうかしら」%K%P
「好了，那么，该从哪里开始呢？」%K%P
「良かったの……？\n　愛さんに何も言わず出て来ちゃって……」%K%P
「这样好吗……？\n　没跟爱小姐说一声就跑出来……」%K%P
「いいのいいの。愛が一緒だと何もさせてもらえないし。\n　連絡は入れておいたから大丈夫でしょ」%K%P
「没关系没关系。有爱在的话，我什么也不能做。\n我有事先联络过了，应该没问题。」%K%P
「それより今は急がなくちゃ。\n　もたもたしてると日が暮れちゃう」%K%P
「现在得快点才行。\n再拖拖拉拉的，天都要黑了。」%K%P
早足で清佳ちゃんが歩いて行く。%K%P
清佳快步走着。%K%P
どこに向かってるんだろう。\nもしかしてまたデートの下見かな？%K%P
她要去哪里呢？\n该不会是又要去踩点约会地点吧？%K%P
でも、こうして二人で歩いてると\n本当にデートしてるみたいでドキドキしちゃ――%K%P
不过，像这样和她一起走着，\n感觉真的就像在约会一样，让人心跳不已——%K%P
「――と。着いたわ、ここね」%K%P
「——到了，这里就是目的地。」%K%P
「ここって――……」%K%P
「这里是——……」%K%P
『楠酒厂』%K%P
『楠酒厂』%K%P
……酒厂？%K%P
……酒厂？%K%P
「行くわよ。目的のブツを手に入れなくちゃ」%K%P
「走吧。得拿到目标物品才行。」%K%P
「ちょちょちょ、ちょっと待って！？\n　まさかお酒を買うつもりじゃないよね！？」%K%P
「等等等、等一下！\n你该不会是想买酒吧！？」%K%P
「そのつもりよ？　なんのために\n　酒造へ足を運んだと思ってるのよ」%K%P
「我就是这么打算的哦？你以为我是为了什么\n　才特地跑来酒厂的」%K%P
「いやいやいや！　まさか飲んでるの！？\n　飲んでないよね！？」%K%P
「不不不！你该不会喝了酒吧！\n你没喝吧！？」%K%P
「飲んでるわけないじゃない。\n　千鶴さんじゃあるまいし」%K%P
「怎么可能在喝啊。\n又不是千鹤小姐。」%K%P
だったらどうして酒造なんかに！？\nともかくデートらしさは消え失せたや……。%K%P
那为什么要来酒厂啊？！\n总之约会的气氛荡然无存了……%K%P
「あ、お久しぶりです、清佳様」%K%P
「啊，好久不见了，清佳大人。」%K%P
戸惑ったり落胆したりしている間に、\n清佳ちゃんはさっさとお店の中へ入っていく。%K%P
在我感到困惑、失望的时候，清佳已经快步走进店里了。%K%P
「急にお邪魔しちゃって悪いわね、{酒倉:さかくら}。\n　ちょっとお願いしたいことがあるんだけど」%K%P
「突然来打扰，真是不好意思呢，酒仓。\n我有件事想拜托你。」%K%P
「私にお願いしたいこと、ですか？」%K%P
「有事想拜托我吗？」%K%P
「ええ」%K%P
「是的。」%K%P
すると清佳ちゃんは自信満々に胸を張って――%K%P
清佳自信满满地挺起胸膛——%K%P
「お酒を大さじ四杯分もらえないかしら！」%K%P
「可以给我四杯酒吗！」%K%P
「…………」%K%P
「…………」%K%P
「…………」%K%P
「…………」%K%P
「はい？」%K%P
「什么？」%K%P
どういうこと？%K%P
这是怎么回事？%K%P
「ん？　私、何かおかしいこと言った？」%K%P
「嗯？我说了什么奇怪的话吗？」%K%P
「おかしいも何も――」%K%P
「哪里奇怪了——」%K%P
%XS20「――大さじ四杯分ですね！！\n　ただいまお持ち致します！！」%XE%K%P
%XS20「——四杯的分量对吧！！\n　我现在就端过来！！」%XE%K%P
「ふふ。お願いね」%K%P
「呵呵，拜托你咯。」%K%P
僕の言葉を遮るようにお店の人が慌てて返事をする。%K%P
店员急忙回答，打断我的话。%K%P
「お酒はＯＫと。あとは醤油ね……。\n　その次はみりん……。それぞれ大さじ四杯ずつか……」%K%P
「酒OK，还有酱油……\n再来是味醂……每种都各四大匙……」%K%P
「醤油はともかく、みりん……？\n　みりんってよくわからないんだけどなんなのかしら……」%K%P
「酱油就算了，味醂……？\n我不太清楚味醂是什么，那是什么啊……」%K%P
「み、みりんでしたら、うちでもご用意できますよ？」%K%P
「如、如果要味醂的话，我们店里也有哦？」%K%P
「そうなのっ？　素晴らしいわ、酒倉！\n　じゃあ、それも大さじ四杯分お願いね！」%K%P
「是吗？太棒了，酒仓！\n那么，也请给我四分之一杯的量！」%K%P
「しょ、承知致しました！\n　――誰か清佳様にみりんをお持ちして！」%K%P
「我、我明白了！\n——谁快去拿味醂给清佳大人！」%K%P
「…………」%K%P
「…………」%K%P
「みりんもＯＫと。醤油は……うちでも作ってないわね。\n　メーカーごと買い取るしかないか……。あと出汁も――」%K%P
「味醂也ＯＫ。酱油……我们家也没有。\n只能整批买下了……还有高汤——」%K%P
「あ、あの、清佳さん」%K%P
「那、那个，清佳小姐。」%K%P
「ん？　どうしたの、春樹くん？」%K%P
「嗯？怎么了，春树？」%K%P
「もしかしてだけど……\n　料理しようとしてる……？」%K%P
「你该不会……\n　是想做菜吧……？」%K%P
「あ、バレちゃった？　ふふふ、実はそうなの。\n　蛍に手料理を振る舞おうと思って！」%K%P
「啊，被你发现啦？呵呵呵，其实就是这样。\n我想亲手做菜给小萤吃！」%K%P
「大丈夫、レシピはバッチリ頭に入れてきたわ。\n　お酒にみりん、お砂糖と醤油を大さじ４杯ずつでしょ。\n　それに鰹出汁を４００ｃｃね！」%K%P
「没问题，我已经把食谱背下来了。\n酒、味霖、砂糖和酱油各四大匙对吧。\n还有鲣鱼高汤400毫升！」%K%P
「あとは牛肉１００ｇにジャガイモ２個、\n　にんじんを一本と半分に、タマネギを半分。\n　それと――しらたき１００ｇ！」%K%P
「还有牛肉」%K%P
レシピからして、肉じゃがのようだけど……。\nまさか清佳ちゃん――いや、まさかだよね。%K%P
从食谱看来，这道菜应该是土豆炖肉……\n难道清佳——不，应该不可能吧。%K%P
「にしても主婦って大変なのね。酒造を回ったり、\n　牧場を回ったり、農場を回ったり――重労働だわ」%K%P
「话说回来，主妇还真辛苦呢。要去酒厂、牧场、农场——真是重劳动。」%K%P
「……わかった。\n　僕に任せてもらえるかな」%K%P
「……好吧，那就交给我吧。」%K%P
まずは清佳ちゃんに\nお買い物の仕方を教えてあげないと。%K%P
首先，我得教清佳怎么买东西。%K%P
「盲点だったわ……。\n　スーパーに行けばなんでも揃うなんて……。\n　それにお酒やみりんもボトルで売ってるなんて……」%K%P
「真是盲点……\n去超市竟然什么都有……\n而且酒和味醂竟然都是卖瓶装的……」%K%P
「製造元で必要分だけもらおうとする方が\n　よっぽど盲点だと思うんだけど……」%K%P
「我觉得在制造厂商那边只拿需要的量才是盲点……」%K%P
「う、うるさいわね。お買い物になんて\n　行ったことないんだから仕方ないでしょうに……！」%K%P
「你、你很烦耶。我从来没去过购物，有什么办法……！」%K%P
恥ずかしそうに顔を赤らめる清佳ちゃん。%K%P
清佳害羞地红了脸。%K%P
とりあえず無事に買えて良かった。%K%P
总之，能顺利买到真是太好了。%K%P
「やっぱり春樹くんについてきてもらって良かったわ。\n　また恥をさらしてしまうところだったもの」%K%P
「幸好有让春树一起来，不然我又要出糗了。」%K%P
「ふふ。物知りなのね、春樹くんは」%K%P
「呵呵，春树同学真是博学多闻呢。」%K%P
「あはは……」%K%P
「啊哈哈……」%K%P
清佳ちゃんが知らなすぎるだけだとは言えない。%K%P
不能说只是因为清佳太无知了。%K%P
「ちなみに……その。\n　春樹くんはお料理もできたりするのかしら……」%K%P
「顺便问一下……那个，春树同学也会做菜吗……」%K%P
「え？　う、うん。まぁ一応は……」%K%P
「咦？嗯，嗯。姑且算是……」%K%P
「できるのっ！？　だったら教えて！」%K%P
「可以吗！？那教我！」%K%P
「わわっ！？　ほ、蛍や愛さんに\n　訊いたらいいんじゃないの？」%K%P
「哇哇！？问、问萤或爱同学不就好了吗？」%K%P
「サプライズで手料理を振る舞おうって言うのに、\n　蛍に訊けるわけないじゃない！　愛もダメよ！\n　あの子、絶対に私を台所に立たせてくれないもの！」%K%P
「我明明说要亲手做料理当惊喜，\n　怎么可能问小萤！问爱也不行！\n　那孩子绝对不会让我进厨房的！」%K%P
「だからわざわざこうして蛍や愛に黙って、\n　こっそりと食材を買いに来てるの。\n　暇ならこの後も付き合って？　ねっ？」%K%P
「所以我才瞒着小萤和爱，偷偷跑出来买菜。\n　有空的话，等一下也陪我一下吧？好吗？」%K%P
「ぼ――俺で良ければ構わないけど……！」%K%P
「你——你不嫌弃的话，我是无所谓啦……！」%K%P
「決まりね！　じゃあ学園に戻るわよ！\n　調理室を借りてあるから！」%K%P
「那就这么决定了！我们回学园吧！\n　我有借到烹饪教室！」%K%P
「わわわっ。そんなに急がなくても……！」%K%P
「哇哇哇！不用那么急吧……！」%K%P
「何を言ってるのよ。時間が勿体ないじゃない！」%K%P
「你在说什么啊？这样很浪费时间耶！」%K%P
清佳ちゃんに腕を掴まれて、\n半ば無理やり引っ張って行かれる。%K%P
清佳抓住我的手臂，半强迫地拉着我走。%K%P
「ま、覚悟しておきなさい。深刻な顔なんてする暇\n　ないくらいコキ使ってあげるから」%K%P
「哎，你先做好心理准备吧。我会把你使唤到没时间露出严肃表情的。」%K%P
「え？」%K%P
「咦？」%K%P
「あ――……！　な、なんでもないわ！\n　とにかく急ぐわよっ……！」%K%P
「啊——……！没、没什么！\n总之我们快走吧……！」%K%P
ちょっぴり赤面して、清佳ちゃんが足早に歩いて行く。%K%P
清佳的脸微微泛红，快步向前走去。%K%P
もしかして清佳ちゃん、\nため息をついて悩んでた僕を励まそうとしてくれて――%K%P
难道清佳是想鼓励正在烦恼的我——%K%P
「ほら。ボサっとしてないで足動かしなさいってば！\n　引っ張るのも中々疲れるのよっ？」%K%P
「好了，别发呆了，快点动脚啊！\n拉你拉得我好累哦！」%K%P
「ふふっ、うんっ……！」%K%P
「呵呵，嗯……！」%K%P
清佳ちゃんの気遣いに嬉しくなってしまう。%K%P
清佳的体贴让我感到开心。%K%P
色々と考えなくちゃいけないこともあるけど、\n今は悩むのをやめよう。%K%P
虽然有很多事情必须考虑，不过现在先别烦恼了。%K%P
僕も清佳ちゃんの役に立ちたい。%K%P
我也想帮上清佳的忙。%K%P
「はぁぁぁぁ――…………」%K%P
「唉————…………」%K%P
「――とりゃあっ！！」%K%P
「——喝啊！！」%K%P
ズバン！！%K%P
砰！！%K%P
「ふふ。上手に斬れたわ」%K%P
「呵呵，我砍得很漂亮呢。」%K%P
「いやそれ、薪割りの振り下ろし方！！」%K%P
「不，那是劈柴的挥刀方式吧！」%K%P
「な、何よ。切れてるんだからいいじゃない」%K%P
「怎、怎样啦？反正都切了，有什么关系。」%K%P
「ああ……。素人丸出しの発言だ……」%K%P
「啊啊……完全是外行人的发言……」%K%P
台所にも立ったことないとは行っていたけれど、\n想像以上に酷い。というか危険だ。%K%P
虽然我有猜到她应该没进过厨房，但没想到会这么惨，应该说很危险。%K%P
「ちょっと貸してみて？」%K%P
「借我一下。」%K%P
「うん？」%K%P
「嗯？」%K%P
「ひぃあ！？　包丁は置いて！！\n　下手したら刺さるってば！！」%K%P
「咿呀！？快把菜刀放下！！\n　一个不小心就会被刺到啦！！」%K%P
「あはは。クッキングジョークよ、クッキングジョーク」%K%P
「啊哈哈，这是烹饪笑话啦，烹饪笑话。」%K%P
「笑いの方向が猟奇的すぎるから……」%K%P
「笑点太猎奇了……」%K%P
「コホン。よく見ててね？　包丁を使う時は自分の手を\n　切らないように、片手をこうして猫の手にするの」%K%P
「咳咳。你仔细看哦。使用菜刀的时候，为了不要切到自己的手，要像这样把一只手握成猫手。」%K%P
「切る時も力任せに切るんじゃなくて、\n　ゆっくり押し出していく感覚かな。\n　こうやって――」%K%P
「切的时候也不能用蛮力，而是要缓缓地推出来的感觉。\n就像这样——」%K%P
「わぁ……。上手なのね、春樹くん……。\n　良いお嫁さんになれそうだわ……」%K%P
「哇……春树，你真厉害……\n感觉可以成为好太太呢……」%K%P
「せめて、お婿さんって言ってよ……」%K%P
「至少也说成女婿吧……」%K%P
「褒めてるのに。ま、ともかくわかったわ。\n　貸して貸して！　やってみる！」%K%P
「我明明是在夸奖你耶。算了，总之我知道了。\n借我借我！我来试试看！」%K%P
初めて調理実習で包丁に触れた子供のように、\n清佳ちゃんが楽しげにニンジンを切ろうとしていく。%K%P
清佳就像第一次在烹饪实习课上碰到菜刀的小孩子一样，开心地切着胡萝卜。%K%P
「片手を猫の手にして、包丁は押し出すように、と」%K%P
「一只手变成猫手，另一只手把菜刀推出去。」%K%P
「こんな感じかしら？」%K%P
「是这种感觉吗？」%K%P
「うん。良い感じだね。強いて言うなら、\n　大きさもできる限り均等にした方がいいかな」%K%P
「嗯，感觉不错。硬要说的话，大小也尽可能均等比较好吧。」%K%P
「特に肉じゃがみたいな煮物は、食材の大きさが違うと\n　味の濃さが上下しやすいから。できる限り小さく、\n　でも、食べ応えあるくらいの大きさがいいよ」%K%P
「尤其是土豆炖肉之类的炖煮料理，食材的大小不同，味道的浓淡也会跟着改变。所以要尽可能切得小一点，但也要有口感才行。」%K%P
「作る量や食材の状態によって食材の大きさや\n　出汁の濃さも調整できるとより良いんだけどね。\n　人によって味の好みもあるし――その辺りは経験かな」%K%P
「如果能依照制作的分量和食材的状态来调整食材的大小和高汤的浓度，那就更好了。\n毕竟每个人的口味都不一样——这部分只能靠经验了。」%K%P
「あっ、ジャガイモは切ったらすぐに水に浸けて。\n　煮崩れ防止にもなるし、アクが抜けて味もよくなるから」%K%P
「啊，土豆切好后要立刻泡水，这样可以防止土豆煮烂，也能去除涩味，让味道更好。」%K%P
「それと――」%K%P
「还有——」%K%P
「ま、待って。一度に言われてもわからないわ」%K%P
「等、等一下。你一口气说这么多，我听不懂。」%K%P
「あ……！　ご、ごめんね。つい」%K%P
「啊……！抱、抱歉，不小心就……」%K%P
「思っていた以上に料理への拘りが強いのね。\n　あなた、やっぱりいいお嫁さんになりそうだわ……」%K%P
「你对料理的坚持比我想的还要强烈呢。\n你果然会成为一个好太太……」%K%P
「……怖い姑にもなりそうな気もするけど……」%K%P
「……感觉也会变成可怕的婆婆……」%K%P
「ぐふっ！？　く、口出しし過ぎちゃったかな……？」%K%P
「咕噗！我、我是不是管太多了……？」%K%P
「いいえ、むしろ頼もしいわ……！\n　遠慮せずにビシバシ鍛えてちょうだい！」%K%P
「不，你这样反而很可靠……！\n　不用客气，尽管严格地锻炼我吧！」%K%P
「私、家事が全くできない自覚はあるから。\n　口うるさい姑くらいがちょうどいいわ！」%K%P
「我有自觉完全不会做家事。\n啰嗦的婆婆刚刚好！」%K%P
「口うるさいは余計なんだけど……」%K%P
「啰嗦是多余的……」%K%P
「ちなみに、このお出汁はどうかしら。\n　なんとなく作ってみたのだけど」%K%P
「顺便问一下，这个汤头如何？\n我试着做了一下。」%K%P
「――薄い。これじゃいくら煮ても味が染みないよ。\n　ちゃんと出汁は取ったの？　鰹の味がまるでしない。\n　その割には甘すぎるし。お砂糖入れすぎだよ」%K%P
「——太稀了。这样不管煮多久都不会入味。\n你有好好熬高汤吗？完全吃不出鲣鱼的味道。\n而且太甜了，砂糖放太多啦。」%K%P
「ほら、やっぱり口うるさいじゃない」%K%P
「看吧，果然很啰唆。」%K%P
「――ハっ！！　ご、ごめんね……！\n　キツく言うつもりは全くなくて……！」%K%P
「——啊！！对、对不起……！\n我完全没有要责备你的意思……！」%K%P
「ふふふ、いいのよ。逆に忖度されなくて助かるわ。\n　マズいのに美味しいと言われても成長できないもの」%K%P
「呵呵呵，没关系。你这样反而帮了我一个大忙，要是你顾虑我的心情，反而会害我无法成长。」%K%P
「でも意外なのは意外ね。蛍がいるのに、\n　ここまで料理にうるさくなるなんて。\n　普段は蛍に料理を任せてるんじゃないの？」%K%P
「不过，真意外。明明有萤在，你却对料理这么讲究。平常不是都交给萤做吗？」%K%P
「それはえと……！\n　一緒に料理したりしてたからぁ……！」%K%P
「那是因为……！\n　我们常常一起做菜……！」%K%P
「蛍とっ！？　羨ましいコトしてるわね……」%K%P
「萤！？你们在做什么令人羡慕的事啊……」%K%P
ちょっぴり憎々しげな顔をして清佳ちゃんが見てくる。%K%P
清佳露出有些愤恨的表情看着我。%K%P
「そう思うなら清佳さんも蛍に\n　料理を教えてもらえば良いのに」%K%P
「既然你这么想，就让萤教你做菜啊。」%K%P
「言ったでしょ。サプライズで手料理を振る舞いたいの。\n　蛍に教えてもらうなんてできないわ」%K%P
「我说过了吧？我想亲手做料理给你一个惊喜。\n我不能让小萤教我。」%K%P
「それに……蛍の前で情けない姿を見せたくないし。\n　完全無欠の頼れる女性として見られたいもの」%K%P
「而且……我不想在小萤面前表现出没用的样子。\n我想让她认为我是个完美无缺、值得依靠的女性。」%K%P
「だからお願い……！　私に料理を教えてっ？\n　蛍に喜んでもらえる料理を作れるようになりたいの！」%K%P
「所以拜托你……！教我做菜好吗？\n我想学会做能让小萤开心的料理！」%K%P
「ちょっ、頭を上げて。\n　俺で良ければいくらでも教えるから……！」%K%P
「等等，把头抬起来。\n如果你不嫌弃，我可以教你很多很多……！」%K%P
「春樹くん……！　持つべきものは友達ね！\n　じゃあ夏休み中、みっちり教えてちょうだい！」%K%P
「春树……！朋友果然是不可或缺的！\n　那么，暑假期间就请你好好教我吧！」%K%P
%XS20「夏休み中っ！？」%XE%K%P
%XS20「暑假期间！？」%XE%K%P
「もちろん予定は春樹くんに合わせるわっ！\n　ダメかしら……？」%K%P
「当然，我会配合春树的时间！\n不行吗……？」%K%P
「う、ううん、構わないよ。どうせ暇だし……」%K%P
「不、不会，没关系。反正我很闲……」%K%P
「良かった……！　それじゃあお願いね！」%K%P
「太好了……！那就拜托你了！」%K%P
清佳ちゃんと過ごせるのは嬉しいけど……、\nこういう影の努力を知るとますます正体を明かしづらい。%K%P
虽然我很高兴能和清佳一起度过……\n但知道她私底下这么努力，就更难向她坦白了。%K%P
また「友達」って言われちゃったし……。%K%P
而且她又说我是「朋友」……%K%P
「でも、どうして急に料理を始めようと思ったの？\n　せっかく夏休みが始まったのに。蛍と遊ばないの？」%K%P
「不过，你为什么突然想学做菜？\n难得放暑假耶，不去跟萤玩吗？」%K%P
「遊びたいのは山々だけどね。\n　花嫁修業も始めないとと思って」%K%P
「虽然我也很想出去玩，不过也得开始学习新娘的技能才行。」%K%P
「それに今は、えと……。\n　蛍と顔を合わせづらいし……」%K%P
「而且，现在，呃……\n我不好意思和小萤见面……」%K%P
「えっ！？　何か気に障るようなこと、\n　蛍がしちゃった……！？」%K%P
「咦！？萤做了什么惹人不高兴的事吗……！？」%K%P
「む、むしろ嬉しすぎることをされちゃったというか。\n　顔を合わせるのも恥ずかしいというかっ……！」%K%P
「反、反而该说，她对我做了让我太高兴的事……\n现在连见面都觉得不好意思……！」%K%P
「顔を見るだけで襲いかねないし……！\n　へへ、下手したら襲われかねないかもと思って……！」%K%P
「光是看到脸，就有可能会扑上去……！\n　嘿嘿，我想说搞不好会扑上去……！」%K%P
そ、そういうことか……！%K%P
原、原来是这样啊……！%K%P
確かにこんな照れた顔を見せられたら、\n僕もまたムラムラしちゃうかも……！%K%P
的确，看到她这么害羞的表情，我可能也会心痒难耐……！%K%P
「それに、ね。近々アレがあるじゃない……？」%K%P
「而且，最近不是有那个吗……？」%K%P
「アレ……？」%K%P
「那个……？」%K%P
「蛍の誕生日に決まってるじゃない。\n　……まさか、忘れてたの？」%K%P
「当然是萤的生日啊……你该不会忘记了吧？」%K%P
「あ……」%K%P
「啊……」%K%P
そういえば、もうすぐ誕生日だったっけ。\n自分のことながらすっかり忘れてた。%K%P
这么说来，我的生日就快到了。\n我完全忘了这回事。%K%P
でもどうして清佳ちゃんが、\n僕の、いいや、蛍の誕生日を知って？%K%P
可是，为什么清佳会知道我的……不，是萤的生日呢？%K%P
「小さい頃にね。聞いたことがあったの。\n　何気ない話だったから蛍は忘れてるかもしれないけど」%K%P
「小时候，我曾经听过。\n因为是随口说说，所以萤可能已经忘了。」%K%P
「――誕生日プレゼント？」%K%P
「——生日礼物？」%K%P
「う……うん。蛍なら何をもらえたら嬉しい……？」%K%P
「嗯……嗯。如果是小萤，收到什么礼物会开心呢……？」%K%P
「うーん、どうだろう。あんまり考えたことないなぁ」%K%P
「嗯～～怎么说呢？我很少去思考这个问题耶。」%K%P
「ほ、欲しいものとかないの？\n　金の延べ棒とか、マンションとか……！」%K%P
「你、你没有想要的东西吗？\n像是金条、公寓之类的……！」%K%P
「ふぇ！？　金の延べ棒！？　マンション……！？\n　そんなのもらっても困っちゃうよ……！」%K%P
「耶！？金条！？公寓……！？\n　就算给我那种东西，我也很困扰啊……！」%K%P
「そうなの……？\n　プレゼントの定番だと思ってたんだけど……」%K%P
「是这样吗……？\n　我还以为那是送礼的必备品呢……」%K%P
「ドラマの見過ぎだよ、清佳ちゃん……」%K%P
「你电视剧看太多了，清佳……」%K%P
「でも、そういうことなら……わたしは心のこもった\n　ものがいいなぁ。心がこもっていればなんでもいいかも」%K%P
「不过，既然如此……我比较喜欢有心意的东西。只要有心意，送什么都可以吧。」%K%P
「心のこもったもの……」%K%P
「真心诚意的礼物……」%K%P
「ふふ。それで、誰に渡すの？\n　お母さん？　お父さん？」%K%P
「呵呵。那么，你要送给谁呢？\n妈妈？还是爸爸？」%K%P
「～～っっ。ひ、秘密……！」%K%P
「～～唔唔！秘、秘密……！」%K%P
「いいじゃない、教えてよ。\n　プレゼント選びも手伝うよ？」%K%P
「有什么关系，告诉我嘛。\n我还可以帮你挑礼物哦？」%K%P
「いいってば……！　自分で考えたいの……！」%K%P
「不用了啦……！我想自己思考……！」%K%P
「そっか。ふふ。よほど大切な人への贈り物なんだね」%K%P
「这样啊。呵呵，看来是送给很重要的人的礼物呢。」%K%P
「でも……なんだって喜んでくれると思うよ？」%K%P
「不过……不管送什么，我想TA都会很高兴的。」%K%P
「ホ、ホントに……？」%K%P
「真、真的吗……？」%K%P
「話を聞いてるだけでも、清佳ちゃんの心が\n　すっごくこもってるのがわかるもん」%K%P
「光是听你说，就能知道清佳的心意有多么真挚。」%K%P
「その気持ちは、渡す相手にも絶対に伝わると思うよ？」%K%P
「我想，你的心意绝对有传达给对方知道哦？」%K%P
「そう……？　だったら、えへへ。良かった……」%K%P
「是吗……？那就好，嘿嘿嘿……」%K%P
「それで、いったい誰に渡すの？」%K%P
「所以，你到底要送给谁？」%K%P
「だ、だから秘密。秘密だってば。しつこいわよ」%K%P
「就、就说秘密了。是秘密啦。你很烦耶。」%K%P
「ふふふ、残念。今なら聞けると思ったのに」%K%P
「呵呵呵，真可惜。我还以为现在有机会问呢。」%K%P
「もう、蛍ったら……」%K%P
「真是的，小萤你真是的……」%K%P
「……ちなみに、その。\n　蛍の誕生日っていつなのかしら……？」%K%P
「……顺便问一下，萤的生日是什么时候……？」%K%P
「わたし？　わたしは――」%K%P
「我吗？我——」%K%P
「えっ！？　すぐじゃない……！！\n　どうして教えてくれなかったの……！？」%K%P
「咦！？不是马上吗……！！\n　为什么没有告诉我……！？」%K%P
「あ、えと。わざわざ言うほどのことじゃないかなって」%K%P
「啊，呃，我想说这也不是什么需要特地提出来的事情。」%K%P
「言うほどのことよ……！　……うぅ、どうしよう。\n　いったい何をプレゼントしてあげたら……」%K%P
「这还用说吗……！……呜呜，怎么办……\n到底该送什么礼物才好呢……」%K%P
「？？？」%K%P
「？？？」%K%P
「――結局、プレゼントは渡せなかったんだけどね。\n　そのあと、蛍と大喧嘩しちゃって……。\n　タイミングを逃しちゃって……」%K%P
「——结果，我没能把礼物送出去。\n在那之后，我和小萤大吵了一架……\n错过了时机……」%K%P
「でもだからこそ、今度はちゃんとお祝いしたいの。\n　蛍への感謝と、私の心を込めて……」%K%P
「不过，正因为如此，这次我想好好地庆祝一番。\n为了感谢小萤，也为了我的心意……」%K%P
「清佳さん……」%K%P
「清佳小姐……」%K%P
僕ですら忘れていた話をずっと覚えていてくれて……。\nそのために慣れない料理を始めようとまでしてくれて。%K%P
她一直记得连我都已经忘记的事情……\n甚至为了这个目的，开始做自己不习惯的料理。%K%P
……嬉しい。本当に清佳ちゃんは一途にずっと僕を、\nううん、蛍を想い続けてくれていたんだ。%K%P
……好开心。清佳真的是一直很专情地想着我……不，是想着萤。%K%P
「そして、いつか蛍と一緒に台所へ立てるような\n　立派な花嫁になるの……！　いいえ、蛍の胃袋を\n　がっしり掴んでみせるわ……！」%K%P
「然后，总有一天要成为能和萤一起站在厨房的\n　出色新娘……！不，我要牢牢抓住萤的胃……！」%K%P
「『清佳ちゃんって、本当になんでもできるんだね。\n　清佳ちゃんがわたしの恋人さんで良かった』\n　――って思ってもらいたいし……！」%K%P
「『清佳真的什么都会呢。\n清佳是我的女朋友真是太好了』\n——我希望对方这么想……！」%K%P
「そのためにも夜の勉強も……ごにょごにょ」%K%P
「此外，晚上的活动也……」%K%P
蛍との恋人生活でも妄想しているのか、\n清佳ちゃんが目に見えて顔を赤くする。%K%P
清佳似乎在妄想和萤的恋人生活，脸明显地红了起来。%K%P
僕への態度とは大違いだ。\nその姿を見ているだけで蛍への愛の大きさがわかる。%K%P
跟对待我的态度截然不同。\n光是看到她这副模样，就能明白她对萤的爱有多深。%K%P
やっぱり……{春樹:ぼく}じゃ力不足だよね。%K%P
果然……{春树:我}的力量还是不够。%K%P
清佳ちゃんを幸せにできるのは、\n{春樹:ぼく}じゃなくて、蛍なんだ。%K%P
能让清佳幸福的人不是{春树:我}，而是萤。%K%P
だったら――うん。決めた……！%K%P
既然如此——嗯，我决定了……！%K%P
「よーし！　そういうことなら任せて！\n　清佳さんをプロ顔負けの料理人に仕上げてあげるよ！」%K%P
「好！既然如此就交给我吧！我会把清佳小姐训练成连职业厨师都自叹不如的料理人！」%K%P
「わわっ。どうしたのよ、急にやる気出しちゃって」%K%P
「哇哇！你怎么突然有干劲了？」%K%P
「ふふ、なんでもないよ。\n　清佳さんのおかげで悩みが解決しただけ」%K%P
「呵呵，没什么啦。\n只是托清佳小姐的福，我的烦恼解决了而已。」%K%P
「私のおかげで……？　何かしたかしら……」%K%P
「托我的福……？我做了什么吗……」%K%P
首を傾げる清佳ちゃんを尻目に、自分の決意を確かめる。%K%P
我无视歪着头的清佳，确认自己的决心。%K%P
僕はもう――決して清佳ちゃんに正体を明かさない。\n春樹としての自分を好きになってもらおうともしない。%K%P
我——绝对不会再向清佳表明自己的真实身份。\n也不会让她喜欢上春树这个自己。%K%P
「（きっと、それが一番清佳ちゃんにとって幸せなことだ）」%K%P
「（这一定是对清佳最幸福的结局）」%K%P
蛍としてエッチまでしてしまった上に、\n男の僕を好きになって貰おうとするのも虫が良すぎる。%K%P
我以萤的身份和她发生关系，还想让她喜欢上身为男性的我，未免太自私了。%K%P
彼女を騙したまま身体を求めた責任を取りたい。%K%P
我想负起欺骗她还与她发生关系的责任。%K%P
――吹っ切れると、なんだか世界が色づいて見えた。%K%P
——看开之后，世界看起来变得色彩缤纷。%K%P
今までずっと春樹と蛍の間で揺れていた心が、\n明確にそれぞれ形を為して別個になった気がする。%K%P
至今为止一直摇摆于春树和萤之间的内心，明确地化为各自的形状，各自独立。%K%P
「それじゃあ本格的に指導を始めていくね。\n　かなり厳しめにいくけど大丈夫かな？」%K%P
「那我要开始认真指导了哦。\n我会严格一点，没问题吧？」%K%P
「……む。中々挑戦的な物言いね。もちろん\n　受けて立つわ。口うるさい姑を唸らせてあげる！」%K%P
「……唔，真是挑衅的发言呢。我当然会接受挑战。我要让啰唆的婆婆闭嘴！」%K%P
それはそれとして、口うるさい姑扱いはあんまりだから。%K%P
先不管这个，被当成啰嗦的婆婆也太过分了。%K%P
