「……とんでもないことをしてしまった……」%K%P
「……我做了很不得了的事情……」%K%P
「……羽目を外しすぎたわね……」%K%P
「……玩得太过火了呢……」%K%P
観覧車から降りたところで猛省する。%K%P
从摩天轮下来之后，我开始猛烈反省。%K%P
ゴンドラ内でエッチしていたことはキャストさんには\nバレてなかったみたいでお咎めはなかった。%K%P
在车厢里做爱的事情似乎没有被工作人员发现，所以没有受到责备。%K%P
快感で上の空になっていた僕を\n清佳ちゃんが着替えさせてくれたのも一因かもしれない。%K%P
清佳替因快感而恍神的我换衣服，或许也是原因之一。%K%P
「時と場所は考えるべきね……。\n　流石にモラルがなってなかったわ……」%K%P
「应该考虑一下时间和地点呢……\n这样实在有失道德……」%K%P
「そうだね……。今度から気を付けよう」%K%P
「说得也是……下次开始我会注意的。」%K%P
罪滅ぼしじゃないけどゴンドラは綺麗に掃除したし、\n窓を開けて空気の入れ換えもしっかりした。%K%P
虽然不是为了赎罪，但我把车厢打扫得干干净净，还打开窗户让空气流通。%K%P
迷惑をかけていないと信じたい。%K%P
我想确信自己没有给人添麻烦。%K%P
「それより愛と千鶴さんはどこへ行ったのかしら……。\n　この辺りで待ってるって言ってたはずだけど」%K%P
「话说回来，爱和千鹤小姐到哪里去了呢……\n她们应该说要在这附近等我们才对。」%K%P
「あっ。あそこじゃない？」%K%P
「啊，是不是在那里？」%K%P
待ち合わせ場所近くのフードコートに\n座っている二人を見つけて指さす。%K%P
我指着在会合地点附近的美食区里坐着的两人。%K%P
「本当だ。まったくもう。\n　待つ場所変えたなら連絡寄越しなさいってば」%K%P
「真的耶。真是的。\n　如果换地方等，就联络一下嘛。」%K%P
「……なるほど。手違いだった、と」%K%P
「……原来如此，是出了差错啊。」%K%P
「ええ。ですからお嬢様にも――」%K%P
「是的。所以也请小姐——」%K%P
「愛。こんなところにいたの――って。\n　そちらはどなたかしら？」%K%P
「爱，原来你在这里——咦？\n那位是哪位呢？」%K%P
「あ。清佳ちゃん。やー、実はさー……」%K%P
「啊，清佳。哎呀～其实啊……」%K%P
二人と話していた女性を見やる。\n彼女は清佳ちゃんを見ると慌てて立ち上がった。%K%P
我望向正在和两人说话的女性。\n她一看到清佳，便慌张地站了起来。%K%P
「お世話になっております……！\n　私、責任者の関口と申しまして。この度は私どもの\n　企画にご参加頂きまして、ありがとうございます」%K%P
「感谢各位的参与……！\n我是负责人关口。感谢各位参加我们的企画。」%K%P
「ああ。こちらこそありがとうございます。\n　仕事だとは思えないほど楽しませて頂きました」%K%P
「啊啊，我才要谢谢你们呢。\n我玩得非常开心，甚至不觉得是在工作。」%K%P
「いえいえ……！　ご挨拶が遅れてしまい、\n　申し訳ございません……！　まさか楠家の\n　お嬢様にご参加頂けていたとは……！」%K%P
「不会不会……！抱歉这么晚才打招呼……！没想到楠家的千金小姐会参加……！」%K%P
あからさまにへりくだった様子で、\n責任者を名乗る女性が柔和な笑みを清佳ちゃんへ向ける。%K%P
自称负责人的女性明显地摆出卑躬屈膝的态度，对清佳露出柔和的笑容。%K%P
「そうかしこまらないで下さい。\n　今日は単なる学生として参加させて頂いただけですから」%K%P
「请不要这么拘谨。\n今天我只是以学生的身份参加而已。」%K%P
「恥ずかしながら予選も落ちてしまいましたし」%K%P
「说来丢脸，预赛就被刷下来了。」%K%P
「そちらのお話なのですけどね？\n　実は手違いがありまして……！\n　お嬢様にも本戦へ出場して頂きたいのです！」%K%P
「关于这件事呢，其实是出了点差错……！\n所以希望大小姐也能参加正式比赛！」%K%P
「……は？」%K%P
「……啊？」%K%P
「お嬢様の撮られたＰＲ動画を改めて拝見したんです。\n　素晴らしいものでした！　断トツの一位ですよ！\n　どうやらスタッフがお嬢様の動画を見逃していたようで」%K%P
「我们重新看了大小姐的宣传视频。\n　真是太棒了！毫无疑问是第一名！\n　看来工作人员漏看了大小姐的视频。」%K%P
「…………」%K%P
「…………」%K%P
明らかな忖度だった。\nそれを聞いた清佳ちゃんが笑顔を硬くする。%K%P
这很明显是在揣测清佳的心思。\n听到这句话，清佳的笑容变得僵硬。%K%P
しかし女性はそんな彼女の変化に気づいていないのか、\n太鼓持ちと手揉みをさらに続けた。%K%P
然而，女性似乎没察觉到她的变化，继续拍手和搓手。%K%P
「いやー、しかし楠グループのご令嬢様に\n　ＰＲして頂けるなんて本当に光栄です！\n　明後日のチャペルでの撮影が楽しみですよ！」%K%P
「哎呀～不过，能请到楠集团的千金小姐来宣传，真是光荣！\n好期待后天在教堂的摄影哦！」%K%P
「……ふふ。ありがとうございます。\n　ご期待に添えるよう全力で取り組みますね」%K%P
「……呵呵，谢谢。我会尽全力达成你的期待。」%K%P
「清佳ちゃん……」%K%P
「清佳……」%K%P
いいの？　と暗に尋ねる。%K%P
真的可以吗？她暗中询问。%K%P
「……仕方ないわ。ここで断れば彼女も上から\n　叱責を受けるだろうし。受けるしかないわ」%K%P
「……没办法。如果我拒绝，她也会被上头责骂，只能答应了。」%K%P
清佳ちゃんが大きくため息をついて肩を竦める。%K%P
清佳大大地叹了口气，耸了耸肩。%K%P
その悲しげな笑みは幼い頃の\n寂しそうにしていた彼女を思い出させた。%K%P
那悲伤的笑容，让我想起小时候的她，总是显得很寂寞。%K%P
