「せっかくの、ふふふ、結婚初夜なのに」%K%P
「难得的、呵呵呵、结婚初夜。」%K%P
「ひぃあっ……！　ちょ、ちょっと、ふぁ……！\n　ダメぇ、清佳ちゃぁん……！」%K%P
「咿啊……！等、等一下，呼啊……！\n不行，清佳……！」%K%P
清佳ちゃんがやらしい手付きで\nわたしのおっぱいを揉んでくる。%K%P
清佳用下流的动作揉捏我的胸部。%K%P
「ダ、ダメだよぉ。こんなことしちゃぁ……。\n　ドレスに皺ができちゃ、あん、借り物なのに」%K%P
「不、不可以啦。不可以做这种事……\n礼服会弄皱的，啊，这可是借来的耶。」%K%P
「大丈夫、買い取ってあるわ。蛍のも私のも。\n　大切な式で着た思い出の品だもの」%K%P
「没问题，我买下来了。萤的和我的都买下来了。\n　毕竟这是在重要的仪式上穿过的，充满回忆的物品。」%K%P
「だから、ふふふ、遠慮なく汚しちゃっていいわ」%K%P
「所以，呵呵呵，你就尽管弄脏吧。」%K%P
「だ、だとしても、あっ、んっ……！\n　帰ってきて早々、ふぁ、こんなこと……！」%K%P
「就、就算这样，啊、嗯……！\n才刚回来，呼啊，就做这种事……！」%K%P
「あら。初夜にしとねを共にするのは\n　ごく普通のことじゃない」%K%P
「哎呀，初夜同床共枕不是非常普通的事情吗？」%K%P
「私としても、んふ、愛するお嫁さんに\n　甲斐性を見せたいし」%K%P
「我也想让心爱的妻子看看我的男子气概。」%K%P
「お嫁さんって――ひぃあっ、あぁんっ……！」%K%P
「新娘子——咿啊、啊啊嗯……！」%K%P
おっぱいを下側から押し上げるように、\nむぎゅぅと揉まれてしまう。%K%P
胸部被从下往上用力地揉捏着。%K%P
甘い声が漏れてしまって恥ずかしい……。\n清佳ちゃんの手、スベスベでヌクヌクで気持ち良くて。%K%P
不小心发出甜腻的声音，好丢脸……\n清佳的手，滑滑的、暖暖的，好舒服。%K%P
「前から思ってたけど、蛍ってパッドなしでも\n　そこそこおっぱいあるわよね……？」%K%P
「我从以前就在想，萤就算不垫胸垫，胸部也还算有料吧……？」%K%P
「おっぱいだけ揉んでると、ん、はぁ……。\n　本当に女の子とエッチしてるように思えちゃう……」%K%P
「光是揉着胸部，嗯，哈啊……\n就真的有种和女孩子在做爱的感觉……」%K%P
「や、やめてよぉ……！\n　膨らんでるの、コンプレックスなんだからぁ……！」%K%P
「别、别这样啦……！\n我就是对胸部变大感到自卑啊……！」%K%P
「なら今夜でそのコンプレックスも解消してあげる。\n　ふふふ、たっぷり可愛がってあげるから」%K%P
「那么，今晚我就来帮你消除这个自卑感吧。\n呵呵呵，我会好好疼爱你的。」%K%P
「そういう意味じゃ――ひぃあぁんっ……！」%K%P
「我不是那个意思——咿啊啊啊……！」%K%P
おっぱい全体を撫でるように揉まれて、\n身体がビクンビクンしてしまう。%K%P
胸部被揉得像是全身被抚摸一样，身体不由得一阵一阵地颤抖。%K%P
顔から火が出ちゃいそう……！\nこれじゃホントに女の子だよぉ……！%K%P
我的脸烫得快喷出火来了……！\n这样真的跟女孩子没两样……！%K%P
「いいのよ？　今日は蛍として、\n　女の子として私に襲われちゃって？」%K%P
「没关系哦？今天就以萤的身份，以女孩子的身份来让我袭击你吧？」%K%P
「私と結婚してくれたのは、えへへ。蛍なんだし」%K%P
「愿意和我结婚的，欸嘿嘿，是小萤啊。」%K%P
「もちろん春樹くんのことも愛してるけど、\n　今日は蛍と、んふ、エッチしたい気分なの」%K%P
「我当然也爱着春树，不过今天我想和小萤……嗯哼，做爱。」%K%P
「その気持ちは、ふぁ、う、嬉しいけど……！」%K%P
「你有这份心，呼啊，我、我很高兴……！」%K%P
恥ずかしすぎて死にそう……！\n普通ならわたしの方が襲う立場だし……！%K%P
我害羞到快死了……！\n正常来说，应该是我要主动……！%K%P
でも――%K%P
但是——%K%P
「素直になって？　興奮……してくれてるんでしょ？」%K%P
「坦率一点？你不是……很兴奋吗？」%K%P
「おちんちんも、ふふふ、こーんなにおっきくなってるし」%K%P
「鸡鸡也，呵呵呵，变得这么大了。」%K%P
「～～っっ！！」%K%P
「～～！！」%K%P
清佳ちゃんがゆさゆさと身体を揺らして、\n膨張しきったおちんちんを股間で擦ってくる。%K%P
清佳摇晃着身体，用胯间磨蹭着膨胀到极限的肉棒。%K%P
「心配しなくても、こっちの――春樹くんの部分も、\n　一緒に愛してあげるから」%K%P
「不用担心，我也会一起爱你的——春树的部分。」%K%P
「力を抜いて……私にあなたの全部を委ねて？」%K%P
「放松下来……把你的全部都交给我吧？」%K%P
「はぁはぁ、清佳ちゃ――ふぁあ……」%K%P
「呼、呼，清佳——呼啊啊……」%K%P
耳元で囁かれながら、やらしくおっぱいを揉まれる。\n同時に、お股でズリズリとおちんちんも摩られて……！%K%P
她一边在我耳边呢喃，一边下流地揉着我的奶子。\n同时，她的小穴也摩擦着我的肉棒……！%K%P
か、勝手に力が抜けちゃ……。%K%P
身体自己就放松了……%K%P
本能が清佳ちゃんを、女の子側の自分を、\n受け入れちゃってるみたいに……。%K%P
我的本能，似乎接受了清佳……接受了身为女生的自己……%K%P
「可愛い……。大好き……。\n　ふふ、たっぷり愛してあげるから……」%K%P
「好可爱……我好喜欢你……\n呵呵，我会好好疼爱你的……」%K%P
そんなわたしの心情を感じ取ったのか、\n清佳ちゃんはより大胆になって――%K%P
清佳似乎察觉到我的心情，于是她更大胆地——%K%P
「ぺろ……ぺろろぉ……」%K%P
「舔……舔舔……」%K%P
「はふぅ……！！　あっ、あぁあんっ……！！」%K%P
「哈呼……！！啊、啊啊啊嗯……！！」%K%P
ち、乳首が舐められ――はひぃんっ！%K%P
乳、乳头被舔了——呀啊啊啊！%K%P
「ぺろろ、れろぉ……えへへ、敏感なのね？\n　気持ちよさそうに喘いでくれて嬉しい……」%K%P
「舔舔、舔舔……嘿嘿，很敏感呢？\n看你这么舒服地喘息，我很开心……」%K%P
「ならもっと、ぺろろっ、れろろぉぉ……。\n　おっぱい気持ち良くしてあげる……」%K%P
「那我就再舔舔舔……舔舔舔……让你的胸部更舒服……」%K%P
「あふぁ……！　あぁ……！」%K%P
「啊呼……！啊啊……！」%K%P
トロトロの舌がわたしの小さな乳首を\nねっとりと舐め回してくる。%K%P
粘稠的舌头舔舐着我小小的乳头。%K%P
き、気持ちいい……！\nおっぱいも、ふぁ、一緒にモミモミされて……！%K%P
好、好舒服……！\n胸部也一起被揉捏着……！%K%P
「ん……ちゅぅっ、ちゅぱっ……れろろぉ……」%K%P
「嗯……啾、啾……舔舔……」%K%P
「ふふふ、すごい……。蛍の乳首、\n　みるみる硬くなってきた……」%K%P
「呵呵呵，好厉害……萤的乳头越来越硬了……」%K%P
「花のつぼみみたいに、んれろぉ、膨らんで……。\n　コリコリしてて美味しい……」%K%P
「就像花苞一样，嗯舔舔，膨胀……\n又硬又脆，好好吃……」%K%P
「やぁ……！　ダ、ダメ、あぁあんっ……！！\n　乳首ばっかり、ふぁぁぁ、い、苛めちゃ……！！」%K%P
「呀……！不、不行，啊啊啊嗯……！！\n只欺负乳头，呼啊啊啊，好、好过分……！！」%K%P
勃起した乳首を舌先でチロチロと擦られてしまう。\nピンポイントで快感が襲ってきて……！%K%P
她用舌尖轻轻舔舐着我勃起的乳头。\n快感直击要害……！%K%P
ふぁぁあ、ビクビクがとまらない……！\nせ、背中が勝手に海老反ってっ……！！%K%P
啊啊啊，身体抖个不停……！\n背、背脊不由自主地弓起……！！%K%P
「悶える蛍、はぁはぁ、可愛い……。\n　乳首、そんなに気持ちいいんだ……？」%K%P
「挣扎的萤，呼呼呼，好可爱……\n乳头，有那么舒服吗……？」%K%P
「ひぃあっ、引っ張っちゃダメっ、あっ……！\n　クリクリ擦っちゃダメぇ……！」%K%P
「咿呀！不可以拉啦！啊……！\n不可以转来转去啦……！」%K%P
「ちゅぱっ、ちゅぱっ！　ちゅぅぅっっ……！」%K%P
「啾啪、啾啪！啾唔唔……！」%K%P
「あぁぁぁ……！！　吸うのもダメぇぇ……！！」%K%P
「啊啊啊啊……！！吸也不行……！！」%K%P
両乳首をベロで指で責められて、\n頭の中がビリビリと痺れてしまう。%K%P
两个乳头同时受到舌头和手指的攻击，让我的脑袋一片空白。%K%P
「んふ。恥ずかしがり屋さんね？\n　どれもこれもダメって言っちゃって……」%K%P
「嗯哼，你很害羞呢？\n竟然说每一种都不行……」%K%P
「でも、照れる蛍もエッチで可愛い……。\n　すごく濡れてきちゃう……」%K%P
「不过，害羞的萤也好色好可爱……\n我好湿……」%K%P
「あふっ……あんっ……！」%K%P
「啊呼……啊嗯……！」%K%P
モゾモゾと清佳ちゃんが腰を揺らせる。\nド、ドロドロのおまんこの熱さが伝わってきて……！%K%P
清佳扭动着腰，粘稠的私密处的热度传了过来……！%K%P
「はぁ、はぁ、んちゅぅ、れろろぉ……！\n　私も、んふ、勝手に腰が動いちゃう……」%K%P
「哈啊、哈啊、嗯啾、滋噜噜……！\n我也、嗯呼、忍不住动起腰了……」%K%P
「おちんちんの上で、んっ、あぁ、\n　おまんこズリズリするの気持ちいい……」%K%P
「在鸡鸡上面，嗯、啊啊、用小穴摩擦好舒服……」%K%P
「あぁ、やめ、あっ、おちんちんまで擦られたら……！」%K%P
「啊啊，住手，啊，连鸡鸡都摩擦的话……！」%K%P
グチョグチョの割れ目が\nわたしのおちんちんをヌチョヌチョと扱いてくる。%K%P
湿答答的裂缝，不断套弄着我的肉棒。%K%P
ふぁぁぁ、おっぱいもおちんちんも気持ちいい……！！\n恥ずかしい声が我慢できなくて……！！%K%P
啊啊啊，胸部和肉棒都好舒服……！！\n我忍不住发出羞耻的声音……！！%K%P
「あぁ、ダ、ダメぇぇ……！！\n　変に、あぁ、わたし、変になっちゃっ……！」%K%P
「啊啊，不、不行……！！\n我变得、啊啊、变得好奇怪……！」%K%P
「んふ、いいのよ？　れろぉ、れろろぉ……！\n　もっともっと変になって……？」%K%P
「嗯呼，没关系哦？舔舔、舔舔……！\n　变得更奇怪也没关系哦……？」%K%P
「夜はこれからなんだから……ちゅぅぅっ。\n　二人だけのラブラブ初夜を楽しみましょ？」%K%P
「夜晚才正要开始呢……啾～～\n　让我们享受只有两人的浓情蜜意初夜吧？」%K%P
「んぁっ、あっ、き、清佳ちゃぁん……」%K%P
「嗯啊、啊、清、清佳……」%K%P
完全に主導権を握られて――でも、\n女の子みたいに襲われている自分にも興奮してしまう。%K%P
主导权完全被对方掌握——但是，像女孩子一样被侵犯的自己也兴奋起来了。%K%P
乳首もおちんちんもパンパンに膨らみ上がって。\n甘い快感が心も身体も蕩けさせてくる。%K%P
乳头和肉棒都胀得硬邦邦的，甘美的快感让身心都为之陶醉。%K%P
「れろぉっ……！　チロチロチロぉ……！\n　んっちゅぅぅっ……！　ぢゅるるるっっ……！！」%K%P
「舔舔……！舔舔舔……！\n　嗯啾……！啾噜噜……！！」%K%P
「はふぁぁぁ……！！　そ、それぇっ……！！」%K%P
「哈呼啊啊啊……！！那、那个……！！」%K%P
「吸い付かれるの、ぢゅぅっ、気持ちいいの？\n　ぢゅっ、ぢゅぢゅっ、ぢゅぅぅぅっっ～！！」%K%P
「被吸住，啾，舒服吗？\n　啾、啾啾、啾～～！！」%K%P
「ふぁぁぁぁあぁぁぁっっ……！！」%K%P
「呼啊啊啊啊啊啊啊啊……！！」%K%P
女の子みたいに喘ぎ散らしてしまう。\nけど、ふぁ、ホントに気持ちいい……！！%K%P
我像个女孩子一样大声喘息。\n但是，呼啊，真的好舒服……！！%K%P
乳首がフェラチオされてるみたいでっ……！！\nあっ、あぁ、もっとして欲しいっ……！！%K%P
乳头就像被口交一样……！！\n啊，啊啊，好想继续……！！%K%P
「こっちの乳首も……んちゅぷ。吸ってあげる……。\n　ぢゅっ、ぢゅぅぅぅっっ～～！！　れろろぉ……！！」%K%P
「这边的乳头……我也来吸……嗯啾、啾、啾」%K%P
「ふぁっ――気持ちいっ、ああっ、あああっ……！！」%K%P
「好、好舒服，啊啊、啊啊啊……！！」%K%P
ついに本音まで口から溢れてしまう。\nクネクネと身体を悶えさせるのすら快感で……！！%K%P
终于连真心话都脱口而出。\n就连扭动身体的挣扎都是一种快感……！！%K%P
「ふふふ。教えて？　蛍は、ぺろ、ぺろぺろぉ、\n　私にどうして欲しい……？」%K%P
「呵呵呵。告诉我吧？小萤，舔舔，舔舔舔舔……你想要我怎么做呢……？」%K%P
「リクエストがあれば、んふ、\n　お望み通りにしてあげるわよ？」%K%P
「如果有想要的，嗯哼，我会如你所愿的哦？」%K%P
「はぁ、はぁ……！　リ、リクエスト……」%K%P
「呼、呼……！想、想要……」%K%P
「こんな風に、チロチロチロぉ、乳首の先っぽ、\n　舐めてもらいたい？」%K%P
「你想要我像这样，舔舔舔乳头前端吗？」%K%P
「ふぁぁぁぁぁ……！！」%K%P
「呼啊啊啊啊啊……！！」%K%P
「それとも……んちゅぅっ。ちゅぱちゅぱぁ。\n　ビンビンの乳首、ねぶって欲しい？」%K%P
「还是说……嗯啾、啾噗啾噗、啾噗啾噗……你想要我舔你硬邦邦的乳头吗？」%K%P
「あっ、あぁっ！」%K%P
「啊、啊啊！」%K%P
「指先で、んふ、クリクリしてあげてもいいわよ？」%K%P
「我可以用手指帮你转转看哦？」%K%P
「あひっ、んぁぁっ……！！」%K%P
「啊咿、嗯啊啊……！！」%K%P
「もちろんおちんちんも、んっ、はぁ……。\n　おまんこでズリズリしてあげるわ」%K%P
「当然，鸡鸡也是，嗯，哈啊……我会用小穴帮你磨蹭的。」%K%P
「あ……あふぁ、あぁぁ……」%K%P
「啊……啊呼啊、啊啊啊……」%K%P
「もう……喘ぐだけじゃなくて教えて？\n　私、もっと蛍を気持ち良くしてあげたいの」%K%P
「真是的……不要光是喘气，告诉我吧？\n我想让小萤更舒服。」%K%P
「え、選べないよぉ……。全部、ふぁ、全部、\n　気持ち良くてっ、あぁ、ビクビクしてぇ……！！」%K%P
「咦，我选不出来啦……全部都、呼啊、全部都、好舒服、啊啊、好有感觉……！！」%K%P
「するなら全部、んぁ、全部して欲しい……！！\n　おっぱいも、モミモミしてぇ……！！」%K%P
「既然要做，嗯啊，就全部一起做吧……！！\n胸部也一起揉吧……！！」%K%P
喘ぎながら訴えてしまう。\nもっと、あぁ、もっとして欲しい……！%K%P
我喘着气，忍不住说出自己的心声。\n想要更多，啊啊，想要更多……！%K%P
「ふふ、おっぱいも。ね？　わかったわ」%K%P
「呵呵，胸部也是。对吧？我知道了。」%K%P
もはや羞恥心よりも快楽に溺れているのがわかった。\nでも、いいや。初夜だもんっ……！！%K%P
我明白自己已经沉溺于快乐之中，羞耻心早已荡然无存。\n但是，没关系。毕竟是初夜嘛……！！%K%P
「んっ……れろっ、れろろぉ。ちゅぅぅっ……！！\n　んふぅん……」%K%P
「嗯……舔舔、舔舔。啾……！！\n　嗯呼嗯……」%K%P
「あっ、あっ、あっ……！！　気持ちいい……！！\n　ふぁぁ、乳首もおっぱいもおちんちんもっ……！！」%K%P
「啊、啊、啊……！！好舒服……！！\n　呼啊啊，乳头和胸部和肉棒都……！！」%K%P
決して大きくはないわたしのおっぱいが\n手の平でムニュンムニュンと揉まれているのがわかる。%K%P
我明白她正用掌心揉捏着我的胸部，我的胸部绝对不算大。%K%P
同時に乳首もトロトロのベロで舐め吸われて、\nおちんちんも熱々おまんこでズリズリしてもらって……！%K%P
同时乳头也被粘稠的舌头舔舐吸吮着，肉棒也被火热的肉穴套弄着……！%K%P
「ふぁ、気持ちいいっ……！！\n　もっと強く、あぁ、ぎゅっとしてぇ……！！」%K%P
「呼啊，好舒服……！！\n再用力一点，啊啊，抱紧我……！！」%K%P
「んふ、おっぱいを？　それとも乳首？\n　おちんちんに体重かけたらいーい？」%K%P
「嗯哼，要压胸部？还是乳头？\n把体重压在鸡鸡上也没关系哦？」%K%P
「ぜ、全部ぅっ……！！」%K%P
「全、全部……！！」%K%P
「ふふふ、りょーかい」%K%P
「呵呵呵，了解。」%K%P
熱っぽい声で清佳ちゃんは頷くと、\nわたしのリクエスト通りに刺激を強めにしてくれる。%K%P
清佳用热情的声音回答，点了点头，按照我的要求加强刺激。%K%P
「れろぉっ……！！　ぢゅぅぅっ！！　ぢゅっぢゅっ！！\n　んふっ、んっ、んっ、んんっ……！！」%K%P
「舔舔……！！啾！！啾、啾！！\n　嗯呼、嗯、嗯、嗯嗯……！！」%K%P
「はふぁぁぁっっ……！！　しゅ、しゅごいぃ……！！\n　か、身体中、あぁぁぁ、トロトロになるぅぅっ……！！」%K%P
「哈呼啊啊啊……！！好、好厉害……！！\n身、身体里面，啊啊啊啊，变得粘答答的了……！！」%K%P
気持ち良すぎて口が閉じられないっ……！！\nイきそうっ、う、ううん、もうイってるかもぉ……！！%K%P
太舒服了，我合不上嘴……！！\n要射了，不、不对，可能已经射了……！！%K%P
射精してないだけで、ああぁぁぁ……！！\n何度もおっぱいでイかされちゃってるっ……！！%K%P
只是没有射精而已，啊啊啊啊啊……！！\n我已经被胸部弄到高潮无数次了……！！%K%P
「蛍の蕩け顔、はぁはぁ、相変わらずえっちぃ……。\n　たくさんイってくれてるの私にもわかる……」%K%P
「萤的表情好陶醉，呼呼，还是这么色……\n连我都知道她高潮了多少次……」%K%P
「身体中ブルブルしてるわよ……？\n　乳首は特に震えちゃってる……」%K%P
「你全身都在发抖哦……？\n尤其是乳头抖得特别厉害……」%K%P
「咥えると、ちゅぷぷっ、もっとはっきりわかる……。\n　こんなに震えるんだってくらいピクピクしちゃって」%K%P
「含在嘴里，啾噗噗，就更清楚了……\n它一直抖个不停，我都看得出来它在发抖。」%K%P
「そ、そんなの知らないっ……！！\n　自分じゃ、あぁ、わからないもんっ……！！」%K%P
「我、我不知道……！！\n我自己，啊啊，也不知道……！！」%K%P
わかるのは、あぁ、気持ちいいことだけ……！\n身体中が熱くて熱くて堪らない……！！%K%P
我只知道，啊，好舒服……！\n身体热得受不了……！！%K%P
「はぁはぁ、んぁっ、おちんちんもすごい。\n　今にも射精しちゃいそうなくらいカチコチ……」%K%P
「呼呼、嗯啊、小鸡鸡也好厉害。\n硬邦邦的，好像随时要射精了……」%K%P
「こっちも、んっ、ふっ、イかせてあげる。\n　一度ビュービューして、スッキリして？」%K%P
「我也会让你舒服的。\n射出来一次，舒爽一下吧？」%K%P
「ふぁっ！　あっ！　あっ！　あっ！　あぁっ！！」%K%P
「呼啊！啊！啊！啊！啊啊！！」%K%P
清佳ちゃんが体重をより乗せて\nゴシゴシとおちんちんを激しく擦ってくれる。%K%P
清佳把体重压在上面，激烈地摩擦着我的肉棒。%K%P
きっと清佳ちゃんも興奮してるんだ……！\nおまんこがぱっくりと広がってるのがわかる……！%K%P
清佳肯定也很兴奋……！\n我能感觉到她的小穴正张得大大的……！%K%P
愛液たっぷりの淫肉が、あっ、あぁ……！！\nグチュングチュンとおちんちんをズリズリしてきて……！%K%P
爱液泛滥的淫肉，咕啾咕啾地磨蹭着我的肉棒……！%K%P
「あっ、あぁあっ、これ気持ちいいっ……！！\n　イくっ、あぁ、わたし、あぁ、出ちゃ、出ちゃう……！」%K%P
「啊、啊啊啊、这样好舒服……！！\n要去了、啊啊、我、啊啊、要去了、要去了……！」%K%P
「乳首もぉ……！！　乳首も吸ってぇっ……！！\n　あぁぁんっ、おっぱいでも一緒にイきたいっ……！！」%K%P
「乳头也……！！乳头也吸吧……！！\n　啊啊啊嗯，我想用胸部一起高潮……！！」%K%P
「はぁはぁ、スケベなお嫁さんねっ……！\n　でも、れろぉっ、ぢゅぅぅっ、すごく可愛いっ……！！」%K%P
「呼呼，真是个色色的新娘子……！\n不过，舔舔，啾，好可爱……！！」%K%P
「あふぁっ、あああっ、ああぁぁあっっ……！！」%K%P
「啊呼啊、啊啊啊、啊啊啊啊啊……！！」%K%P
快感で身体が強ばっていく。\n全身が、ふぁ、張り詰めていって……！！%K%P
快感让我的身体逐渐僵硬。\n全身都紧绷了起来……！！%K%P
この瞬間が、最高に興奮しちゃうっ……！！\nぜ、絶頂へ向かって駆け上がってるこの瞬間が……！！%K%P
这个瞬间，是最让人兴奋的……！！\n奔向高潮的这个瞬间……！！%K%P
「れろぉっ、れろろぉっ……！！\n　んぢゅっ、ぢゅぅっっ……！！」%K%P
「舔舔、舔舔……！！\n　嗯啾、啾……！！」%K%P
「ふぁああっっ！！　気持ちいいっっ！！\n　気持ちいいよぉっ、あぁ、気持ちいいっっ……！！！」%K%P
「呼啊啊啊！！好舒服哦！！\n好舒服哦，啊啊，好舒服哦……！！！」%K%P
「もっとぉっ……！！　もっとしてぇっ……！！\n　清佳ちゃんっ、あぁ、清佳ちゃぁぁんっっ……！！」%K%P
「再来……！！再来……！！\n　清佳，啊啊，清佳……！！」%K%P
「はぁはぁっ、本当にスケベっ……！！\n　最高に可愛いっっ……！！」%K%P
「呼、呼，你真的很色……！！\n　太可爱了……！！」%K%P
「お望み通りにしてあげる。\n　幾らでも気持ち良くしてあげるっ……！！」%K%P
「就如你所愿吧。\n要我怎么让你舒服都行……！！」%K%P
「はふぁあっ！！　あはぁあんっっ！！\n　あっ、あっ、あっ、あぁぁぁ……！！」%K%P
「哈呼啊啊！！啊哈啊啊嗯！！\n　啊、啊、啊、啊啊啊啊……！！」%K%P
もうダメ、あぁ、げ、限界っ……！！\n弾けるっ、わたしの中の火照りが、興奮が……！！%K%P
不行了，啊啊，要、要到极限了……！！\n我体内的火热、兴奋，要爆发了……！！%K%P
「いいわっ、イってっ？\n　そのまま思いっきりイっちゃってっ？」%K%P
「可以哦，去吧？\n就这样尽情地去吧？」%K%P
「蛍の一番スケベな顔っ、はぁはぁっ……！！\n　特等席で見せてっ？」%K%P
「萤最色的表情，哈啊哈啊……！！\n　在特等席让我看？」%K%P
「清佳ちゃ――あぁっ！！　あああああっっ……！！」%K%P
「清佳——啊啊！！啊啊啊啊啊……！！」%K%P
「イくっ、んぁぁあっっ！！\n　イくっ、イくイくイくっっ……！！」%K%P
「去了，嗯啊啊啊！！\n去了，去了去了去了……！！」%K%P
「乳首もっ、おちんちんもっ、ふぁああっっ！！\n　イっちゃうっ、イきたいっ、ああっ、イきたいっっ！！」%K%P
「乳头、还有鸡鸡，呼啊啊啊！！\n　要去了，好想高潮，啊啊，好想高潮！！」%K%P
「あぁっ、イくぅっっ！！！\n　イくっ！！　イくっ！！　イくぅぅぅっっ！！！」%K%P
「啊啊，去了！！！去了！！去了！！！」%K%P
そしてギンギンに張り詰めたものが、\n一気に解放されたその瞬間――%K%P
然后，当那根硬邦邦的东西一口气解放的瞬间——%K%P
「んぁっ――あぁあああああああっっ～～！！！」%K%P
「嗯啊——啊啊啊啊啊啊啊啊啊～～！！！」%K%P
ドビュルルルルルルルルル――！！！\nと噴き出した白濁と共にとんでもない快感に包まれる。%K%P
伴随着噗咻咻的喷射声，一股强烈的快感向我袭来。%K%P
頭の中が快楽でゆであがって、\n全身の力が一気に抜ける。%K%P
脑袋里被快感烧得滚烫，全身的力气一口气流失。%K%P
噴き出した精は、そのままわたしの身体に降り注いで――%K%P
喷射而出的精液就这样洒落在我的身体上——%K%P
「ふぁ、はぁ、はぁ、はぁ……！」%K%P
「呼、呼、呼、呼……！」%K%P
あ、熱い……。わたし、いつも、\nこんなの清佳ちゃんに出したりかけたりしてたんだ……。%K%P
好、好热……我平常总是让清佳看到这种东西……%K%P
「はぁはぁ、精子でドロドロになってる蛍の姿、\n　すっごくえっちいわ……」%K%P
「呼、呼，被精液弄得粘答答的萤，看起来好色情哦……」%K%P
「まるで私が蛍に射精したような気分……。\n　えへへ……興奮しちゃう……」%K%P
「感觉就像我对着小萤射精一样……\n嘿嘿嘿……好兴奋哦……」%K%P
「き、清佳ちゃんに射精されて……」%K%P
「被、被清佳射精……」%K%P
そう考えると、わたしも――%K%P
这么一想，我也——%K%P
「んんっ……！　蛍も興奮しちゃう？\n　おちんちん、また勃起してきたけど」%K%P
「嗯嗯……！小萤也兴奋了吗？\n　小鸡鸡又硬起来了。」%K%P
「～～っっ！　は、はしたなくてごめんなさい……！」%K%P
「～～！真、真是抱歉，我太不检点了……！」%K%P
「謝る必要なんてないわ。\n　むしろ勃起してくれないと困るもの」%K%P
「你不需要道歉哦。\n不如说，你要是不勃起，我会很困扰呢。」%K%P
「本番は……これからなんだから」%K%P
「重头戏……现在才要开始呢。」%K%P
「そ、それって……」%K%P
「那、那不就是……」%K%P
想像して、途端にまた息が荒くなってしまう。%K%P
光是想象，呼吸就变得急促起来。%K%P
「おちんちん、ビクビクしてる。\n　本当にスケベなお嫁さんね？」%K%P
「鸡鸡在抖动呢。\n你真的是个色色的新娘子呢？」%K%P
「あ、あう……。ごめんなさい……」%K%P
「啊、啊呜……对不起……」%K%P
「だから謝らなくていいの。褒めてるんだから」%K%P
「所以你不用道歉，我是在夸奖你。」%K%P
火照った顔で微笑みかけてくると、\n清佳ちゃんは私の背中に手を回してきた。%K%P
清佳红着脸对我微笑，然后把手绕到我的背后。%K%P
それだけで、いっそう身体が熱くなった。\nアソコがじゅわぁと濡れるような心地がする。%K%P
光是这样，身体就变得更热了。\n感觉那里已经湿透了。%K%P
「セックス……しましょ？\n　蛍と、もっともっと愛し合いたいわ」%K%P
「来做……爱吧？\n我想和萤更进一步地相爱。」%K%P
「はぁ、はぁ……。清佳ちゃん……」%K%P
「呼、呼……清佳……」%K%P
真っ直ぐ告げられて、アソコがさらに熱くなった。\n絶頂の余韻以上に、興奮で吐息が漏れてしまう。%K%P
听到她直率的告白，我的那里又变得更热了。\n兴奋感比高潮的余韵更加强烈，让我忍不住喘息。%K%P
「わ……わたしも……」%K%P
「我……我也要……」%K%P
「わたしも……清佳ちゃんともっと愛し合いたい……」%K%P
「我也……想和清佳更相爱……」%K%P
「ふふ」%K%P
「呵呵。」%K%P
「あっ……！」%K%P
「啊……！」%K%P
身体についた精子を拭いてくれながら、\nそっとわたしを起こしてくれる。%K%P
她一边帮我擦掉沾在身上的精子，一边轻轻扶我坐起来。%K%P
ドキドキが止まらない。\nほ、本番前の女の子ってこんな気持ちなのかも……。%K%P
心跳加速的感觉停不下来。\n女、女生在正式上场前，或许就是这种心情吧……%K%P
「ん……、挿れるわね？」%K%P
「嗯……要插了哦？」%K%P
「う……うん……」%K%P
「唔……嗯……」%K%P
そして清佳ちゃんは、\nゆっくりとわたしの身体に腰を下ろしてきてくれて――%K%P
清佳缓缓地坐到我的身上——%K%P
