………………%K%P
………………%K%P
…………%K%P
…………%K%P
……%K%P
……%K%P
「ふぅ…………」%K%P
「呼…………」%K%P
お布団に入って、ゆっくり深呼吸する。%K%P
我钻进被窝，缓缓地深呼吸。%K%P
なんだかいつもよりも癒やされる気がするのは、\n覚悟を決めたからかな……。%K%P
总觉得比平常还要疗愈，是因为做好了心理准备吗……%K%P
お姉ちゃんと愛さんにも決意は伝えた。%K%P
我也向姐姐和爱小姐表明了决心。%K%P
二人とも、それぞれ違った反応を見せてくれたけど――%K%P
虽然两人都做出了不同的反应——%K%P
「えっ！？　マジで！？\n　んじゃチンポ取るってこと！？」%K%P
「哎！？真的吗！？\n那不就是把鸡鸡拿掉的意思吗！？」%K%P
「ふふふ。ようやく覚悟を決めてくれましたか。\n　では手術日の擦り合わせを致しましょう」%K%P
「呵呵呵，你终于下定决心了吗？\n那么，我们来讨论手术的日期吧。」%K%P
「ふぇ！？　手術は待って……！！\n　少なくとも今は入院できないから……！！」%K%P
「哎？！手术先不要……！！\n至少现在不能住院……！！」%K%P
「ああ……清佳様に料理指導をしているのでしたっけ。\n　くれぐれもお怪我をさせぬよう気を付けて下さいね？」%K%P
「啊……你不是在指导清佳大人做菜吗？\n请务必小心，别让她受伤了。」%K%P
「しっかし正体を明かさない決意をするなんてねー……。\n　茨の道を選んだもんだ。まぁ応援はするけどさ」%K%P
「不过你居然下定决心不公开真实身份啊……\n真是选择了荆棘之路呢。不过我会支持你的。」%K%P
「愛はむしろ正当な道を選ばれたと思います。\n　お互いに想い合っていたのは間違いありませんから」%K%P
「爱认为你选择了正确的道路。\n因为两人毫无疑问是互相喜欢的。」%K%P
二人とも、僕の決意を受け止めてくれた。\nわざわざ明言したのは誓いを立てる意味もある。%K%P
她们都接受了我这份决心。\n我之所以刻意明言，也是为了立下誓言。%K%P
これでもう僕は引き返せない。引き返す気もない。%K%P
这下子我再也无法回头了。我也不打算回头。%K%P
僕は、ううん、わたしは、\n蛍として清佳ちゃんと恋人になるんだ。%K%P
我，不，我将会以萤的身份和清佳成为恋人。%K%P
「ふぇ！？　は、はい？」%K%P
「呼咦！？什、什么？」%K%P
不意にノック音が聞こえて返事をする。\nすると、申し訳なさげに扉がゆっくり開いた。%K%P
突然听见敲门声，我应了一声。接着，门缓缓打开，对方一脸歉疚。%K%P
「ごめんね、蛍。もしかして眠ってた？」%K%P
「对不起哦，小萤。你该不会睡着了吧？」%K%P
「ううん、ちょうど電気消したところ。\n　どうしたの？」%K%P
「没有，我才刚关灯而已。\n怎么了吗？」%K%P
「い、いえ、その……。用事はないの……！\n　ただ、えと……」%K%P
「不、不是，那个……我没有事……！只是，呃……」%K%P
「眠る前に……おやすみって言いたくて…………」%K%P
「在睡着之前……我想说声晚安…………」%K%P
恥ずかしそうに呟く清佳ちゃんが可愛い。\n「おやすみ」を言うだけで、こんなに照れてくれて。%K%P
害羞地低语的清佳好可爱。\n只是说一句「晚安」，就让她这么害羞。%K%P
「ふふ、うん。おやすみなさい。\n　なんなら今日も一緒に寝る？」%K%P
「呵呵，嗯。晚安咯。\n不然今天也一起睡吧？」%K%P
「ほげっ！？　いいい、一緒にって……！！\n　嬉しいけどっ、でもでも、そのっ……！！」%K%P
「呜哇！？一、一起……！！\n虽然我很高兴，可是可是，那个……！！」%K%P
「あれ……。てっきりそのつもりなのかと思ったけど……」%K%P
「咦……我还以为你一定是那样想的……」%K%P
「～～っっ！　ど、どうしたの蛍っ？\n　昨日までは一緒に寝るのはって言ってたのに……！」%K%P
「～～！小萤，你、你怎么了？\n昨天你明明还说不想跟我一起睡的……！」%K%P
「清佳ちゃんに喜んでもらえるかなって思って」%K%P
「我想说这样清佳应该会很开心。」%K%P
「嬉しいけど……！　そこはかとなく嬉しいけど！\n　でもでも一緒に寝たりしたら、また――」%K%P
「我是很高兴啦……！虽然很高兴啦！\n　可是可是，要是和你一起睡的话，又会——」%K%P
「……うん。そうだね。\n　清佳ちゃんが嫌じゃなければ、だけど……」%K%P
「……嗯，是啊。\n不过，也要清佳不嫌弃……」%K%P
「私が嫌じゃなければって――ええ！？\n　ええええええっっ……！！？」%K%P
「只要我不讨厌的话——咦咦！？\n　咦咦咦咦咦咦……！！？」%K%P
もう一人寝られる分のスペースを空けて誘う。\nすると清佳ちゃんは――%K%P
我空出一个位置，邀请她一起睡。\n清佳——%K%P
「ままま、待って……！　今日は心の準備が……！！\n　絶対に眠れなくなっちゃうから……！」%K%P
「等等等、等一下……！今天我还没做好心理准备……！！\n　这样我绝对会睡不着……！」%K%P
「そう……？」%K%P
「是吗……？」%K%P
「ええっ……！　ええっ！！」%K%P
「咦咦……！咦咦！！」%K%P
これもわたしなりの決意を込めた誘いだったけれど、\n断られちゃった。確かにいきなりすぎたかも……。%K%P
虽然我也是抱着决心才开口邀请她，但还是被拒绝了。或许我的邀请真的太突然了……%K%P
「ご、ごめんね、蛍……。明日は……！\n　明日は心を決めておくから……！」%K%P
「对、对不起，小萤……明天……！\n明天我会下定决心的……！」%K%P
「う、ううん。わたしこそごめんね？\n　いきなりこんなこと言って……」%K%P
「不、不会啦。我才要向你道歉呢，突然说这种话……」%K%P
「いえっ！　嬉しい……！！\n　本当に嬉しいわ……！！」%K%P
「不会！我很高兴……！！\n　真的很高兴……！！」%K%P
「でも今日はお暇させて……！！\n　こ、これ以上は蛍のお顔を見ていられない……！！」%K%P
「不过今天就先让我告退……！！\n我、我没办法再继续看小萤的脸了……！！」%K%P
「おやすみなさい、蛍……！\n　あ、あい、あいし、愛してるわ……」%K%P
「晚安，萤……！我、我、我爱、爱你……」%K%P
「うん。おやすみなさい。\n　わたしも、愛してるよ？」%K%P
「嗯，晚安。我也爱你哦。」%K%P
%XS20「ほわっ、ほわわわっっ――！！？」%XE%K%P
%XS20「呼哇、呼哇哇哇——！！？」%XE%K%P
清佳ちゃんが勢いよく扉を閉めて、\nどたどたと走り去って行く。%K%P
清佳用力关上门，哒哒哒地跑走了。%K%P
どうしよう……。めちゃくちゃ可愛かった……。\nわたしの方が眠れなくなっちゃいそう……。%K%P
怎么办……她真的好可爱……\n我好像会睡不着……%K%P
でも、ふふ。素直な気持ちを言えるって幸せだなぁ。%K%P
不过，呵呵。能够坦率说出自己的心情，真是幸福啊。%K%P
清佳ちゃんのお顔を思い浮かべながら、\nまぶたを閉じて眠りにつこうとする。%K%P
我闭上眼睛，脑海里浮现清佳的脸庞，准备进入梦乡。%K%P
すると思っていたよりも早く眠気がやってきて――%K%P
然后，困意比想象中来得更快——%K%P
「ん……？」%K%P
「嗯……？」%K%P
ふとスマホが振動して目を開ける。\nあれ……？　清佳ちゃんから電話だ……。%K%P
手机突然震动，我睁开眼睛。\n咦……？是清佳打来的……%K%P
「はい？　どうしたの、清佳ちゃん？」%K%P
「嗯？怎么了，清佳？」%K%P
『……は？　「清佳ちゃん」っていきなりなんなの、\n　春樹くん？』%K%P
『……什么？春树同学，你突然叫我「清佳」是怎么回事？』%K%P
「へ……？」%K%P
「咦……？」%K%P
……春樹？%K%P
……春树？%K%P
――っっ！？　し、しまった！！\nこれ春樹用スマホの方だ……！！？%K%P
——！？糟、糟了！！\n这是春树的手机……！！？%K%P
『というか今の声……。\n　な、なんとなく蛍に似ていたような――』%K%P
『话说刚才的声音……\n总、总觉得跟萤好像——』%K%P
「ききき、気のせいだよ！！\n　わた――ぼ――俺だよ、俺！　俺俺！！」%K%P
「是是是、是你多心了啦！！\n　我——我——是我啦，我！我我！！」%K%P
『いつの時代の詐欺よ』%K%P
『这是哪个时代的诈骗手法啊？』%K%P
「そ、それよりどうしたの！？\n　こんな夜遅くに……！！」%K%P
「先、先别说这个了，你怎么了！？\n这么晚了还打电话过来……！！」%K%P
『それは、えと……！\n　色々あって寝付けなくなっちゃったから、\n　料理の練習でもしようかと思って……』%K%P
『那个，呃……！\n因为发生了很多事，让我睡不着觉，\n所以想说来做点料理练习……』%K%P
『いえ、最初からみんなが寝静まった後で、\n　自主練をしようとは思ってたのよっ？\n　た、ただ落ち着かないことがあったものだから……！』%K%P
『不，我本来是打算等大家都睡着之后，再进行自主练习的哦？\n只、只是因为发生了一些让我静不下心的事情……！』%K%P
あ……。もしかしてさっき、おやすみの挨拶に来たのは\n自主練のためだったのかも……。%K%P
啊……难道说，她刚才来跟我道晚安，是为了自主练习……？%K%P
わたしが起き出してこないか確かめに来たんだ……。%K%P
是来确认我有没有起床的……%K%P
『とにかく何か話して……！\n　どうでもいいことでもいいから話して……！\n　平静を取り戻したいの……！！』%K%P
『总之先说点什么……！\n哪怕是无关紧要的话题也行……！\n我想恢复平静……！！』%K%P
「う、うん。なら――」%K%P
「嗯、嗯。那么——」%K%P
そうして、清佳ちゃんが落ち着きを取り戻すまで\nとりとめのない話をしてあげる。%K%P
就这样，我漫无边际地和清佳聊着天，直到她恢复平静。%K%P
そのあとは料理の練習をする清佳ちゃんに\nアドバイスをしたりして夜遅くまで話し続けた。%K%P
之后，我们继续聊到深夜，我给练习做菜的清佳建议。%K%P
『ふぅ……。やっぱり一人じゃ中々難しいわね――痛っ！』%K%P
『呼……一个人果然很难——好痛！』%K%P
「大丈夫っ！？　いま悲鳴が聞こえたけど……！」%K%P
「没事吧！？我刚才好像听到惨叫声……！」%K%P
『だ、大丈夫よ。少し指を切っちゃっただけ』%K%P
『没、没事，只是手指稍微割伤了。』%K%P
「指を切ったって……！」%K%P
「你说切到手指……！」%K%P
今すぐにでも台所へ向かいたいけど、\n女装しているせいで向かえない。%K%P
虽然我很想立刻冲进厨房，但是因为穿着女装，所以不能这么做。%K%P
蛍には絶対秘密にしたいだろうし、間違っても\n自主練しているところを見られたくないはずだ。%K%P
她应该会想把这件事当成绝对的秘密，无论如何都不想让人看到自己自主练习的样子。%K%P
『心配しすぎよ。ホントに大丈夫。\n　それより、ごめんなさいね？\n　こんな夜遅くまで付き合わせちゃって……』%K%P
『你太担心了啦，真的没问题的。\n而且，对不起哦？\n让你陪我到这么晚……』%K%P
「う、ううん。それはいいけど……」%K%P
「唔、嗯，是没关系啦……」%K%P
『ありがとう。この借りはいつか必ず何かで返すから。\n　あ、何か欲しいものでもない？　あったら贈るわよ』%K%P
『谢谢你。这份人情我总有一天一定会还的。\n啊，你有没有什么想要的东西？有就送你。』%K%P
「そんなこといいから、ちゃんと止血して。\n　無理しちゃダメだってば」%K%P
「别管那些了，赶快止血吧。\n不可以逞强啦。」%K%P
『無理なんてしないわよ。\n　でもそうね……今日はこの辺りでやめておくわ』%K%P
『我才不会勉强自己呢。\n不过……今天就先到此为止吧。』%K%P
『その代わり、明日もみっちり付き合ってちょうだいね？\n　頼むわよ？』%K%P
『相对地，明天也请你们好好陪我哦？\n拜托啦。』%K%P
「それはもちろん」%K%P
「那当然。」%K%P
そうして電話が切れる。%K%P
然后电话就挂断了。%K%P
清佳ちゃん、すっごく頑張ってくれてるなぁ……。\n蛍のために、昼も夜も努力してくれて……。%K%P
清佳真的很努力呢……\n为了小萤，她不分昼夜地努力……%K%P
俄然、やる気が出てきた。%K%P
我突然涌起干劲。%K%P
春樹として料理を教えることも、\n蛍として接することにも。%K%P
无论是以春树的身份教她做菜，还是以萤的身份与她相处。%K%P
春樹であっても蛍であっても、\n清佳ちゃんが喜んでくれることをしてあげたい。%K%P
不管是春树还是萤，我都想为清佳做些让她开心的事。%K%P
「――うんうん。包丁づかいもかなり上達してきたね」%K%P
「——嗯嗯，你用菜刀的技术也进步很多了呢。」%K%P
「ホントっ？」%K%P
「真的吗？」%K%P
清佳ちゃんに初めて料理を教えてから早数日。%K%P
自从我第一次教清佳做菜后，很快地过了几天。%K%P
今では昼間にこうして学園に集まって、\n料理指導をすることが当たり前になっていた。%K%P
现在，白天像这样聚集在学园里进行料理指导，已经变成理所当然的事了。%K%P
正直、清佳ちゃんの成長はめざましい。\n初日に包丁で一刀両断していた人とは思えないほどだ。%K%P
老实说，清佳的成长相当显著。\n让人难以想象她就是第一天把菜切得四分五裂的人。%K%P
「味はどうかしら……？\n　蛍に美味しいって言ってもらえそう？」%K%P
「味道如何……？\n　萤会说好吃吗？」%K%P
「ばっちりだよ。そもそもどんなものを作っても\n　蛍は喜んでくれると思うけど」%K%P
「当然可以啊。不过不管你做什么，萤应该都会很开心吧。」%K%P
「む。何度も言ってるでしょ。\n　蛍を唸らせるようなものを作ってあげたいの」%K%P
「唔。我已经说过好几次了，我想做出让小萤赞叹的作品。」%K%P
「十分喜んでくれる出来だと思うけどなぁ」%K%P
「我觉得已经够棒了耶。」%K%P
実際どんどん美味しくなってきてる。%K%P
实际上，味道的确越来越美味。%K%P
むしろ毎日のように清佳ちゃんの手料理を食べられて、\n嬉しいくらいだもん。%K%P
我反而很高兴每天都能吃到清佳亲手做的料理。%K%P
「強いて言えば、で構わないから。\n　味が濃いとか薄いとか」%K%P
「硬要说的话，可以的话。\n例如味道浓淡之类的。」%K%P
「うーん。それなら……もう少し薄い方が好みかなぁ」%K%P
「嗯～～这样的话……我比较喜欢淡一点的口味。」%K%P
「薄い方ね！　じゃあもう一度作ってみるわ！」%K%P
「淡一点的！那我再做一次！」%K%P
そうして意気揚々と清佳ちゃんがコンロへ向かっていく。%K%P
清佳意气风发地走向瓦斯炉。%K%P
「――っと」%K%P
「——嘿咻。」%K%P
「わっ！　大丈夫っ？」%K%P
「哇！你没事吧？」%K%P
ふとした拍子に清佳ちゃんがフラつく。\n僕はそんな彼女を抱きとめた。%K%P
清佳突然摇摇晃晃的，我赶紧抱住她。%K%P
「あ、ありがと。心配しないで」%K%P
「谢、谢谢。不用担心。」%K%P
「フラフラじゃない。もしかして夜の自主練、\n　続けたりしてないよね？　ダメって言ったじゃない」%K%P
「你看起来一点也不好。该不会晚上还继续偷偷练习吧？不是说过不行吗？」%K%P
「し、してないってば。\n　ちょっと疲れちゃっただけよ。もう大丈夫だから」%K%P
「我、我没怎样啦。\n只是有点累了而已。我已经没事了。」%K%P
清佳ちゃんが軽く身体を跳ねさせて、\n快調アピールをしてくる。%K%P
清佳轻轻跳了一下，向我展示她身体的状况良好。%K%P
――ここ数日でわかったことは、\n清佳ちゃんが思っていた以上に努力家だということだ。%K%P
——这几天我明白了，清佳比我想的还要努力。%K%P
初日以来、夜の自主練にも電話越しに協力していたけど、\nこれがもう日の出間際まで毎日のように続いていた。%K%P
从第一天开始，我就透过电话协助她进行夜间自主练习，而且几乎每天都会持续到日出时分。%K%P
流石に清佳ちゃんの体調が気になって、\n夜の自主練は禁止ということにしたんだけど――%K%P
我实在很担心清佳的身体状况，所以禁止她晚上自主练习——%K%P
この様子だと、こっそりやっていたみたいだ。\nあれほど念押ししておいたのに……。%K%P
看样子，她似乎偷偷地做了。\n亏我再三叮咛……%K%P
「今日はもう切り上げよう？\n　明日からはケーキ作りにも挑戦する予定なんだし」%K%P
「今天就先到此为止吧？\n　明天开始我打算挑战做蛋糕。」%K%P
「だから大丈夫だってば。\n　春樹くんは心配しすぎよ」%K%P
「所以没问题啦，春树。\n你担心过头了。」%K%P
「むしろケーキ作りのことを考えると、\n　ここで休むわけにはいかないわ。\n　蛍に美味しいものを振る舞うためにも頑張らないと」%K%P
「一想到要做蛋糕，我就不能在这里休息。\n为了招待小萤吃美味的蛋糕，我得努力才行。」%K%P
「ちょっと清佳さん……！」%K%P
「等一下，清佳小姐……！」%K%P
止める僕を尻目に、清佳ちゃんが\n火にかけてあったお鍋を持ち上げようとする。%K%P
清佳无视我的制止，打算拿起放在火上的锅子。%K%P
しかし、そのお鍋が疲れで手に力が入らなかったのか――%K%P
然而，或许是她因为疲惫而无法使力——%K%P
「――きゃっ！？」%K%P
「——呀！？」%K%P
%XS20「危ないっ！！」%XE%K%P
%XS20「危险！！」%XE%K%P
「熱っ……！！　だ、大丈夫？」%K%P
「好烫……！你、你没事吧？」%K%P
すんでのところで清佳ちゃんを突き飛ばして、\nどうにかお鍋の中身を彼女へぶちまけずに済む。%K%P
我在千钧一发之际推开清佳，总算避免锅子的内容物泼到她身上。%K%P
「大丈夫って――こっちの台詞よ！！\n　早く脱いでっ！！　み、水っ！！　冷やさないと！！」%K%P
「我没事——这是我要说的话！！\n快点脱掉！！水、水！！要赶快冷却！！」%K%P
「ちょ、ちょっとかかっただけだから。\n　たぶん火傷もしてないだろうし」%K%P
「只、只是稍微碰到一下而已，应该没有烫伤吧。」%K%P
「嘘つきなさい……！！\n　とにかくほら水を……！！」%K%P
「少骗人了……！！\n　总之先给我水……！！」%K%P
清佳ちゃんに流し台へ連れて行かれて、\n床が水浸しになることも厭わずに蛇口の水をかけられる。%K%P
清佳把美世带到流理台，然后打开水龙头，任由水龙头流出的水，将地板弄得湿答答的。%K%P
「痛っ……！！　も、もう少し優しくかけて欲しいかも」%K%P
「好痛……！希……希望你再温柔一点。」%K%P
「っっ。やっぱり痛いんじゃない……！！\n　ごめんなさい、私のせいで……！！\n　本当にごめんなさい……！！」%K%P
「呜呜，果然很痛吧……！！\n对不起，都是我害的……！！\n真的很对不起……！！」%K%P
「大袈裟だってば……。俺は大丈夫だから」%K%P
「你太夸张了啦……我没事。」%K%P
熱湯がかかった背中は確かにズキズキ痛むけれど、\nまだ「俺」と言えるくらいには余裕がある。%K%P
被热水泼到的背部的确隐隐作痛，不过我还有余力自称「我」。%K%P
「それよりわかったでしょ？　お料理を舐めたらダメ。\n　些細なミスが事故に繋がるんだから」%K%P
「重点是，这下你明白了吧？不可以小看料理。\n因为一点小失误就会引发意外。」%K%P
「こんな時まで姑ぶらなくていいから……！！\n　――ああ、愛！？　今すぐ医療班を連れて学園に来て！\n　すぐよ、すぐ！！　春樹くんが大変なの！！」%K%P
「这种时候就别再装出婆婆嘴脸了……！！\n——啊啊，爱！？现在马上带医疗小组来学园！\n马上，马上！！春树同学出事了！！」%K%P
慌てた様子で清佳ちゃんが愛さんに連絡を取る。\n大丈夫だってこんなにも言ってるのに……。%K%P
清佳慌慌张张地联络爱小姐。\n我都说了没问题了……%K%P
ああでも、ようやく少しは男らしい姿を見せられたかな。%K%P
啊，不过，总算稍微展现出男子气概了。%K%P
ここのところ、口うるさい姑としか\n思われてなかっただろうし。%K%P
最近这阵子，她应该只觉得我是个啰嗦的婆婆吧。%K%P
だとしたら満足だ。夢も叶った。\n清佳ちゃんに男らしいところを見せるという夢が。%K%P
如果是这样，我就满足了。我的梦想也实现了。\n让清佳看到我男子气概的一面。%K%P
――って。なんだかこれ死亡フラグみたいだよね……。\nたかが熱湯が背中にかかっただけなんだけど……。%K%P
——呃，怎么觉得这好像是死亡旗标……\n不过就是被热水泼到背而已……%K%P
だけど、なんでだろう。\n目の前がどんどん暗くなってきて――%K%P
但是，不知道为什么，我的眼前越来越暗——%K%P
「っっ」%K%P
「唔唔！」%K%P
冷水をかけているはずなのに背中が焼けるように熱い。\n皮膚ごと水に流れていっているような鈍痛が走って――%K%P
明明被泼了冷水，背部却像被火烧一样热。\n一阵钝痛窜过全身，仿佛连皮肤都跟着水流一起被冲走了——%K%P
「春樹くん……？　ちょ、ちょっと！？\n　しっかりして、春樹くんっ……！」%K%P
「春树……？喂、喂！振作一点，春树……！」%K%P
「大丈夫、だから……」%K%P
「没事的，所以……」%K%P
清佳ちゃんの焦った大声が聞こえる。%K%P
清佳焦急的大喊声传入耳中。%K%P
そんな彼女を安心させたくて笑顔を作ったけれど、\n清佳ちゃんの声の勢いを衰えさせることはできなかった。%K%P
我为了让清佳安心而露出笑容，但她的声音却越来越激动。%K%P
………………%K%P
………………%K%P
…………%K%P
…………%K%P
……%K%P
……%K%P
「あいたたた……。し、染みる……」%K%P
「好痛痛痛痛……好、好痛哦……」%K%P
湯船にゆっくりと浸かって、\n背中の具合を確かめる。%K%P
我慢慢泡进浴缸里，确认背部的状况。%K%P
ヒリヒリするのは間違いないけど、\n思っていたより酷くはない。%K%P
虽然确实会刺痛，但没有想象中那么严重。%K%P
あの後、僕は駆けつけてくれた愛さんたちに\n楠家が保有する病院へと連れて行ってもらった。%K%P
在那之后，我被赶来的爱小姐等人送往楠家经营的医院。%K%P
お医者さんの話によると、軽い火傷とのことだ。\nすぐに水や氷で冷やしたことが功を奏したらしい。%K%P
根据医生的说法，我只有轻微的烧伤。\n立刻用冷水和冰块冷却似乎奏效了。%K%P
しばらくはジンジンと痛んだりはするかもしれないけど\n痕が残ったりすることもないそうだ。%K%P
虽然可能会痛上一阵子，但似乎不会留下疤痕。%K%P
お医者さんに痕が残る残らないの話をされた時は驚いた。\nそんなに大事になっているとは思わなくて。%K%P
当医生告诉我是否会留下疤痕时，我吓了一跳。\n我没想到事情会变得这么严重。%K%P
だからこそ――%K%P
正因为如此——%K%P
「清佳ちゃん……あまり気にしすぎてないといいけど」%K%P
「清佳……希望你不要太在意。」%K%P
愛さんによれば僕が治療を受けている間も、\n清佳ちゃんは意気消沈して佇んでいたらしい。%K%P
爱小姐说，我接受治疗的时候，清佳一直意志消沉地站在原地。%K%P
「心配しなくても大丈夫」と連絡も入れておいたけど、\n「本当にごめんなさい」と謝られてしまったし……。%K%P
虽然我有事先联络说「不用担心」，但她还是向我道歉说「真的很对不起」……%K%P
治療が終わって蛍姿でお屋敷に帰ってきた後も、\n清佳ちゃんとは一度も顔を合わせていない。%K%P
治疗结束后，我变成萤的样子回到宅邸，也一次都没有和清佳碰面。%K%P
お部屋にずっとこもっているみたいで、\n夕食の場にも現れなかった。%K%P
她好像一直窝在房间里，连晚餐也没出现。%K%P
お風呂から出たら……お部屋を訪ねようかな。\nもし落ち込んでいるようなら励ましてあげたい。%K%P
等她洗完澡……我就去她的房间吧。\n如果她很沮丧的话，我想鼓励她。%K%P
僕は何も気にしてないんだから。%K%P
我一点都不在意。%K%P
「ふぇ？」%K%P
「咦？」%K%P
「……え？　蛍……？」%K%P
「……咦？小萤……？」%K%P
「清佳ちゃんっ！？」%K%P
「清佳！？」%K%P
不意にお風呂場の扉が開いたかと思うと、\n清佳ちゃんが入ってきた。慌ててタオルで股間を隠す。%K%P
浴室的门突然打开，清佳走了进来。我急忙用毛巾遮住胯下。%K%P
「ごめんなさい……！\n　誰も入ってないものだと思って……！！」%K%P
「对不起……！\n我以为里面没人……！！」%K%P
どうやら本当に間違って入ってきたらしい。\nそれだけボーッとしちゃってたの、かな……。%K%P
看来她是真的不小心进来了。\n我刚才真的有恍神到那种地步吗……%K%P
「すぐに出て行くから……！\n　蛍はゆっくり入ってて……！　ご、ごめんねっ！」%K%P
「我马上出去……！\n小萤你慢慢来……！对、对不起！」%K%P
「あっ……！　待って清佳ちゃん……！！」%K%P
「啊……！等一下，清佳……！！」%K%P
「ど……どうしたの？」%K%P
「怎……怎么了？」%K%P
落ち込んだ様子の清佳ちゃんを見て、\n考えるよりも先に引き止めてしまう。%K%P
看到清佳沮丧的模样，我还没思考就先开口挽留她。%K%P
こうなったらもう――破れかぶれだ。%K%P
既然如此——干脆豁出去算了。%K%P
「良かったら……一緒に入らない？」%K%P
「不嫌弃的话……要不要一起洗？」%K%P
「で、でね？　そのとき千鶴様が――」%K%P
「然、然后呢？当时千鹤小姐她——」%K%P
「…………」%K%P
「…………」%K%P
沈んでいる清佳ちゃんを励ましたくて、\n笑い話をするけれど一向に笑顔を向けてもらえない。%K%P
我想要鼓励消沉的清佳，虽然开了玩笑，但她却始终没有对我露出笑容。%K%P
やっぱり今日のこと相当、気にしちゃってるみたいだ。%K%P
看来她果然相当在意今天的事情。%K%P
「ありがとう、蛍……。\n　それと、ごめんね。気を遣わせちゃって……」%K%P
「谢谢你，小萤……\n还有，对不起。让你费心了……」%K%P
「謝られるようなことじゃないよ……！\n　そんなに気に病むことじゃないと思うし……！」%K%P
「你不需要道歉啦……！\n而且我觉得你也不需要那么在意……！」%K%P
「春樹様も、えと。言ってたよ？\n　自分はピンピンしてるから大丈夫だって」%K%P
「春树大人也说过哦？\n他说自己还活蹦乱跳的，所以不要紧。」%K%P
「え？　春樹くんが……？」%K%P
「咦？春树他……？」%K%P
「う、うん。気にしないでって伝えて欲しい。\n　って連絡をもらって」%K%P
「嗯、嗯。他要我转告你别在意。\n他传了这样的信息给我。」%K%P
「そもそもわたしがきっかけでもあるし……。\n　春樹様から聞いたよ？　わたしの誕生日に\n　手料理を振る舞おうとしてくれたんでしょ？」%K%P
「说起来，我也是原因之一……\n春树大人告诉过我哦？你本来打算在我生日那天\n亲手做料理给我吃对吧？」%K%P
「ほ、蛍のせいじゃないわ……！\n　蛍は何一つ悪くないわよ……！\n　私が全部勝手にやったことで……！」%K%P
「萤、萤没有错……！\n萤一点错都没有……！\n全部都是我自作主张……！」%K%P
「あ……！　ご、ごめんね？\n　責めてるわけじゃなくて……」%K%P
「啊……！对、对不起哦？\n我不是在责备你……」%K%P
「い……いえ。私こそごめんなさい……。\n　心配させちゃって……。大変なのは春樹くんなのに……」%K%P
「不……不会。我才要说对不起……\n让你担心了……明明春树才是最辛苦的人……」%K%P
清佳ちゃんが気持ちを切り替えるように、\n頭をブンブンと横に振る。%K%P
清佳像是要转换心情似地用力摇头。%K%P
「あまり落ち込んじゃいけないわね……。\n　余計に気を遣われちゃう……。\n　春樹くんだけじゃなくて、他のみんなにも……」%K%P
「我不能太沮丧……\n这样会让他们更担心我……\n不只是春树，还有其他人……」%K%P
「私は、その。きちんと反省したいだけなの。\n　大変なことをしてしまったから。一歩間違えれば、\n　一生残る傷を彼に付けてしまうところだった」%K%P
「我，那个，只是想好好反省而已。\n因为，我做了很过分的事。只要走错一步，\n就可能在他身上留下一辈子的伤痕。」%K%P
「偶然、軽傷で済んだけど……それは結果論だもの。\n　謝っても謝り足りないもの……」%K%P
「虽然偶然地只受了轻伤……但那是结果论。\n就算道歉也道歉不完……」%K%P
「清佳ちゃん……」%K%P
「清佳……」%K%P
「大丈夫だよ。春樹様は本当に気にしてないと思うよ？\n　むしろ清佳ちゃんに怪我がなくて良かったと思ってるよ」%K%P
「没事的。我想春树大人真的不在意哦？\n他反而觉得清佳没受伤真是太好了。」%K%P
「蛍……」%K%P
「萤……」%K%P
「春樹様は、うん。格好付けだから。女の子を\n　男の子らしく庇えて、逆に喜んでるんじゃないかな？」%K%P
「春树大人他啊，嗯，是在耍帅啦。他应该是在享受像个男孩子一样保护女孩子的感觉吧？」%K%P
「だから、今度会った時は笑い話にしてあげて？\n　その方が春樹様も嬉しいと思うから」%K%P
「所以，下次见面的时候，你要把这件事当成笑话哦？\n我想春树大人也会比较开心。」%K%P
遠回しに自分の気持ちを伝えてみる。%K%P
我试着委婉地表达自己的心情。%K%P
すると清佳ちゃんはしばらく何かを考えるように\n押し黙って、そして、ゆっくりと口を開いた。%K%P
清佳沉默了一会儿，像是在思考什么，然后缓缓开口：%K%P
「そうね……。蛍の言う通りよね……。\n　クヨクヨ思い悩んでもただの自己満足だものね」%K%P
「说得也是……萤说得没错……\n就算一直烦恼，也只是自我满足而已。」%K%P
「私、顔を曇らせて謝罪をするよりも、\n　笑顔でありがとうって言いたいわ」%K%P
「比起愁眉苦脸地道歉，我更想带着笑容说谢谢。」%K%P
「迷惑をかけた分、\n　うんと彼に喜んでもらえることをしてあげたい」%K%P
「因为给他添了麻烦，所以我想为他做些让他开心的事。」%K%P
「ふふ、その意気だよ清佳ちゃん」%K%P
「呵呵，就是这股气势，清佳。」%K%P
少しは前向きになってもらえたのか、\n清佳ちゃんが笑顔を浮かべてくれる。%K%P
清佳的脸上浮现笑容，似乎稍微乐观了一点。%K%P
「でも……何をしてあげたらいいのかしら。\n　よく考えたら、私、彼のこと何も知らないわ」%K%P
「可是……我该为他做些什么呢？\n仔细想想，我对他一无所知。」%K%P
「ねぇ蛍。春樹くんって何が好きなの？\n　どうしたら喜んでくれるかしら……」%K%P
「呐，萤。春树喜欢什么？\n　要怎么做他才会开心呢……」%K%P
「ありがとう、って言葉だけで十分だよ。\n　仰々しくする必要もないんじゃない？」%K%P
「只要说声谢谢就够了，不需要那么夸张吧？」%K%P
「それはダメよ！　迷惑をかけたのは間違いないし……！\n　春樹くんも私をずっと気にかけてくれてたみたいだしっ」%K%P
「那可不行！毕竟我确实给你添了麻烦……！\n而且春树同学好像也一直很关心我！」%K%P
「熱湯を被った時だってそうだったわ。火傷の痛みを\n　我慢して『大丈夫大丈夫』って何度も言ってきて……」%K%P
「被热水泼到的时候也是。他忍着烫伤的疼痛，一直说着『没事没事』……」%K%P
「私のせいであんなことになったのに……。\n　恨み言の一つも言わないで、ずっと笑ってて……。\n　あんなの逆に焦っちゃうわよ……」%K%P
「明明是因为我才会变成那样……\n他却连一句怨言都没有，一直笑着……\n那样反而会让人着急啊……」%K%P
「あ、あはは。さっきも言ったけど、\n　春樹様は格好付けだから……」%K%P
「啊、啊哈哈。刚才也说过了，春树大人就是爱耍帅……」%K%P
こうしてまじまじ言われるとなんだかむず痒い。\n気恥ずかしくて、つい誤魔化したくなってしまう。%K%P
被她这样盯着看，总觉得浑身不自在。\n我感到难为情，忍不住想蒙混过去。%K%P
「まぁ笑って応えられるほど余裕があったってことだよ。\n　だから必要以上に清佳ちゃんも気にしないでいいってば」%K%P
「哎呀，这代表他有余力可以笑着回应你哦。\n所以清佳，你也不用太过在意。」%K%P
「むしろ春樹様が軟弱すぎるところもあるし。\n　たかが熱湯を被ったくらいで大事にしちゃって――」%K%P
「春树大人反而太软弱了。\n只不过是被热水泼到而已，就大惊小怪——」%K%P
「――たかが熱湯じゃないわっ！！」%K%P
「——那可不是普通的热水！！」%K%P
「ひゃっ！？」%K%P
「呀！？」%K%P
「ホントに大火傷するところだったのよっ！？\n　なのに春樹くんは身を挺して庇ってくれて……！」%K%P
「真的差点被严重烧伤了哦！？\n　可是春树却挺身保护了我……！」%K%P
「すごく痛かったはずなのに、私を傷つけまいと\n　ずっと笑顔を浮かべてくれて、耐えてくれて……！」%K%P
「明明应该很痛，却为了不伤害我，一直露出笑容，忍耐着……！」%K%P
「軟弱すぎるなんて、とんでもないわよ……！\n　たとえ蛍だろうと、その言い方は怒るわよ……！」%K%P
「什么太软弱了，这可不行……！\n就算是萤，听到这种说法也会生气哦……！」%K%P
湯船のお湯を激しく波打たせて\n清佳ちゃんが肩を揺らしてくる。%K%P
清佳摇晃着肩膀，让浴池的水剧烈地荡漾。%K%P
僕のためにここまで怒ってくれるなんて――%K%P
她竟然为了我气成这样——%K%P
「痛っ……！！」%K%P
「好痛……！！」%K%P
「あ……！　ごめんなさい、\n　つい掴みかかっちゃって……！」%K%P
「啊……！对不起，我忍不住就……！」%K%P
「う、ううん。違うの、これは――痛っ」%K%P
「不、不是的。这是——好痛！」%K%P
「ほ、蛍？」%K%P
「萤、萤？」%K%P
湯船のお湯が火傷にしみる。\n背中が焼けちゃいそう……！%K%P
浴池的热水烫得要命。\n感觉背部都要被烫伤了……！%K%P
「っっ！？　どうしたの、それ……！\n　背中、真っ赤じゃない……！」%K%P
「！？你怎么了……！背上都红了……！」%K%P
「あはは……。わたしも、えと。\n　ちょっとドジしちゃって火傷を……」%K%P
「啊哈哈……我也是，呃……不小心烫伤了……」%K%P
「蛍も背中に火傷を……？\n　春樹くんと同じように……？」%K%P
「萤的背也烫伤了……？\n　和春树一样……？」%K%P
流石に不自然だよね……！\nどうにか誤魔化さないと……。%K%P
这样实在很不自然……！\n得想办法蒙混过去……%K%P
「りょ、料理してると意外とよくあるんだよ……！\n　だから火傷くらいでって思っちゃって……！」%K%P
「其、其实下厨的时候意外地常发生这种事……！\n　所以我想说不过是烫伤而已……！」%K%P
「わたしなんかちょっとした火傷くらい日常茶飯事だし。\n　き、清佳ちゃんもお料理続けてたらわかると思うよ？」%K%P
「像我这种程度的烫伤，根本是家常便饭了。\n清、清佳你继续做菜的话，应该也会明白的。」%K%P
「そうなの……？　ずっとお料理してる蛍が言うなら、\n　そうかもしれないけれど……」%K%P
「是这样吗……？既然一直都在做料理的萤都这么说了，或许真的是这样吧……」%K%P
「うんっ。背中の火傷はシェフの誇りって\n　言葉もあるくらいだし……！　マイナーな名言だけど！」%K%P
「嗯！毕竟有句名言是说背上的烧伤是厨师的荣耀……！虽然没什么人听过就是了！」%K%P
「知らなかった……。やっぱりまだまだ私、\n　お料理初心者なのね……」%K%P
「我都不知道……我果然还是个料理初学者呢……」%K%P
「……ホっ……」%K%P
「……呼……」%K%P
一応、信じてもらえたみたいだ。\n……また嘘に嘘を重ねちゃってるけど。%K%P
看来她姑且是相信了。\n……虽然我又用谎言去圆谎。%K%P
「でも、その。だからといって春樹くんを\n　軟弱者扱いするのは、たとえ蛍でも……」%K%P
「可是，那个，就算如此，把春树当成软弱的人，就算是萤也……」%K%P
「う、うん、ごめんね？」%K%P
「嗯，好，对不起哦。」%K%P
「い、いえ、私も熱くなりすぎちゃったというか……。\n　どうして私、彼のことで声なんて荒げちゃって……」%K%P
「不、不会，我也有点太激动了……\n为什么我会为了他而大吼大叫呢……」%K%P
喋っている間に冷静になってきたのか、\n清佳ちゃんがモジモジと再び湯船に浸かる。%K%P
清佳在说话时似乎冷静下来了，她忸忸怩怩地再次泡进浴池里。%K%P
「とにかく、その。春樹くんはいい人よ。\n　かつて蛍が惚れていただけのことはあったわ」%K%P
「总之，那个，春树是个好人哦。\n不愧是萤曾经喜欢过的人。」%K%P
「そ、そう？」%K%P
「是、是吗？」%K%P
「え、ええ。思えば私の頼みもいつでも聞いてくれるし。\n　初対面でぶったり、拉致したりもしたのに、\n　それについても怒ったりしてこなかったし……」%K%P
「是、是啊。仔细想想，他总是愿意听我的请求。\n明明第一次见面就打他、绑架他，\n他也没有为此生气……」%K%P
「……考えれば考えるほど迷惑かけてるわね、私。\n　というか彼、人間ができすぎてないかしら……」%K%P
「……我越想越觉得自己给他添了麻烦呢。\n应该说，他会不会太善良了啊……」%K%P
どこか照れた様子でブツブツと清佳ちゃんが呟く。%K%P
清佳有些害羞地喃喃自语。%K%P
にしても……。さっきから話を聞いていると――%K%P
话说回来……从刚才听到现在——%K%P
「まさかとは思うけど……」%K%P
「虽然我觉得不太可能……」%K%P
「……うん？」%K%P
「……嗯？」%K%P
「春樹様に惹かれてたりしない、よね……？」%K%P
「你没有被春树大人吸引吧……？」%K%P
「へ……？　～～っっ！！」%K%P
「咦……？～～！！」%K%P
「そんなことあるわけないわ……！！\n　勘違いしちゃダメよ、蛍……！！」%K%P
「怎么可能有那种事……！！\n不可以误会哦，萤……！！」%K%P
「安心してっ？　私は蛍一筋だから……！！\n　他の人に靡いたりなんて絶対にしないわ……！！\n　あくまで春樹くんは、えと、友達よ……！！」%K%P
「放心吧？我只喜欢萤……！！\n　我绝对不会移情别恋……！！\n　春树同学只是，呃，朋友……！！」%K%P
「だったらいいんだけど……」%K%P
「如果是那样就好了……」%K%P
蛍として清佳ちゃんの恋人として付き合うと決めた以上、\n春樹の好感度が上がってしまうと逆に困っちゃう。%K%P
既然我决定以萤的身份和清佳交往，要是春树的好感度上升，反而会让我很困扰。%K%P
僕はもう友達として付き合っていくと決めたんだ。\nその決意を今更、揺らがせたくない。%K%P
我已经决定要以朋友的身份和她相处了。\n事到如今，我不想动摇这个决心。%K%P
だけど――%K%P
但是——%K%P
「それよりも何か良い案はないかしらっ？\n　何をしたら春樹くんは喜んでくれると思うっ？」%K%P
「先不说这个，你有没有什么好点子？\n　你觉得做什么才能让春树开心？」%K%P
「あ……！　彼に惹かれてるから喜ばせたいわけじゃ\n　ないわよっ！？　純粋にお礼がしたいのっ……！\n　よく考えれば私、今まで散々迷惑かけてきたから……！」%K%P
「啊……！我并不是因为喜欢他才想讨他欢心哦！？我只是单纯想向他道谢……！\n仔细想想，我至今为止给他添了那么多麻烦……！」%K%P
「わわっ。わかったから落ち着いて……！\n　私も何か、えと……！　考えてみるから……！」%K%P
「哇哇！我知道了，你冷静点……！\n我也会，呃……！想想看有什么办法……！」%K%P
「え、ええ。お願い……。\n　私、彼のことあまり知らないから……。\n　あ、火傷が痛むなら上がってからでもいいし……！」%K%P
「好、好的。拜托你了……\n　我对他不太了解……\n　啊，如果烫伤会痛，等我起来再说也可以……！」%K%P
僕の思いとは裏腹に、清佳ちゃんが{春樹:ぼく}のことを\n根掘り葉掘り聞いてくる。%K%P
与我的想法相反，清佳追根究柢地问起有关「{春树:我}」的事。%K%P
……妙なことにならないといいけど。%K%P
……希望不会发生什么奇怪的事。%K%P
