「……このくらい開いておけば大丈夫、かしら……？」%K%P
「……开到这种程度应该没问题吧……？」%K%P
「うん……ありがとう」%K%P
「嗯……谢谢。」%K%P
恥ずかしがりながらも自ら足を開いてくれる\n彼女の気持ちが嬉しい。%K%P
她虽然害羞，但还是主动张开了双腿。\n她的心意让我很开心。%K%P
露わになった秘部はホタルの光と月明かりに\n照らされていて、夜の闇の中でもはっきりと見えた。%K%P
萤火虫的光和月光映照着裸露的私密处，即使在黑夜中也能清楚看见。%K%P
「あなたのおちんちん……。\n　さっきより大きくなってる……」%K%P
「你的鸡鸡……比刚才还大……」%K%P
「清佳さんのアソコも……すごく濡れてる」%K%P
「清佳的那里……也湿透了。」%K%P
僕が彼女の大切な場所に魅入っているように、\n彼女もまた僕のものに魅入っているようだった。%K%P
就像我迷上她的重要部位一样，她似乎也迷上了我的东西。%K%P
「不思議……。大切な場所をじっと見られて、\n　ものすごく恥ずかしいのに。妙に頭は冴えてて……」%K%P
「真不可思议……明明重要部位被人盯着看，感觉非常害羞，脑袋却莫名地清醒……」%K%P
「まだ繋がってもいないのに……とても幸せな\n　気持ちになっちゃってる……」%K%P
「明明还没有结合……却有种非常幸福的感觉……」%K%P
「あなたが……私のアソコを見て、\n　興奮してくれてるのがわかって」%K%P
「我知道……你看着我的那里……很兴奋。」%K%P
僕も同じ気持ちだった。%K%P
我也有一样的心情。%K%P
彼女が僕のを見てドキドキしてくれているのがわかって、\n繋がってもいないのに幸せな気持ちが溢れてくる。%K%P
我知道她看着我，心里小鹿乱撞，明明没有牵手，却洋溢着幸福的感觉。%K%P
「好きだ」%K%P
「我喜欢你。」%K%P
「っっ」%K%P
「唔！」%K%P
頭で考えるよりも先に言葉が出ていた。%K%P
在脑袋思考之前，话语就脱口而出。%K%P
「好きだ」%K%P
「我喜欢你。」%K%P
「……何よ。急に男らしくなっちゃって……」%K%P
「……什么嘛。突然变得这么有男子气概……」%K%P
清佳ちゃんは照れくさそうにポツリとそう呟くと、\n顔を赤くしたまま真っ直ぐ見つめてくれる。%K%P
清佳害羞地喃喃说道，然后红着脸直视着我。%K%P
「私も……」%K%P
「我也是……」%K%P
「私も……好きよ。\n　あなたのことが、好き……」%K%P
「我也……喜欢你哦。\n我喜欢你……」%K%P
その言葉が何よりも僕の心を火照らせた。%K%P
这句话比任何东西都更能让我心头一热。%K%P
「挿れるね……？　できる限り優しくするから……」%K%P
「我要插了哦……？我会尽可能温柔一点……」%K%P
「う……うん……」%K%P
「嗯……嗯……」%K%P
震えてる……。%K%P
她在发抖……%K%P
やっぱり怖いんだ……。当たり前だよね。%K%P
她果然很害怕……这也是理所当然的。%K%P
「……大丈夫。確かにちょっぴり怖いけど……」%K%P
「……没问题。虽然的确有点可怕……」%K%P
「それ以上に……楽しみに思ってるの。\n　あなたと、一つになれることに……」%K%P
「比起害怕……我更期待……和你合而为一……」%K%P
「だからこんなに、うずうずしちゃってて……」%K%P
「所以才会这么心痒难耐……」%K%P
清佳さんが居住まいを整えて、\nより大きく足を広げてくれる。%K%P
清佳调整坐姿，把脚张得更开。%K%P
「来て……？　あなたの想いを、私に教えて……？」%K%P
「来吧……？告诉我你的想法……？」%K%P
「私のために今まで隠してきてくれた気持ちを……。\n　我慢してくれていた気持ちを……」%K%P
「为了我而一直隐藏至今的心情……\n为了我而一直忍耐至今的心情……」%K%P
「私も……ちゃんと受け止めたいから」%K%P
「我也……想好好接受。」%K%P
蛍としてじゃなく、春樹として\n見ようとしてくれている気持ちが嬉しかった。%K%P
她不是以萤的身份，而是以春树的身份看着我，这让我很开心。%K%P
きっとまだ戸惑ってはいるはずなのに、\nそれでも彼女は僕を受け入れようとしてくれて。%K%P
她一定还很困惑，即使如此，她还是愿意接纳我。%K%P
僕の気持ちに寄り添おうとしてくれて。%K%P
她愿意贴近我的心情。%K%P
「行くよ……？」%K%P
「要上喽……？」%K%P
「うん……」%K%P
「嗯……」%K%P
彼女への愛がよりいっそう膨れあがる。%K%P
对她的爱更加膨胀。%K%P
その想いをそのまま伝えるように、\n僕はそっと彼女へ愛を触れさせていって――%K%P
我将这份心意传达给她，轻轻地抚摸着她——%K%P
「んはぁっ……！！　あっ、は、入って、きて……！！」%K%P
「嗯哈啊……！！啊、进、进来了……！！」%K%P
挿入した瞬間――強い抵抗感が襲ってきた。\n何かを突き破った感触が股間から全身に伝わってくる。%K%P
插入的瞬间——强烈的抵抗感袭来。\n突破了某种东西的触感从胯下传遍全身。%K%P
彼女の大切な場所からは初めての証が滴っていて、\n悲痛な反応に動きを止めてしまいそうになる。%K%P
她最重要的地方滴落了第一次的证明，痛苦的反应让我差点停下动作。%K%P
「し、心配しないで……！！\n　はぁはぁ、続けてっ……！！」%K%P
「别、别担心……！！\n　呼、呼，继续……！！」%K%P
「もっと奥まで、んはぁ……！！\n　あなたの全部、んんっ、私の膣内に……！！」%K%P
「再往里面一点，嗯哈啊……！！\n把你的全部，嗯嗯，放进我的小穴里……！！」%K%P
「っっ」%K%P
「唔唔！」%K%P
「もっとしっかり、ん、感じたいの……！\n　あなたと、はぁはぁ、一つになってることを……！」%K%P
「我想更、嗯、更清楚地感受……！感受和你、哈啊哈啊、合为一体……！」%K%P
「あなたは、んく、そうじゃないのっ……？」%K%P
「你、嗯唔，不是这样吗……？」%K%P
「清佳さん……！　っっ……！」%K%P
「清佳……！唔……！」%K%P
もちろん僕だって感じたい……！\n清佳ちゃんとの繋がりをめいっぱい感じたい……！%K%P
当然，我也想感受……！\n想尽情感受与清佳的联系……！%K%P
「んはぁ……！　あっ、ああぁ……！！\n　きて、あ、きてるっ……！　大きいのが、あぁ……！」%K%P
「嗯哈啊……！啊、啊啊啊……！！\n来了，啊、来了……！好大，啊啊……！」%K%P
「私の膣内が、んは、あなたのでいっぱいになって……！」%K%P
「我的小穴里，嗯哈，被你填满了……！」%K%P
一気に突き入れたい衝動を抑えて、\n痛くしないようにゆっくりと腰を押し出していく。%K%P
我压抑住想要一口气插入的冲动，为了不弄痛她而缓缓地挺出腰。%K%P
竿がとてつもなく熱いものに、\n徐々に徐々に包まれていって。%K%P
我的肉棒渐渐被某种炙热的东西包覆。%K%P
その感覚がとてつもなく快感で、\n喩えようもないほど幸福で――%K%P
那种感觉是无比的快感，幸福得难以言喻——%K%P
「んはぁ……！　はぁ、はぁ……！\n　ぜ、全部、えへへ、入ってる……」%K%P
「嗯哈啊……！哈啊、哈啊……！全、全部、欸嘿嘿、进来了……」%K%P
「うん……。ありがとう、受け止めてくれて……」%K%P
「嗯……谢谢你愿意接受我……」%K%P
「こちらこそよ……。ありがとう、\n　途中でやめないでくれて……」%K%P
「我才要谢谢你……谢谢你没有半途而废……」%K%P
脂汗をかきながらも、\n清佳ちゃんが幸せそうに微笑みかけてくれる。%K%P
清佳流着冷汗，对我露出幸福的微笑。%K%P
「大丈夫……？　痛くない……？」%K%P
「没事吧……？会不会痛……？」%K%P
「ちょっぴり痛いけど……。\n　想像してたほどじゃないかも……」%K%P
「有点痛……\n不过没有想象中那么痛……」%K%P
「どちらかと言えば、その……。\n　んんっ。あなたのが擦れて気持ちいいくらい……」%K%P
「真要说的话，那个……嗯嗯。你的摩擦很舒服……」%K%P
ピクンと清佳ちゃんが小さく悶える。\nその僅かな摩擦だけで、僕も震えるほど気持ち良かった。%K%P
清佳的身体微微颤抖。\n光是那微小的摩擦，就让我舒服到颤抖。%K%P
「はぁ、はぁ、えへへ……。\n　あなたのがビクビクしてるのわかる……」%K%P
「呼、呼、嘿嘿嘿……\n我感觉得到你的那里在抽动……」%K%P
「気持ち、いいんだ……？　私の膣内……。\n　ものすごくゆっくり、あぁ、膣内で動いてる……」%K%P
「很舒服吗……？我的里面……\n非常缓慢地动着……啊啊，在我的里面动着……」%K%P
「っっ。ご、ごめんね……！　つい……！」%K%P
「唔唔！对、对不起……！我忍不住就……！」%K%P
しばらくじっとしていようと思っているのに、\nどうしようもなく身体が動いてしまう。%K%P
明明想暂时静止不动，身体却不由自主地动了起来。%K%P
清佳ちゃんの膣内、本当に気持ち良くて……。\n口の中より熱くて、窮屈で、トロトロで……！%K%P
清佳的小穴真的好舒服……\n比口中更热、更紧、更湿……！%K%P
「ううん……。嬉しい……。優しいあなたでも\n　我慢できないくらい気持ちいいってことだもの……」%K%P
「嗯嗯……好开心……看来舒服到连温柔的你都忍不住了……」%K%P
「それに……あっ、んふ……。あなたのが\n　私の膣内で動いてると、キュンキュンしちゃう……」%K%P
「而且……啊、嗯呼……你的东西在我的里面动来动去，让我好有感觉……」%K%P
「あなたと繋がってることがハッキリわかって……。\n　とっても幸せな気分になって……」%K%P
「清楚地感觉到和你连结在一起……\n　觉得非常幸福……」%K%P
火照った顔で清佳ちゃんが見つめてきてくれる。%K%P
清佳用发烫的脸注视着我。%K%P
「もう大丈夫だから……。\n　好きに動いていいわよ……？」%K%P
「已经没事了……你可以随意行动哦……？」%K%P
「ううん……。動いて……？\n　もっと、はぁはぁ、感じさせて……？」%K%P
「不对……动吧……？\n　让我有更多、哈啊哈啊、感觉……？」%K%P
「あなたと愛し合ってる幸福を……。\n　身体の芯から感じたいの……」%K%P
「我想从身体的深处……感受和你相爱的幸福……」%K%P
そんな風に告げられて、我慢できるわけがなかった。%K%P
听到她这么说，我怎么可能忍得住。%K%P
「あっ…………！　あぁっ…………！　んはぁ……！」%K%P
「啊…………！啊啊…………！嗯哈啊……！」%K%P
「あぁあんっ……！　あぁ、んはぁ、あはぁん……！」%K%P
「啊啊啊嗯……！啊啊，嗯哈啊，啊哈啊嗯……！」%K%P
ゆっくり動こうと思っているのに、\n動き始めた途端、自分がとめられなくなる。%K%P
明明想慢慢来，但一开始行动，就无法停止。%K%P
「い、いいのよっ、はぁんっ……！\n　遠慮しないで、あっ、あっ、突いてっ……！」%K%P
「没、没关系啦，哈啊……！\n不用客气，啊、啊、用力顶……！」%K%P
「私も、ふぁっ、その方が嬉しいっ……！\n　いっぱい、あぁ、いっぱいズンズンしてっ……！」%K%P
「我也、呼啊、那样比较开心……！\n　用力、啊啊、用力地抽插……！」%K%P
「っっ。清佳さん……！」%K%P
「唔唔，清佳……！」%K%P
「あっ、あっ、あっ、あっ、あぁあああんっ……！！」%K%P
「啊、啊、啊、啊、啊啊啊啊啊嗯……！！」%K%P
僕の抽挿で気持ち良さげに喘いでくれる\n清佳ちゃんの姿が嬉しい。%K%P
清佳因我的抽插而发出舒服的喘息声。\n她的模样让我感到开心。%K%P
トロトロの蕩肉がぎゅっと僕のを抱きしめてくれて、\n僕も快感に悶えた吐息を漏らし続けていた。%K%P
粘稠的肉壁紧紧地缠住我的分身，我也因为快感而不断发出喘息。%K%P
「気持ちいいっ……！　あっ、はぁんっ……！\n　ものすごく、ふあぁっ、幸せっ……！！」%K%P
「好舒服……！啊、哈啊……！好幸福、呼啊啊……！！」%K%P
「大好きな人が、あっ、あっ、あっ……！！\n　私の膣内で動いてるっ、私の中にいてくれて……！！」%K%P
「我最喜欢的人，在我体内动着，他在我体内……！！」%K%P
「あなたを感じるだけでも、ふぁぁあ……！！\n　熱くなっちゃうっ……！！」%K%P
「光是感受着你，呼啊啊啊……！！\n我就变得好热……！！」%K%P
「前みたいに、あぁぁあっ、身体の奥が火照って……！\n　弾けそうでっ、あぁ、んぁっ、イ、イっちゃ……！！」%K%P
「就像之前一样，啊啊啊啊，身体深处好热……！\n好像要炸开一样，啊啊，嗯啊，要、要去了……！！」%K%P
目に見えてわかるほど清佳ちゃんが感じてくれる。\n手足をビクっビクっと震わせて甘く悶えてくれる。%K%P
清佳的反应十分明显，她不断颤抖着四肢，发出娇喘。%K%P
「も、もっと激しくしていいわっ……！\n　ううん、してっ……！！」%K%P
「可、可以再激烈一点……！\n　不对，是……！！」%K%P
「まだ遠慮してるでしょっ？\n　しなくて、いいからっ……！」%K%P
「你还在客气吧？\n不用这样啦……！」%K%P
「私の身体っ、あぁあんっ、あなたの好きにしてっ」%K%P
「我的身体，啊啊啊嗯，随你处置！」%K%P
「っっ！！」%K%P
「唔唔！」%K%P
「ひぃあっ！　あっ、はぁっ、あっ、あっ！！\n　あぁあんっ、ふぁぁああんんっっ！！」%K%P
「咿呀！啊、哈啊、啊、啊！！\n啊啊啊嗯、呼啊啊啊啊嗯嗯！！」%K%P
甘えるように告げてくれる清佳ちゃんの声に、\n愛しさが込み上げる。理性がなくなっていく。%K%P
清佳撒娇似地说道，她的声音让我感到怜爱，理性逐渐消失。%K%P
ただ今はひたすら、大好きな人と愛し合いたい。\n彼女と一緒に、ただ気持ち良くなりたい――%K%P
现在只想和心爱的人尽情缠绵。\n只想和她一起享受欢愉——%K%P
「はぁああんっ……！！　おっぱい、ぎゅって……！！\n　おちんちん、ふぁあっ、激しっ……！！」%K%P
「哈啊啊啊嗯……！！胸部、被挤得……！！\n　肉棒、呼啊啊、好激烈……！！」%K%P
「乱暴にされるのっ、あぁあっ、嬉しいっ……！！\n　もっと夢中に、ああぁ、私に夢中になってっ？」%K%P
「被粗暴对待，啊啊啊，好开心……！！\n再沉迷一点，啊啊啊，再沉迷于我吧？」%K%P
「あなたになら、あっ、あっ、あっ……！！\n　どれだけ乱暴されても嬉しいからっ……！！」%K%P
「如果是你的话，啊、啊、啊……！！\n　不管再怎么粗暴，我都会很开心……！！」%K%P
「私もっ、もっともっと、あぁんっ……！！\n　あなたを、あぁ、感じたいっ……！！」%K%P
「我也想、更进一步、啊啊嗯……！！\n　想更进一步、感受你……！！」%K%P
力加減もわからず欲望をぶちまける僕を、\n清佳ちゃんが幸せそうに受け入れてくれる。%K%P
清佳幸福地接受不懂得控制力道、只是尽情发泄欲望的我。%K%P
汗ばんだ乳房の感触が心地良い。\n膣内がどんどん濡れそぼっていくのがわかって嬉しい。%K%P
乳房上渗出的汗水触感十分舒服。\n知道小穴越来越湿，让我感到很开心。%K%P
「ひぃあああっ！！　乳首、んぁああっ……！！\n　クリクリされてっ……！！」%K%P
「咿啊啊啊！！乳头，嗯啊啊啊……！！\n被搓揉着……！！」%K%P
「力はいっちゃ――んあああっ、イくっ、んんっっ！！\n　イくぅっっ……！！」%K%P
「我要去了——嗯啊啊啊、去了、嗯嗯！！\n去了……！！」%K%P
乳首を摘まみ上げると、急激に膣の圧迫が強まった。%K%P
我捏住乳头，小穴的压迫感突然变强了。%K%P
おちんちんが千切れそうなほど締め付けられながら、\n快感を堪えきれないとばかりに膣内が痙攣する。%K%P
小穴内一阵阵痉挛，仿佛在忍耐着快感。\n肉棒被紧紧地夹着，仿佛要被榨干了。%K%P
「好きっ……！！　好きだっ……！！\n　はぁはぁっ、好きだ、清佳さんっ……！！」%K%P
「喜欢……！！我喜欢你……！！\n　哈啊哈啊，我喜欢你，清佳……！！」%K%P
「私もっ、あぁんっ、私も好きっ……！！\n　あっ、あっ、あっ、好きっ、んぁっ、好きぃ……！！」%K%P
「我也、啊啊、我也喜欢你……！！\n　啊、啊、啊、喜欢、嗯啊、喜欢……！！」%K%P
どちらともなく顔を近づけていく。\nそして、より深く一つになるように唇を重ねて――%K%P
两人不约而同地将脸凑近。\n然后，为了更加深入地结合，将嘴唇叠合——%K%P
「んちゅぁっ……！　れろぉっ、れろろぉっ……！！\n　んふぅんっ！！　んんっ、んっ、んっ、んちゅぅっ！！」%K%P
「嗯啾……！舔舔、舔舔……！！\n　嗯呼嗯！！嗯嗯、嗯、嗯、嗯啾！！」%K%P
お互いを貪るように唇を奪い合っていく。%K%P
两人贪婪地索求着彼此的唇。%K%P
気づけば僕たちは強く抱き合っていて、\n清佳ちゃんの体温と僕の体温の境はなくなっていた。%K%P
回过神来，我们已经紧紧相拥，清佳的体温和我的体温已经没有分界。%K%P
「すごいっ、んちゅぅっ……！！\n　なんだか、れろっ、れろろっ、溶け合ってるみたいっ」%K%P
「好厉害，嗯啾……！！\n　感觉好像要融化了」%K%P
「最高に、あぁっ、幸せっ……！！\n　ちゅぁっ、れろろっ……！！\n　ずっと、ちゅぅっ、こうしていたいくらいっ……！！」%K%P
「太幸福了，啊啊……！！\n　啾啊，滋噜噜……！！\n　好想，啾，一直这样下去……！！」%K%P
ぎゅっと清佳ちゃんがさらに抱きついてきてくれる。\n背中に手足を回して、しがみついてきてくれる。%K%P
清佳更用力地抱紧我，她用手脚环抱住我的背，紧紧地抓着我。%K%P
僕も同じ気持ちだった。快感以上の幸福が、\n全身を包み込んでいて、とんでもなく身体が熱くて――%K%P
我的心情也一样。全身被快感以上的幸福所包围，身体热得不得了——%K%P
「手に取るように、ん、ちゅっ、\n　あなたの気持ちがわかる……！」%K%P
「我非常清楚你的心情……嗯、啾！」%K%P
「私のこと、あぁん、んはぁ……！\n　ものすごく愛してくれてて……！\n　感じさせようと、んあっ、思ってくれてて……！」%K%P
「你真的……啊啊、嗯啊……！\n　非常爱我……！\n　为了让我……嗯啊、有感觉……！」%K%P
「何より、ちゅぁ、れろろっ……！\n　とっても興奮してくれてて……！！」%K%P
「最重要的是，啾、滋噜噜……！\n非常兴奋……！！」%K%P
僕もわかる。密着した身体から、繋がった場所から、\n清佳ちゃんの感情が流れ込んできて……！%K%P
我也能理解。清佳的感情从紧贴的身体、从相连的地方流进我的体内……！%K%P
僕とのエッチで悦んでくれていることが、\n心で理解できて……！%K%P
她的心灵，已经理解到和我做爱是件多么愉悦的事情……！%K%P
「んちゅぁっ、れろぉっ、ぺろろぉっ……！！\n　セックスって、んちゅぁ、素敵っ……！！」%K%P
「嗯啾、滋噜、滋噜噜……！！\n做爱，嗯啾、好棒……！！」%K%P
「こんなにも、あっ、あっ、んはぁんっ……！！\n　大好きな人と一つになれるんだ……！！」%K%P
「能和最喜欢的人合而为一……！！」%K%P
「ただでさえ好きなのに、んぁ、んちゅぅぅ……！\n　もっともっとあなたが愛おしくなっちゃう……！」%K%P
「我本来就很喜欢你了，嗯啊，嗯啾……！\n　会变得越来越爱你……！」%K%P
強い締め付けが、しとどに濡れる膣内が、\n言葉以上に清佳ちゃんの想いを伝えてくれる。%K%P
强烈的紧缩感，以及湿透的小穴，都比言语更能传达出清佳的心意。%K%P
僕もまた彼女への愛しさで、\n下腹部が火照りきっていく――%K%P
我也因为对她的爱意，下腹部越来越火热——%K%P
「んちゅぁ、ぺろろっ、れろろぉっ……！！\n　んぷはぁ、はぁはぁ、おちんちん震えて……！！」%K%P
「嗯啾、滋噜噜、滋噜噜……！！\n　嗯噗哈、哈啊哈啊、鸡鸡在颤抖……！！」%K%P
「嬉しいっ、あっ、あっ、あっ……！！\n　射精、はぁん、しちゃいそうなんだ……！！」%K%P
「好开心，啊，啊，啊……！！\n感觉，要射精了……！！」%K%P
「さっきあんなに出したのに、\n　あっ、はぁ、んはぁ、またっ……！！」%K%P
「明明刚刚才射了那么多……啊、哈啊、嗯哈啊、又来了……！！」%K%P
「はぁはぁ、清佳さん……！！」%K%P
「呼、呼，清佳……！！」%K%P
「うんっ……！　いいっ、このまま出していいから……！」%K%P
「嗯……！好，就这样射出来吧……！」%K%P
「あなたの愛をっ、あぁんっ、身体で感じたい……！！\n　あなたの愛をっ、んちゅっ、注ぎ込んで欲しい……！！」%K%P
「我想要用身体感受你的爱……！！\n我想要你把爱灌注进来……！！」%K%P
「だからっ、ちゅぁっ、あはぁん、だからっ……！！」%K%P
「所以、啾啊、啊哈啊嗯、所以……！！」%K%P
離すまいとばかりに清佳ちゃんが\nぎゅぅぅっと抱きしめてくれる。%K%P
清佳紧紧抱住我，仿佛不想放开我。%K%P
僕も離すつもりはなかった。\nこのまま清佳ちゃんの膣内に出したい……！！%K%P
我也不打算放开她。\n我想就这样在清佳的体内射精……！！%K%P
「んはぁっ！！　あぁあんっ！！\n　激しいっ、んぁっ、んちゅぅっ……！！」%K%P
「嗯哈啊！！啊啊啊嗯！！\n好激烈，嗯啊，嗯啾……！！」%K%P
「イっちゃっ、あああっ、キ、キスしてられな……！！\n　あぁっ、してっ、キスっ、ああっ、キスぅっ……！！」%K%P
「要去了，啊啊啊，我、我没办法继续接吻……！！\n　啊啊，吻我，吻我，啊啊，吻我……！！」%K%P
大口を開けて喘ぎながら必死に\n舌を伸ばしてくれる彼女へがむしゃらに唇を押しつける。%K%P
她张大嘴巴喘着气，拼命伸出舌头，我则不顾一切地将嘴唇压了上去。%K%P
「んちゅぅっっ！　れろろっ！！　んれろれろれろぉ！！」%K%P
「嗯啾！舔舔舔！！嗯舔舔舔舔！！」%K%P
「気持ちいいっ、んはぁ、好きっ、ちゅぁっ、イくぅっ！」%K%P
「好舒服，嗯哈啊，我喜欢你，啾啊，去了！」%K%P
尋常じゃないほど、おちんちんが締め付けられる。\nその清佳ちゃんの昂ぶりが僕の射精欲を煽ってくる。%K%P
她的小穴紧紧地夹着我的肉棒，这股异常的紧致感，让我的射精欲望更加高涨。%K%P
「あぁっ、きてるっ、ああぁ、のぼってきてる……！！」%K%P
「啊啊，进来了，啊啊啊，进来了……！！」%K%P
「ぶちまけてっ、んちゅっ、ちゅぁっ……！！\n　私の膣内にっ、ああっ、あなたの熱いのっ、精子っ！！」%K%P
「射出来吧，嗯啾，啾啊……！！\n在我的小穴里，啊啊，把你的热热的，精子！！」%K%P
「私も、あぁっ、イっちゃうからっ……！！\n　ふぁああっ、一緒にっ、ちゅぁ、一緒にっっ……！！」%K%P
「我也、啊啊、要高潮了……！！\n　呼啊啊啊、一起、啾、一起……！！」%K%P
清佳ちゃんが腰を揺らしてきてくれる。\n僕も限界ギリギリの状態で腰を振り続ける。%K%P
清佳开始摆动腰部。\n我也在濒临极限的状态下持续摆动腰部。%K%P
「ああぁあっ、イくっ、んぁ、イくっ！！」%K%P
「啊啊啊啊、去了、嗯啊、去了！！」%K%P
「キスぅっ、んちゅぁっ、チューしてっ……！！\n　最後まで、あああっ、一つでいたいっ……！！」%K%P
「吻我、嗯啾、吻我……！！\n直到最后，啊啊啊、都想要在一起……！！」%K%P
「んはぁむっ、ちゅぅっ、れろろぉっ……！！\n　ぷはぁ、あっ、あっ、あっ、あっ、あっ、あっ！！！」%K%P
「嗯哈唔、啾、滋噜噜……！！\n噗哈、啊、啊、啊、啊、啊、啊！！！」%K%P
そして心も身体も繋がったまま、\n込み上がってくる感情に躊躇うことなく従って――%K%P
然后，我们就这样在身心相连的状态下，毫不犹豫地顺从涌上心头的感情——%K%P
「ふぁっ――あぁあぁああああああっっ～～！！！\n　あはぁあんっ、あっ――はぁあああんんっっ～～！！！」%K%P
「呼啊——啊啊啊啊啊啊啊啊啊啊～～！！！\n啊哈啊啊嗯、啊——哈啊啊啊啊嗯嗯～～！！！」%K%P
「熱いっっ……！！　あぁあっ、気持ちいい……！！\n　ビュービューきてっ、奥に、あぁ、奥にっっ……！！」%K%P
「好烫……！！啊啊啊、好舒服……！！\n射得好用力，射到里面、啊啊、射到里面了……！！」%K%P
どっちが震えてるのかわからない。\n二人揃って、絶頂の快感にビクビクしちゃってて……！！%K%P
已经分不清是谁在颤抖了。\n我们俩都因为高潮的快感而颤抖不止……！！%K%P
気持ちいい……！！　清佳ちゃんが、ふぁ……！！\nフェラの時以上に精子を吸い出してきてる……！！%K%P
好舒服……！！清佳她……呼啊……！！\n她比口交时吸出了更多精子……！！%K%P
精巣の中の精子が、んぁ……！！\n全部、搾り出されちゃう……！！%K%P
精巢中的精子，嗯啊……！！\n要被榨干了……！！%K%P
「んはぁ……はぁ、はぁ、はぁ……。\n　ま、また意識、とんじゃいそうだった……」%K%P
「嗯哈……哈、哈、哈……\n我、我又差点失去意识了……」%K%P
「僕も、はぁはぁ、気持ち良すぎて……」%K%P
「我也一样，呼呼，舒服得不得了……」%K%P
「気持ち良かった……だけ？」%K%P
「只是……很舒服？」%K%P
「ううん……。とても幸せだった……」%K%P
「没有……我非常幸福……」%K%P
「ふふふ……。私も……」%K%P
「呵呵呵……我也……」%K%P
嬉しそうに清佳ちゃんが微笑んでくれる。%K%P
清佳开心地对我微笑。%K%P
繋がった場所からは清佳ちゃんの初めての証と、\n大量の白濁が溢れていた。%K%P
连接的部位溢出清佳的第一次的证明，以及大量的白浊液。%K%P
「すごい……。こんなにたくさん出してくれてたんだ。\n　ずーっとビュービューしてくれてたものね……」%K%P
「好厉害……原来你射了这么多啊。\n毕竟你一直咻咻咻地射个不停嘛……」%K%P
「まだ……ん、びゅるってしてる……。\n　ふふ、おちんちんも大きいまま……」%K%P
「还在……嗯，咻咻咻地……\n呵呵，鸡鸡也还是这么大……」%K%P
「もしかして……物足りなかった？」%K%P
「难道说……你觉得不够吗？」%K%P
「そ、そんなことないよ。\n　大満足というか、夢みたいだったというか……！」%K%P
「没、没那回事哦。\n该说是非常满足，还是好像在作梦一样呢……！」%K%P
「そう……？　あなたがしたいのなら……その」%K%P
「是吗……？既然你想这么做……那个……」%K%P
「え？」%K%P
「咦？」%K%P
キュっと清佳ちゃんが照れくさそうに\nおちんちんを締め付けてくれる。%K%P
清佳害羞地缩紧了小穴。%K%P
その僅かな締め付けだけで、\n僕のモノは再び硬さを取り戻した。%K%P
光是这轻微的收缩，就让我的分身再度变硬。%K%P
「……ふふ。長い夜になりそうね？」%K%P
「……呵呵，看来今晚会很漫长呢。」%K%P
そうして清佳ちゃんが抱きついてきてくれる。%K%P
清佳紧紧抱住我。%K%P
僕もまた彼女を抱きしめ返した――%K%P
我也紧紧地抱住她——%K%P
