『――でね！　蛍からキスしてくれたの……！\n　私が好きって伝えたら蛍も好きって伝え返してくれて！』%K%P
『——然后啊！小萤主动吻了我……！\n我向小萤告白后，她也向我告白了！』%K%P
「そ、そっかぁ……」%K%P
「这……这样啊……」%K%P
『「そっかぁ……」じゃないわよ！\n　こ、これってＯＫってことよねっ！？\n　私を恋人認定してくれたってことよねっ！？』%K%P
『「这样啊……」个头啦！\n这、这代表她答应了吧！？\n她认定我是她的女朋友了吧！？』%K%P
ハイテンションかつ幸せいっぱいの様子が\n電話口からでもありありと伝わってくる。%K%P
从电话另一头也能清楚感受到她那兴奋又幸福的模样。%K%P
深夜――夏祭りのほとぼりが冷めないうちに、\n春樹宛に清佳ちゃんから電話がかかってきていた。%K%P
深夜——趁着夏日祭典的余温尚未冷却时，清佳打电话给春树。%K%P
そしてかれこれ１時間以上、\n同じような会話を繰り返されてしまっている。%K%P
然后，同样的对话已经重复了超过一个小时。%K%P
うぅ。どうしてキスなんかしちゃったんだろ。\nしかも「好き」とまで口にしちゃって……。%K%P
呜呜，我怎么会亲她呢？\n而且还说出「喜欢」这种话……%K%P
男の自分を好きになってもらいたいって、\nずっと思ったはずなのに――%K%P
我明明一直希望她能喜欢上身为男性的我——%K%P
『ちょっと。聞いてるの？\n　大事な話をしてるんだからねっ！？』%K%P
『喂，你有在听吗？\n　我可是正在说很重要的事啊！？』%K%P
「あっ。ご、ごめん。ちゃんと聞いてるよ？\n　恋人認定かどうかは……うん。どうだろうね……」%K%P
「啊！抱、抱歉，我有在听哦。\n至于是不是恋人……嗯，这我就不知道了……」%K%P
『はぁ？　恋人認定に決まってるじゃない！\n　私の「好き」に、蛍も「好き」で応えてくれたのよ！？』%K%P
『什么？这当然是认定为情侣了啊！\n我的「喜欢」，可是得到了萤的「喜欢」的回应哦！？』%K%P
「うっ……！　そ、そうだよね……！\n　そうなっちゃうよねっ……！」%K%P
「呜……！说、说的也是……！\n事情就是会变成这样……！」%K%P
『歯切れの悪い返事ね……。\n　そういう女々しい返事、やめた方がいいわよ？』%K%P
『真是个不干脆的回答……\n像这种娘娘腔的回答，劝你还是别再说了。』%K%P
ぐふっ！！　女々しいって言われた……。%K%P
咕呼！！我被说成娘娘腔了……%K%P
『ふふ、思い出すだけで幸せ。\n　悪いけど、蛍の心は私がもらったわ！』%K%P
『呵呵，光是回想起来就觉得很幸福。\n不好意思，萤的心已经被我收下了！』%K%P
『正直、蛍があなたを好きだと知った時は焦ったわ。\n　でも一途な想いは人の心を変えてしまうものなのね！\n　ずっとアプローチしてきた甲斐があったわ……！』%K%P
『老实说，当我知道萤喜欢你的时候，我真的很着急。\n但是，专一的爱意确实能改变人心呢！\n我一直以来的追求总算有了回报……！』%K%P
本当に嬉しそうだなぁ……。\n僕はこれからどうすればいいんだろう……。%K%P
她看起来真的很开心……\n我接下来该怎么办才好……%K%P
悩んでいると、ふと清佳ちゃんが\n声のトーンを落として話しかけてくる。%K%P
正当我烦恼时，清佳突然压低声音对我说：%K%P
『あ……そうだ。今度、蛍と会う時は声をかけて？\n　できる限りのフォローはさせてもらうから』%K%P
『啊……对了，下次见到萤的时候，记得帮我跟她打声招呼。\n我会尽可能帮你们打圆场的。』%K%P
「フォロー？」%K%P
「打圆场？」%K%P
『そうよ。想いを告げていなかったとはいえ\n　蛍にとってあなたは過去の想い人――\n　きっと顔を合わせづらいだろうし……』%K%P
『没错。虽然没有告白过，但对萤来说，你确实是她过去的心上人——\n所以她一定很难面对你吧……』%K%P
『私に心変わりしてくれたとはいえ、\n　ずっと想い続けてきた人だもの……。\n　二人で会えば蛍が余計な心労を背負うかもしれないわ』%K%P
『虽说她已经变心了，但毕竟你是她一直爱慕的人……\n要是两人见面，或许会让萤徒增不必要的烦恼。』%K%P
『私のせいで、春樹くんと蛍の関係をこじれさせて\n　しまいたくないし……。これからも仲良く過ごして\n　欲しいもの』%K%P
『我不想因为自己，害得春树和萤的关系变得尴尬……\n我希望你们今后也能融洽相处。』%K%P
「清佳さん……」%K%P
「清佳小姐……」%K%P
幸せいっぱいでたまらないはずなのに、\n僕や蛍のことに気を回してくれるなんて……。%K%P
明明幸福得不得了，却还这么关心我和萤……%K%P
やっぱり清佳ちゃんは良い子だ。\n改めて心の底からそう思う。%K%P
我再次打从心底觉得，清佳果然是个好孩子。%K%P
『それに……』%K%P
『而且……』%K%P
『それに私も春樹くんには感謝してるしね。\n　あなたの助力がなければ、きっと私は\n　蛍の前で色んな醜態を晒しちゃってたわ』%K%P
『而且我也很感谢春树。\n如果没有你的帮助，我肯定会在萤面前出尽洋相。』%K%P
「あ、あはは……。気にしないでいいよ？」%K%P
「啊、啊哈哈……你不用放在心上哦。」%K%P
その「色んな醜態」とやらも見ちゃってるし……。%K%P
而且我也已经看过她所谓的「各种丑态」了……%K%P
『……む。せっかく人が素直にお礼言ってるのに。\n　あなたも少しは素直に受け取りなさいよ、もう』%K%P
『……唔，难得人家这么坦率地道谢。\n你也坦率地接受一下嘛，真是的。』%K%P
『ま、いいわ。ごめんなさいね、こんな夜遅くに\n　いきなり電話しちゃって。そろそろ切るわ』%K%P
『算了，没关系。对不起哦，这么晚了还打电话给你。我差不多要挂电话了。』%K%P
「あ、うん」%K%P
「啊，嗯。」%K%P
電話を切ると言われて、\nちょっぴり名残惜しい気分になる。%K%P
听到她说要挂电话，我感到有些依依不舍。%K%P
だからどうしても自分から\n通話を切ることができなかった。%K%P
所以无论如何，我都无法主动挂断电话。%K%P
『…………』%K%P
『…………』%K%P
「…………」%K%P
「…………」%K%P
……あれ？　切られてない、よね？%K%P
……奇怪？她没被砍死吧？%K%P
『その……』%K%P
『那个……』%K%P
「わっ！？　な、なにっ！？」%K%P
「哇！？怎、怎么了！？」%K%P
『っっ。きゅ、急に大声出さないでよ。\n　ビックリしちゃうじゃない……！』%K%P
『唔唔！别、别突然大叫啦。\n吓我一跳……！』%K%P
「ご、ごめんね。切られるものだと思ってたから……！」%K%P
「对、对不起。我以为你会挂电话……！」%K%P
『ま、まぁそうね……。一応、その……。\n　最後に一つ言っておこうと思って……』%K%P
『也、也是啦……那个，我……\n最后，我想说一件事……』%K%P
電話口から聞こえてくる彼女の声は、\nなんだか少し照れの色を含んでいるように思えた。%K%P
从电话另一头传来的声音，听起来似乎带着一丝害羞。%K%P
『これからも……その。よろしくね？\n　蛍と両思いになったとはいえ……\n　また色々と訊きたいことが出てくると思うし……』%K%P
『今后……那个，也请你多多指教咯？\n虽然我已经和萤两情相悦了……\n但还是有很多事情想问你……』%K%P
「う、うん。そういうことなら\n　いつでも聞いてくれていいよ？」%K%P
「唔、嗯。既然如此，\n　你随时都可以问我哦。」%K%P
『あ、ありがと。だったら、その……。\n　これからも私と、えと……』%K%P
『谢、谢谢。既然这样，那个……\n以后也跟我，呃……』%K%P
「うん？」%K%P
「嗯？」%K%P
清佳ちゃんにしては歯切れが悪い。\n何を言おうとしてるんだろう？%K%P
以清佳的个性来说，她难得会这么吞吞吐吐的。\n她到底想说什么呢？%K%P
『これからも私と、良い友達として\n　付き合ってくれると嬉しいわ……！』%K%P
『希望你今后也能继续跟我当好朋友……！』%K%P
『そ、それだけっ！』%K%P
『就、就只有这样！』%K%P
「えっ――あっ……切れちゃった」%K%P
「咦——啊……断掉了。」%K%P
……友達、か。%K%P
……朋友啊。%K%P
喜ぶべきなのかな？\n少しは{春樹:ぼく}とも打ち解けてくれたのかも……。%K%P
我应该感到高兴吗？\n她或许稍微愿意接纳我「{春树:我}」了……%K%P
そうだとすると――%K%P
如果真是如此——%K%P
「うわぁあああっっ～！！\n　なんで僕はキスや告白なんてしちゃったんだぁ～！！」%K%P
「呜哇啊啊啊啊～～！\n为什么我会亲她、向她告白啊～～！」%K%P
頭を抱えてベッドの上をゴロゴロと転がる。%K%P
我抱着头在床上滚来滚去。%K%P
こうやって少しずつ僕を知ってもらっていけば、\nもしかすれば、もしかしてたかもしれないのに……！！%K%P
如果她能像这样慢慢了解我，说不定……说不定真的有可能……！！%K%P
でも、あの時はなんというか何も考えてなくて……！\n気づいたら清佳ちゃんにキスしちゃってて……！%K%P
可是，那个时候我什么都没想……！\n回过神来，我已经吻了清佳……！%K%P
清佳ちゃんに「好き」って言われた時も、\n嬉しくなって「好き」って答えちゃって……！%K%P
被清佳说「喜欢」的时候，我也开心地回答「喜欢」……！%K%P
そのまま花火そっちのけで、\n何度も何度もチュッチュしちゃって――%K%P
我们就这样把放烟花的事抛在脑后，一次又一次地亲吻着彼此——%K%P
「……ん、んふ……」%K%P
「……嗯、嗯呼……」%K%P
清佳ちゃんの唇の感触を思い出しながら、\nつい股間へと手が伸びてしまう。%K%P
我回想着清佳双唇的触感，手不禁伸向胯下。%K%P
も、ものすごく柔らかかったなぁ……。%K%P
好、好柔软啊……%K%P
ファーストキスの時と違って、\nじっくり、ねっとり、啄みあっちゃって――%K%P
和初吻的时候不同，这次是慢慢地、粘腻地、啄着对方——%K%P
「――じゃなくて！　な、何を僕は\n　一人でいたそうとしちゃってるの……！」%K%P
「——不是啦！我、我干嘛一副想发电的样子啊……！」%K%P
ダメダメ……！　そんなことしちゃ……！\n今の僕は、ううん、わたしは蛍なんだから……！%K%P
不行不行……！我不能做那种事……！\n现在的我，不对，是现在的我——萤……！%K%P
「わたしは、蛍……。春日蛍……。蛍、蛍……」%K%P
「我是萤……春日萤……萤、萤……」%K%P
言い聞かせるように呟きながら、\n女装している自分の姿を見つめ続ける。%K%P
我像是在说服自己似地喃喃自语，同时注视着自己男扮女装的模样。%K%P
よ、よし。落ち着いてきた……。\n今日はこのまま寝ちゃおう……！！%K%P
好、好，冷静下来了……\n今天就这样睡吧……！！%K%P
電気を消して、頭を覆うくらい布団を被る。%K%P
我关掉电灯，用棉被盖住头。%K%P
カーテンの隙間から差す月明かりすら今は見たくない。\n冴えきった目を無理やりにでも暗闇に置かなくちゃ。%K%P
就连从窗帘缝隙间洒落的月光，我现在也不想看见。\n我必须强迫自己将清醒的双眼放在黑暗之中。%K%P
そのまま何も考えずに……。\nただ無心で、微睡みの中へ落ちていこう……。%K%P
就这样什么都不想……\n只是放空脑袋，坠入梦乡……%K%P
落ちて…………%K%P
坠下去…………%K%P
「……ん、ちゅっ……」%K%P
「……嗯、啾……」%K%P
「～～っっ！」%K%P
「～～！」%K%P
ダ、ダメだ。気を抜いたら思い出しちゃう……！%K%P
不、不行。一松懈就会想起来……！%K%P
だってだって好きな人と、\nあんなにたくさんキスしちゃったんだもん……！%K%P
因为因为，我跟喜欢的人，接了那么多吻嘛……！%K%P
「ん……ちゅ……ちゅぁむ……」%K%P
「嗯……啾……啾唔……」%K%P
うぅ……！　感触まで蘇ってきちゃう……！%K%P
呜呜……！连触感都跟着复苏了……！%K%P
まるで今も瑞々しくて艶やかな清佳ちゃんの唇が\n僕の唇に触れているような心地がして……！%K%P
仿佛清佳那水嫩艳丽的双唇，现在也触碰着我的嘴唇……！%K%P
「…………」%K%P
「…………」%K%P
「れ……れろぉ……。れろ、れろぉ……んちゅぁ……」%K%P
「舔……舔……舔舔……嗯啾……」%K%P
ふぁぁ……！　何この蕩けるような感触……！\nもしかして舌っ！？　舌まで入って……！？%K%P
哇……！这触感太销魂了……！\n难道是舌头！？舌头伸进来了……！？%K%P
「はぁ、はぁ……。んちゅっ……！\n　んちゅぁ、れろろぉっ！　れろぉ、んぺろろぉ……！！」%K%P
「哈啊、哈啊……嗯啾……！\n　嗯啾、滋噜噜！滋噜、嗯滋噜噜……！！」%K%P
んっ、んんんんっっ……！！？\n口の中が舐め回されるっ……！！%K%P
嗯、嗯嗯嗯嗯……！！？\n嘴里被来回舔舐……！！%K%P
妄想にしては、はぁはぁ、リアル過ぎ――%K%P
以妄想来说，呼呼，未免太真实了——%K%P
「ちゅぁ、んはぁむっ♪　れろれろれろぉ……♪」%K%P
「啾啊、嗯哈啊唔♪舔舔舔舔舔舔……♪」%K%P
「――きゃあああああああああっっ～～！！！？」%K%P
「——呀啊啊啊啊啊啊啊啊啊～～！！！？」%K%P
「ぶふぅっ！！？」%K%P
「噗呼！！？」%K%P
反射的に突き飛ばしてしまう。\n夢っ！？　これも夢なのっ……！？%K%P
我下意识地推开了她。\n做梦！？这也是梦吗……！？%K%P
ほっぺを引っ張る。――痛いっ！%K%P
我捏了捏她的脸颊——好痛！%K%P
「あいたたた……。\n　ほ、蛍ったら照れ屋なんだから……」%K%P
「好痛……萤真是的，这么害羞……」%K%P
「いや、そうじゃないでしょ！？」%K%P
「不对，不是这样吧！？」%K%P
「っっ。ごごご、ごめんなさいっ！！\n　つい魔が差しちゃってっ……！！」%K%P
「唔唔唔……对对对、对不起！！\n我一时鬼迷心窍……！！」%K%P
ツッコミを入れると清佳ちゃんは\n即座に頭を下げてきた。%K%P
我一吐槽，清佳立刻低头道歉。%K%P
魔が差したと言われても……！%K%P
就算你说我鬼迷心窍……！%K%P
「ほ、本当にごめんなさい……！　ほほほ、蛍との\n　キスを思い出したら目が冴えちゃって……！！」%K%P
「真、真的很对不起……！一想起和萤的接吻，我就睡不着了……！！」%K%P
「ひと目寝顔を見ようと思っただけなの……！！\n　でも蛍ったら頭まで布団被っちゃってたから……！！」%K%P
「我只是想看一眼萤的睡脸而已……！！\n可是萤却把棉被盖到头上……！！」%K%P
「それで起こさないように、そーっと布団あげて……！\n　そうしたら蛍の可愛い顔がすごく近くにあって……！」%K%P
「然后为了不吵醒她，我轻轻地把棉被拖下去……！\n结果萤的可爱脸庞就近在眼前……！」%K%P
「き……気づいたら、そ、その――！！」%K%P
「回……回过神来，就、就发现——！！」%K%P
清佳ちゃんがモジモジと身体を揺らす。%K%P
清佳忸忸怩怩地摇晃身体。%K%P
僕は僕で呼吸も心音も速まってしまっていた。\nどうにか落ち着こうとするけれど全然鎮まらない。%K%P
我的呼吸和心跳也跟着加速。\n我努力让自己冷静下来，却完全无法平复。%K%P
何か答えようと思うけれど頭も回らなくて。\n黙っている間に清佳ちゃんが怖ず怖ずと尋ねてきた。%K%P
我想要回答些什么，但脑袋却无法运转。\n在我沉默的时候，清佳战战兢兢地问道：%K%P
「嫌だった、かしら……」%K%P
「讨厌……吗……」%K%P
「う……ううん。嫌ではない……けど……」%K%P
「唔……嗯，是不讨厌……可是……」%K%P
「よ……良かった……」%K%P
「太……太好了……」%K%P
口の中が乾いてしまう。\n大きな呼吸を何度も何度も繰り返してしまって。%K%P
我感到口干舌燥，不断大口呼吸。%K%P
「もう一度だけ……その。キスしてもいい……？\n　もう一度したら部屋に戻るから……」%K%P
「再一次就好……那个，可以亲你吗……？\n再亲一次我就回房间……」%K%P
「う……うん……」%K%P
「唔……嗯……」%K%P
花火の時と同じだ。%K%P
跟烟火那时一样。%K%P
頷いちゃいけないと思っているのに、\n考えるよりも先に答えてしまっている。%K%P
明明知道不能点头，却在思考前就先回答了。%K%P
今キスなんてされてしまったら――%K%P
要是现在被她亲了——%K%P
「ん……ちゅ……んふ……」%K%P
「嗯……啾……嗯呼……」%K%P
考えている間に、そっと唇が重ねられた。\n乾ききった口内が清佳ちゃんの甘い唾液で湿らされる。%K%P
就在我思考的时候，清佳轻轻地吻了上来。\n干涸的口腔被清佳甘甜的唾液滋润。%K%P
「はぁ……はぁ……」%K%P
「呼……呼……」%K%P
「…………」%K%P
「…………」%K%P
「も、もう一回だけ……していい？」%K%P
「可、可以……再做一次吗？」%K%P
「……うん……」%K%P
「……嗯……」%K%P
「んっ……ちゅっ、んんっ……」%K%P
「嗯……啾、嗯嗯……」%K%P
「んはぁむ……んふ、ちゅぁ……んっ。\n　ちゅ……ん。んんっ……」%K%P
「嗯哈唔……嗯呼、啾啊……嗯。\n　啾……嗯。嗯嗯……」%K%P
「んふ……んちゅ、ちゅぁ……ん……」%K%P
「嗯呼……嗯啾、啾啊……嗯……」%K%P
ああ、ダメだ。一度キスしてしまうと、\nもう歯止めが利かなくなってしまう。%K%P
啊啊，不行。一旦接吻，就再也停不下来了。%K%P
一回だけで済むはずがない。\nずっと永遠にキスしていたいくらいなんだもん――……%K%P
我想要一直吻下去，永远不要停——……%K%P
「はぁはぁ……ん、ちゅ……れろ、ぺろぉ……」%K%P
「哈啊哈啊……嗯、啾……滋溜、滋溜……」%K%P
「んんっ……！　れ、れろぉ、んちゅぁ、ぺろろぉ……！」%K%P
「嗯嗯……！舔舔、嗯啾、滋噜噜……！」%K%P
おっかなびっくり清佳ちゃんが舌を伸ばしてきてくれる。\nそんな彼女に応えるように僕も自分の舌を伸ばす。%K%P
清佳战战兢兢地伸出舌头，我也回应她，伸出自己的舌头。%K%P
ベロとベロを絡ませるのが震えるほど気持ちいい……。%K%P
舌头和舌头交缠在一起，舒服得让人浑身发抖……%K%P
綿菓子のような甘みと、興奮を煽るような火照りが、\nどんどん強く僕たちのキスを激しくしていく――%K%P
棉花糖般的甜味，以及煽动兴奋的火热，让我们的吻越来越激烈——%K%P
「んはぁむ……んちゅぁ、れろっ……！\n　れろろぉ……！　んふ、んんっ！　ぺろろぉ……！」%K%P
「嗯哈唔……嗯啾、滋溜……！\n　滋溜溜……！嗯呼、嗯嗯！滋溜溜……！」%K%P
「れろぉ……！　ぺろぺろぉ……！\n　んんんっ……！　んはぁむっ……！」%K%P
「舔舔……！舔舔……！\n　嗯嗯嗯……！嗯哈唔……！」%K%P
気づけば、清佳ちゃんと強く抱きしめあっていた。\nより深く舌を絡ませるために。より快感を貪るために。%K%P
回过神来，我发现自己正和清佳紧紧相拥。\n为了更深入地交缠彼此的舌头，为了贪求更多快感。%K%P
清佳ちゃんのおっぱいが僕の胸板で潰れている。\nその感触が、さらに僕の心を熱くさせてくる。%K%P
清佳的胸部压在我的胸膛上，那触感让我的心更加火热。%K%P
もっと触れたい。交わりたい。%K%P
好想再多摸几下，好想和她交合。%K%P
そんな感情が際限なく高まってきてしまって――%K%P
这种感情无止境地高涨——%K%P
「――ひゃっ。く、くすぐったいよ、清佳ちゃん……」%K%P
「——呀！好、好痒哦，清佳……」%K%P
「ダ、ダメ……？」%K%P
「不、不行吗……？」%K%P
清佳ちゃんが僕の背中をさわさわと撫でてくる。\n背中から脇腹へ、脇腹から腰へ。%K%P
清佳轻轻抚摸我的背。\n从背部到侧腹，再从侧腹到腰际。%K%P
そして腰からさらに手を下へ伸ばそうとしてきて――\n――マ、マズい……！！%K%P
然后，她的手又从我的腰间往下滑——\n——不、不妙……！！%K%P
「きゃっ！！？」%K%P
「呀啊！！？」%K%P
股間を触られそうになって、\n咄嗟に清佳ちゃんを押し倒してしまう。%K%P
我情急之下，推倒了清佳，阻止她继续摸我的胯间。%K%P
だけど――それは失敗だったかもしれない。%K%P
但是——这或许是个错误的决定。%K%P
