「ふぁ――あはぁぁん……」%K%P
「呼啊——啊哈啊啊嗯……」%K%P
繋がっていくのを確かめるように、\nゆっくりと腰を落としてくれる。%K%P
她慢慢地沉下腰，仿佛在确认彼此的联系。%K%P
幸せそうな吐息を漏らしながら、\nどんどん僕と彼女の距離が縮まっていく。%K%P
她吐出幸福的吐息，与我的距离越来越近。%K%P
「根元まで、んはぁ、しっかり入ったぁ……」%K%P
「连根部都……嗯啊……插进去了……」%K%P
「えへへ……。挿れただけで、\n　さっきよりずっとキュンキュンしちゃう……」%K%P
「嘿嘿嘿……光是插进去，就比刚才更紧了……」%K%P
「この感覚、ふぁ、大好き……。\n　大好きな人が私の中にいるって感覚……」%K%P
「我最喜欢这种感觉了……\n最喜欢的人在我体内的感觉……」%K%P
「僕も大好き……。挿れてもらってるだけで、\n　んん、おちんちんビクビクしちゃう……」%K%P
「我也很喜欢……光是插着，鸡鸡就一直抽动……」%K%P
「うん……。感じる……。\n　あなたの興奮も、愛情も、存在も……」%K%P
「嗯……我感觉得到……\n你的兴奋、你的爱、你的存在……」%K%P
「とっても幸せで……えへへ。\n　とっても気持ちいい……」%K%P
「好幸福……嘿嘿嘿。\n好舒服……」%K%P
僕の身体に腰を下ろしたまま、\n清佳ちゃんが身体を小さく揺さぶる。%K%P
清佳坐在我的身上，轻轻摇晃身体。%K%P
それだけでクチュンクチュンと小さな水音が立った。\n結合部から温かい愛液が僕の下腹部にも垂れてくる。%K%P
光是这样，就发出咕啾咕啾的小小水声。\n温暖的爱液从结合处滴到我的下腹部。%K%P
「我ながら濡れすぎ……。\n　おちんちん挿れて、もっと濡れちゃってる……」%K%P
「我也太湿了……\n插进鸡鸡之后，会变得更湿……」%K%P
「うん……。感じる……。温かくてトロトロしてるのが\n　どんどん溢れてきてるや……」%K%P
「嗯……感觉得到……又温暖又粘稠的东西……\n　正不断溢出……」%K%P
「これからもっと……ん、溢れてきちゃうと思う」%K%P
「接下来……嗯，我想会更多」%K%P
「こうやってずっぽり挿れてるだけでも、ふぁ。\n　ものすごく感じちゃってるから……」%K%P
「光是像这样插进来，呼啊……我就觉得好有感觉……」%K%P
照れた様子で言いながらも、\n再び清佳ちゃんが身体を揺さぶる。%K%P
清佳害羞地说着，再次摇晃身体。%K%P
「ふぁ、あ。身じろぎするだけで、んん。\n　すっごく気持ちいい……」%K%P
「呼啊、啊。光是动一下身体，嗯嗯。\n就非常舒服……」%K%P
「赤ちゃんの部屋に、んふぅん、\n　グリグリおちんちんが当たっちゃって……」%K%P
「嗯呼嗯，小宝宝的房间，硬邦邦的鸡鸡顶到了……」%K%P
「も、もうしばらくじっとしててもいい……？\n　感じすぎて、ふぁ、動けない……」%K%P
「可、可以再等一下吗……？\n太有感觉了，啊，动不了……」%K%P
口ではそう尋ねながらも、\n清佳ちゃんの身体が徐々に浮き上がっていく。%K%P
清佳嘴上这么问，身体却慢慢动了起来。%K%P
より強い快感を求めるように、\n腰を上下に揺らし始めてくれて――%K%P
她开始上下摇晃腰部，仿佛在追求更强烈的快感——%K%P
「あっ、あぁん……。あっ、はぁ……！」%K%P
「啊、啊啊嗯……啊、哈啊……！」%K%P
「突き上げちゃ、あぁん、ダメぇ。\n　か、感じ過ぎちゃうってば……」%K%P
「顶到里面了，啊啊，不行。\n感、感觉太强烈了啦……」%K%P
「はぁ、はぁ、動いてないよ。\n　清佳ちゃんが、その。自分で……」%K%P
「呼、呼，没有动哦。\n清佳她，那个，自己……」%K%P
「えっ？　うそ、あっ、んっ……！」%K%P
「咦？不会吧，啊，嗯……！」%K%P
無意識に動いていたのか、\n清佳ちゃんがかーっと顔を赤くする。%K%P
清佳的脸瞬间涨红，似乎是下意识地做出的反应。%K%P
けれど身体の動きは止められないのか、ピクンピクンと\n痙攣しながら上下にゆっくりと動き続けていた。%K%P
但身体的动作似乎停不下来，她一边抽搐着，一边缓缓地上下移动。%K%P
「ヤ、ヤダ、恥ずかしい、ふぁ、あぁん……。\n　でも、ん、とめられない……っっ」%K%P
「讨、讨厌，好害羞，呼啊、啊啊……\n可是，嗯，停不下来……」%K%P
「動いてもらうのと、あはぁ、あぁ、全然違う……。\n　自分の気持ちいいところばっかり擦っちゃって……」%K%P
「自己动跟啊哈、啊啊，完全不一样……\n你一直摩擦我舒服的地方……」%K%P
うっとりと甘い吐息を漏らしながら、\n初めてオナニーをする生娘のように清佳ちゃんが動く。%K%P
清佳一边陶醉地吐出甘美的气息，一边像第一次自慰的少女般动着。%K%P
その姿があまりにも官能的で興奮がとまらない。%K%P
那副模样实在太过煽情，让我兴奋不已。%K%P
「ごめんなさ、あっ、ふぁ……！」%K%P
「对不起，啊、呼啊……！」%K%P
「あなたを、ん、気持ち良くするって言っておいて、\n　あ、はぁん、自分ばっかり……」%K%P
「我明明说要让你舒服……啊、呼啊、却只有我自己……」%K%P
「で、でも、あっ、あぁん……。\n　とめられないの、ふぁぁ、おちんちん、気持ちいい……」%K%P
「可、可是，啊、啊啊嗯……\n我停不下来，呼啊啊，肉棒，好舒服……」%K%P
「い、いいよ。そのまま続けて？\n　十分えっちい、ううん、気持ちいいから……」%K%P
「没、没关系啦，继续下去吧？\n这样就很色了，不对，这样很舒服……」%K%P
グッチュングッチュンとさっきよりも\n大きく卑猥な水音を立てる彼女の姿に発情してしまう。%K%P
她发出比刚才更大的淫荡水声，让我忍不住发情。%K%P
「ふぁぁ……！　ビュルって熱いの噴き出してきて……！\n　残ってた精子、あぁ、で、出てる……！」%K%P
「呼啊啊……！咻咻咻地喷出好烫的东西……！\n剩下的精子，啊啊，流、流出来了……！」%K%P
「はぁはぁ、そんなことされたら、あぁん……！\n　もっと欲しく、なっちゃう……」%K%P
「呼、呼，你这样对我，啊啊……！\n　我就会想要更多……」%K%P
「ただでさえ、ふぁ、あぁん。私のおまんこ、\n　大好きな人の子種、欲しがっちゃってるのにっ……」%K%P
「我最喜欢的人的精液，我的小穴明明已经渴望到不行了……」%K%P
ピストンの勢いが、んん、どんどん増してきて……！\nじゅわわわって膣内に愛液が溢れてきてるのわかる……！%K%P
活塞运动的幅度越来越大……！\n我能感觉到小穴内溢出爱液……！%K%P
「あっ、あぁあんっ……！　ダ、ダメ、あぁ、\n　やっぱり、ふぁ、我慢できない……」%K%P
「啊、啊啊啊嗯……！不、不行、啊啊、果然、呼啊、忍不住了……」%K%P
「自分が気持ち良くなっちゃおうと、\n　あっ、あっ、しちゃって……！」%K%P
「我沉浸在快感中 \n 啊、啊，要去了」%K%P
「今日は、あぁ、してあげたいのに……！\n　私が、あっ、はぁ、気持ち良く――んんっ！」%K%P
「今天、啊啊、明明想侍奉你……！\n我、啊、哈啊、好舒服」%K%P
あくまで奉仕に徹したいのか、\n自分が快感を貪ろうとすることに抵抗があるみたいだ。%K%P
她似乎不想让自己享受快感，只想一心一意侍奉我。%K%P
でも、僕だって――%K%P
但是，我也——%K%P
「――ひぃぁあああんっっ！！？」%K%P
「——咿啊啊啊啊啊！！？」%K%P
不意打ち気味に彼女の身体を突き上げると、\n清佳ちゃんは軽く絶頂したように大声で喘いだ。%K%P
我出其不意地挺起身体，清佳像是轻微高潮般大声喘息。%K%P
「あぁあんっ、あっ、はぁんっ……！！\n　ダ、ダメっ、あぁ、今日は、あぁ、私が……！！」%K%P
「啊啊啊嗯、啊、哈啊嗯……！！\n　不、不行、啊啊、今天、啊啊、我……！！」%K%P
「ふぁぁっっ、お、おっぱいまで、あぁんっ……！！\n　気持ちいっ、ふぁぁ、でもダメっ……！！」%K%P
「呼啊啊、连、连胸部都、啊啊嗯……！！\n好舒服、呼啊啊、但是不行……！！」%K%P
「ごめん、はぁはぁっ、僕の方が我慢できなくて……！」%K%P
「抱歉，呼呼，是我忍不住了……！」%K%P
目の前で揺れていたおっぱいを鷲掴みにしながら、\nビショ濡れのおまんこを突き上げていく。%K%P
我一把抓住眼前晃动的乳房，同时挺腰顶向她湿透的蜜穴。%K%P
我慢できないのは本当だった。%K%P
我确实无法忍耐。%K%P
最初は清佳ちゃんにも気持ち良くなって欲しいと\n思って動いたけど、一度突き上げ始めたらもう……！%K%P
一开始我是为了让她舒服才这么做的，可是一旦开始抽插，我就……！%K%P
「あぁんっ、ふぁっ、はぁぁんっっ……！！\n　イっちゃっ、あああっ、イ、イくっ……！！」%K%P
「啊啊嗯、呼啊、哈啊啊嗯……！！\n要去了、啊啊啊、要、要去了……！！」%K%P
「ま、また私ばっかり、ふぁあっ、\n　気持ち良くしてもらっちゃって……！　あ、あぁんっ」%K%P
「又、又是我一个人，呼啊啊，\n　这么舒服……！啊、啊啊嗯！」%K%P
「違うよっ、はぁはぁっ……！　清佳ちゃんのおまんこが\n　気持ち良すぎるから僕も止められなくて……！」%K%P
「不是啦，哈啊哈啊……！因为清佳的小穴太舒服了，我也停不下来……！」%K%P
「ホ、ホントっ？　だったら嬉、しいっ……！！」%K%P
「真、真的吗？那我好高兴……！！」%K%P
「なら好きなだけっ、あっ、あっ、あっ……！！\n　好きなだけ突いてっ……！！」%K%P
「那就尽情地、啊、啊、啊……！！\n尽情地插进来吧……！！」%K%P
「私のおまんこっ、あぁんっ、いっぱい突いてっ……！\n　おっぱいも、あっ、はぁんっ、揉んでっ……！！」%K%P
「我的小穴，啊啊嗯，用力地插进来……！\n还有胸部，啊，哈啊嗯，用力地揉……！！」%K%P
「清佳ちゃんもっ、ふぁっ、好きに動いてっ……！！\n　僕ので、んぁ、気持ち良くなって欲しいっ……！！」%K%P
「清佳，你、你也可以尽情地动……！！\n我希望你、嗯啊，能用我的肉棒舒服起来……！！」%K%P
「う、うんっ――あぁぁあああんっ……！！」%K%P
「唔、嗯——啊啊啊啊啊啊嗯……！！」%K%P
清佳ちゃんが体勢を整えて、\nヌッチャヌッチャと激しく腰を振り始める。%K%P
清佳调整好姿势，开始激烈地扭动腰部。%K%P
ブルンブルンと揺れるおっぱいを揉み回しながら、\n僕も彼女の動きに合わせて突き上げていく。%K%P
我揉着她那对摇来晃去的胸部，配合她的动作往上顶。%K%P
「ふぁあああっ、気持ちいいっ……！！\n　あぁっ、イくっ、んぁっ、あぁぁああっっ……！！」%K%P
「呼啊啊啊啊、好舒服……！！\n啊啊、去了、嗯啊、啊啊啊啊啊……！！」%K%P
「赤ちゃんの部屋がっ、あっ、ふぁっ、\n　ずんずん押し上げられてっ、あふぁ！　あぁあ！！」%K%P
「小宝宝的房间，啊、呼啊，被用力推上来，啊呼啊！啊啊啊！！」%K%P
「僕も気持ちいいっ……！！\n　清佳ちゃんのおまんこ、ドロドロ過ぎてっ……！！」%K%P
「我也好舒服……！！\n清佳的小穴实在太湿了……！！」%K%P
おちんちんが熱いっ……！！\nグチュグチュの肉感に身体が火照るっ……！！%K%P
小鸡鸡好烫……！！\n咕啾咕啾的肉感让身体发烫……！！%K%P
裸で、しかも外でエッチしてるのもあって、\nまるで露天風呂にでも入ってるみたいだ……！%K%P
因为是裸体，而且还是在户外做爱，所以感觉就像是在露天温泉一样……！%K%P
清佳ちゃんのおまんこに、んぁ……！！\n湯あたりさせられてしまうほど気持ちいい……！！%K%P
清佳的小穴，嗯啊……！！\n舒服得让我都快泡晕了……！！%K%P
「お、お外で裸になってエッチするの、あぁん……！！\n　好きかもっ……！！」%K%P
「在、在外面脱光光做爱，啊啊……！！\n　我好像喜欢上这种感觉了……！！」%K%P
「いつも以上に、あっ、あっ、あなたの体温を、\n　あぁんっ、興奮を感じられてっ……！！」%K%P
「比平常更能感受到你的体温、啊啊、你的兴奋……！！」%K%P
「繋がってるのっ、ふぁっ、あぁあっ……！！\n　いつも以上に、あぁ、強く感じられてっ……！！」%K%P
「连在一起了，呼啊、啊啊啊……！！\n比平常更强烈的感觉……！！」%K%P
清佳ちゃんもまたのぼせそうな顔で腰を振り続けていた。\n淫蕩に染まった表情が、はぁはぁ、えっちい。%K%P
清佳也是一副快要高潮的表情，持续摆动着腰部。\n淫荡的表情，哈啊哈啊，好色。%K%P
射精、んんっ、したくなっちゃうっ……！！%K%P
射精，嗯嗯，忍不住了……！！%K%P
「んはぁぁあああんんっっ！！\n　あはぁっ、んぁっ、あっ、あっ、あっ、あああっっ！！」%K%P
「嗯哈啊啊啊啊啊嗯嗯！！\n　啊哈啊、嗯啊、啊、啊、啊、啊啊啊！！」%K%P
感情のままに思い切り突き上げると、\n清佳ちゃんはガクガクと僕の身体の上で痙攣した。%K%P
我任凭冲动，一口气挺起腰杆，清佳在我身上不断颤抖。%K%P
「そ、それっ、ああああっっ！！\n　ダメっ、あああっ、気持ち良すぎるっ……！！」%K%P
「那、那个，啊啊啊啊！！\n不行，啊啊啊，太舒服了……！！」%K%P
「突き上げられた時にっ、ふぁあああっ、イって……！！\n　おちんちんに落ちていった時に、んぁっ、またイってっ」%K%P
「被顶上来的时候，呼啊啊啊啊，高潮……！！\n被肉棒插进来的时候，嗯啊，又要高潮了」%K%P
「あっ、あっ、あっ、あっ……！！\n　気持ちいいのっ、ああぁ、とまんないっ……！！\n　ずっと、ふぁああっ、ずっとイっちゃうっっ……！！」%K%P
「啊、啊、啊、啊……！！\n好舒服、啊啊啊、停不下来……！！\n一直、呼啊啊啊、一直高潮……！！」%K%P
「いつも、はぁはぁっ、ずっとイっちゃうって\n　言ってくれるよねっ……！！」%K%P
「你总是、呼呼、一直说要高潮了……！！」%K%P
「だ、だって、あああっ、本当だもんっ……！！\n　毎回っ、あっ、ああぁっ、ずっとイっちゃ……！！」%K%P
「因、因为、啊啊啊、是真的嘛……！！\n每次、啊、啊啊啊、一直高潮……！！」%K%P
「あなたのおちんちん、ふぁああっ、\n　いつも気持ち良すぎてっ、あっ、あっ……！！\n　どの体勢でも、ああああっ、頭トロけちゃって……！！」%K%P
「你的大鸡鸡、呼啊啊啊、总是太舒服了、啊、啊……！！\n不管是什么体位、啊啊啊啊、都让人脑袋一片空白……！！」%K%P
「でも今日は特に――ふぁあああっっ！！\n　特にすごいっ……！！」%K%P
「不过今天特别——呼啊啊啊啊！！\n　特别厉害……！！」%K%P
「ズンって来た後にっ、ひあぁあっ……！！\n　ググって来てっ、あぁ、それが――んぁああっっ！！」%K%P
「在一阵冲击之后，呀啊啊啊……！！\n它又用力地顶进来，啊啊，那个——嗯啊啊啊！！」%K%P
清佳ちゃんが激しく身体を弾ませる。\n浮き上がった分だけずっぽりと腰を落としてくる。%K%P
清佳激烈地弹动身体，将腰部往下沉，以抵消浮起的力道。%K%P
子宮がおちんちんにギュムムムと\n体重をかけてくる感触が――僕も気持ちいいっ……！！%K%P
子宫紧紧缠住肉棒的触感——让我也感到很舒服……！！%K%P
「あっ、あっ、あっ、あっ！！\n　もうダメっ、あああっ、イくっ、またイくぅっっ！！」%K%P
「啊、啊、啊、啊！！\n不行了、啊啊啊、去了、又要去了！！」%K%P
「僕もっ、はぁはぁっ、イくっ、んんんっっ！！」%K%P
「我也要、哈啊哈啊、射了、嗯嗯嗯！！」%K%P
二人して込み上がってくる絶頂の快感に喘ぐ。\nけれど二人揃って限界まで耐えようとする。%K%P
两人因为高涨的快感而喘息，但都努力忍耐着。%K%P
今この瞬間が一番好きだった。%K%P
我最喜欢的就是现在这个瞬间。%K%P
この二人でオーガニズムに昇っていってる時が、\n一番彼女と繋がっている心地がして――%K%P
两人一起升上天堂的时候，最能感受到与她联系在一起的感觉——%K%P
「あっ、あっ、好きっ、んぁあっ、大好きっ……！！」%K%P
「啊、啊、喜欢、嗯啊啊、最喜欢了……！！」%K%P
「愛してるっ、愛してるっ、愛してるっっ……！！！」%K%P
「我爱你、我爱你、我爱你……！！！」%K%P
「僕もっ、はぁはぁっ、愛してるっ、大好きだ……！！」%K%P
「我也……呼呼……爱你！我最喜欢你了……！」%K%P
剥き出しの心から愛が溢れて言葉を紡ぐ。\n快感以上の幸福感が僕たちを火照らせていく。%K%P
我从赤裸裸的内心中，满溢着爱意说出这句话。\n超越快感的幸福感，让我们浑身发烫。%K%P
「くはぁぁっっ、清佳ちゃんのおまんこっ……！！\n　はぁはぁ、今にもイきそうなくらいうねって……！！」%K%P
「咕哈啊啊！清佳的小穴……！！\n　哈啊哈啊，好像随时要高潮了……！！」%K%P
「あなたのおちんちんもっ、あっ、あっ……！！\n　ブルブルしてるっ、ふぁあっ、精子きてるっ……！！」%K%P
「你的大鸡鸡也是，啊、啊……！！\n在抖动着，呼啊啊，有精子流出来了……！！」%K%P
お互いがお互いの子種を求めているのがわかる。\nそれがとてつもなく幸せで、嬉しくて、胸が熱くなって。%K%P
我明白我们彼此都渴望对方的种子。\n这让我感到无比幸福、开心，胸口发热。%K%P
「あっ、あっ、あっ、あっ、出してっ……！！\n　あなたの子種っ、あぁ、受け止めさせてっ」%K%P
「啊、啊、啊、啊、射出来……！！\n让我怀上你的孩子、啊啊、让我怀上吧」%K%P
「待ってるのっ、あっ、はぁんっ……！！\n　私の子種がっ、ふぁ、あなたの待ってるのっ……！！」%K%P
「我等着你，啊，哈啊……！！\n我的孩子，呼啊，等着你……！！」%K%P
「あなたの精子と、あぁあんっ、セックスしたいってっ。\n　私たちみたいに愛し合いたいって、あっ、あっ……！！\n　ズブ濡れにしながら待ってるからっっ……！！」%K%P
「我想和你的精子，啊啊啊嗯，做爱。\n我想和你像我们一样相爱，啊、啊……！！\n我会全身湿透地等着你……！！」%K%P
僕の精子も同じだ……！\n清佳ちゃんの卵子とセックスしたくて漲ってる……！！%K%P
我的精子也一样……！\n因为想和清佳的卵子做爱，而涨得满满的……！！%K%P
大好きな人を孕ませたいってっ……！\n愛の結晶を作りたいって滾ってっ……！！%K%P
想让心爱的人怀孕……！\n想制造爱的结晶，热血沸腾……！！%K%P
「出すよっ、はぁっ、はぁっ、このまま出すから……！！」%K%P
「要射了，呼，呼，我要直接射了……！！」%K%P
「孕んで欲しいっ……！！　清佳ちゃんにっ……！！\n　僕との子をっ、はぁ、はぁ、作って欲しいっ……！！」%K%P
「我想要你怀孕……！！清佳……！！\n我想要你、呼、呼、和我生孩子……！！」%K%P
「私も欲しいっ、あぁんっ、ああっ……！！\n　あなたの子供産みたいっ、孕みたいっっ……！！」%K%P
「我也想要！啊啊！啊啊……！！\n我想生你的孩子！想怀孕……！！」%K%P
「心も身体もっ、おまんこもっ……！！\n　ふぁああっ、ずっとそう叫んでるのっ……！！」%K%P
「我的心、我的身体、还有小穴……！！\n　呼啊啊啊，一直都在这么叫着……！！」%K%P
清佳ちゃんのおまんこがめちゃくちゃに締まる。\n僕の子種が欲しいと抱きついてきてくれる……！%K%P
清佳的蜜壶紧紧地夹住我的分身。\n她抱着我，渴望我的精子……！%K%P
「出してっ、あぁっ、ふぁぁあっっ……！！\n　私のおまんこっ、いっぱいにしてっ……！！」%K%P
「射出来、啊啊、呼啊啊啊……！！\n把我的小穴、射满……！！」%K%P
「濡らしてっ、あっ、あっ、待ってるからっ……！！\n　赤ちゃんの部屋でっ、あぁ、待ってるからっ……！！」%K%P
「我等着你弄湿我，啊、啊，等着你……！！\n在小宝宝的房间里，啊啊，等着你……！！」%K%P
「あなたの精子とセックスしたいってっ……！！\n　あああっ、愛し合いたいってっ……！！」%K%P
「我想和你的精子做爱……！！\n　啊啊啊，我想和你相爱……！！」%K%P
「私の卵子がっ、あぁあんっ、スケベな卵子がっ……！！\n　あなたの精子っ、あっ、あっ、待ってるからっ……！！」%K%P
「我的卵子、啊啊啊嗯、色色的卵子……！！\n　你的精子、啊、啊、我等着你……！！」%K%P
清佳ちゃんの身体が今までになく震える。\n子宮がものすごく降りてきてるのがわかる……！%K%P
清佳的身体颤抖得前所未见。\n我知道子宫已经降得非常低了……！%K%P
「ふぁあああっっ、イくっ、あああっ、イくぅっっ！！」%K%P
「呼啊啊啊啊、去了、啊啊啊、去了！！」%K%P
「たくさん注いでっ、ビュービューしてぇっっ……！！」%K%P
「多倒一点，咻咻地灌进来……！！」%K%P
「私の卵子にもっ、ああああっっ！！\n　あなたの精子と、精子とっっ……！！」%K%P
「我的卵子也要！啊啊啊啊！\n和你的精子、精子……！！」%K%P
「ラブラブセックスさせてあげてぇぇっっ～～！！」%K%P
「让她和你恩爱地做爱吧～～！！」%K%P
そして清佳ちゃんがめいっぱい腰を落としてきた瞬間――%K%P
然后，就在清佳将腰压低到极限的瞬间——%K%P
「あっ――あぁあああああああああああっっ～～！！！\n　ふぁああっ、あはぁっ、あぁぁああああっっ～～！！！」%K%P
「啊——啊啊啊啊啊啊啊啊啊啊啊啊啊～～！！！\n呼啊啊啊、啊哈啊、啊啊啊啊啊啊啊啊～～！！！」%K%P
ドビュルルルルルルルルル――！！！！\nと、彼女の赤ちゃんの部屋へ精を注ぎ込む。%K%P
咕嘟嘟嘟嘟嘟嘟嘟嘟嘟嘟嘟——！！！！\n我将精华注入了她的子宫。%K%P
いいや、搾り取られる……！！\n亀頭が子宮口に咥えられて、ゴクゴク飲まれて……！！%K%P
不，是被榨干了……！！\n龟头被子宫口含住，咕嘟咕嘟地被喝干了……！！%K%P
「あっ、あぁあああっっ～～♪♪♪\n　わ、わかるっ、いまエッチしてるのわかるっ……♪」%K%P
「啊、啊啊啊啊啊～～♪♪♪\n我、我知道，我知道你们正在做爱……♪」%K%P
「あなたの子種と私の子種が愛し合ってるっ……！！\n　イチャイチャしながらラブラブセックスしてるっ……！」%K%P
「你的种和我的种在相亲相爱……！！\n一边卿卿我我一边恩恩爱爱地做爱……！」%K%P
「え、えへへっ……！！　幸せぇっ……！！」%K%P
「欸、欸嘿嘿……！！好幸福……！！」%K%P
絶頂に悶えながら清佳ちゃんが\n幸せそうな笑みを浮かべてくれる。%K%P
清佳在高潮中挣扎，脸上浮现幸福的笑容。%K%P
きっと僕も同じような顔をしているんだろう。%K%P
我一定也露出了同样的表情吧。%K%P
「んはぁ、はぁ、はぁ、はぁ……。\n　絶対子供、はぁはぁ、できちゃった……♪」%K%P
「嗯哈啊、哈啊、哈啊、哈啊……\n我们绝对、哈啊哈啊、有了孩子……♪」%K%P
「赤ちゃんの部屋の中で、んはぁ……。\n　チュッチュしてるのわかる……。\n　えへへ、膣内でラブラブしてる……」%K%P
「我知道你们在婴儿房里，嗯哈啊……\n　在亲热……\n　欸嘿嘿，你们在小穴里恩恩爱爱……」%K%P
「そうだね、はぁはぁ、イチャイチャしてるや……」%K%P
「是啊，呼呼，卿卿我我……」%K%P
清佳ちゃんのお腹の中が\nビクビクと震えているのがわかる。%K%P
清佳的肚子在颤抖。%K%P
きっと今、僕の精子が彼女の卵子を\nずんずん突き上げているんだろう。%K%P
现在，我的精子一定正在猛烈地撞击她的卵子吧。%K%P
「本当に幸せ……。こうしてあなたと\n　心の底から愛し合えてることが……」%K%P
「我真的很幸福……能够像这样打从心底爱着你……」%K%P
「大好きよ……？　世界で一番愛してる……」%K%P
「我最喜欢你了……？你是世界上我最爱的人……」%K%P
「僕も愛してるよ。大好き……」%K%P
「我也爱你哦。最喜欢你了……」%K%P
言葉で確かめ合う必要もないけれど、\nそれでも口に出して愛を告げたくなる。%K%P
虽然没有必要用言语互相确认，但还是想亲口说出爱意。%K%P
きっと清佳ちゃんもそうなんだろう。%K%P
清佳一定也是这样吧。%K%P
「えへへ……。やっぱり明日の優勝は私たちで決まりね」%K%P
「欸嘿嘿……明天的优胜果然非我们莫属。」%K%P
「だってこんなにも愛し合っているんだもん。\n　仕事で来てるモデルなんかに負けないわ」%K%P
「因为我们这么相爱。\n才不会输给来工作的模特儿呢。」%K%P
「ふふ、うんっ。そうだね」%K%P
「呵呵，嗯！说得也是。」%K%P
明日はこの幸せをめいっぱい曝け出そう。%K%P
明天就尽情地展现这份幸福吧。%K%P
見ている人たちが嫉妬しちゃうくらい、\n僕たちのラブラブっぷりを見せつけてあげたい。%K%P
我想让其他人看看我们恩爱的模样，让他们嫉妒。%K%P
でも、その前に――%K%P
不过，在那之前——%K%P
「それより、ねぇ……もう一回しよ？\n　私、まだ全然し足りなくて……」%K%P
「比起那个……我们再来一次吧？\n我还没满足……」%K%P
「うん。僕もそう言おうと思ってた」%K%P
「嗯，我也是这么想的。」%K%P
「えへへ……。なら今度こそ、\n　私が気持ち良くしてあげる……」%K%P
「欸嘿嘿……那么这次，就让我来让你舒服吧……」%K%P
「あなたは、ん、はぁ……。じっとしてて、ね？」%K%P
「你……嗯、哈啊……不要乱动哦？」%K%P
清佳ちゃんが再び身体を浮き上がらせようとしてくれる。%K%P
清佳再次试图让身体浮起来。%K%P
今度は言われたとおり、じっとしておこう。%K%P
这次就乖乖照她的话，不要乱动吧。%K%P
そしてその後、僕もたっぷり彼女を愛してあげたい。%K%P
然后，我也想尽情地疼爱她。%K%P
