「すっかり暗くなっちゃったわね」%K%P
「天色完全暗下来了呢。」%K%P
「うん」%K%P
「嗯。」%K%P
日が沈むまで愛し合った後、\n僕たちは裸のまま寄り添っていた。%K%P
在夕阳西下之前，我们尽情地相爱，然后赤裸裸地依偎在一起。%K%P
素肌と素肌を、心と心を触れ合わせて、\n少しでも長くお互いの体温を感じ続けたかったから。%K%P
因为想让彼此的肌肤与心灵，尽可能长时间地互相接触。%K%P
そうしてゆったりと心地よい時間を過ごしていると、\n清佳ちゃんが不意に尋ねてきた。%K%P
当我们正悠闲地享受着舒适时光时，清佳突然开口问道：%K%P
「ね、明日の結婚式どうしよっか？」%K%P
「欸，明天的结婚典礼要怎么办？」%K%P
「どうするって何が？」%K%P
「什么怎么办？」%K%P
「もちろん演出よ、演出！」%K%P
「当然是演出效果啦，演出效果！」%K%P
ふふんと子供のようにはにかんで、\n清佳ちゃんが得意げに人差し指を立てる。%K%P
清佳像个孩子般腼腆地笑着，得意地竖起食指。%K%P
「如何に私たちがラブラブでも\n　伝わらなければ意味がないわっ」%K%P
「不管我们再怎么恩爱\n　无法传达出去就没有意义了！」%K%P
「何か盛大に、こう……！\n　パーっと他の組より目立つことをしないと！」%K%P
「我们得比其他组更盛大……！\n得比其他组更引人注目才行！」%K%P
「め、目立つことって」%K%P
「显、显眼？」%K%P
「例えば……そうね」%K%P
「例如……我想想。」%K%P
「遊園地内のチャペルだから、\n　ジェットコースターで入場してくるとか！」%K%P
「因为是游乐园内的教堂，所以……\n　搭云霄飞车进场！」%K%P
「レールが敷かれてないよ。もしできたとしても\n　髪がクシャクシャになっちゃうってば」%K%P
「没有铁轨啦。就算有，头发也会变得乱七八糟。」%K%P
「それもそうね……。\n　あ、ならこういうのはどうかしらっ？」%K%P
「说得也是……\n啊，那这样如何？」%K%P
「私が許嫁の男と無理やり結婚させられてる想定でね？\n　男に誓いのキスをされそうになった瞬間、\n　あなたが『その結婚待った！』って現れて――」%K%P
「假设我被逼着和未婚夫结婚，然后在快要和男人接吻的瞬间，你突然出现，说『先别结婚！』——」%K%P
「ドラマの見過ぎだってば。\n　たとえ嘘でも清佳ちゃんが他の男の人と\n　結婚しようとしてる姿なんて見たくないし」%K%P
「你电视剧看太多了啦。\n就算是假的，我也不想看到清佳和其他男人结婚的样子。」%K%P
「……私も言ってて吐きそうになったわ。\n　というか、もしそんなことになっても\n　私なら自分でその男を押しのけちゃいそう」%K%P
「……我讲着讲着也觉得好想吐。\n应该说，就算真的发生那种事，\n我应该也会自己推开那个男人。」%K%P
「あ、そうだ！　ミュージカル結婚式なんてどう？\n　今からでも劇団を雇って私たちの式を\n　歌と踊りで盛り上げてもらえば――」%K%P
「啊，对了！办音乐剧婚礼如何？\n现在雇用剧团来主持我们的婚礼\n用歌舞炒热气氛的话——」%K%P
「お金かけすぎだから！？\n　頑張る方向が明後日を向いちゃってるよっ」%K%P
「花太多钱了吧！\n　努力的方向根本错得离谱！」%K%P
「うっ。そ、そうね。私としたことがついクセで。\n　お金持ちだと思われるのが嫌だって嘆いてたクセに」%K%P
「唔！对、对哦。我竟然不小心就犯了老毛病。\n明明才刚说过，我讨厌被当成有钱人。」%K%P
「でも、そうなると……うーん」%K%P
「不过，这么一来……嗯——」%K%P
ああでもない、こうでもないと清佳ちゃんが悩む。%K%P
清佳烦恼着「这样也不对，那样也不对」。%K%P
でも良かった。\n本当に元気が戻ったみたいだ。%K%P
不过，真是太好了。\n她似乎真的恢复精神了。%K%P
やっぱり清佳ちゃんには笑顔が似合う。%K%P
果然清佳还是适合笑容。%K%P
「もう。何をボーッとしてるの？\n　あなたも考えなさいよ。私たちの結婚式なんだから」%K%P
「真是的，你在发什么呆啊？\n你也想想吧，这可是我们的婚礼耶。」%K%P
「ふふ、うん。そうだね」%K%P
「呵呵，嗯。是啊。」%K%P
「む。なんだかあなたに笑われると癪だわ。\n　蛍ならともかく」%K%P
「唔，总觉得被你笑很不爽。\n如果是小萤的话就另当别论。」%K%P
「あはは……。そこはやっぱり違うんだ……」%K%P
「啊哈哈……这样不对吧……」%K%P
きっと清佳ちゃんとの結婚生活は\n僕が尻に敷かれちゃうんだろうな。%K%P
和清佳的婚姻生活，我一定会被她吃得死死的吧。%K%P
でも、それもいいかもしれない。%K%P
不过，这样或许也不错。%K%P
昨日までの僕なら格好悪く思ったかもしれないけれど、\n今の僕なら受け入れられる。%K%P
如果是昨天以前的我，或许会觉得这样很逊，但现在的我能够接受。%K%P
だって――%K%P
因为——%K%P
「っっ。さ、流石に冷えてきたわね……」%K%P
「……真的开始冷了呢……」%K%P
「あ。大丈夫？　もう少しくっつこうか？」%K%P
「啊，你还好吧？要不要再靠紧一点？」%K%P
「ありがとう。……ん、あったかい」%K%P
「谢谢……嗯，好温暖。」%K%P
こんなちょっとしたことでも\n清佳ちゃんは喜んでくれる。%K%P
即使只是这种小事，\n清佳也会感到开心。%K%P
格好付けなくても、\nそのままの僕を愛してくれている。%K%P
就算我不装模作样，她也愿意爱原本的我。%K%P
だからこそもう自分の在り方に、\n悩むことも、迷うこともない。%K%P
所以我对自己的存在方式，既不烦恼也不迷惘。%K%P
「さ、早く着替えちゃおう？\n　風邪を引いたら大変だし」%K%P
「来，快点换衣服吧？\n要是感冒就糟糕了。」%K%P
「そうね。もう少し、ふふ、抱きしめて\n　もらっていたい気持ちもあるけど」%K%P
「是啊。虽然我也有点想再被多抱一下。呵呵。」%K%P
そうして脱ぎ捨てた服を拾い上げて着替え始める。%K%P
然后捡起脱掉的衣服，开始换上。%K%P
にしても結婚式の演出かぁ。\n確かに何か考えた方がいいのかも――%K%P
话说回来，婚礼的演出啊。\n确实应该想点什么——%K%P
「――わっ」%K%P
「——哇！」%K%P
服を持ち上げた拍子に何かがボトボトと地面に落ちた。%K%P
衣服被我掀起，有东西跟着掉到地上。%K%P
清佳ちゃんのポーチだ。脱いだ時に紛れ込んだのかも。\n口が開いたのか中身も一緒にぶちまけてしまったみたい。%K%P
是清佳的小化妆包。可能是脱衣服时混进去的。\n化妆包的开口似乎打开了，里面的东西也跟着掉出来。%K%P
「どうしたの？　って、それ――」%K%P
「怎么了？咦，那是——」%K%P
「――ご、ごめん、すぐに拾うね？」%K%P
「——抱、抱歉，我马上捡起来哦？」%K%P
「あっ。ちょ、ちょっと待って――」%K%P
「啊！等、等一下——」%K%P
小さな木箱だった。%K%P
那是一个小小的木箱。%K%P
落とした時に蓋がズレてしまったのか、\n中に入っている物が見え隠れてしている。%K%P
可能是掉下来的时候盖子歪掉了吧，里面的东西若隐若现。%K%P
これって――……%K%P
这是——……%K%P
「花の、冠……？」%K%P
「花冠……？」%K%P
眼下に咲いている瑞々しい花々とは違う、\n乾ききった花々で作られた花の冠。%K%P
与在下方盛开的鲜艳花朵不同，那是用枯萎花朵制成的花冠。%K%P
いいや。大切に保管してあったからこそ、\n水分がすっかり抜けて乾ききっているんだろう。%K%P
不对，正因为一直好好保管着，所以水分才会完全被抽干吧。%K%P
触れてしまえば崩れてしまいそうなほど脆そうなのに、\n冠を形作る花々は綺麗な花弁を備えたままだった。%K%P
明明脆弱到仿佛一碰就会碎裂，构成王冠的花朵却依然拥有美丽的花瓣。%K%P
「もしかして、これって――」%K%P
「难道说，这是——」%K%P
「～～っっ」%K%P
「～～！」%K%P
視線を清佳ちゃんへ移すと、\n彼女は恥ずかしそうにモジモジと視線を泳がせていた。%K%P
我将视线移向清佳，她害羞地扭动身体，视线游移不定。%K%P
その顔を見てピンと来る。%K%P
看到她的脸，我突然灵光一闪。%K%P
「やっぱり……あの時の？」%K%P
「你果然……是那时候的？」%K%P
「……う、うん。たぶん、あなたの想像通りよ……」%K%P
「……嗯、嗯。大概，就如你所想的……」%K%P
「あの日……蛍が初めて私をここへ\n　連れてきてくれた時に作ってくれた……」%K%P
「那天……萤第一次带我来这里时……」%K%P
「私たちの、友情の証」%K%P
「这是我们友情的证明。」%K%P
「ずっと……持っててくれたんだ？」%K%P
「你一直……都带在身上吗？」%K%P
「だ、だって、その……。私にとっては\n　お友達からの初プレゼントだったから」%K%P
「因、因为，那个……\n　那是我第一次收到朋友送的礼物。」%K%P
「それにお守りみたいなもの、というか。\n　蛍と会えなかった時はこれを見て、蛍を思い出して。\n　だからいつでも鞄に入れて持ち歩いてて……」%K%P
「而且，这东西就像是护身符一样，应该说……\n　见不到萤的时候，只要看着这个，我就会想起萤。\n　所以，我总是把它放在包包里随身携带……」%K%P
「そう、なんだ」%K%P
「这样啊。」%K%P
「あ――た、他意はないのよ！？\n　別に蛍の方が大切だとかそういう意味じゃなくて……！」%K%P
「啊——我、我没有别的意思哦！？\n并不是说萤比较重要之类的……！」%K%P
清佳ちゃんが大慌てで誤魔化す。%K%P
清佳慌张地试图蒙混过去。%K%P
蛍との思い出を大切にしていることに\n僕がショックを受けているとでも思ったのかな。%K%P
她以为我很珍惜和萤之间的回忆，所以才大受打击吗？%K%P
「嬉しい……。こんなの、ずっと持っててくれたんだ？」%K%P
「好高兴……原来你一直把这东西带在身上？」%K%P
「『こんなの』じゃないってば……！\n　私にとっては本当に大切なものなの……！」%K%P
「才不是『这种东西』……！\n　对我来说，这真的很重要……！」%K%P
「それに、その花の冠には\n　たくさんの約束が――」%K%P
「而且，那花冠里有着许许多多的约定——」%K%P
と言いかけて、清佳ちゃんが照れた様子で口ごもる。%K%P
话说到一半，清佳害羞地闭上嘴巴。%K%P
約束。約束か……。%K%P
约定。约定啊……%K%P
「ゆーびきりげーんまん、\n　うそついたら、はりせーんぼんのーますっ」%K%P
「约好了哦，说谎的话，要吃一千根针！」%K%P
「えへへ、約束よ、蛍？\n　絶対のぜーったいにまた会いにきてねっ？」%K%P
「欸嘿嘿，约好了哦，小萤？\n绝对绝对要再来见我哦？」%K%P
「うんっ、必ずここへ戻ってくるっ。\n　清佳ちゃんに会いに、戻ってくるからっ」%K%P
「嗯，我一定会回来的！\n为了见清佳，我一定会回来的！」%K%P
「ゆーびきったっ！」%K%P
「约好了！」%K%P
「ふふ。あまりにも帰ってくるのが遅かったら\n　私から会いに行っちゃうから」%K%P
「呵呵，要是你太晚回来，我可是会去找你的哦。」%K%P
「だから絶対にまた――ひっくっ……！\n　嘘ついたら、ひっく、針千本なんだからねっ……！」%K%P
「所以你绝对不可以——呜呜……！\n　要是敢说谎，呜呜，我就让你吃一千根……！」%K%P
「っっ。うんっ……！」%K%P
「唔唔。嗯……！」%K%P
「約束よっ？　約束だからねっ……？」%K%P
「约好了哦？约好了哦……？」%K%P
「うんっ…………！」%K%P
「嗯…………！」%K%P
「戻ってきたら、えへへっ……！\n　絶対に結婚しようねっ？」%K%P
「等你回来，欸嘿嘿……！\n　我们一定要结婚哦？」%K%P
「うんっ…………！！」%K%P
「嗯…………！！」%K%P
そうだ。そうだった。\n僕は小さい頃に清佳ちゃんと結婚の約束をして。%K%P
对了，没错。\n我小时候和清佳约定要结婚。%K%P
再会した後も、一度は思い出していたじゃないか。\n清佳ちゃんとケンカして、仲直りをしたその時に。%K%P
重逢之后，不是曾经想起过一次吗？\n和清佳吵架，然后和好的时候。%K%P
「……まさか、また忘れてたの？\n　いいえ、まさかよね？」%K%P
「……难道你又忘记了？\n　不，应该不会吧？」%K%P
「あ、えと……」%K%P
「啊，呃……」%K%P
「……今度こそ針千本飲ませようかしら」%K%P
「……这次一定要让你吃一千根针。」%K%P
「あ、あの頃は蛍に向けられた\n　言葉でしかないって思ってたから……！」%K%P
「因、因为那时候，我以为那只是对萤说的话……！」%K%P
「ふーん。私、あの日もう一度作ってくれた冠も、\n　枯らさないように大切にしてるくらいなんだけど」%K%P
「哦～可是，我连那天你为我做的花冠，都小心翼翼地保存着，不让它枯萎呢。」%K%P
「も、もちろん僕もそうしてるよ？」%K%P
「我、我当然也有保存哦。」%K%P
不満そうに清佳ちゃんが口を尖らせる。%K%P
清佳不满地嘟起嘴。%K%P
ちょっぴり拗ねさせちゃったかも。\nけど怒った顔も可愛い。%K%P
我好像让她有点闹别扭了。\n不过生气的表情也很可爱。%K%P
「それにしても清佳ちゃんも\n　大切に持っていてくれたなんて……」%K%P
「话说回来，清佳竟然也一直珍惜地带着它……」%K%P
「え？　清佳ちゃん『も』？」%K%P
「咦？清佳『也』？」%K%P
「あっ……！　ううん、なんでもない」%K%P
「啊……！不，没什么。」%K%P
「そう……？」%K%P
「是吗……？」%K%P
漏らしかけた言葉を飲み込む。%K%P
我吞下差点脱口而出的话语。%K%P
そうだ。あるじゃないか。\n僕たちに相応しい結婚式が。演出が。%K%P
没错，我们不是有吗？\n适合我们的婚礼，以及演出。%K%P
でも、どうせなら秘密にしておきたい。%K%P
不过，既然要隐瞒，还是希望可以保密到最后。%K%P
今まで僕は彼女を悪い意味で驚かせてばかりだったから、\n一度くらい幸せなサプライズをしてあげたい。%K%P
至今为止，我总是以负面意义的惊喜吓到她，所以至少想给她一次幸福的惊喜。%K%P
「ふふ。明日は必ず優勝しようね？\n　僕たちのラブラブっぷりを見せつけてあげよう」%K%P
「呵呵，明天一定要拿冠军哦。\n让其他人看看我们恩爱的模样。」%K%P
「う、うん。どうしたの急にやる気出しちゃって……」%K%P
「嗯、嗯。怎么突然这么有干劲……」%K%P
「いいから。さ、帰ろう？\n　あんまり遅くなるとお姉ちゃんも愛さんも心配するし」%K%P
「别问了，我们回家吧？\n要是太晚回去，姐姐和爱小姐会担心的。」%K%P
「ええ……。でも……」%K%P
「是啊……可是……」%K%P
「うん？」%K%P
「嗯？」%K%P
「……ちゃんと着替えてからにしなさいね？」%K%P
「……要换好衣服再回去哦？」%K%P
――ハっ！？　そうだ、まだ着替えの途中だった！！%K%P
——啊！？对了，我衣服还没换完！！%K%P
