「んぁ……！　はぁ、はぁ……！\n　熱くて硬いの、んん、お尻に当たってる……！」%K%P
「嗯啊……！哈啊、哈啊……！\n　又热又硬的东西，嗯嗯，顶到屁股了……！」%K%P
「清佳ちゃんのおまんこも、はぁはぁ、\n　こんなにドロドロだったんだ。すごく熱い……」%K%P
「清佳的小穴，呼啊呼啊，也变得这么湿答答的。好烫哦……」%K%P
噴水の水を浴びて身体が冷えている分、\nお互いの性器の熱さが如実に感じられてしまう。%K%P
由于被喷水池的水淋湿，身体变得冰冷，所以更能如实感受到彼此性器的热度。%K%P
「本当に、はぁはぁ、いいのかな……。\n　こんな場所で、こんなことしちゃって……」%K%P
「真的、呼、呼……可以吗……\n在这种地方做这种事……」%K%P
「んっ、んふっ……！　そんなこと言って、\n　やる気満々におちんちんズリズリしてるじゃない……」%K%P
「嗯、嗯呼……！你嘴上这么说，却干劲十足地用嘴巴套弄着肉棒不是吗……」%K%P
「っっ。だって、したいんだもん……。\n　清佳ちゃんと、はぁはぁ、セックス……」%K%P
「唔唔，因为我想嘛……和清佳，呼呼，做爱……」%K%P
「私だってしたい……。あなたと、ふぁ、セックス……」%K%P
「我也想……和你，呼啊，做爱……」%K%P
急かすように二人して\nお互いの大切なところを擦りつけあう。%K%P
两人像是在催促对方一般，互相摩擦着彼此的重要部位。%K%P
そして――%K%P
然后——%K%P
「ふぁっ……！！　あっ、はぁぁぁあんんんっっ～～！！」%K%P
「呼啊……！！啊、哈啊啊啊啊嗯嗯嗯～～！！」%K%P
挿れただけで清佳ちゃんが\n軽く絶頂した様子でビクンビクンと痙攣する。%K%P
光是插入，清佳就轻轻高潮，身体不断痉挛。%K%P
僕もあまりの気持ちよさに身体が悶えた。%K%P
我也因为太过舒服而扭动身体。%K%P
「んぁ、んんっ……！　気持ちいい……！\n　おちんちんで身体の内側から火照らされて……！」%K%P
「嗯啊、嗯嗯……！好舒服……！\n　小鸡鸡从身体内侧点燃了火……！」%K%P
「清佳ちゃんのおまんこの方が、ふぁ……！\n　よっぽど熱いってば……！　汗だくになっちゃ……！」%K%P
「清佳的下面……！\n比我的还要热……！还流了好多汗……！」%K%P
「だって、んっ、んぁ、好きなんだもん……！\n　あなたと、ふぁ、セックスするの……！」%K%P
「因为，嗯、嗯啊，人家喜欢嘛……！\n人家想和你，呼啊，做爱嘛……！」%K%P
「特に蛍の格好してるあなたに\n　おちんちん挿れてもらうと、んはぁ……！」%K%P
「尤其是打扮成萤的你，把鸡鸡插进来的话，嗯哈啊……！」%K%P
「蛍とも、春樹くんとも、エッチしてる気がして……！\n　いつも以上に、んんっ、興奮しちゃって……！」%K%P
「感觉好像在跟萤，还有春树同学做爱……！\n比平常还要，嗯嗯，兴奋……！」%K%P
「そう言ってくれるの、んふっ、嬉しい……！\n　ちゃんと男の僕も意識してくれてて……！」%K%P
「听你这么说，嗯呼，我好开心……！\n你有把我当成男人看待……！」%K%P
「してるに決まってるじゃない……！\n　じゃなかったら、おちんちん大きくなってること、\n　すぐに気がつかないってば……！」%K%P
「当然有在看啊……！\n不然我怎么会马上发现鸡鸡变大了……！」%K%P
そうだ。あんなに早く勃起に気づいてくれたということは\n清佳ちゃんも僕のおちんちんばかり気にしていて――%K%P
对了。她那么快就发现我勃起了，就表示她也一直注意着我的老二——%K%P
「んふっ、んっ、んっ、んんっっ～～……！！\n　最初から激しっ……！」%K%P
「嗯呼、嗯、嗯、嗯嗯～～……！！\n从一开始就那么激烈……！」%K%P
「っっ。清佳ちゃんが想像以上にエッチで、\n　僕のこと大好きだってわかったから……！」%K%P
「因为我知道清佳比我想象中还要色，而且最喜欢我了……！」%K%P
「今更そんなことっ、んぁ、んんっ……！\n　いっつも大好きだって言ってるじゃない……！」%K%P
「事到如今还说这种话，嗯啊、嗯嗯……！我不是一直说最喜欢你了吗……！」%K%P
「うんっ……！！」%K%P
「嗯……！！」%K%P
彼女への愛おしさが狂おしいほど膨れあがって、\n最初から全力で腰を打ち出してしまう。%K%P
对她的爱意疯狂地膨胀，一开始就全力挺腰。%K%P
「んんっ……！　んふ、んっ、んふぅんっ……！\n　ホント激しっ、エッチな声出ちゃいそ……！！」%K%P
「嗯嗯……！嗯呼、嗯、嗯呼嗯……！\n　真的好激烈，我好像要发出色色的声音了……！！」%K%P
「出しちゃってもいいんだよっ？　よほど大きな声\n　出さなければ噴水にかき消されちゃうだろうし……！」%K%P
「要喊出来也没关系哦？只要别喊得太大声，应该会被喷水池的声音盖过去……！」%K%P
「ダ、ダメっ。一度出したら、んんんっっ……！！\n　きっと我慢できなくて喘ぎ散らかしちゃう……！！」%K%P
「不、不行。一旦射出来，嗯嗯嗯……！！\n我一定会忍不住发出呻吟的……！！」%K%P
「愛や千鶴さんにっ、んっ、んっ、んふぅんっ……！！\n　セックスしてるのバレちゃうもの……！」%K%P
「要是被爱和千鹤小姐，嗯、嗯、嗯呼嗯……！！\n　发现我们在做爱的话……！」%K%P
恥ずかしそうに唇を強く結んで喘ぎ声を噛み殺す\n清佳ちゃんの姿がえっちい……！%K%P
她害羞地紧闭双唇，忍住不发出喘息声。\n清佳的模样好煽情……！%K%P
でも、そうやって我慢されると――%K%P
但是，她越是这样忍耐——%K%P
「ん゛ふぅんんっっ～～！！　ん゛ふっ、ん゛んっ！！」%K%P
「嗯呼嗯嗯～～！！嗯呼、嗯嗯！！」%K%P
根元までグっとおちんちんを押し込んでグリグリした後、\nすぐさま激しく膣内を突き上げる。%K%P
我将整根肉棒用力插进小穴里，然后开始旋转。\n接着立刻激烈地抽插起来。%K%P
「ちょ、ちょっと……！　わざと、んぁ……！！\n　わざとしてるでしょっ……！！」%K%P
「等、等一下……！你是故意的，嗯啊……！！\n你是故意的吧……！！」%K%P
「声出させようとしてっ――ん゛んっ……！！\n　ダ、ダメっ、恥ずかしっ――んふぅんんっっ！！」%K%P
「想让你发出声音——嗯嗯……！！\n　不、不行，好害羞——嗯呼嗯嗯！！」%K%P
「喘ぐの我慢する清佳ちゃんが、はぁはぁ……！\n　エッチ過ぎるんだもんっ……！！」%K%P
「喘息的清佳，呼呼……！\n　太色了啦……！！」%K%P
「そんな姿見せられたら、\n　むしろ大声で喘がせたくなっちゃうってば……！」%K%P
「看到你这副模样，我反而更想让你大声喘气了……！」%K%P
「んふっ！　んんっ！　んっ、んっ、んんっ～～！！\n　あ、あまのじゃくなんだからぁ……！」%K%P
「嗯呼！嗯嗯！嗯、嗯、嗯嗯～～！！\n　你、你真是口是心非……！」%K%P
僕から言わせれば清佳ちゃんの方が\nよっぽどあまのじゃくだ……！%K%P
要我说的话，清佳才更口是心非……！%K%P
声を必死に我慢しながらも、\nおまんこが尋常じゃなく震えてうねってる……！%K%P
我拼命忍住不叫出声，但小穴却在不寻常地颤抖着……！%K%P
きっと愛さんやお姉ちゃんに隠れてエッチしてるスリルに\n清佳ちゃんも興奮しちゃって……！%K%P
爱小姐和姐姐一定不知道，清佳和我正在偷偷做色色的事，这种刺激感一定让她很兴奋……！%K%P
「ん゛っ、ん゛っ、ん゛っ、ん゛んっ……！！\n　ん゛ふぅんっ、ん゛んっ、ん゛んんんんんっっ～～！！」%K%P
「嗯、嗯、嗯、嗯嗯……！！\n　嗯呼嗯、嗯嗯、嗯嗯嗯嗯嗯～～！！」%K%P
「ダ、ダメっ、我慢しようとすればするほどっ、\n　ん゛ぁっ、あっ、はぁっ……！！\n　感じちゃってっっ……！！」%K%P
「不、不行，我越是忍耐，就越是……嗯啊、啊、哈啊……！！\n　越是觉得舒服……！！」%K%P
「イ、イっちゃっ、ん゛はぁっ！！」%K%P
「要、要去了，嗯哈！！」%K%P
めいっぱい清佳ちゃんが膣を締めてくる。\nギチギチの感触を感じながらさらに激しく腰を突き出す。%K%P
清佳的阴道缩得更紧了。\n我感受着那紧致的触感，更加激烈地挺腰。%K%P
「ん゛っ、ん゛っ、ん゛っ、ん゛っ、ん゛っ！！\n　ん゛ぁっ、ふぁあっ、あふっ、ふあぁ……！！」%K%P
「嗯、嗯、嗯、嗯、嗯！！\n嗯啊、呼啊啊、啊呼、呼啊啊……！！」%K%P
「我慢できなっ――ん゛ぁっ！！\n　気持ち良すぎてっ、んはっ、あぁっ、声出ちゃっ……！」%K%P
「我忍不住了——嗯啊！！\n太舒服了，嗯哈、啊啊、忍不住叫出声……！」%K%P
真一文字に結ばれていた\n清佳ちゃんの唇が徐々に開いていく。%K%P
清佳紧闭的双唇，渐渐地张开。%K%P
「喘いじゃっていいよっ……！\n　ううん、聞かせてっ……！」%K%P
「你可以喘气没关系……！\n　不对，让我听听你的声音……！」%K%P
「清佳ちゃんのエッチな声っ、\n　はぁはぁっ、聞きたいっ……！！」%K%P
「我想听、清佳的、色色的声音……！！」%K%P
「ん゛ん゛ん゛っ！！　奥グリグリきてぇっ……！！」%K%P
「嗯嗯嗯！！里面被顶得好深……！！」%K%P
「い、意地悪っ……！！　ん゛ふっ、ん゛ぁっ……！！\n　無理やり、ん゛はぁっ、声出させようとするなんてっ」%K%P
「你、你欺负人……！！嗯呼、嗯啊……！！\n竟然硬是、嗯哈啊、让我发出声音」%K%P
「どうするのよっ、ホントに愛や千鶴さんにっ、\n　ん゛ぁっ、バレちゃったらっ……！！」%K%P
「怎么办啦，要是真的被爱和千鹤小姐发现的话……！！」%K%P
「セックスしてるところ見られたらっ……！！\n　こんなエッチな顔してるところ見られたらっ……！！」%K%P
「要是被爱和千鹤看见我们做爱的样子……！！\n要是被她们看见我这么色的样子……！！」%K%P
「その時はっ、その時だよっ……！！」%K%P
「到时候再说，到时候再说……！！」%K%P
「ん゛ぁっ、ん゛っ、ん゛っ、ん゛っ、ん゛っ、\n　ん゛ん゛ん゛っ～～！！」%K%P
「嗯啊、嗯、嗯、嗯、嗯、嗯嗯嗯～～！！」%K%P
歯を食いしばって嬌声を堪える清佳ちゃんを\n僕は手加減無しに突き上げていく。%K%P
清佳咬紧牙关，忍住娇喘。\n我毫不留情地将她往上顶。%K%P
清佳ちゃんのおまんこが何度も何度も\n絶頂しているのがわかる……！！%K%P
清佳的阴道一次又一次地高潮……！！%K%P
イってるとき特有の津波のような\n膣内のうなりがおちんちんを扱き上げてきて――！！%K%P
阴道内发出高潮时特有的浪涛声，激烈地套弄着我的肉棒——！！%K%P
「もう無理っ、声っ、ん゛んっ、我慢できな……！！」%K%P
「不行了，声音，嗯嗯，我忍不住了……！！」%K%P
「ん゛はぁっ、イくっ！！　イっちゃっ……！！\n　おまんこ気持ちいいっ、ん゛あぁっ……！！」%K%P
「嗯哈啊、去了！！要去了……！！\n小穴好舒服，嗯啊啊……！！」%K%P
「イ゛ぐっ！！　イ゛っちゃっ！！\n　ん゛あっ、あ゛ぁっ、あ゛ぁああっっ――……！！！」%K%P
「去了！！要去了！！\n　嗯啊、啊啊、啊啊啊啊——……！！！」%K%P
そして清佳ちゃんが堪えきれずに\n大口を開けた瞬間――%K%P
就在清佳忍不住张大嘴巴的瞬间——%K%P
「あ゛っ、あ゛っ、あ゛ぁあああああああっっ～～！！？」%K%P
「啊、啊、啊啊啊啊啊啊啊啊～～！！？」%K%P
ビュルルルルルルっっ！！\nドビュルルルルっっ！！　ビュビュビュっっ～～！！！%K%P
咻噜噜噜噜噜噜！！\n嘟咻噜噜噜噜！！咻咻咻～～！！！%K%P
「ふぁあああああっっ～～！！！？\n　しゃせーきへっ――あつっ、熱ひっ！！\n　き、きもひいいっっ……！！！」%K%P
「呼啊啊啊啊啊啊～～！！！？\n冲向海面——好、好热！！\n好、好舒服……！！！」%K%P
彼女の発情に当てられたように、\n僕も我慢できずに射精してしまう。%K%P
我仿佛被她发情的气势所感染，也忍不住射精了。%K%P
だけど全然まだセックスし足りない……！！\n射精してるのに、おちんちんビンビンでっ……！！%K%P
但是，我根本还没有满足……！！\n明明已经射精了，我的肉棒却还是硬邦邦的……！！%K%P
「ひぃあああっっ！！？　あっ、あっ、あっ、あっ！！？\n　で、出てるのにっ、あああっ、ズンズン来てぇ……！？」%K%P
「咿啊啊啊啊！！？啊、啊、啊、啊！！？\n明明已经射了，啊啊啊，还一直射出来……！？」%K%P
「こ、こんにゃの初めてっ……！！　あはぁっ、ああっ！\n　き、きもちよしゅぎっ、あぁ、イくぅぅっっ～～！！」%K%P
「我、我还是第一次这样……！！啊哈啊、啊啊！\n太、太舒服了，啊啊、去了～～！！」%K%P
「清佳ちゃんのおまんこもっ、気持ち良すぎっ……！！\n　おちんちん千切れそうなくらい締め付けてきて……！！」%K%P
「清佳的小穴也太舒服了……！！\n夹得好紧，我都快射了……！！」%K%P
「はぁはぁっ、全然腰止められないっ……！！\n　おまんこ突くのっ、気持ち良すぎるっ……！！」%K%P
「呼、呼，完全停不下来……！！\n插小穴，太舒服了……！！」%K%P
「あっ、あっ、あっ、あっ、あっ！！！\n　ならもっとっ、もっと突いてっ……！！」%K%P
「啊、啊、啊、啊、啊！！！\n那就再用力一点、再用力一点……！！」%K%P
「や、やっぱり喘ぐの気持ちいいっ……！！\n　あなたにエッチな声出させられるの、あぁ、\n　バカになっちゃいそうなくらい気持ちいいから……！！」%K%P
「喘、喘息果然好舒服……！！\n被你弄到发出色色的声音，啊啊，\n舒服到好像要变成笨蛋了……！！」%K%P
「また今日も二人でっ、ふぁぁっ、あぁあんっ……！！\n　たくさん気持ち良くなりましょっ……！！」%K%P
「今天也让我们两人一起，呼啊啊、啊啊啊嗯……！！\n　一起舒服个够吧……！！」%K%P
「私のおまんこっ、あっ、はぁっ、あぁあっ！！\n　いっぱいいっぱい突いてもらいたいっ……！！」%K%P
「我的小穴、啊、哈啊、啊啊啊！！\n好想被你一直、一直插着……！！」%K%P
「～～っっ！！　すっかりエッチになっちゃって……！！」%K%P
「～～！！你变得好色哦……！！」%K%P
「くはっ――あぁああああんんっっ！！」%K%P
「咕哈——啊啊啊啊啊啊嗯嗯！！」%K%P
精子と愛液でドロドロになった膣内を\n思いっきりおちんちんでかき回していく。%K%P
我用肉棒在被精液和爱液弄得黏糊糊的阴道内来回搅动。%K%P
「だ、だってセックス気持ちいいからっ……！！\n　その上最高に幸せでっ、ドキドキしてっ……！！」%K%P
「因、因为做爱很舒服……！！\n而且又幸福得不得了，让人脸红心跳……！！」%K%P
「あなただって、あっ、あっ、はまってるクセに……！\n　いっつもおちんちん、すぐ勃起させちゃうクセに……！」%K%P
「你明明也……啊、啊、明明也陷得很深……！\n明明总是立刻就勃起……！」%K%P
「清佳ちゃんのことが大好きなんだもんっ……！！\n　清佳ちゃんを見るとセックスしたくなっちゃってっ」%K%P
「因为我最喜欢清佳了嘛……！！\n每次看到清佳，我就想和她做爱！」%K%P
「なら、あっ、あっ、あっ、私のこと言えない……！！\n　私だって、あぁんっ、そうだもんっ……！！」%K%P
「既然如此，啊、啊、啊，你没资格说我……！！\n我也是、啊啊嗯、没错……！！」%K%P
「あなたと初めてセックスしてからっ、ふぁぁ……！！\n　私、スケベに変えられちゃったっ……！！」%K%P
「自从和你第一次做爱之后，呼啊啊……！！\n我就被你变成色女了……！！」%K%P
「いつでもあなたとのセックスすることばっかり、\n　あっ、あぁっ、考えちゃってっ……！！」%K%P
「我满脑子都是和你做爱的事……！！」%K%P
「あなたのおちんちん勃起してるかなって、\n　あはぁんっ、あっ、んぁっ、いつも気になって……！」%K%P
「我一直在想，你的小鸡鸡是不是已经勃起了呢？\n　啊哈啊嗯、啊、嗯啊、我一直很在意……！」%K%P
「こんな場所でもっ、ふぁっ、ああぁあんっ……！！\n　挿れて欲しくなっちゃってっ……！！」%K%P
「就算在这种地方，呼啊、啊啊啊啊嗯……！！\n我也好想被你插进来……！！」%K%P
自分の赤裸々な性欲を清佳ちゃんが語ってくれる。%K%P
清佳坦白说出自己的性欲。%K%P
その告白にすら興奮を覚えているのか、\nただでさえドロドロなおまんこがさらに濡れて……！！%K%P
她似乎连我的告白都感到兴奋，原本就已经很湿的阴道又更加湿润了……！！%K%P
「ふあぁぁぁっっ……！！　ま、まだビュービュー\n　出てるっ……！！　おまんこ焼けちゃ……！！」%K%P
「呼啊啊啊啊……！！还、还在喷……！！小穴要烧起来了……！！」%K%P
「射精しながらズンズンされるのっ、あっ、あぁっ！！\n　とんでもなく気持ちいいっ……！！」%K%P
「一边射精一边被激烈地抽插着，啊、啊啊！！\n太舒服了……！！」%K%P
「感じすぎてっ、あふぁあっ、ひ、膝が笑っちゃってっ」%K%P
「太有感觉了，啊呼啊啊，腿、腿都发软了」%K%P
生まれたばかりの子鹿のように膝を震わせながら、\n清佳ちゃんが快感に悶え続ける。%K%P
清佳就像刚出生的小鹿般颤抖着膝盖，因快感而不断挣扎。%K%P
さっきまであれほど我慢していた嬌声も、\n今や噴水の音を逆にかき消す程の勢いで発していた。%K%P
刚才还那么努力忍耐的娇喘，现在却以几乎要盖过喷水声的气势发了出来。%K%P
「はぁっ、はぁっ、清佳ちゃん、\n　ものすごくエッチな顔してる……！！」%K%P
「呼、呼，清佳，你的表情好色情哦……！！」%K%P
「蛍だって、あはぁんっ、蕩けた顔してっ……！！」%K%P
「萤也一样，啊哈啊啊啊，一脸陶醉的表情……！！」%K%P
「撮影するなら、はっ、あぁんっ……！\n　今の清佳ちゃんのお顔撮影したいよっ……！」%K%P
「如果要拍的话，哈、啊啊……！我想拍清佳现在的表情……！」%K%P
「僕のおちんちんでスケベな顔してる\n　清佳ちゃんのお顔っ、んぁ、撮りたいっ……！」%K%P
「我的大鸡鸡让她露出好色的表情了。\n我想拍下清佳的表情，嗯啊，好想拍……！」%K%P
「あっ、あっ、あぁあんっ！！　興奮するようなこと、\n　あぁ、言っちゃダメっ……！！　もっと感じちゃ……！」%K%P
「啊、啊、啊啊啊嗯！！不能说让人兴奋的话……！！要更敏感……！」%K%P
「わ、私だって撮りたいっ……！！\n　蛍が私のおまんこで気持ち良くなってる顔……！！\n　トロトロになっちゃってる顔、撮りたいっ……！！」%K%P
「我、我也想拍……！！\n我想拍小萤在我的小穴里舒服的表情……！！\n我想拍她变得粘答答的脸……！！」%K%P
お互いのエロ顔を目に焼き付けるように、\n大声で喘ぎながら見つめ合う。%K%P
两人一边大声喘息，一边凝视着彼此，仿佛要将对方淫荡的表情烙印在眼底。%K%P
「か、帰ったら、あぁあんっ、ハメ撮りしよっ♪\n　二人きりで、あっ、はぁんっ、エッチな撮影会しよっ♪」%K%P
「回、回去之后，啊啊啊嗯，来拍自拍视频吧♪\n就我们两个人，啊、哈啊嗯，来开色色的摄影会吧♪」%K%P
「ハメ撮りっ……！！　エ、エッチな撮影会……！！」%K%P
「自拍性爱……！！色、色色的摄影会……！！」%K%P
想像するだけでおちんちんが昂ぶる……！！%K%P
光是想象就让我的肉棒兴奋起来了……！！%K%P
「水着でも裸でもっ、ふぁあっ……！！\n　他の服でもっ、あっ、あっ、リクエストがあれば、\n　あぁあんっ、着てあげるからっ……！！」%K%P
「不管是泳装还是裸体，呼啊啊……！！\n其他衣服也是，啊、啊、只要你们要求的话……\n啊啊啊嗯，我都会穿给你们看的……！！」%K%P
「私も、あなたに着せたい服っ、あっ、はぁっ、\n　たくさんあるのっ、したいコトたくさんあるのっ♪」%K%P
「我也有很多想让你穿的衣服、啊、哈啊、\n　想做的事也很多哦♪」%K%P
「色々なプレイっ、ふぁ、あぁんっ……！！\n　勉強したからっ！！　いっぱいセックスしよっ……♪」%K%P
「我学了很多玩法、呼啊、啊啊嗯……！！\n　所以、我们尽情做爱吧……♪」%K%P
あんなに初心だった清佳ちゃんが\nこんなにもスケベで淫乱になっちゃって……！！%K%P
原本那么纯真的清佳，竟然变得这么好色又淫乱……！！%K%P
すっかりセックスに溺れちゃってる……！！\nでも清佳ちゃんに限った話じゃない……！！%K%P
完全沉溺于性爱之中了……！！\n但不只清佳……！！%K%P
「うんっ……！！　しよっ、セックスしよっ……！！\n　夏休み中、はぁ、はぁっ、ずっとセックスしたい……！」%K%P
「嗯……！！来做吧，来做爱吧……！！\n暑假期间，呼、呼，我好想一直做爱……！」%K%P
「ふぁああああっっ！！　うんっ、うんっ……！！\n　わ、私、別荘持ってるのっ……！！\n　そこなら誰にも、あぁんっ、邪魔されないから……！！」%K%P
「呼啊啊啊啊啊！！嗯、嗯……！！\n我、我有别墅……！！\n在那里的话，谁也、啊啊、无法打扰我们……！！」%K%P
セックスしながら次のセックスの計画を立てる。\n瞬く間に夏休みの予定がセックスで埋まってしまう――%K%P
一边做爱一边制定下一次做爱的计划。\n转眼间，暑假的计划就被做爱填满了——%K%P
それが不純だとは一ミリも思わなかった。\nそれだけ清佳ちゃんと愛し合いたいだけなんだから……！%K%P
我丝毫不认为这是不纯洁的行为。\n因为我只是想和清佳相爱而已……！%K%P
「あっ、あっ、あっ、あっ、あっ！！\n　気持ちいいっ！！　奥の奥っ、ズンズン叩かれてぇ！」%K%P
「啊、啊、啊、啊、啊！！\n好舒服！！里面深处，被用力撞击着！」%K%P
「んぁあああっっ、イくっ！！\n　突かれる度にイっちゃっ……！！\n　あっ、あっ、あっ、イくぅぅっっ～～！！」%K%P
「嗯啊啊啊啊啊、去了！！\n每次被顶都会去了……！！\n啊、啊、啊、去了～～！！」%K%P
繋がった場所から愛液と精液が滝のように垂れ落ちる。\n膝をガクつかせながら清佳ちゃんが激しく乱れる。%K%P
爱液和精液从结合的地方如瀑布般流下。\n清佳激烈地颤抖着，双腿发软。%K%P
『清佳ちゃーん、蛍ーっ！\n　どこ行ったのっー？』%K%P
『清佳——小萤——！\n你们去哪里了——？』%K%P
『そろそろ撮影を再開しますよ。\n　戻ってきて下さい』%K%P
『差不多该重新开始拍摄了。\n　请回来』%K%P
「ふぁああっっ……！！　探してっ、ああぁ、\n　二人が私たちを探してるわっ……！！」%K%P
「呼啊啊啊……！！彼此在找我们，啊啊啊……！！」%K%P
「どうするっ？　やめるっ？\n　このままじゃ、はぁはぁ、見られちゃうかも……！」%K%P
「怎么办？要放弃吗？\n再这样下去，呼呼，可能会被看到……！」%K%P
「そんなのっ、あっ、はぁっ、ふぁぁあっ……！！！\n　答えるまでもないじゃないっっ……！！」%K%P
「这、这还用问吗？啊、哈啊、呼啊啊啊……！！！」\n　……！！」%K%P
清佳ちゃんがギュムムと膣を締め付けてくる。\n僕も一切ピストンを緩めるつもりはなかった。%K%P
清佳的阴道紧紧地夹住我。\n我也不打算放慢活塞运动的速度。%K%P
「いいっ、別に見られたっていいっ……！！\n　エッチな声、聞かれたっていいからっ……！！」%K%P
「没关系，被看到也没关系……！！\n被听到色色的声音也没关系……！！」%K%P
「やめられるわけないっ、あぁあっ……！！\n　続けてっ♪　あっ、あっ、おまんこ突いてぇ♪」%K%P
「怎么可能停得下来，啊啊啊……！！\n继续♪啊、啊、插小穴♪」%K%P
「もちろんっ……！！」%K%P
「当然会……！！」%K%P
「はふぁあああっっ～～！！　あはぁんっ！！\n　あぁっ！！　あっ、あっ、あぁあああっっ～～！！」%K%P
「哈呼啊啊啊啊～～！！啊哈嗯！！\n　啊啊！！啊、啊、啊啊啊啊啊～～！！」%K%P
そう遠くない場所に二人がいるってわかりながらも、\nセックスの激しさはむしろ増していく。%K%P
明知两人就在不远处，激烈程度却反而增加。%K%P
僕だけじゃなく、清佳ちゃんも腰を振ってきて……！%K%P
不只是我，清佳也扭动着腰……！%K%P
「ふぁっ、あっ、あはぁっ、あああっっ！！\n　イくっ、あああっ、またイくっ、イくぅぅっっ！！」%K%P
「呼啊、啊、啊哈啊、啊啊啊！！\n去了、啊啊啊、又要去了、去了啊啊啊！！」%K%P
「僕もっ、んぁあああっ、イくっ……！！\n　また出るっ、精子っ、のぼってきてるっ……！！」%K%P
「我也要、嗯啊啊啊啊、去了……！！\n又要射了、精子、要冲上来了……！！」%K%P
「知ってるっ♪　わかるぅっ♪\n　おちんちんパンパンでっ、あぁ、気持ちいいっ……！！」%K%P
「我知道♪我懂♪\n　被肉棒插得这么用力，啊啊，好舒服……！！」%K%P
「イこっ♪　あっ、あっ、あっ、あっ！！\n　いつもみたいに、あぁ、二人で、ふぁ、一緒にっ！！」%K%P
「我们走吧♪啊、啊、啊、啊！！\n像平常一样，啊啊，两个人，呼啊，一起！！」%K%P
「うんっ……！　はぁはぁっ、うんっ……！！」%K%P
「嗯……！呼、呼、嗯……！！」%K%P
込み上がってくる昂ぶりに二人揃って身を任せる。\n本能と欲望のままに求め合っていく――%K%P
两人任凭高涨的兴奋感支配身体，顺从本能和欲望渴求着彼此——%K%P
「気持ちいいっ、あぁあっ、イくっ♪\n　えへへっ、くるっ、気持ちいいのくるぅ♪」%K%P
「好舒服，啊啊啊，去了♪\n　嘿嘿嘿，来了，舒服的感觉来了♪」%K%P
「はぁっ、はぁっ、はぁっ、はぁっ！！\n　おまんこキツいっ、あああっ、吸い付いてくるぅっ！！」%K%P
「呼、呼、呼、呼！！\n小穴好紧，啊啊啊，紧紧地吸着我！！」%K%P
「ふぁっ、あっ、あっ、あっ、あっ、あっ、あっ！！」%K%P
「呼啊、啊、啊、啊、啊、啊、啊！！」%K%P
「あぁああっ！！　あぁっ！！　んあああああっっ！！」%K%P
「啊啊啊啊！！啊啊！！嗯啊啊啊啊啊！！」%K%P
「ああああああっっ！！　ふぁあああああああっっ――」%K%P
「啊啊啊啊啊啊！！呼啊啊啊啊啊啊啊啊——」%K%P
そして二人一緒に甲高い声を上げながら、\n最後の瞬間までめちゃくちゃに腰を振り続けて――%K%P
两人一起发出高亢的叫声，直到最后一刻都拼命地摆动着腰肢——%K%P
「イくううぅぅぅぅぅぅぅっっ～～！！！！！！」%K%P
「要去了呜呜呜呜呜呜呜呜呜呜～～！！！！！！」%K%P
噴水の水とは違う、淫らで熱いスケベな液体が、\n清佳ちゃんの身体に、僕の身体に降り注いでいく。%K%P
和喷水池的水不同，淫荡又炙热的色色液体，不断淋在清佳的身体和我的身体上。%K%P
一瞬、何が起こったのかわからなかった。\n頭の痺れる快感のことだけしかわからなくて……！！%K%P
我一时之间搞不清楚发生了什么事。\n只知道脑袋里有一股酥麻的快感……！！%K%P
清佳ちゃんの綺麗な顔が白濁で汚れていく姿に、\n射精の勢いがより増しちゃって――%K%P
看着清佳漂亮的脸蛋被白浊液玷污，我的射精劲头更猛了——%K%P
「はぁー……！　はぁー……！　はぁー……！\n　さ、最後の最後で抜けちゃった……」%K%P
「呼……！呼……！呼……！\n　在、在最后的最后松懈了……」%K%P
「二人一緒にドロドロにしちゃうなんて……はぁはぁ。\n　ものすごい射精……」%K%P
「居然两个人一起射得这么浓稠……哈啊哈啊。\n好厉害的射精……」%K%P
「はぁ、はぁ……！　盛り上がり過ぎちゃったね……」%K%P
「呼、呼……！气氛变得太热烈了……」%K%P
精液まみれになったエッチな\n清佳ちゃんの姿から目を離すことができない。%K%P
我无法将视线从沾满精液的清佳身上移开。%K%P
清佳ちゃんもまたスケベ汁で真っ白になった僕を\n欲情した顔で見つめ続けていた。%K%P
清佳也用充满情欲的表情，凝视着被精液染白的我。%K%P
「少しは、はぁはぁ、発散できたかしら……。\n　水着の撮影、はぁはぁ、できそう……？」%K%P
「稍微，呼、呼，发泄出来了吗……？\n这样应该，呼、呼，可以拍泳装照了吧……？」%K%P
「ま、まだするつもりだったんだ……？\n　そんなに撮影したいの……？」%K%P
「你、你还想继续啊……？\n你就这么想拍吗……？」%K%P
「もちろん。そのための休憩だったわけだし……。\n　まぁ、えへへ、休憩は延長しなくちゃだけど……」%K%P
「当然。我就是为了这个才休息的……\n不过，欸嘿嘿，休息时间得延长才行……」%K%P
「でも早く撮影したい……。\n　すぐにでも終わらせて帰りたいわ……」%K%P
「可是我想快点开始拍摄……\n好想赶快拍完回家……」%K%P
「うん、そうだね……。まだまだしたいもん……」%K%P
「嗯，是啊……我还想继续玩……」%K%P
きっと清佳ちゃんも僕と同じことを考えてる。\n一刻も早く家に帰ってセックスしたいと思ってる。%K%P
清佳一定也和我有同样的想法。\n想要尽快回家做爱。%K%P
いつから僕たちはこんなに\nエッチになっちゃったんだろう。%K%P
我们是从什么时候开始变得这么色的呢？%K%P
でも、それが悪いことだとは全然思わない。\nむしろ、すごく幸せなことだと思う。%K%P
不过，我完全不觉得这样不好。\n反而觉得很幸福。%K%P
『清佳ちゃーん、蛍ーっ？\n　返事してってばぁー！』%K%P
『清佳，小萤？\n快回答我啊！』%K%P
『出てこなければ放って帰りますよ。\n　愛たちも暇ではありませんから』%K%P
『要是不出来，我们就直接回去了哦。\n毕竟爱她们也不是闲着没事做。』%K%P
「……あんまり休憩してる時間もなさそう。\n　それはそれで願ったりだけど……」%K%P
「……看来没什么时间休息呢。\n虽然这也是我所希望的……」%K%P
「でも大丈夫かな……。このまま撮影に臨んだら……」%K%P
「可是这样下去……真的没问题吗……」%K%P
「ふふ、今の私たちなら色気ムンムンな写真撮れるわ。\n　とっても発情しちゃってるもの」%K%P
「呵呵，现在的我们拍出来的照片一定充满性感魅力。\n因为我们都发情了嘛。」%K%P
「は、恥ずかしいってば」%K%P
「我、我就是觉得害羞嘛。」%K%P
そう言いつつも僕たちは\n疲れ切った身体を動かそうとしていた。%K%P
我们一边说着，一边驱策着疲惫不堪的身体。%K%P
早くシャワーを浴びて、撮影に戻りたい。%K%P
我想赶快冲个澡，然后回去拍戏。%K%P
だって――%K%P
因为——%K%P
「お家に帰ってからが本番……だからね？\n　エッチな写真、二人でたくさん撮りましょ……？」%K%P
「回到家之后才是重头戏……所以咯？\n我们两个人一起拍很多色色的照片吧……？」%K%P
「う、うん……。すごく楽しみ……」%K%P
「嗯、嗯……我好期待哦……」%K%P
バカップル、ううん、バカ夫婦だって思われてもいい。%K%P
被当成笨蛋情侣，不，被当成笨蛋夫妻也无所谓。%K%P
でもこれからも清佳ちゃんと\nこうしてたくさんの思い出を作っていきたい。%K%P
不过，我今后也想和清佳像这样，继续创造许多回忆。%K%P
楽しいことも、幸せなことも、\nもちろん――エッチなことも。%K%P
无论是开心的事，幸福的事，当然——还有色色的事。%K%P
「えへへ……。愛してるわ……」%K%P
「欸嘿嘿……我爱你……」%K%P
「あなたのこと、とってもとっても愛してる……」%K%P
「我非常非常爱你……」%K%P
何よりも僕を昂ぶらせる言葉を口にしてくれる彼女に、\n僕も同じ言葉を返した――%K%P
她对我说出最能让我兴奋的话语，我也用同样的话语回应她——%K%P
