………………%K%P
………………%K%P
…………%K%P
…………%K%P
……%K%P
……%K%P
「――ということで私たち、付き合うことになったから」%K%P
「——所以，我们开始交往了。」%K%P
「…………」%K%P
「…………」%K%P
「何よ、その反応……。\n　もっと祝いなさいよ、おめでたい話なんだから」%K%P
「你那是什么反应……\n应该要更开心一点吧，这可是喜事耶。」%K%P
「いえ……その。清佳様はショックをお受けに\n　なっていないのですか？　蛍様が男で……」%K%P
「不……那个，清佳大人没有受到打击吗？萤大人是男人……」%K%P
「知った時は驚いたけど。\n　それ以上に私、この人の心を愛してるから」%K%P
「知道的时候，我当然很惊讶。\n但是，我更爱这个人的内心。」%K%P
「愛し――～～っっ。は、恥ずかしいよ、清佳さん」%K%P
「我爱——～～！好、好害羞哦，清佳。」%K%P
「ふふ、いいじゃない。本当のことなんだし」%K%P
「呵呵，有什么关系，这是事实啊。」%K%P
「やー……。清佳ちゃんの反応を見てると、\n　悩んでたのがバカらしくなってくるねー……」%K%P
「唉……看到清佳的反应，我开始觉得自己的烦恼很愚蠢了……」%K%P
「……同感です。あれだけ蛍様を好きだなんだと\n　言っておられた割に、なんとまぁ股の緩い……」%K%P
「……我也有同感。她明明那么喜欢萤大人，却是个这么花心的人……」%K%P
「誰の股が緩いのよ、誰の。\n　愛も本気で恋をすればわかるわ。\n　性別や姿形なんて何も関係ないってことが、ね」%K%P
「谁花心啊，谁啊？\n爱也是，只要真心去爱就会明白。\n跟性别或外表什么的都没有关系，对吧？」%K%P
「はぁ……。今までの愛の努力は一体……。\n　お医者様の準備も整えておりましたのに」%K%P
「唉……至今为止的爱的努力到底算什么……\n医生都已经准备好了说。」%K%P
「あ、あはは……。ずっと気を揉ませちゃって、\n　ごめんね、二人とも。それと、ありがとう」%K%P
「啊、啊哈哈……抱歉让你们担心了。还有，谢谢你们。」%K%P
「いやいや良かったよ。春樹がようやく結ばれて。\n　蛍として再会しちゃったばっかりに話が拗れたからねー」%K%P
「哎呀哎呀，真是太好了。春树终于能和萤结合了。因为你们以萤的身份重逢，所以事情才会变得这么复杂嘛～」%K%P
「その原因を作ったのは姉さんだけどね……」%K%P
「虽然原因就是姐姐你造成的……」%K%P
思い返してみれば色々あった。%K%P
回想起来，发生了好多事。%K%P
でも、今までがあったからこそ、\nこうして清佳ちゃんと結ばれることができたんだ。%K%P
不过，正因为有过去，我才能像这样和清佳结合。%K%P
きっと最初から全てを告白していたら、\nこの結果にはならなかったと思う。%K%P
如果我一开始就把一切都说出来，肯定不会变成现在这样。%K%P
「でも蛍と会えなくなるのは寂しいなぁ～。\n　ねね、たまには蛍になってくれるんしょ？」%K%P
「可是不能跟小萤见面好寂寞哦～～\n欸欸，小春偶尔也会变成小萤吧？」%K%P
「えっと。たまになら――」%K%P
「呃，偶尔的话——」%K%P
「――ならなくていいわ。これからはずっと\n　春樹くんのままでいい」%K%P
「——不用变成那样也没关系。从今以后，你只要一直当春树就好。」%K%P
「え？　でも」%K%P
「咦？可是……」%K%P
「言ったでしょ？　姿形なんて関係ないって。\n　あなたはあなたのままでいいの」%K%P
「我说过了吧？外表什么的都无所谓。\n你只要做你自己就好了。」%K%P
「春樹くんとして私と付き合うことが、\n　あなたの夢だったんでしょ？」%K%P
「以春树的身份和我交往，\n　是你的梦想对吧？」%K%P
「なのにあなたは私のために\n　蛍になろうとしてくれてたわけだし。\n　その気持ちに私も応えたいの」%K%P
「可是你却为了我，\n　想要变成萤。\n　我也想回应你的心意。」%K%P
「清佳さん……」%K%P
「清佳……」%K%P
「ふふ。好きよ、春樹くん」%K%P
「呵呵。我喜欢你，春树。」%K%P
清佳ちゃんが笑顔で伝えてくれる。%K%P
清佳笑着告诉我。%K%P
彼女がそう言ってくれるなら――うん。\nもう無理はしまい。元々女装なんてしたくなかったし。%K%P
既然她都这么说了——嗯，那我就不勉强了。反正我本来就不想穿女装。%K%P
その代わり、うんと男らしくなろう。%K%P
相对地，我要变得更有男子气概。%K%P
恋人になれたと言っても、\nまだまだ僕は彼女に釣り合うような男になれてないから。%K%P
虽然我们成为恋人，但我还没有成为配得上她的男人。%K%P
「で……ずっと気になってたんだけどさ」%K%P
「然后……有件事我一直很在意。」%K%P
「うん？」%K%P
「嗯？」%K%P
「こんな時間まで二人とも何してたの……？\n　も、もしかしなくてもナニしてたの……！？」%K%P
「你们两个都这么晚了还在做什么……？\n难、难道说是在做些什么……！？」%K%P
「台無しになるようなコト言わないでってばぁ！？」%K%P
「不要说这种会破坏气氛的话啦！？」%K%P
「……まさか本当に股が緩かったとは……」%K%P
「……没想到你真的这么好骗……」%K%P
「う、うるさいわね。愛を確かめ合っただけよ……！」%K%P
「你、你很烦耶。我们只是在确认彼此的爱而已……！」%K%P
お姉ちゃんたちが囃し立ててくる中、\nふと清佳ちゃんの手が僕の手に触れる。%K%P
在姐姐她们的起哄声中，清佳的手突然碰触我的手。%K%P
「…………」%K%P
「…………」%K%P
「…………」%K%P
「…………」%K%P
そして僕たちは二人に気づかれないように、\nどちらともなく手を強く強く握り合った。%K%P
然后我们两人在不被大家发现的情况下，用力握紧彼此的手。%K%P
