「ん、しょと」%K%P
「嘿咻。」%K%P
「ひぃあっ……！？」%K%P
「咿啊……！？」%K%P
熱くて大きいものがお尻の穴に\nズリズリと擦りつけられる。%K%P
又热又大的东西在屁股眼上摩擦。%K%P
「も、もしかしてこれって……！」%K%P
「难、难道说这是……！」%K%P
「そうよ。ディルド。ふふふ、通販で買ったの」%K%P
「没错，假阳具。呵呵呵，我用邮购买的。」%K%P
「どどど、どうしてそんなものを……！？」%K%P
「你你你、你为什么会有那种东西……！？」%K%P
「決まってるじゃない。\n　あなたと、愛し合うためよ？」%K%P
「那还用说吗？\n当然是为了和你相爱啊。」%K%P
言いながら清佳ちゃんが僕のお尻にモノを擦りつける。\nひぃあ……！　ヌルヌルしてる、すごく熱い……！？%K%P
清佳一边说，一边用某个东西摩擦我的屁股。\n咿啊……！滑溜溜的，好烫……！？%K%P
「これ、すごいわ。まるで本物のおちんちんみたい……。\n　男の子ってこんな気分なのね？」%K%P
「这个好厉害哦。简直就像真的小鸡鸡一样……原来男生就是这种感觉啊？」%K%P
「ま、待って……！　まさかそれを僕に挿れる気なんじゃ」%K%P
「等、等一下……！你该不会是想把那个插进我体内吧？」%K%P
「『僕』はダメよ。せっかくなんだから蛍として接して？」%K%P
「不可以说『{僕:boku}』哦。既然都变成萤了，就用萤的称呼吧？」%K%P
「私、ふふ、夢だったの。蛍の初めてをもらうこと♪」%K%P
「呵呵，对我来说，能够得到萤的第一次，是梦想呢♪」%K%P
「は、初めてって――んひぁ！？」%K%P
「第、第一次——嗯呀！？」%K%P
肛門に竿部分をズリズリされるだけで\nゾクゾクしてしまう。%K%P
光是被假阳具摩擦肛门，就让我浑身发麻。%K%P
おちんちんの熱さと硬さと太さが、\nこれでもかと伝わってきて……！%K%P
鸡巴的热度、硬度和粗度，都强烈地传递了过来……！%K%P
「だ、だとしてもこんな格好で……！\n　見えちゃう。わたしの姿、外から見えちゃうってば」%K%P
「就、就算这样，我这副模样……！\n我的模样，会被外面的人看见啦。」%K%P
「あ……エッチはしていいんだ？\n　ホントに蛍の声で話してくれて……」%K%P
「啊……可以做爱吗？\n　真的可以用萤的声音说话……」%K%P
「～～っっ！！」%K%P
「～～！！」%K%P
「良かった。断られちゃうかと思ったもん。\n　うふふふ。蛍と、初体験……♪」%K%P
「太好了。我还以为会被拒绝呢。\n　呵呵呵呵。和萤的初体验……♪」%K%P
清佳ちゃんがとてつもなく嬉しそうに笑う。\nよ、喜んでくれるのは嬉しいけど恥ずかしい……！%K%P
清佳笑得非常开心。\n她这么高兴，我也很高兴，但好难为情……！%K%P
「大丈夫。できる限り優しくするから。\n　たっぷりローションも塗ってあるし」%K%P
「放心吧。我会尽可能温柔一点的。\n而且也涂了很多润滑液。」%K%P
「そ、そういう問題じゃなくて……！\n　このままだと他の人に見られちゃうってば……！」%K%P
「不、不是那个问题啦……！\n再这样下去会被别人看见的……！」%K%P
「でもこれならゴンドラが動き始めてもわかるじゃない」%K%P
「不过，这样就算摩天轮开始动了，也能马上知道吧？」%K%P
「それはそうだけど……！」%K%P
「话是这么说没错……！」%K%P
「それに……私は蛍の可愛い姿を\n　みんなに見せつけたいの♪」%K%P
「而且……我想让大家看看萤可爱的模样♪」%K%P
「ひぃあぁん……！！？」%K%P
「咿呀啊啊……！！？」%K%P
ピトっと肛門に先っぽが押しつけられる。\nふ、太い……！　ヌルヌルして……！　あ、熱い……！%K%P
前端抵住肛门。\n好、好粗……！湿湿滑滑的……！好、好烫……！%K%P
「はぁ、はぁ……。蛍の喘ぎ声、すごくエッチ……。\n　私におちんちんがついてたらフル勃起しちゃってる」%K%P
「哈啊、哈啊……小萤的娇喘声，好色情……\n如果我有鸡鸡，现在一定已经完全勃起了。」%K%P
「力を抜いて……？　あんまり緊張しちゃうと痛いから。\n　ゆっくり挿れていくから心配しないで？」%K%P
「放松……？太紧张的话会很痛的。\n我会慢慢插进去，所以你不用担心。」%K%P
「ち、力を抜いてって言われてもぉ……！」%K%P
「就、就算你叫我放松……！」%K%P
おっきいのがお尻の穴に当たってるだけでも、\n身体が強ばっちゃう。%K%P
光是大大的东西顶到屁眼，身体就变得僵硬。%K%P
こ、怖い……！　おちんちん挿れられるのって、\nこんなに怖いことだったんだ……！%K%P
好、好可怕……！原来被插小弟弟是这么可怕的事情……！%K%P
「私を信じて。ちゃんと、ん、はぁ、ほぐしてあげるから」%K%P
「相信我。嗯、哈啊，我会好好帮你放松的。」%K%P
「あっ、あぁぁ…………！」%K%P
「啊、啊啊啊…………！」%K%P
ヌプと、おちんちんの先の先が入ってくる。\nわたしのお尻の穴が、ひ、広げられて……！%K%P
肉棒的前端，噗滋一声地进来了。\n我的屁、屁屁，被撑开了……！%K%P
「どう？　どんな感じ？」%K%P
「如何？感觉怎么样？」%K%P
「ど、どんな感じって……！　背筋がゾクゾクして……！\n　お、お尻にすごく力入っちゃって……！」%K%P
「什、什么感觉……！背脊一阵阵发麻……！\n臀、臀部使不上力……！」%K%P
「それだけ？」%K%P
「只有这样？」%K%P
「～～っっ！！　ド、ドキドキしちゃう……！\n　清佳ちゃんのおちんちん入ってきてるってわかって……」%K%P
「～～！！好、好紧张……！\n　知道清佳的小鸡鸡进来了……」%K%P
「えへへ、良かった」%K%P
「嘿嘿，太好了。」%K%P
「ん゛んっっ！！」%K%P
「嗯嗯！！」%K%P
ヌププとさっきよりも深くおちんちんが入ってくる。\nお、お腹が苦しい……！%K%P
肉棒比刚才还要深入。\n肚、肚子好难受……！%K%P
「今って、はぁはぁ、どのくらい入ってるのっ？」%K%P
「现在，呼、呼，到底插进去了多少啊？」%K%P
「亀頭の中腹くらいよ。カリ首まで入ってないわ」%K%P
「龟头的中段左右吧。还没进入冠状沟。」%K%P
ほ、ほとんど挿れてないも同然ってこと……！？\nなのに、こんな苦しいなんて……！%K%P
这、这不就和没插进去一样吗……！？\n可是，我却这么难受……！%K%P
「大丈夫。優しくするから。\n　お尻の入り口、たっぷりクチュクチュしてあげるわね？」%K%P
「没事的，我会温柔一点的。\n我会好好地帮你把屁眼的入口弄得湿湿的哦？」%K%P
「ふぁぁ……！　あ、あはぁん……！」%K%P
「呼啊啊……！啊、啊哈啊……！」%K%P
その場で清佳ちゃんが腰をやらしく回して、\nお尻のつぼみをゆっくり広げてくる。%K%P
清佳在原地扭腰摆臀，缓缓地撑开臀部的花苞。%K%P
ローションのヌルヌルが肛内に染みてきて……！\nんはぁ……！　入り口クチュクチュされるの気持ちいい。%K%P
润滑液的粘稠感渗入肛内……！\n嗯哈啊……！入口被弄得咕啾咕啾的真舒服。%K%P
「はぁ、はぁ……。蛍のつぼみがどんどん\n　ほぐれていってるのがわかるわ……」%K%P
「哈啊、哈啊……看得出来萤的花苞逐渐绽开了……」%K%P
「さっきまで固く閉じていたのに、ん、はぁ。\n　やらしい蜜を垂らしながらヒクヒクしてる……」%K%P
「刚才明明还紧紧闭着，嗯、哈啊。\n现在却一边流着下流的蜜汁，一边抽搐着……」%K%P
「～～っっ！　し、知らない……！\n　あんまり、んはぁ、見ないでぇ……！」%K%P
「～～！我、我不知道……！\n不要一直，嗯啊，盯着我看……！」%K%P
「恥ずかしがる蛍も可愛い……。\n　もう少しだけ挿れるわね？」%K%P
「害羞的萤也好可爱……\n我再插进去一点哦？」%K%P
「あっ……！！　あはぁぁ……！！」%K%P
「啊……！！啊哈啊啊……！！」%K%P
ズプププぅ――と卑猥な水音を立てながら、\n清佳ちゃんのおちんちんが肛内に入ってくる。%K%P
滋噗噗噗——清佳的肉棒发出猥亵的水声，进入我的肛门。%K%P
それまでの微かな挿入感と違って、\nはっきりとおちんちんの熱さも太さも感じられて……！%K%P
和刚才的轻微插入感不同，我能清楚感受到肉棒的热度和粗度……！%K%P
「はぁはぁ……！　すごいわ……！\n　どんどん、んんっ、おちんちんが吸い込まれていく……」%K%P
「呼呼……！好厉害……！\n　肉棒、嗯嗯、肉棒被吸进去了……」%K%P
「嬉しい……！　蛍が私のおちんちんを\n　欲しがってくれてるんだ……！」%K%P
「好开心……！小萤想要我的鸡鸡……！」%K%P
「んぁああんっ……！　あっ、あああっっ……！！」%K%P
「嗯啊啊啊嗯……！啊、啊啊啊……！！」%K%P
き、気持ちいい……！！\n苦しいけど気持ちいい……！！%K%P
好、好舒服……！！\n虽然难受，但是好舒服……！！%K%P
清佳ちゃんのおちんちんで、\nわたしのアソコがいっぱいになってるのわかる……！%K%P
我知道，我的小穴被清佳的鸡鸡塞得满满的……！%K%P
清佳ちゃんのおちんちんが、\nわたしの小さい穴を広げてきてるのわかるぅ……！！%K%P
我感觉得到，清佳的鸡鸡正在撑开我的小穴……！！%K%P
「んっ――はぁ…………！」%K%P
「嗯——哈啊…………！」%K%P
「んひっ……！！　んぁぁぁ……！！」%K%P
「嗯咿……！！嗯啊啊啊……！！」%K%P
不意に――清佳ちゃんの腰がわたしのお尻に触れた。\nこ、これってつまり――%K%P
突然——清佳的腰碰到了我的屁股。\n这、这也就是说——%K%P
「全部、はぁはぁ、入ったわ、蛍……。\n　蛍の初めて、えへへ、もらっちゃった……」%K%P
「全部、哈啊哈啊、进来了，萤……\n我得到了、萤的第一次，欸嘿嘿……」%K%P
「はぁはぁはぁはぁ……！！　んはぁ……！！」%K%P
「呼、呼、呼、呼……！！嗯呼……！！」%K%P
息をするだけでお腹が震えて……！！\n肛内でおちんちんが擦れて感じちゃ……！！%K%P
光是呼吸，肚子就一阵阵发颤……！！\n小鸡鸡在肛门里摩擦，好有感觉……！！%K%P
は、入ってるっ……！！　わたしのお尻の中に、\n硬いのが、太いのが、あぁ、確かに入ってるぅ……！！%K%P
进、进来了……！！我的屁股里，进来了硬硬的、粗粗的……啊啊，确实进来了……！！%K%P
「はぁはぁ、動いていい……？\n　そんな顔見せられたら我慢できないわ」%K%P
「呼、呼，可以动了吗……？\n看到你这种表情，我实在忍不住了。」%K%P
「ダ、ダメっ、ちょっと待っ――」%K%P
「不、不行，等一下——」%K%P
――だけど、わたしの静止も聞かず、\n清佳ちゃんはおもむろに腰を動かして。%K%P
——但是，清佳不理会我的制止，缓缓地动起腰。%K%P
「あはぁあんっ……！！　あぁっ、んはぁ……！！\n　ふぁっ、あああっっ……！！！」%K%P
「啊哈啊啊嗯……！！啊啊、嗯哈啊……！！\n呼啊、啊啊啊……！！！」%K%P
ヌ、ヌルヌルがお尻の中で動いてるぅ……！！\nはふぁ、き、気持ちいいっ、熱いぃ……！！%K%P
滑、滑溜溜的东西在屁股里动来动去……！！\n哈呼啊，好、好舒服，好热……！！%K%P
「痛くないかしらって……ふふ、聞くまでもなさそう。\n　おちんちん、気持ちいいんだ？」%K%P
「会不会痛……呵呵，看来不用问也知道。\n小鸡鸡很舒服吧？」%K%P
「～～っっ！　そ、それは――あぁん、ふぁ……！」%K%P
「～～！那、那是——啊啊嗯、呼啊……！」%K%P
恥ずかしくて誤魔化そうとするけれど、\nどうしても嬌声が漏れてしまってそれが答えになる。%K%P
虽然因为害羞而想要蒙混过去，但娇喘声却无论如何都会泄漏出来，所以这也算是回答了。%K%P
「はぁ、はぁ、いいのよ？　たっぷり感じて……？\n　じっくりじっくり私のおちんちん味わって？」%K%P
「哈啊、哈啊，可以哦？好好感受……？\n仔细地、仔细地品尝我的大鸡鸡吧？」%K%P
「私も、はぁはぁ、蛍のおまんこ、\n　いっぱい味わうから」%K%P
「我也会、哈啊哈啊、好好品尝、萤的小穴的。」%K%P
「ふぁぁぁ……！！　あはぁあん……！！　あぁ……！！」%K%P
「呼啊啊啊……！！啊哈啊啊嗯……！！啊啊……！！」%K%P
おちんちんがゆっくり抜き挿しされるのがわかる……！\n動かれると、んぁ、力が入っちゃってっ……！！%K%P
我能感觉到肉棒在慢慢地抽插……！\n只要一动，嗯啊，我就会用力一缩……！！%K%P
「あ、あひっ！！！　あはっ！！　んんっ！！」%K%P
「啊、啊咿！！！啊哈！！嗯嗯！！」%K%P
キュっと肛門が締まると、もろにおちんちんが……！！\nさっきよりも強く擦れてゾワゾワするぅ……！！%K%P
肛门一收缩，鸡巴就直接被夹住……！！\n比刚才更强烈的摩擦，让我浑身发麻……！！%K%P
感じちゃうとさらに締めちゃって――んひぃ！！\nよりいっそうゾワゾワしちゃってぇ……！！%K%P
一有感觉，小穴就夹得更紧——嗯呀！！\n而且更加发麻……！！%K%P
「んはぁっ……！！　あぁぁぁ…………！！！\n　あっ、あぁぁっっ……！！」%K%P
「嗯哈……！！啊啊啊啊…………！！！\n啊、啊啊啊……！！」%K%P
「蛍ったら、そんなに窓にしがみついちゃって。\n　ふふ、本当に外から見えちゃうかも」%K%P
「萤真是的，怎么这样紧贴着窗户呢？呵呵，说不定真的会被外面的人看见呢。」%K%P
「～～っっ！！」%K%P
「～～！！」%K%P
そ、そうだっ……！！　今わたし、観覧車の中で……！\nあぁ、ち、地上の人が見える……！%K%P
对、对了……！！我现在在摩天轮里面……！\n啊啊，看、看得见地面上的人……！%K%P
「蛍がその気なら、んっ、はぁ、見せつけてあげましょ？\n　私たちのラブラブっぷりを、ね？」%K%P
「如果萤有那个意思，嗯、哈啊，就让他们看看我们恩爱的样子吧？\n让他们看看我们有多恩爱，好吗？」%K%P
「あっ、んぁっ、あぁっ……！！\n　ダ、ダメっ、あああっ、恥ずかしいっ……！！」%K%P
「啊、嗯啊、啊啊……！！\n不、不行、啊啊啊、好丢脸……！！」%K%P
「ホントに見られちゃうっ……！！\n　見上げられたら、あっ、あっ、見えちゃうからぁ……！」%K%P
「真的会被看到……！！\n　要是他们抬头看的话，啊、啊、会被看到的……！」%K%P
いくら観覧車の一番上にいると言っても、\n見上げられたらはっきり見えちゃう……！%K%P
就算我们是在摩天轮的最顶端，但要是他们抬头看的话，还是会看得一清二楚……！%K%P
別のゴンドラだってあるんだ。中に人がいるのも見える。\nも、もしあの人たちがこっちを向いたら――%K%P
原来还有其他座摩天轮啊。而且里面还有人。\n要、要是那些人往这边看的话——%K%P
「んんっっ……！！　すごい、締まりっ……！！\n　めいっぱい腰を振らなきゃ抜き挿しできないくらいっ」%K%P
「嗯嗯……！！好紧……！！\n　紧得我必须使劲地摆动腰部才能抽插」%K%P
「蛍ったら変態ね？　人に見られると思ったら、\n　はぁはぁ、興奮しちゃうんだ？」%K%P
「萤真是个变态呢。一想到会被别人看到，就兴奋得喘不过气来吗？」%K%P
「～～っっ！！　ち、違うのっ、あはぁんっ……！！\n　恥ずかしいってだけでっ、興奮なんかしてなくて……！」%K%P
「～～！！不、不是的，啊哈啊……！！\n我只是觉得害羞，才没有兴奋……！」%K%P
「はぁはぁっ、その恥ずかしいのが気持ちいいんでしょ？\n　お尻の中、んんっ、すっごくキュンキュンしてる」%K%P
「哈啊哈啊，你很享受这种羞耻的感觉吧？\n你的小穴，嗯嗯，缩得好紧。」%K%P
「私まで、はぁ、はぁっ、興奮しちゃうっ……！！」%K%P
「连我都兴奋起来了……！！」%K%P
「あぁっ！！？　ダ、ダメっ、いま激しくされたら――」%K%P
「啊啊！！？不、不行，现在这么激烈的话——」%K%P
腰を溜めたのを察して止めようとする。\nでも、やっぱり清佳ちゃんは止まらなくて――%K%P
我察觉到清佳准备用力，打算阻止她。\n但是，清佳果然还是没有停下来——%K%P
「あひぃあああああっっ！！？　あはぁあんっ！！\n　あぁっ！！　あっ、あっ、ああぁぁっっ～～！！」%K%P
「啊咿啊啊啊啊啊！！？啊哈啊啊嗯！！\n　啊啊！！啊、啊、啊啊啊啊～～！！」%K%P
お、お尻が焼けるぅっっ！！\n激ひっ……！！　ズボズボしゅごいっ……！！%K%P
屁、屁股要烧起来了！！\n好激烈……！！抽插好激烈……！！%K%P
ギュウギュウに締めた肛門が無理やりこじ開けられてっ！\n身体の内側から、あああっ、えぐられてっっ……！！%K%P
被强行撬开紧缩的肛门！\n身体内侧被掏挖着……！！%K%P
なのに、気持ちいいっっ！！\nおちんちんズボズボされるの気持ちいいよぉ……！！%K%P
但是，好舒服！！\n被肉棒插着好舒服啊……！！%K%P
「はぁはぁ、春樹くんの言う通りだわ……！！」%K%P
「呼、呼，春树说得没错……！！」%K%P
「優しくしようと思ってるのに、はぁはぁっ！\n　蛍のエッチな声聞いてたら、もうっ……！！」%K%P
「我明明想温柔一点的，呼哈呼哈！\n可是听到小萤色色的声音，我就……！！」%K%P
「んひぃんっ！！　あはぁんっ！！\n　あっ、はぁっ、あぁぁっっ！！」%K%P
「嗯咿嗯！！啊哈嗯！！\n啊、哈啊、啊啊啊！！」%K%P
グラグラとゴンドラが揺れるほど、\n清佳ちゃんが勢いよくピストンしてくる。%K%P
清佳猛烈地活塞运动，让车厢摇晃得厉害。%K%P
どんどん窓に押しつけられていってっ……！！\nああああっっ！！　より奥に入ってくるぅっっ……！！%K%P
越来越往窗户上挤了……！！\n啊啊啊啊！！挤得更里面了……！！%K%P
「ダ、ダメぇっ、もっとゆっくりっ、あああっ、\n　ゆっくりしてぇっっ……！！」%K%P
「不、不行，再慢一点，啊啊啊，再慢一点……！！」%K%P
「バ、バレちゃうっ！！　外の人に、あっ、あっ！！\n　ホントにバレちゃうっっ……！！」%K%P
「要、要被发现了！！外面的人，啊、啊！！\n真的要被发现了……！！」%K%P
「こんなにゴンドラ揺らしてたら、ふぁあああっっ！！\n　みんな見ちゃうってばぁっっ……！！！」%K%P
「摇晃得这么厉害，呼啊啊啊啊！！\n大家都会看到啦……！！」%K%P
「もし見られても、はぁはぁっ、大丈夫よっ……！！\n　降りる前に男の服に着替えれば別人だと思われるしっ！」%K%P
「就算被看到，呼呼，也没关系……！！\n只要在下楼前换上男装，别人就会以为是别人了！」%K%P
「そんなに上手くいかな――あっ、あっ、あっ、んぁ！！」%K%P
「哪有那么顺利——啊、啊、啊、嗯啊！！」%K%P
「蛍こそっ、はぁはぁっ、さっきより大声で\n　喘いでるじゃないっ。本当は見られたいんじゃないの？」%K%P
「萤才是呢，呼呼，你喘得比刚才还大声呢。其实你很想被看见吧？」%K%P
「ち、ちがっ、これは――あひぃいんっっ！！\n　おちんちんがぁ、ああ、気持ち良すぎてっ……！！」%K%P
「不、不是的，这是——啊咿咿咿咿！！\n小鸡鸡，啊啊，太舒服了……！！」%K%P
「我慢できなっ、あはぁんっ、あぁぁああっっ！！\n　エッチな声、んぁ、ふぁああ、勝手に出ちゃ……！！」%K%P
「我忍不住了！啊哈啊！啊啊啊啊啊！！\n色色的声音，嗯啊！呼啊啊啊，自己跑出来了……！！」%K%P
ズボズボされるのって、ああああっっ、\nこんなに気持ち良かったんだっ……！！%K%P
原来被插来插去是这么舒服的事……！！%K%P
お尻の中、蹂躙されてるだけなのにっ、\n身体中がビクビクして、頭の中へんになってぇ……！！%K%P
明明只是被蹂躏着屁股里面而已……\n身体却一颤一颤的，脑袋也变得一片空白……！！%K%P
「ゴンドラの揺れより、はぁはぁっ！！\n　蛍の声の方がよっぽど目立つわよっ？」%K%P
「比起缆车的摇晃，啊啊！！\n　萤的声音还更引人注目呢？」%K%P
「そのまま喘ぎ続けたら、絶対バレちゃうわ……！！」%K%P
「要是继续这样喘，绝对会被发现的……！！」%K%P
「わかってるっ、わかってるけどぉっっ……！！」%K%P
「我知道！虽然我知道……！！」%K%P
必死に声を押し殺そうとしながら、\n地上を、眼下のゴンドラを見やる。%K%P
我拼命地压低声音，望向地面，望向下方的缆车。%K%P
はぁはぁ、あ、あの女の人、\nなんだか不思議そうに顔を振ってっ……！！%K%P
呼、呼……那个女人……\n好像一脸不可思议地转过头来……！！%K%P
き、気づかれかけてるっ……！！\n変な声聞こえるって思われちゃってるっ……！！%K%P
她、她快发现了……！！\n她发现我发出了奇怪的声音……！！%K%P
「あっ――あぁあんっ！！　あはぁあああんっ！！」%K%P
「啊——啊啊啊嗯！！啊哈啊啊啊啊嗯！！」%K%P
～～っっ！！　どうしてわたし、大声で喘いでっ……！？%K%P
～～！！为什么我会发出这么大的声音……！？%K%P
バ、バレそうなのにっ、あっ、あっ、あっ！！\nエッチしてるところ、見られそうなのにぃっ……！！%K%P
明、明明就快被发现了，啊，啊，啊！！\n明明就快被看到做爱的样子了……！！%K%P
「んはぁんっ！！　あはぁっ！！　あっ、んっ、あっ！！」%K%P
「嗯哈啊！！啊哈啊！！啊、嗯、啊！！」%K%P
ダメっ、ダメダメダメっっ！！\n首上げてるっ、振り返られたらバレるぅぅっっ！！%K%P
不行，不行不行不行！！\n她抬起了头，要是她转过身来，一切就穿帮了！！%K%P
あぁ、もう無理っ、振り向くっ……！！\nあの人、振り向いちゃっ、ああっ、見るっ、見られる――%K%P
啊啊，不行了，我要转过头了……！！\n那个人要转过头了，啊啊，要看到了，要被看到了——%K%P
「くっ――はぁあああああああんんんっっ～～！！！」%K%P
「呜——哈啊啊啊啊啊啊啊啊嗯嗯嗯～～！！！」%K%P
女性と目が合った瞬間――\nとてつもない快感が身体中に押し寄せた。%K%P
和女性对上眼的瞬间——\n一股强烈的快感涌上全身。%K%P
蕩けた顔で窓におっぱいを押しつけながら、\nわたしは目を見開いた女性の顔を見つめてしまっていた。%K%P
我用陶醉的表情将胸部压在窗户上，同时凝视着女性瞪大眼睛的脸庞。%K%P
キ、キモチイイ……！！%K%P
好、好舒服……！！%K%P
「あぁんっ、あはぁっ、んはぁっ、あぁっ……！！\n　もっと、あはぁ、もっと突いてぇっ……！！」%K%P
「啊啊嗯、啊哈啊、嗯哈啊、啊啊……！！\n再用力一点、啊哈啊、再用力一点……！！」%K%P
「わたしのお尻っ、あぁ、ぶっといおちんちんで\n　ズボズボしてぇっっ……！！」%K%P
「用那根又粗又大的鸡鸡，插进我的屁屁……！！」%K%P
頭の回路が焼き切れて、おねだりまでしてしまう。\nこのキモチイイの、もっと感じたいっ……！！%K%P
大脑回路烧断，甚至开始撒娇。\n好想继续感受这份快感……！！%K%P
「はぁはぁっ、蛍の変態っ……♪\n　でも、可愛いっ、今の蛍、すごく可愛いわ……！！」%K%P
「呼、呼，萤真是变态……♪\n不过，好可爱，现在的萤好可爱……！！」%K%P
「いいわよっ、心行くまで突いてあげる……！\n　私のおちんちんで、もっと変態にしてあげるから……！」%K%P
「好啊，我会让你爽到不行……！\n　我会用我的大鸡鸡，让你变得更变态……！」%K%P
「あはぁっ！！　あぁあんっ！！\n　あっ、はぁっ、んぁっ、ああぁぁあっっ～～！！」%K%P
「啊哈！！啊啊啊嗯！！\n　啊、哈啊、嗯啊、啊啊啊啊啊～～！！」%K%P
私の身体を浮き上がらせるほど強く、\n清佳ちゃんがわたしのおまんこを突き上げてくれる。%K%P
清佳用力地挺腰，几乎要将我的身体顶起来。\n她就这样顶着我的小穴。%K%P
あはぁっ、キモチイイっっ……！！\n立ってられないぃっっ……！！%K%P
啊哈啊，好舒服……！！\n我站不起来了……！！%K%P
「もっとぉっ、あっ、あっ、あっ！！\n　もっとしてっ、もっと突いてぇっっ……！！」%K%P
「再来、啊、啊、啊！！\n再来、再用力一点……！！」%K%P
ガクつく膝で立つのを諦めて窓に身体を完全に預ける。\n乳首が、あぁ、窓で擦れてキモチイイっ……！！%K%P
我放弃用颤抖的双腿站立，将身体完全靠在窗户上。\n乳头，啊啊，被窗户摩擦着好舒服……！！%K%P
イ、イっちゃいそうっっ……！！\nわたしのおちんちんも、あああっ、腫れ上がって……！！%K%P
要、要射了……！！\n我的小鸡鸡也，啊啊啊，肿起来了……！！%K%P
「蛍の顔っ、はぁはぁっ、物凄くえっちい……！！\n　写真に収めておきたいくらいっ……！！」%K%P
「萤的脸，呼呼，好色……！！\n　好想拍下来……！！」%K%P
「観覧車から降りた後っ、はぁはぁっ、\n　周りの人に尋ねてみようかしら……！\n　撮ってる人が、ふふ、いるかもしれないしっ……！」%K%P
「从摩天轮下来之后，呼、呼……\n　我来问问周围的人吧……！\n　说不定有人在拍照，呵呵……！」%K%P
「～～～～～～っっ！！！」%K%P
「～～～～～～！！！」%K%P
羞恥心を煽るような清佳ちゃんの言葉も\nもはやハッキリと快感に変換されてしまう。%K%P
清佳的话，已经能清楚地将羞耻心转换为快感。%K%P
わたしの痴態がこっそり撮られてるかと思うと――\nあぁあああんっ！！　もっと発情しちゃって……！！%K%P
一想到自己的痴态可能被偷拍——\n啊啊啊啊啊！！再发情一点……！！%K%P
「あぁっ、イくっ、んはぁああっ、イっちゃうっ……！！」%K%P
「啊啊、去了、嗯哈啊啊啊、要去了……！！」%K%P
「キモチイイっ、ああぁっ、恥ずかしいのも、\n　おちんちんもっ、あっ、あっ、お尻もぉ……！！」%K%P
「好舒服、啊啊啊、好害羞、鸡鸡、啊、啊、还有屁股……！！」%K%P
身体中が弾けそうっ……！！\nこんなの初めてっ……！！%K%P
身体仿佛要炸裂一般……！！\n我还是第一次有这种感觉……！！%K%P
「清佳ちゃんっ、もっと奥っ、奥突いてぇっっ……！！」%K%P
「清佳，再深一点，再顶深一点……！！」%K%P
「グリグリしてぇっ、わたしのお尻、あっ、あっ！！\n　かき回してっ、おちんちんで引っ掻いてぇっっ……！！」%K%P
「再用力一点，用力顶我的屁股，啊、啊！！\n再用力搅动，用你的肉棒用力搅动我的身体……！！」%K%P
「はぁはぁっ！！　か、可愛いっ、エッチぃ……！！」%K%P
「哈啊哈啊！！好、好可爱，好色……！！」%K%P
「あ゛ぁああっ！！　あ゛はぁっ、ああああっっ♪」%K%P
「啊啊啊啊！！啊哈、啊啊啊啊♪」%K%P
さっきの人、あはぁ、こっちチラチラ見てる……！！\nキモチイイっ、あぁ、もっと、もっと見てぇ……！！%K%P
刚才那个人，啊哈，一直在偷瞄我……！！\n好舒服，啊啊，再多看一点，再多看一点……！！%K%P
「あぁ、イくっ、んぁあああっ、イくイくイくぅぅ！！」%K%P
「啊啊，去了，嗯啊啊啊啊，去了去了去了！！」%K%P
「み、見られてるのにっ、ああああっっ！！\n　エッチな声聞かれてるのにっ、あっ、あっ！！」%K%P
「要、要被看见了，啊啊啊啊！！要被听见了，啊、啊！！」%K%P
「わたしっ、あはっ、あはぁっ、あははぁっっ！！\n　わたしぃぃっっ……！！！」%K%P
「我、啊哈、啊哈、啊哈哈！！\n我……！！！」%K%P
そして――ガタンとゴンドラが動き始めた、\nその瞬間だった。%K%P
然后——就在车厢开始移动的瞬间。%K%P
「イ゛っ――くぅぅぅぅんんんんんんっっ～～！！！！」%K%P
「咿——呀啊啊啊啊啊啊啊啊啊啊啊～～！！！！」%K%P
これまで出したこともない量の精液が\nスカートの中でぶちまけられる。%K%P
至今为止从未射出过的大量精液，在裙子中喷洒而出。%K%P
そのあまりの精液量にたちまちスカートから\n精子が垂れ落ちて、ショーツや太ももを淫らに濡らした。%K%P
大量的精液从裙子里流了出来，内裤和大腿都被精液给染湿了。%K%P
「はぁ、はぁ、はぁ……♪　キ、キモチイイ……♪」%K%P
「呼、呼、呼……♪好、好舒服……♪」%K%P
お尻でイって、おちんちんでもイって、\n二つのオーガニズムを同時に感じて。%K%P
屁股高潮，鸡巴也高潮，同时感受两种快感。%K%P
頭の中、はぁはぁ、もうトロトロ……♪\nこ、こんなにキモチイイの初めてぇ……♪%K%P
脑子里，已经一片混乱……♪\n这、这么舒服的感觉，还是第一次……♪%K%P
「想像以上に、はぁはぁ、乱れてくれて……。\n　私もめちゃくちゃ興奮しちゃった……」%K%P
「你比我想象的还要……哈啊哈啊……淫乱……我也兴奋得不得了……」%K%P
「でも大丈夫かしら……。\n　蛍、戻ってこられそう……？」%K%P
「不过，没问题吗……？\n萤，能回来吗……？」%K%P
「はぁ、はぁ、はぁ……♪」%K%P
「呼、呼、呼……♪」%K%P
「……ヤリ過ぎたかも……」%K%P
「……好像做得太过火了……」%K%P
まだお尻の中がキュンキュンしてる。\nあはぁ、おちんちんもビクビクしてて……♪%K%P
我的小穴还在抽搐着。\n啊哈，肉棒也一跳一跳的……♪%K%P
このキモチイイの、ずっと感じていたい……♪%K%P
好想一直感受这种舒服的感觉……♪%K%P
