………………%K%P
………………%K%P
…………%K%P
…………%K%P
……%K%P
……%K%P
「はぁ……」%K%P
「唉……」%K%P
「やっぱりここにいたんだ？」%K%P
「你果然在这里啊？」%K%P
「あ……春樹くん」%K%P
「啊……春树。」%K%P
「お屋敷にいなかったからさ。\n　きっとここかなって」%K%P
「因为你不在家里，我想说你一定在这里。」%K%P
まだ人もまばらの早朝。\n彼女は公園のベンチに一人座っていた。%K%P
现在是人烟稀少的清晨。\n她独自坐在公园的长椅上。%K%P
「隣座っていい？」%K%P
「我可以坐你旁边吗？」%K%P
「ええ……」%K%P
「咦咦……」%K%P
突然現れた僕に戸惑った顔を浮かべながらも、\n清佳ちゃんが頷き返して隣にズレてくれる。%K%P
清佳虽然对突然出现的我露出困惑的表情，但还是点头回应，往旁边挪了挪。%K%P
「んしょ、と」%K%P
「嘿咻。」%K%P
朝の公園は空気がとても澄んでいて、\n夏場にもかかわらず少し肌寒い。%K%P
早晨的公园空气非常清新，尽管是夏天，却让人感到有些凉意。%K%P
けれど燦々と照りつける太陽が冷えた身体を\nほどよく温めてくれて、とても心地が良かった。%K%P
不过，灿烂的阳光恰到好处地温暖了冰冷的身体，感觉非常舒服。%K%P
「なんだかこうして一緒にベンチに座ってると、\n　小さい頃を思い出しちゃうね？」%K%P
「像这样一起坐在长椅上，会让人想起小时候对吧？」%K%P
「あの頃はいつもここで待ち合わせをしてたっけ。\n　先に来た方がベンチに座って待っててさ」%K%P
「那时候我们都是约在这里碰面，先到的人就坐在长椅上等。」%K%P
「……そうね。大抵、私が先に着いてたっけ。\n　蛍と遊ぶ時間が楽しみで楽しみで仕方なくて」%K%P
「……是啊。我通常都会先到，因为很期待和小萤一起玩。」%K%P
「蛍と遊んでいる時間だけは、\n　自分が楠家の娘だってことを忘れられたから」%K%P
「只有和萤一起玩的时候，大家才会忘记我是楠家的女儿。」%K%P
しんみりと清佳ちゃんが目を細める。%K%P
清佳感慨地眯起眼睛。%K%P
やはり昨日のことを気にしてるんだろう。%K%P
她果然很在意昨天的事吧。%K%P
お嬢様扱いを特に嫌う彼女だ。\n昨日の忖度は不本意でしかなかったはずだ。%K%P
她特别讨厌被当成千金小姐对待，昨天的揣测应该只是不得已的。%K%P
どうにか励ましてあげたい。\nでも言葉を重ねたところでは気は晴れたりしないだろう。%K%P
我想设法鼓励她，但就算说了再多，她的心情也不会好转吧。%K%P
「ならさ」%K%P
「既然如此……」%K%P
「ひゃっ！？」%K%P
「呀！？」%K%P
彼女の手を引いて立ち上がる。%K%P
我拉着她的手站了起来。%K%P
「今から遊ぼうよ。\n　せっかく公園にいるんだし――ねっ？」%K%P
「现在就去玩吧。\n难得都来到公园了——对吧？」%K%P
「春樹くん……」%K%P
「春树……」%K%P
「ええ。遊びましょっ……！」%K%P
「是啊。我们来玩吧……！」%K%P
早朝の――誰もいない公園を独占して、\n二人で子供のようにはしゃぎ回る。%K%P
我们独占了清晨的——空无一人的公园，像小孩子一样嬉闹。%K%P
「わぁ……！　早いっ、高いっ……！\n　相変わらずブランコ上手ねっ……！」%K%P
「哇……！好快、好高……！你荡秋千的技术还是一样好呢……！」%K%P
「ふふっ、もっと早く、もっと高くできるよっ？\n　そらっ――！！」%K%P
「呵呵，我可以荡得更快、更高哦？\n看招——！！」%K%P
「きゃっ！！　もう、張り切りすぎよっ。\n　ズドンって来たわよ、今……！」%K%P
「呀！！真是的，你太拼了啦！\n刚刚那一下，好痛哦……！」%K%P
「あははっ」%K%P
「啊哈哈！」%K%P
子供の時もこんな風にブランコに乗ったなぁ。%K%P
小时候我也像这样荡过秋千呢。%K%P
僕がめいっぱい立ちこぎすると、\nこうして清佳ちゃんに怒られちゃったっけ。%K%P
我拼命地站起来，结果就这样被清佳骂了。%K%P
「ん、しょ。よいっしょ――っと。\n　ジャングルジムなんてのぼるの何年ぶりかしら」%K%P
「嘿咻。嘿咻——\n我有几年没爬过攀登架了呢？」%K%P
「ま、待って清佳ちゃん。僕が先にのぼるから」%K%P
「等、等一下，清佳。我先上去。」%K%P
「ダーメ。これは勝負なんだから。\n　あの頃みたいに先に頂上へ着いた方の勝ちよ！」%K%P
「不～行。这是比赛。\n跟那个时候一样，先到山顶的人赢！」%K%P
「これだけは、ふふん。蛍に負けたことなかったし！\n　悔しいなら私より早くのぼってみなさい」%K%P
「只有这个，哼哼，我可没输给萤过！\n　不甘心的话就爬得比我快啊。」%K%P
「ま……まぁ、清佳ちゃんがそう言うなら……」%K%P
「好……好吧，既然清佳都这么说了……」%K%P
「何よ、変に熱っぽい声出して――……っっ！？\n　ま、待って、あなた下からパンツ覗いてないっ！？」%K%P
「干嘛啦，干嘛发出那种声音——……！？\n等、等一下，你是不是在偷看我的内裤！？」%K%P
「～～っっ！！　ののの、覗いてないよ！！\n　覗くわけないじゃないっ……！！」%K%P
「～～！我我我、我才没有偷看！！\n　我怎么可能偷看……！！」%K%P
「バッチリ覗いてるじゃないっ……！！\n　――ハっ！　もしかして小さい頃もそうやって――」%K%P
「你不是看得一清二楚吗……！！\n——啊！难道你小时候也这样——」%K%P
「ししし、してない！！　してないからっ！！」%K%P
「没没没、没有！！真的没有！！」%K%P
「……あの頃は女の子同士だと思っていたから\n　気にしてなかったけど、そんなスケベな目で見てたのね」%K%P
「……那时候我以为我们都是女孩子，所以没放在心上，原来你一直用色色的眼光看我啊。」%K%P
「ご、誤解だってばぁ……！！」%K%P
「就、就说你误会了……！」%K%P
と――過去の罪を明らかにされちゃったり。%K%P
——过去的罪行被揭发。%K%P
「ん、もう少し……！」%K%P
「嗯，再一下下……！」%K%P
「ゆっくり……！　ゆっくりよ？\n　急ぐと崩れちゃうから……！」%K%P
「慢慢来……！慢慢来哦？\n　太急的话会垮掉的……！」%K%P
「う、うんっ……！！」%K%P
「嗯、嗯……！！」%K%P
砂場でお城を作ってトンネルを開通させる。\n慎重に、慎重に掘り進めていって――%K%P
我们在沙坑里堆城堡，挖隧道。\n小心翼翼地、小心翼翼地挖着——%K%P
「――あっ。ふふ、繋がった……」%K%P
「——啊！呵呵，连上了……」%K%P
砂の壁の向こうから、\n温かくてスベスベな清佳ちゃんの手の平が触れてくる。%K%P
清佳温暖又滑嫩的手掌，从沙墙的另一头碰触着我。%K%P
どちらともなく手を繋いで、無邪気に微笑みあった。%K%P
两人自然而然地牵起手，露出天真无邪的微笑。%K%P
「えへへ、楽しい……。\n　ホントに子供の頃に戻ったみたい……」%K%P
「欸嘿嘿，好开心……\n真的好像回到小时候一样……」%K%P
「そうだね。あの頃は毎日こんな風に\n　たくさんたくさん遊んでたっけ」%K%P
「是啊。那时候我们每天都会像这样玩个过瘾。」%K%P
「ええ。蛍が毎日違う遊びを教えてくれて。\n　何も知らなかった私に楽しいことを\n　たくさんたくさん教えてくれて……」%K%P
「是的。萤每天教我不同的游戏。\n她教了我许多许多事，让原本一无所知的我感到很快乐……」%K%P
「本当に夢のような時間だった。\n　時間も立場も忘れて、はしゃぎ回ってたわ」%K%P
「那段时间真的就像在作梦一样。\n我们忘记时间、忘记立场，尽情地嬉闹。」%K%P
あの頃を懐かしむように清佳ちゃんが微笑む。%K%P
清佳怀念地微笑。%K%P
気づけば公園の時計は正午過ぎを指していて、\n公園にも小さな子供たちが増えてきていた。%K%P
回过神来，公园的时钟已经指向正午过后，公园里多了许多小朋友。%K%P
「なら、今日も新しいこと教えちゃおうかな」%K%P
「那么，今天也来教你新东西吧。」%K%P
「え？」%K%P
「咦？」%K%P
「まだまだ遊び足りないでしょ？\n　今度は子供の遊びじゃなくて、\n　今の僕たちにあった遊びを教えてあげるっ」%K%P
「你们还没玩够吧？\n这次不是小孩子的游戏，\n而是适合现在的我们的游戏哦！」%K%P
「春樹くん……」%K%P
「春树……」%K%P
「行こう、清佳ちゃん。\n　夏休みなんだし、遊ばなくちゃ勿体ないよ！」%K%P
「走吧，清佳。\n现在是暑假，不好好玩一玩就太可惜了！」%K%P
「……ふふ。本当にあなたは、\n　今も昔も変わらないんだから……」%K%P
「……呵呵，你真的……从以前到现在都没变呢……」%K%P
清佳ちゃんが嬉しそうに笑ってくれる。\nやっぱり彼女は笑っている方がずっと可愛い。%K%P
清佳开心地笑了。\n她果然还是笑起来比较可爱。%K%P
「どこに連れて行ってくれるのっ？\n　言っておくけど相当ハードル上がっちゃってるからね？」%K%P
「你要带我去哪里？\n　我先说，难度可是会提高的哦？」%K%P
「ふふ、任せてよっ」%K%P
「呵呵，交给我吧！」%K%P
公園を飛び出して街へ繰り出す――%K%P
我冲出公园，来到街上——%K%P
子供の頃には行けなかったカラオケや\nボーリングをしたり、偶然やってた催し物を見たりした。%K%P
我们去唱了小时候没机会去的卡拉OK，打了保龄球，还碰巧看到有人在举办活动。%K%P
食べたことがないと言うからハンバーガー屋さんにも\n連れて行ってあげて。%K%P
既然没吃过，就带她去汉堡店吧。%K%P
あまりにも清佳ちゃんの食べ方が上品すぎて、\n逆に笑っちゃったりもして。%K%P
清佳的吃相实在太优雅了，反而让我忍不住笑了出来。%K%P
その後はショッピングに興じた。\nお互いに似合いそうな服を選んで試着して。%K%P
之后，我们兴高采烈地去购物，挑选适合彼此的衣服试穿。%K%P
女物の服を渡された時は困ったけれど、\n僕もお返しに彼女が普段着なさそうな服を選んであげた。%K%P
她拿女性衣物给我时，我虽然很困扰，但为了回礼，我也帮她挑了件平常不会穿的衣服。%K%P
そうやって笑顔で溢れる時間を過ごし続けて――%K%P
就这样，我们度过了充满欢笑的时光——%K%P
気づけば空は青色からオレンジ色に変わっていて――%K%P
回过神来，天空已经从蓝色转为橘色——%K%P
「早く早く。暗くなるとせっかくのお花が\n　何も見えなくなっちゃうわ」%K%P
「快点快点。天色暗下来的话，就看不到这些难得的花了。」%K%P
「そんなに急がなくても大丈夫だってば。\n　お花踏んづけちゃうから……！」%K%P
「不用那么急啦，会踩到花的……！」%K%P
最初は僕が引いていた手も、\nいつの間にか清佳ちゃんに引かれていた。%K%P
原本由我拉着的手，不知何时也换成了清佳。%K%P
昨日まではそれを男らしくないなって\n焦ったりもしたけれど、今はこれでいいと思える。%K%P
直到昨天为止，我还会焦急地觉得这样不像个男人，但现在觉得这样就好。%K%P
清佳ちゃんがこうして笑顔で笑ってくれることこそが\n僕の幸せで、望みなんだから。%K%P
清佳能像这样对我露出笑容，对我来说就是幸福，也是我的愿望。%K%P
「んしょ、と。ふふ、何度見ても綺麗な場所……。\n　心が洗われる気がする……」%K%P
「嘿咻。呵呵，不管看几次都觉得这个地方好漂亮……\n感觉心灵都受到洗涤了……」%K%P
「そうだね。ずっとこの花の香りに\n　身を任せたくなっちゃう……」%K%P
「是啊。会让人想一直沉浸在花香里……」%K%P
適当なところに腰を下ろして、\n咲き誇る花々を肩を寄せ合いながら眺める。%K%P
我们随便找了个地方坐下，肩并肩欣赏着盛开的花朵。%K%P
すると清佳ちゃんがポツリと呟いてきた。%K%P
这时，清佳喃喃说道：%K%P
「今日はありがとう。\n　私を励まそうとしてくれたのよね？」%K%P
「今天谢谢你。\n你是为了鼓励我才来的吧？」%K%P
「そんなつもりじゃないよ。\n　僕が清佳ちゃんと遊びたかっただけだから」%K%P
「我没有那个意思哦。\n我只是想和清佳玩而已。」%K%P
「ふふ。格好付けちゃって」%K%P
「呵呵，你真爱耍帅。」%K%P
おかしそうに微笑むと、\n清佳ちゃんは大きく息をはいた。%K%P
清佳露出开心的微笑，然后大大地叹了一口气。%K%P
そして行儀悪く手足を投げ出して、\n花畑に寝転がる。%K%P
接着，她很没规矩地伸长手脚，躺在花田上。%K%P
「ああもう、資産家の家に生まれるのって最悪。\n　どこに行っても無駄に媚びを売られるもの」%K%P
「啊啊，真是的，生在资产家的家庭最糟糕了。\n不管去哪都会被无谓地奉承。」%K%P
「会う人会う人、私じゃなくて楠家にしか興味ないし。\n　隙あらば私を利用しようとするし」%K%P
「我遇到的每个人，都只对楠家有兴趣，一有机会就想利用我。」%K%P
「コンクールやコンテストに出ようものなら、\n　どんなに下手を打っても優勝させられちゃうしね。\n　はぁ。出来レースばっかりで嫌になっちゃう」%K%P
「如果参加比赛，不管我表现得再差，都会被逼着得冠军。\n唉，尽是这种内定的比赛，真讨厌。」%K%P
「清佳ちゃん……」%K%P
「清佳……」%K%P
清佳ちゃんの愚痴なんて初めて聞いたかもしれない。%K%P
这可能是我第一次听到清佳抱怨。%K%P
嬉しいな。愚痴を聞かせてくれることが本当に嬉しい。\n僕を信頼してくれている証拠だもん。%K%P
真开心。她愿意对我吐苦水，真的让我很开心。\n因为这是她信任我的证据。%K%P
「ごめんね、巻き込んじゃって。\n　きっと明日の決勝戦も優勝よ。\n　他の参加者たちにも申し訳ないわ」%K%P
「对不起，把你卷进来了。\n明天的决赛一定也会优胜的。\n对其他参赛者也很不好意思。」%K%P
「清佳ちゃんが嫌なら参加しなくてもいいんだよ？」%K%P
「如果清佳你不愿意，不参加也没关系哦。」%K%P
「ダメよ。千鶴さんにも、依頼してくれた\n　ブライダルハウスさんにも悪いし」%K%P
「不行。这样对千鹤小姐，还有委托我们的婚纱公司，都很不好意思。」%K%P
「わかってるから。こうなった以上、\n　どうしようもないって。いつものことだし」%K%P
「我知道。既然事情变成这样，我也无能为力。反正每次都是这样。」%K%P
「ちょっぴり弱音をはきたかっただけ。\n　あなたにしか……こんなこと言えないから」%K%P
「我只是想稍微说些丧气话而已。\n因为……我只能对你这么说。」%K%P
清佳ちゃんが起き上がって僕の肩に頭を乗せてくる。\n身体についた花の香りの甘い匂いが香ってきた。%K%P
清佳坐起身，把头靠在我的肩膀上。\n沾在她身上的花香，甜美的香气扑鼻而来。%K%P
「おかげでちょっとスッキリした」%K%P
「多亏了你，我稍微舒坦一点了。」%K%P
「嬉しかったわ。一人で公園のベンチで落ち込んでた時、\n　颯爽と現れてくれて……」%K%P
「我很高兴哦。当我一个人在公园的长椅上沮丧时，你潇洒地现身……」%K%P
「あなたと初めて出会った時のこと、思い出した。\n　私を孤独から救ってくれた、あの日のことを」%K%P
「我想起第一次遇见你的时候，你从孤独中拯救了我。」%K%P
「いつもあなたは救ってくれるのね。\n　私が苦しい時に、いつも傍にいてくれる」%K%P
「你总是会拯救我呢。\n在我痛苦的时候，你总是会陪在我身边。」%K%P
「とっても格好いいわ。大好き……」%K%P
「你看起来好帅哦。我最喜欢你了……」%K%P
僕の肩の上でスリスリと清佳ちゃんが\n頭を転がせる。その甘えるような仕草が嬉しかった。%K%P
清佳在我的肩膀上滚动着头。她撒娇的动作让我很开心。%K%P
「愚痴を聞いてくれてありがとう。\n　一日連れ回してくれてありがとう」%K%P
「谢谢你听我抱怨。\n谢谢你带我到处逛了一整天。」%K%P
「そうよね。私はもう一人で落ち込む必要も、\n　孤独を寂しがる必要もないんだった」%K%P
「说得也是。我再也不需要一个人沮丧，也不需要为孤独感到寂寞了。」%K%P
「私を心から愛してくれている恋人が傍にいるんだもの」%K%P
「因为我身边有个打从心底爱着我的恋人。」%K%P
胸の内にあるモヤモヤを吐き出すように、\n清佳ちゃんがもう一度大きく息をつく。%K%P
清佳像是要将胸中的郁闷吐出似地，再次大口吐气。%K%P
気が晴れたようで、でも少し疲れているような、\n彼女らしくない表情をしていた。%K%P
她看起来像是心情舒畅，但又有点疲惫，露出不像她会有的表情。%K%P
話をしたり遊んだりして楽になったのは確かだけど、\nきっとモヤモヤした気持ちは抜けきってないんだろう。%K%P
虽然说，和她聊天和玩耍确实让她轻松了不少，但是，那种烦闷的心情肯定还是没有完全消失吧。%K%P
「清佳ちゃんはさ」%K%P
「清佳你啊……」%K%P
「うん？」%K%P
「嗯？」%K%P
「清佳ちゃんは他の参加者さんに申し訳なく\n　思ってるんだよね？　コンテストが出来レースに\n　なっちゃったから」%K%P
「清佳，你对其他参赛者感到很抱歉吧？因为比赛变成\n　一场走过场的活动。」%K%P
「そうね。そう言ってるじゃない」%K%P
「对啊，我不是说了吗？」%K%P
「なら出来レースにしなければいいんじゃないかな？」%K%P
「那只要不打假赛不就好了？」%K%P
「それも無理よ。私が……うん。\n　楠グループの娘である以上は」%K%P
「那也不行。我……嗯。\n既然身为楠集团的女儿……」%K%P
「ううん、できる。簡単なことだよ」%K%P
「不，可以。这很简单。」%K%P
「え？」%K%P
「咦？」%K%P
「僕たちが優勝すればいいんだ。\n　本当の意味で優勝を勝ち取ればいいんだよ」%K%P
「只要我们获得优胜就行了。\n只要在真正的意义上赢得优胜就行了。」%K%P
「他の参加者さんも、審査員も、観客も、\n　満場一致で僕たちが優勝だって――\n　そう思わせるような結婚式にすればいいんだよ」%K%P
「只要办一场让其他参赛者、评审、观众都一致认为我们是冠军的婚礼就行了。」%K%P
「あ……」%K%P
「啊……」%K%P
僕の言葉を聞いて、清佳ちゃんがハっとする。%K%P
听到我的话，清佳恍然大悟。%K%P
「確かに予選を通過したのは清佳ちゃんへの\n　忖度があったからかもしれない」%K%P
「确实是因为顾虑到清佳，我们才通过预赛的。」%K%P
「でも、だからこそ僕たちは納得させなくちゃ。\n　特例で予選を通過しただけの実力が、ううん」%K%P
「不过，正因为如此，我们才必须让其他人认同我们的实力。\n我们只是以特例通过预赛，不，应该说……」%K%P
「僕たちがブライダルの広告に相応しい、\n　幸せでラブラブなカップルだってことを」%K%P
「我们是适合拍婚纱广告的幸福恩爱情侣。」%K%P
隣にいる最愛の人に微笑みかける。%K%P
我对身旁最爱的人露出微笑。%K%P
彼女が傍にいるだけでこんなにも胸がときめくんだ。\nこの高鳴りをたくさんの人に届けたい。%K%P
光是她待在身边，就让我心跳加速。\n我想把这份悸动传达给更多人。%K%P
愛する人と一緒になることは\nとてつもなく幸せで嬉しいことなんだって伝えたい。%K%P
我想告诉他们，和心爱的人在一起是一件无比幸福、快乐的事情。%K%P
「正々堂々、優勝しよう？\n　僕も予選のリベンジしたいからさ」%K%P
「堂堂正正地赢得优胜吧？\n我也想在决赛中雪耻。」%K%P
「僕たちのラブパワーなら、きっとできるよ」%K%P
「凭我们的爱的力量，一定可以的。」%K%P
「春樹くん……」%K%P
「春树……」%K%P
「そうね……その通りだわ。\n　ふふふ、あなたの言う通りよっ！」%K%P
「是啊……你说得没错。\n呵呵呵，你说得对！」%K%P
「わわっ！」%K%P
「哇哇！」%K%P
清佳ちゃんが花のような笑顔を浮かべて、\n僕を花畑に押し倒しながら抱きついてくる。%K%P
清佳露出如花般的笑容，将我推倒在花田中，紧紧抱住我。%K%P
「私ったら何を悩んでいたのかしら……！\n　出来レース関係なく私たちが一番に決まってるのに！」%K%P
「我真是的，到底在烦恼什么啊……！\n　不管比赛有没有被操纵，我们都是第一名啊！」%K%P
「ありがとう、春樹くん！\n　おかげで目が覚めたわ、最高にすっきりしたっ！」%K%P
「谢谢你，春树！\n多亏你，我清醒了，感觉超爽快的！」%K%P
「な、なら良かった」%K%P
「那、那就好。」%K%P
清佳ちゃんに思いきり抱きしめられて、\nついついその体温にドキドキしてしまう。%K%P
清佳紧紧地抱住我，她的体温让我心跳加速。%K%P
「俄然やる気が湧いてきたわ……！\n　最高の結婚式を見せてあげましょっ？」%K%P
「我突然涌出干劲了……！\n　就让她们见识最棒的婚礼吧？」%K%P
「私たちが羨ましくなってつい結婚したくなるような\n　ラブラブで幸せいっぱいの披露宴をするのっ！」%K%P
「我们要办一场恩爱又幸福的婚宴，让他们羡慕得忍不住想结婚！」%K%P
「ん゛んっ～～……！！」%K%P
「嗯嗯～～……！！」%K%P
悪戯を思いついた子供のようにはしゃぎながら、\n清佳ちゃんがめいっぱい唇を押しつけてきてくれる。%K%P
清佳像个想到恶作剧点子的孩子般，兴奋地将嘴唇压了上来。%K%P
げ、元気になってくれたのは嬉しいけど、\nこんなことされたら僕のアレも元気に――%K%P
虽然她能打起精神是件好事，但是被她这么一抱，我的那个也会变得很有精神——%K%P
「あ……ふふ。おっきくなってる。\n　さっきまであんなに格好良く励ましてくれてたのに」%K%P
「啊……呵呵。你变大了呢。\n明明刚才还那么帅气地鼓励我。」%K%P
「き、清佳ちゃんが抱きしめてきたり、\n　キスしてきたりするからだよ……！」%K%P
「因、因为清佳会主动抱过来，还亲我啊……！」%K%P
「あはは、それだけでこーんなに硬くしちゃうんだ？\n　本当に私のこと、大好きなのね？」%K%P
「啊哈哈，只是这样就硬成这样了？\n你真的很喜欢我呢。」%K%P
「俄然ヤる気が湧いてきちゃう」%K%P
「突然涌起干劲了。」%K%P
「さっきと言葉のニュアンスが違っ――ひぃあ！？」%K%P
「语气跟刚才不一样——咿呀！？」%K%P
「こーら暴れないの。服、脱がせられないでしょ？」%K%P
「喂，不要乱动。这样我没办法帮你脱衣服吧？」%K%P
「むしろどうして脱がそうとしてるのさ！？」%K%P
「你干嘛脱我衣服啊！？」%K%P
「そんなのエッチするために決まってるじゃない。\n　私も脱いじゃおっと」%K%P
「当然是为了做爱啊。\n我也脱吧。」%K%P
清佳ちゃんが幸せそうな笑顔を浮かべたまま、\n恥ずかしげもなく服を脱ぎ始める。%K%P
清佳脸上浮现幸福的笑容，毫不害羞地开始脱衣服。%K%P
「わぁ……。なんだかすっごく開放的……。\n　ちょっぴりイケナイことしてる気がしてくるけど」%K%P
「哇……感觉好开放哦……\n虽然好像在做什么有点糟糕的事。」%K%P
「～～っっ！？　ぬ、脱ぎすぎだってば……！！\n　誰か来たらどうするのっ……！？」%K%P
「～～！？你、你脱太多了啦……！！\n要是有人来了怎么办……！？」%K%P
「来ないってば。それよりほら、あなたも早く脱いで？\n　いま私ね？　とーっても身体が熱いの……」%K%P
「就说不会来了。别说这个了，你也快点脱吧？\n我现在啊，身体非常热……」%K%P
「ムラムラしてるだけじゃない。\n　どうしようもなくあなたが愛おしくて……」%K%P
「不只是欲火焚身而已。\n　我对你爱得无可自拔……」%K%P
「素肌と素肌を触れ合わせて……えへへ。\n　愛する人と一つになりたいって思ってる」%K%P
「肌肤与肌肤的接触……欸嘿嘿。\n我想和心爱的人合而为一。」%K%P
「愛する人と一つに……」%K%P
「和心爱的人合而为一……」%K%P
「ええ。この気持ちがあれば絶対に優勝できるわ。\n　今度こそ私たちのラブラブっぷりを\n　見せつけてあげましょ？」%K%P
「是啊。只要有这份心意，就绝对能获得优胜。\n这次就让大家看看我们恩爱的模样吧？」%K%P
「でもその前に……えへへ。\n　あなたのぬくもりをいっぱい感じたい」%K%P
「不过在那之前……嘿嘿嘿。\n　我想先好好感受你的体温。」%K%P
清佳ちゃんがそっと僕の服を脱がしてくる。\nもはや僕も抵抗はしなかった。%K%P
清佳轻轻脱下我的衣服。\n我已经放弃抵抗了。%K%P
そしてお互いに生まれたままの姿になって抱きしめ合う。%K%P
然后，两人以一丝不挂的姿态紧紧相拥。%K%P
「ん……あったかい。落ち着く……。\n　それ以上に胸がドキドキして……」%K%P
「嗯……好温暖。好平静……\n不过，心跳得更快了……」%K%P
「う、うん。こんな場所で裸で抱き合ってると\n　思うと恥ずかしいけど……」%K%P
「嗯、嗯。一想到在这种地方裸体相拥，就觉得很难为情……」%K%P
だけど羞恥心を感じる以上に幸福だった。%K%P
但是比起羞耻心，我更感到幸福。%K%P
彼女のぬくもりが、素肌の感触が、心音が、\n直に伝わってきて。溶け合っていって。%K%P
她的体温、肌肤的触感、心跳声，全都直接传了过来，彼此融合。%K%P
「ふふ。おちんちん、さっきよりも膨らんでる」%K%P
「呵呵。鸡鸡比刚才还大了。」%K%P
「じっとしてて？　気持ち良くしてあげるから」%K%P
「不要乱动哦？我来帮你弄舒服。」%K%P
すると清佳ちゃんは\nおもむろに僕の股間に身体を乗せて――%K%P
清佳缓缓地将身体压在我的胯间——%K%P
