………………%K%P
………………%K%P
…………%K%P
…………%K%P
……%K%P
……%K%P
そして翌日――%K%P
然后到了隔天——%K%P
「なんだか緊張してきた……」%K%P
「总觉得开始紧张了……」%K%P
調理室に入るのが億劫だ。\n思い出すのは昨日の清佳ちゃんの反応――%K%P
我实在不想进入厨房。\n昨天清佳的反应——%K%P
いやまさか。まさかだよね……。%K%P
不，不会吧。应该不会吧……%K%P
「あ……」%K%P
「啊……」%K%P
「お、おはよう」%K%P
「早、早安。」%K%P
「え、ええ。おはよう……」%K%P
「嗯、嗯。早安……」%K%P
僕の顔を見た途端、ちょっぴり清佳ちゃんが\n気まずそうな顔をした。%K%P
一看到我的脸，清佳的表情就变得有点尴尬。%K%P
そして申し訳なさげに尋ねてくる。%K%P
然后一脸歉疚地问道：%K%P
「……調子はどう？　背中、大丈夫……？」%K%P
「……状况如何？背还好吗……？」%K%P
「うん。清佳さんのところのお医者さんのおかげかな。\n　もらったお薬を塗って寝たらすっかり良くなったよ」%K%P
「嗯，这都要归功于清佳小姐家的医生。\n我涂了他给的药后，一觉到天亮，现在已经完全康复了。」%K%P
「なら良いのだけど……。本当にごめんなさい。\n　私が無茶をしたせいで痛い思いをさせてしまって」%K%P
「那就好……真的很对不起，都是因为我太乱来，害你受苦了。」%K%P
「それと、ありがとう。庇ってくれて……」%K%P
「还有，谢谢你保护我……」%K%P
丁寧に頭を下げて、清佳ちゃんが\n謝罪とお礼をしてくれる。%K%P
清佳很有礼貌地低头，向我道歉和道谢。%K%P
「あ、このお礼は必ずするから。\n　私にできることなら何でも言ってちょうだい？」%K%P
「啊，我一定会报答你的。\n只要是我能办到的事，你尽管说吧？」%K%P
「いいよいいよ、気にしないで？\n　背中の火傷は、えと。シェフの誇りだって言うし！」%K%P
「没关系没关系，你别在意哦？\n背上烫伤，呃，是厨师的骄傲！」%K%P
「蛍も言ってたわね、それ……。\n　調べても全然出てこなかったけれど……」%K%P
「萤也说过呢，那个……\n虽然我查了也完全找不到……」%K%P
「マ、マイナーな名言だから……！」%K%P
「这、这是冷门的名言啦……！」%K%P
うっ。やっぱり調べられてたんだ……！\nだからこそ僕の口からも言おうと思ったんだけど……！%K%P
呜！果然被调查过了……！\n所以我才想亲口说出来啊……！%K%P
「でも、何もしないわけにはいかないわ。\n　危ないところを助けられたのに恩返ししないなんて\n　楠グループの娘としても格好が付かないもの」%K%P
「不过，我不能什么都不做。\n在危急时受到帮助，却没报答这份恩情\n身为楠集团的女儿，这样太不像样了。」%K%P
「何か困ったことがあったり悩み事があれば教えて？\n　私の持つ権力全てを使って、全力でサポートするから」%K%P
「如果有什么困扰或烦恼，可以告诉我吗？\n我会用我拥有的权力，全力协助你。」%K%P
「それはそれで大変なことになりそうな……。\n　でも、うん。じゃあ何かあったらお願いするね？」%K%P
「那样好像也很麻烦……\n不过，嗯。那如果有什么事就拜托你咯？」%K%P
「任せなさい」%K%P
「交给我吧。」%K%P
少しだけぎこちなさはあるものの、\n普段通りの様子で清佳ちゃんが微笑みかけてくれる。%K%P
虽然还是有些不自在，但清佳还是用一如往常的态度对我微笑。%K%P
変に意識されてるかも――なんて思っていたけど、\nどうやらそういうわけでもなさそうだ。%K%P
我本来以为，她会对我产生奇怪的意识，但是看来并不是这样。%K%P
「よーし。それじゃ始めよっか。\n　今日はケーキ作りを教えたらいいんだよね？」%K%P
「好，那就开始吧。\n今天教你做蛋糕就行了吧？」%K%P
「ええ。待ってる間に生クリームを\n　作ろうとはしてみたんだけど」%K%P
「是啊。在等待的时候，我试着做了鲜奶油。」%K%P
「中々難しいわね……。上手く泡立たなくて。\n　クリームもすぐにかたくなっちゃった」%K%P
「好难哦……没办法顺利起泡，奶油也很快就变硬了。」%K%P
「ああ、それは冷やしながら混ぜてないからだよ。\n　生クリームを作る時はまず――」%K%P
「啊，那是因为你没有一边冷却一边搅拌的关系。\n制作鲜奶油时，首先——」%K%P
説明をするために清佳ちゃんの隣へ行こうとする。\nしかし――%K%P
为了说明，我走向清佳身边。\n但是——%K%P
ん……？%K%P
嗯……？%K%P
「清佳さん？」%K%P
「清佳？」%K%P
「な、何かしら」%K%P
「什、什么事？」%K%P
「何かしらって……」%K%P
「什么事……」%K%P
近づこうとすると距離を取られる。\n……気のせいじゃないよね？%K%P
我一靠近，她就拉开距离。\n……应该不是我的错觉吧？%K%P
確かめようと再び近づくと――%K%P
我为了确认而再次靠近——%K%P
「……どうして逃げるのさ」%K%P
「……为什么要逃走？」%K%P
「～～っっ。逃げてないわ……！\n　変なコト言わないで……！！」%K%P
「～～！我才没有逃……！\n　不要说奇怪的话……！！」%K%P
「いや実際に――」%K%P
「不，实际上——」%K%P
「あなたと仲良くしすぎると、\n　蛍にヤキモチ焼かれちゃうからよ！\n　それだけなんだから……！」%K%P
「要是和你太要好，\n　小萤会吃醋的！\n　只是这样而已……！」%K%P
顔を赤くして清佳ちゃんが叫んでくる。%K%P
清佳红着脸大叫。%K%P
これって明らかに異性を意識してる反応、だよね？\n鈍感な僕でもわかる……。%K%P
这很明显是意识到异性的反应，对吧？\n迟钝的我也看得出来……%K%P
「ちょ、ちょっと。何じっと見てるのよ……。\n　人の顔ジロジロ見るなんて失礼よ……！」%K%P
「等、等一下，你干嘛一直盯着我看……\n盯着别人的脸看很没礼貌耶……！」%K%P
「ああえと……！」%K%P
「啊，呃……！」%K%P
意識されてると思うと、\n急に僕も恥ずかしくなってきた……！%K%P
一想到她很在意我，我也突然害羞了起来……！%K%P
友達として付き合っていくと決めたからこそ、\n僕も清佳ちゃんを異性的に見ないようにしてたのに――%K%P
正因为决定要以朋友的身份相处，所以我才刻意不把清佳当成异性看待——%K%P
「とにかく、その……。\n　冷やしながら混ぜればいいのよね……？」%K%P
「总之，那个……\n只要一边冷却一边搅拌就可以了吧……？」%K%P
「う、うん。氷を入れたボウルの中に生クリームを\n　入れたボウルを入れて混ぜていくんだけど……」%K%P
「嗯、嗯。把装了鲜奶油的碗放进装了冰块的碗里，然后搅拌……」%K%P
普通に喋ろうとしても、\nお互いになんだかたどたどしくなってしまう。%K%P
就算想正常地交谈，彼此都会变得吞吞吐吐。%K%P
「…………」%K%P
「…………」%K%P
「…………」%K%P
「…………」%K%P
「その」%K%P
「那个……」%K%P
「な、なに？」\n「な、なによ？」%K%P
「怎、怎么了？」\n「什、什么啦？」%K%P
「っっ」%K%P
「唔唔！」%K%P
沈黙が気まずくて話しかけようとしたら、\nタイミングがかち合ってしまう。%K%P
因为沉默太尴尬，我正想开口时，时机却和她重叠了。%K%P
うぅ、どんどん気まずくなってきてる気が……。%K%P
呜呜，感觉气氛越来越尴尬了……%K%P
「な、何か勘違いしてない……！？\n　私が好きなのは蛍なんだからね……！？」%K%P
「你、你可别误会了……！？\n我喜欢的是萤……！？」%K%P
「あなたにはこれっぽっちも興味ないわ……！\n　昨日助けてもらったから、面と向かって喋るのが\n　恥ずかしいだけよ……！」%K%P
「我对你一点兴趣也没有……！\n只是因为昨天你救了我，面对面说话会让我害羞……！」%K%P
「わ、わかってるよ。俺だって清佳さんになんて――」%K%P
「我、我知道啦。我对清佳小姐——」%K%P
「――興味ない」と続けようとして、\nつい口ごもってしまう。%K%P
「—没兴趣。」本来想这么说，却不禁语塞。%K%P
いくら春樹としての恋を諦めたと言っても、\n本心を言えば今も――……%K%P
虽然已经放弃春树的恋情，但其实现在也——……%K%P
「～～っっ！　どうしてそこで止めるのよ……！？\n　変な空気になっちゃうじゃない……！！」%K%P
「～～！为什么要停在这里啦……！？\n气氛变得很奇怪耶……！！」%K%P
「あっ……！！　ご、ごめん……！！」%K%P
「啊……！！对、对不起……！！」%K%P
「そういう感情を向けられても応えられないからねっ？\n　私は蛍と付き合ってるの……！　もうエッチもしたの！」%K%P
「就算你对我有那种感情，我也无法回应哦？\n我正在跟小萤交往……！我们已经做过爱了！」%K%P
「ちょっ――！？　なんの話してるの！？」%K%P
「等等——！？你在说什么啊！？」%K%P
「あっ――～～っっ！！　うるさいわね……！\n　それくらい蛍とはラブラブなのっ、好き合ってるの！」%K%P
「啊——～～！！吵死了……！\n我和小萤就是这么恩爱，这么喜欢对方！」%K%P
「だから、ごめんなさいっ！\n　そういう風な目で見られても困るから……！！」%K%P
「所以，对不起！\n就算你用那种眼神看我，我也很困扰……！！」%K%P
相当慌てながらではあるけど、\nきっぱりと断られてしまう。%K%P
虽然她看起来相当慌张，但还是果断地拒绝了我。%K%P
ま、まぁわかってたことだけどね……。\nだからこそ僕も自分の恋を諦めたわけだし……。%K%P
不、不过我早就知道了……\n所以我才会放弃自己的恋情……%K%P
だけどまさか、こんな形で恋心を知られてしまうなんて。\n告白すらする前に玉砕してしまった……。%K%P
可是，没想到会以这种形式被她知道我的心意。\n连告白都还没告白就壮烈牺牲了……%K%P
「そ、そんなにしょんぼりしないでよ……。\n　別にあなたを嫌いって言ってるわけではなくて……」%K%P
「你、你不要那么沮丧啦……\n我又不是讨厌你……」%K%P
振られて僕が落ち込んでいると思ったのか、\n清佳ちゃんがオロオロと声をかけてくる。%K%P
清佳似乎以为我被甩了，所以很担心地对我说：%K%P
「いい人だとは思ってるわよ……？\n　本当に、その。蛍の次くらいにはいい人だって」%K%P
「我觉得你是个好人哦……？\n　真的，那个，是仅次于萤的好人。」%K%P
「これからも仲良くしたいと思ってるし……。\n　昨日のことだって本当に感謝していて……。\n　申し訳なく思ってて……」%K%P
「我今后也想和你好好相处……\n昨天的事我也真的很感谢你……\n觉得很抱歉……」%K%P
「う、うん。大丈夫、気にしないで。\n　ぼ――お、俺も同じ気持ちだから……」%K%P
「嗯、嗯。没关系，你别在意。\n我——我也是同样的心情……」%K%P
「そ……そう……」%K%P
「这……这样啊……」%K%P
こうしてフォローしてくれたり、好意を知った上でも\n嫌がる素振りを見せないことが逆にもどかしい。%K%P
像这样替我打圆场，即使知道我对她有好感，却还是没有表现出厌恶的态度，反而让我感到焦急。%K%P
ここで正体を明かせばもしかしたら――\nなんて思ってしまいそうになって。%K%P
要是现在表明自己的身份，说不定——\n我差点就要这么想。%K%P
それっきり会話がなくなってしまって、\n清佳ちゃんが生クリームを泡立てる音だけが響く。%K%P
之后，对话就中断了，只有清佳打发鲜奶油的声音响起。%K%P
……かつてないほど気まずいや。%K%P
……气氛尴尬到前所未见的地步。%K%P
「……もしかして、その……」%K%P
「……该不会，那个……」%K%P
「え？」%K%P
「咦？」%K%P
「～～っっ。なんでもないわっ」%K%P
「～～！没什么！」%K%P
「う、うん……？」%K%P
「唔、嗯……？」%K%P
何かを尋ねてこようとして清佳ちゃんがやめる。%K%P
清佳原本想问些什么，但最后还是放弃了。%K%P
けれど、少し経つと再び問いかけてきた。%K%P
然而，过了一会儿后，她又再次开口问道：%K%P
「もしかして……今まで私の無茶な頼みを聞いて\n　くれたのも、そういう気持ちがあったからなの……？」%K%P
「难道说……你至今之所以会答应我那些无理的要求，也是因为有这种想法吗……？」%K%P
「えっ！？　あ、それは、えと、その……！」%K%P
「咦！？啊，这个，呃，那个……！」%K%P
「っっ。そ、そうなのね……。\n　全然気づかなかった……」%K%P
「唔唔。这、这样啊……\n我完全没发现……」%K%P
僕の反応で察せられてしまったのか、\n清佳ちゃんが照れたように視線を泳がせる。%K%P
清佳似乎从我的反应察觉到什么，害羞地移开视线。%K%P
恥ずかしい……。気まずい……。\n今まで隠してきた気持ちが清佳ちゃんに知られちゃって。%K%P
好丢脸……好尴尬……\n一直以来隐藏的心意被清佳知道了。%K%P
「じゃ、じゃあ、もしかしてこの料理指導も――」%K%P
「那、那么，难道说，这次的烹饪指导也是——」%K%P
「――待ってっ？　もう良くないっ？\n　それ以上聞かないで欲しいんだけど……！」%K%P
「——等一下！已经不好了？\n拜托你别再问下去了……！」%K%P
「あ……！　そ、そうよね……！　ごめんなさい……！\n　人に好意を寄せられたのなんて初めてだったからっ」%K%P
「啊……！说、说得也是……！对不起……！\n因为我是第一次被人喜欢！」%K%P
耐えかねて止めると、清佳ちゃんもまた\n気恥ずかしそうに俯いた。%K%P
我忍不住阻止她，清佳也难为情地低下头。%K%P
うぅ、こんな空気になるなら\n何も知らない友達のままの方が良かった。%K%P
呜呜，早知道会变成这样，\n我宁愿继续当个什么都不知道的朋友。%K%P
このままじゃとてもお菓子作りなんて教えてられない。\nどうにか空気を戻さないと……！%K%P
再这样下去，根本没办法教她做点心。\n得想办法让气氛恢复原状……！%K%P
「そろそろいいんじゃない？\n　あまり混ぜすぎるのもよくないから……！」%K%P
「差不多可以了吧？\n　搅拌得太厉害也不好……！」%K%P
「…………」%K%P
「…………」%K%P
「……清佳さん？」%K%P
「……清佳小姐？」%K%P
「えっ！？　――あっ、わ、わわっ……！！」%K%P
「咦！？——啊、哇、哇哇……！！」%K%P
ボーッとしていたのか、声をかけると\n清佳ちゃんはビクリと狼狽える。%K%P
我出声叫了她，她才回过神来，显得有些狼狈。%K%P
その拍子に抱えていたボウルを滑らせてしまって――%K%P
结果，她手上的碗也跟着滑落——%K%P
「きゃあっ！！」%K%P
「呀啊！！」%K%P
「清佳さんっ！？」%K%P
「清佳小姐！？」%K%P
「うぅ、もう最悪……」%K%P
「呜呜，真是糟透了……」%K%P
ボウルをひっくり返すまいとしたんだろう。%K%P
她应该是不想打翻碗吧。%K%P
でも上手くいかず尻餅をついた挙げ句に、\n清佳ちゃんは生クリームを頭から被ってしまっていた。%K%P
但是她却没能顺利地把奶油挤到蛋糕上，反而跌坐在地，奶油也从她的头上淋了下来。%K%P
「大丈夫？　立てる？」%K%P
「没事吧？站得起来吗？」%K%P
「て、手を借りるほどのことじゃないわ。\n　それよりもタオルか何かあったら嬉しいんだけど」%K%P
「这、这又不是什么需要帮忙的事。\n比起这个，如果有毛巾之类的，我会很高兴。」%K%P
「えと。ハンカチなら」%K%P
「呃，我有手帕。」%K%P
「……ありがと……」%K%P
「……谢谢……」%K%P
ポケットからハンカチを取り出して\n清佳ちゃんに手渡す。%K%P
我从口袋里拿出手帕，\n递给清佳。%K%P
「なんだかここ最近ドジなところばかり\n　見せちゃってる気がするわ……。\n　恥ずかしいったらありゃしない……」%K%P
「总觉得最近老是让大家看到我迷糊的一面……\n真是丢脸死了……」%K%P
「色々考えすぎなのかも……。\n　おかげで目が覚めた気もするけど……」%K%P
「或许是我自己想太多了……\n虽然也多亏这样，我才能清醒过来……」%K%P
恥ずかしそうに一人呟く清佳ちゃん。%K%P
清佳害羞地喃喃自语。%K%P
にしても――……なんだかえっちい。%K%P
话说回来——……总觉得好色。%K%P
かなりクリームの水気が強くなってたのか、\n服がスケスケになっちゃってて、ブラが――%K%P
可能是奶油的水汽太重了，她的衣服变得透明，胸罩——%K%P
「ちょっ――どこ見てるのよ変態！！」%K%P
「喂——你在看哪里啊，变态！！」%K%P
「みみみ、見てないっ……！！\n　どこも見てないってば……！！」%K%P
「我、我没看……！！\n　我什么都没看啦……！！」%K%P
「絶対うそよっ！！　じっと胸見てたじゃないっ！\n　このスケベっ、変態っ……！！」%K%P
「你绝对是骗人的！！你明明就一直盯着胸部看！！\n你这个色鬼、变态……！！」%K%P
「ご、誤解だってば……！」%K%P
「就、就说你误会了……！」%K%P
%XS20「視線がバリバリ胸に刺さってるのよ、このケダモノ！！」%XE%K%P
「你的视线狠狠刺在我的胸口上啦，你这禽兽！！」%K%P
「はうっ！！」%K%P
「啊呜！」%K%P
バレちゃってるっ……！！\nでも見ちゃうよ、男の子なら……！！%K%P
被发现了……！！\n但是只要是男生，都会想看的……！！%K%P
「今日はもうお開きよ……！！\n　こんなずぶ濡れでお菓子作りなんてできないし……！！」%K%P
「今天就到此为止吧……！！\n　全身湿答答的，没办法做点心……！！」%K%P
「今見たことは忘れなさい……！！\n　忘れないと――沈めるから！！」%K%P
「把刚才看到的都忘掉……！！\n　要是不忘记——我就把你沉下去！！」%K%P
「あっ、ちょっと清佳さ――」%K%P
「啊，等一下，清佳——」%K%P
「――愛っ？　大至急、車を回して……！\n　あと着替えも一緒に持ってきて！\n　……はぁ！？　私の服よ、私の！」%K%P
「——爱？立刻开车过来……！\n还有把衣服一起带来！\n……啊！？我的衣服，我的！」%K%P
行っちゃった……。%K%P
走掉了……%K%P
まぁでも逆に助かったかも……。\nそもそもお菓子作りに集中できる雰囲気でもなかったし。%K%P
不过，这样反而帮了我大忙……\n毕竟现在的气氛，实在不适合专心做点心。%K%P
だけど皮肉だ。恋を諦めずにいた頃は、\nどれだけアピールしても全然気にしてくれなかったのに。%K%P
不过说来讽刺，当我还没放弃追求她的时候，不管我怎么示好，她都完全不把我放在眼里。%K%P
なのに「いい人」だとか言ってくれたり、\nあんな乙女な反応されたりしたら――%K%P
然而，她却说我是「好人」，还做出那种少女般的反应——%K%P
「……また、男の自分を好きに\n　なって欲しくなっちゃうじゃない」%K%P
「……这样又会希望她喜欢上身为男性的自己了。」%K%P
――って、ダメだダメだ。\nこんなこと考えちゃいけない。%K%P
——不行不行，不可以想这种事。%K%P
清佳ちゃんとは蛍姿でエッチまでしちゃったんだ。\n昨日も一緒にお風呂に入ったりしたし……。%K%P
我跟清佳以萤的模样做了色色的事，昨天也一起洗澡……%K%P
{春樹:ぼく}にブラが透けたのを見られただけで、\nあの反応だったもんね……。%K%P
只是被我看见她的胸罩透出来，就让她有那种反应了……%K%P
なのに実は僕が性別や名前を偽って、\nエッチやら何やらしていたと知られれば――%K%P
然而，要是被她知道我隐瞒性别和姓名，跟她做了色色的事情——%K%P
「……下手したらホントにどこぞへ沈められるかも……」%K%P
「……一个不小心，说不定真的会被沉到某个地方去……」%K%P
やっぱり何があっても正体は明かせないや……。%K%P
果然不管发生什么事，都不能暴露真实身份……%K%P
