「ん……どう、気持ちいい？　リクエストしてくれた、\n　お姉ちゃんのおっぱい、だよ？」%K%P
「嗯……怎么样，舒服吗？这是你点的，姐姐的胸部哦。」%K%P
「っっ。う、うん。あったかくてフワフワしてて……。\n　挟まれてるだけでもドキドキしちゃう……」%K%P
「唔唔。嗯、嗯。又温暖又软绵绵的……光是被夹住就让我心跳加速……」%K%P
目の前に広がるお姉ちゃんのおまんこもすごくエロい。%K%P
眼前大姐姐的肉穴也十分诱人。%K%P
ショーツを下ろしただけで\nネバネバの糸がやらしく引いて。%K%P
光是脱下内裤，就拉出一条粘稠的丝线。%K%P
触ってもいないのに、エッチな股間の唇が\nヒクヒクと愛液を垂らしながら震えていて……。%K%P
明明没有碰，胯间那对色色的唇瓣却一颤一颤地滴着爱液……%K%P
「あ、あんまりジロジロ見られるとハズいよ……」%K%P
「你、你这样一直盯着我看，我会不好意思啦……」%K%P
「だって、お姉ちゃんのおまんこ、\n　何もしてないのにすごくドロドロで……」%K%P
「因为，姐姐的小穴明明什么都没做，却已经湿答答的了……」%K%P
「さ、さっきまでオナニーしてたからだって。\n　既にできあがっちゃってる状態なの……！」%K%P
「因、因为我刚刚才自慰过，所以已经是欲火焚身的状态了……！」%K%P
恥じらうお姉ちゃんの声が聞こえてくる。\nそれと同時に、愛液がとろりと溢れ出してきた。%K%P
我听见了姐姐害羞的声音。\n与此同时，爱液也大量地涌了出来。%K%P
僕に見られてるだけで……感じてくれてるのかな？\n案外お姉ちゃんってＭなのかも……。%K%P
光是被我看着……就能让她有感觉吗？\n搞不好姐姐其实是个Ｍ……%K%P
「そっちだって人のこと言えないよ……？\n　おっぱいで挟んだだけでビクビクしてるし……」%K%P
「你也没资格说我吧……？\n光是被胸部夹住，你就已经一颤一颤的了……」%K%P
「……どんどん硬くなってきてる。\n　先っぽからも我慢汁溢れてきてるし……」%K%P
「……越来越硬了。\n龟头也流出忍耐汁了……」%K%P
「んっ……！　ふぁ……！」%K%P
「嗯……！呼啊……！」%K%P
お姉ちゃんが軽く胸を揺らして、\nおちんちんを扱いてくる。%K%P
姐姐轻轻晃动胸部，开始套弄我的肉棒。%K%P
ふくよかな感触がむにゅんむにゅんと\n竿を撫で回してきて、んん、気持ちいい。%K%P
柔软的触感来回抚摸着我的肉棒，嗯嗯，好舒服。%K%P
「はぁ……はぁ……。敏感なんだね……？\n　ちょっと動かしただけで感じてくれて……」%K%P
「呼……呼……你很敏感呢……？\n　只是稍微动一下就有感觉……」%K%P
「ヤバい……。嬉しい……。\n　めちゃくちゃ興奮しちゃう……」%K%P
「糟糕……好开心……\n我兴奋得不得了……」%K%P
お姉ちゃんの発情を示すように、\nおまんこから愛液がタラっと垂れ落ちてくる。%K%P
爱液从阴唇中流了出来，仿佛在表示姐姐已经发情了。%K%P
その淫らすぎる光景に我慢できなくて、\n指先を大きく開いた割れ目に伸ばした。%K%P
我无法忍受这淫乱的景象，将手指伸向她大大张开的裂缝。%K%P
「ひぃあ……！　あぁあん……！」%K%P
「咿啊……！啊啊啊嗯……！」%K%P
つぷ、と僅かに指先を挿れただけで、\n堰を切ったように愛液がとぷとぷと溢れ出してくる。%K%P
我只将指尖轻轻插入，爱液便如溃堤般涌出。%K%P
ぽたぽたと粘っこいおつゆが僕の顔に垂れ落ちてきて、\nはぁはぁ、えっちい匂いが顔中に広がってくる。%K%P
粘稠的汁液滴滴答答地滴在我的脸上，色色的气味在脸上扩散开来。%K%P
「そ、想像してたよりドキドキするね……。\n　弟に、んんっ、触られるの……」%K%P
「比、比想象中还要脸红心跳呢……被弟弟，嗯嗯，摸……」%K%P
「ど……どうかな？　お姉ちゃんのおまんこ……。\n　オナニーばっかりしてるから、その……」%K%P
「怎……怎么样？姐姐的小穴……\n因为一直自慰，所以……」%K%P
「す、すごく綺麗だよ……？\n　もっと触りたいくらい……」%K%P
「非、非常漂亮哦……漂亮到让人想再多摸几下……」%K%P
「っっ。い、いいよ？　好きに触って……？\n　あたしも、その。好きにさせてもらうから……」%K%P
「唔唔。可、可以哦？随便你摸……？我也会，那个，随便你摸……」%K%P
「というか、はぁはぁ……。我慢できない……。\n　さっきからチンポがすごいの……」%K%P
「应该说，呼呼……我忍不住了……\n从刚才开始，鸡鸡就一直好厉害……」%K%P
「おまんこ触るだけで、んん、ビクってしてて……。\n　発情したみたいに我慢汁ダラダラ溢れさせてて……」%K%P
「光是摸摸小穴，嗯嗯，就会抽动……\n好像发情了一样，忍耐汁滴滴答答地流出来……」%K%P
「大好きな弟が……はぁはぁ。あたしの身体で\n　興奮してくれてるのがわかって……」%K%P
「最喜欢的弟弟……呼呼，知道他正用我的身体兴奋着……」%K%P
「んはぁ……んんっ……」%K%P
「嗯哈……嗯嗯……」%K%P
熱い吐息を漏らしながら、\nお姉ちゃんが胸を揺らしてきてくれる。%K%P
姐姐一边吐出炙热的气息，一边摇晃着胸部。%K%P
フワフワなのにギュッと握られているような、\nその相反する摩擦が気持ちいい……。%K%P
明明很柔软，却仿佛被紧紧握住，这种相反的摩擦感好舒服……%K%P
僕も、はぁはぁ、お姉ちゃんのこと気持ち良くしたい。%K%P
我也想让姐姐舒服。%K%P
「んぁ……！　はぁん……！　指、んんっ……！\n　膣内に入って、きて……！」%K%P
「嗯啊……！哈啊嗯……！手指，嗯嗯……！插进，小穴里面……！」%K%P
「ヤバい、んんっ、めちゃ気持ちいい……！\n　んはぁ、あぁん……！　想像の何倍も……！」%K%P
「糟糕，嗯嗯，超舒服的……！嗯哈啊，啊啊嗯……！比想象中还要舒服好几倍……！」%K%P
まだ第一関節すら挿れきっていないのに、\nお姉ちゃんがビクビクと身体を悶えさせる。%K%P
第一关节都还没完全插进去，姐姐的身体就一阵一阵地颤抖。%K%P
はぁはぁ、熱い……。指がふやけそうなくらい、\n膣内がトロトロしてて……。%K%P
哈啊哈啊，好热……\n阴道内湿得手指都要泡烂了……%K%P
おまんこがヒクつきながら指を咥え込んでくる。\nこんなに力強く締め付けてくるんだ……。%K%P
小穴一边抽搐一边把我的手指吸了进去。\n竟然这么用力地夹紧……%K%P
「はぁはぁ、ホントすごい……んんっ！\n　おっぱいの中でチンポが飛び跳ねてる……！」%K%P
「呼、呼，真的好厉害……嗯嗯！\n肉棒在胸部里面跳来跳去……！」%K%P
「先っぽがどんどん充血して……はぁはぁ。\n　膨らんできてるよ……？　えっちいおつゆ垂らしながら」%K%P
「前端越来越充血……呼呼，开始膨胀了哦……？还流着色色的汁液。」%K%P
お互いがお互いに発情していく様を間近で眺めながら、\n二人して火照った吐息を漏らす。%K%P
两人近距离看着彼此发情的模样，同时吐出火热的气息。%K%P
そして、気がついた時には――%K%P
然后，当她回过神来时——%K%P
「れろぉ――んふぅんっ！？」%K%P
「舔舔——嗯呼嗯！？」%K%P
二人揃って、相手の性器に舌を伸ばしていた。%K%P
两人同时将舌头伸向对方的性器。%K%P
「い、いきなり、れろぉ……ぺろろ、舐めるなんて」%K%P
「怎、怎么突然，舔……舔舔，舔起来了。」%K%P
「お姉ちゃんこそ、んちゅ……れろぉ……」%K%P
「姐姐才是呢，嗯啾……舔舔……」%K%P
「だって、ぺろ……れろろ……んちゅぅ……。\n　とっても美味しそうなんだもん、弟チンポ……」%K%P
「因为，舔舔……舔舔舔……嗯啾……\n弟弟鸡鸡……看起来好好吃哦……」%K%P
「僕も、はぁはぁ、こんな甘い蜜ずっと垂らされたら、\n　んれろ、ぺろろぉ、むしゃぶりついちゃうよ……」%K%P
「我也一样，呼呼……要是有这么甜的蜜汁一直流下来，我也会忍不住……舔舔舔……」%K%P
はぁはぁ、ちょっぴり酸味があるけど甘い……。\nこれがお姉ちゃんのおまんこの味なんだ……！%K%P
哈啊哈啊，虽然有点酸，但还是甜甜的……\n这就是姐姐小穴的味道……！%K%P
膣内を舐め回すのにも興奮しちゃう……！\n剥き出しの淫肉の感触が気持ち良くて。%K%P
光是舔舐阴道内就让我兴奋不已……！\n暴露在外的淫肉触感非常舒服。%K%P
「あっ、あぁあんっ……！　し、舌ヤバいっ……！\n　ニュルニュル、んんっ、入ってきて……！」%K%P
「啊、啊啊啊嗯……！舌、舌头好厉害……！\n滑溜溜的，嗯嗯，伸进来了……！」%K%P
「指と、ふぁああっ、全然違うっ……！\n　気持ちいい、んんんっっ、イ、イく、ん゛んっ！！」%K%P
「手指和、呼啊啊啊、完全不一样……！好舒服、嗯嗯嗯、要、要去了、嗯嗯！！」%K%P
グっと舌先を突き出しただけで、\nお姉ちゃんが激しく身悶える。%K%P
光是伸出舌尖，姐姐就剧烈地扭动身体。%K%P
膣内が一気に窮屈になって、\n挿れていた舌が思いっきり締め付けられた。%K%P
阴道内一下子变得狭窄，将舌头紧紧地夹住。%K%P
「お姉ちゃん、いま……」%K%P
「姐姐，刚才……」%K%P
「う……うん。ちょっとイった……はぁはぁ。\n　クンニ、はぁはぁ、すごい気持ち良くて……」%K%P
「唔……嗯。有点高潮了……呼呼。口交，呼呼，好舒服哦……」%K%P
嬉しい。もっとイかせたい――%K%P
好开心。好想让她高潮更多次——%K%P
「んれろっ……！　れろろぉっ、ぺろろぉ……！！」%K%P
「嗯舔……！舔舔舔、舔舔舔……！！」%K%P
「ん゛んっ……！！　ま、待って――あぁんっ！！\n　イったばっかでまだ――んはぁああんっっ……！！」%K%P
「嗯嗯……！！等、等一下——啊啊嗯！！\n才刚高潮过而已——嗯哈啊啊啊嗯……！！」%K%P
「ダメっ、あっ、ああああっっ……！！\n　またイくっ、ん゛んっ、イくっ、イくぅっ……！！」%K%P
「不行，啊、啊啊啊啊……！！\n又要去了，嗯嗯，去了，去了……！！」%K%P
「んちゅぅっ――んぢゅるるるるるっっ！！」%K%P
「嗯啾——嗯啾噜噜噜噜噜！！」%K%P
「ん゛ひっ――あぁぁああああんんっっ～～！！」%K%P
「嗯咿——啊啊啊啊啊啊啊嗯嗯～～！！」%K%P
おまんこに吸い付くと、お姉ちゃんは\nさっきよりも大きく身体を跳ね上げた。%K%P
我一吸住小穴，姐姐的身体就比刚才跳得更高了。%K%P
飲み干したはずの愛液が津波のように\n膣内から噴き出してきて、僕の口の中をいっぱいにする。%K%P
本以为喝干的爱液如海啸般从阴道内喷涌而出，填满了我的口腔。%K%P
「え、えっちいおつゆ飲んじゃうなんて……」%K%P
「居、居然喝下色色的汁液……」%K%P
「はぁはぁ……。僕、お姉ちゃんの愛液好きかも……。\n　おまんこ舐めるのもすごく好き……」%K%P
「呼、呼……我好像喜欢上姐姐的爱液了……\n而且我也好喜欢舔小穴……」%K%P
「～～っっ！　へ、変なコト言うなってばぁ……！」%K%P
「～～！你、你不要说这种奇怪的话啦……！」%K%P
「お姉ちゃんは嫌いなんだ？\n　僕におまんこ舐められるの」%K%P
「姐姐讨厌被我舔小穴吗？」%K%P
「き……嫌いだなんて一言も……」%K%P
「我……我可没说讨厌……」%K%P
「じゃあ、舐めて欲しい？」%K%P
「那，你想要我舔吗？」%K%P
「そ、それは……はぁはぁ……」%K%P
「这、这个嘛……呼、呼……」%K%P
尋ねると、お姉ちゃんはさらにおまんこを濡らした。\n……やっぱりＭなのかな？　どっちにしても可愛い。%K%P
我这么一问，姐姐的下面又湿了一片。\n……她果然是被虐狂吧？不管怎样都很可爱。%K%P
「舐めない方がいいならやめておくけど」%K%P
「如果别舔比较好，那我就不舔了。」%K%P
「っっ。ま、待って。舐めて欲しいっ。\n　お願い、舐めて……？」%K%P
「唔唔，等、等一下，我想要你舔我！拜托你，舔我……？」%K%P
「お姉ちゃんの、はぁはぁ、スケベまんこ……。\n　いっぱい舐めて欲しい……」%K%P
「姐姐的，哈啊哈啊，色色的穴穴……\n好想被你舔个够……」%K%P
その羞恥混じりのおねだりが\n僕の中のＳ心を目覚めさせる。%K%P
她那带着羞耻的央求，\n唤醒了我心中的S心。%K%P
「じゃあ、さっきみたいに僕のも舐めて欲しいな。\n　すごく気持ち良かったから」%K%P
「那么，我也想请你像刚才那样舔我的。\n因为真的非常舒服。」%K%P
「はぁ、はぁ……。も、もちろん……」%K%P
「呼、呼……当、当然……」%K%P
すると、お姉ちゃんは僕の言う通りに\n再び舌を伸ばしてくれて――%K%P
于是，姐姐再次按照我的要求伸出舌头——%K%P
「んれろぉ……！　ぺろぉ……！　んれろろぉ……！」%K%P
「嗯舔舔……！舔舔……！嗯舔舔……！」%K%P
嫌がることなく、むしろ嬉しそうに\nおちんちんを舐め回してくれる。%K%P
她没有表现出厌恶，反而开心地舔着我的肉棒。%K%P
「ど、どう？　んちゅ、れろぉ、気持ちいい……？」%K%P
「怎、怎么样？嗯啾，舔舔，舒服吗……？」%K%P
「うん、すごく、んんっ、気持ちいい……。\n　おっぱいも動かして欲しいな」%K%P
「嗯，好舒服，嗯嗯，好舒服……\n我也想让你动动胸部」%K%P
「う、うんっ……！　んっ、ふっ……！\n　れろっ、ぺろろぉ……！」%K%P
「唔、嗯……！嗯、呼……！\n　舔舔、舔舔……！」%K%P
「先っぽの方舐められるの、んふ、気持ちいいから。\n　その辺り、たくさんペロペロして？」%K%P
「因为被舔到前端的部分，嗯呼，很舒服嘛。\n所以，可以多舔舔那边吗？」%K%P
「さ、先っぽ……んれろぉ……ぺろろぉ。\n　んれろれろ、ぺろぺろぺろぉ……」%K%P
「先、先端……嗯舔舔……舔舔舔舔……」%K%P
「おっぱい動かすの忘れてるよ」%K%P
「你忘记胸部要动哦。」%K%P
「っっ。ご、ごめん。ん……！　ふっ……！\n　ぺろろぉっ、れろれろれろぉ……！」%K%P
「唔唔，对、对不起。嗯……！呼……！舔舔舔，舔舔舔舔舔……！」%K%P
命令っぽく告げると、お姉ちゃんは\nおまんこを濡らしながら必死に奉仕してくれる。%K%P
我用命令的口吻说道，姐姐一边舔着自己的小穴，一边拼命地为我口交。%K%P
なんだか楽しい。そして、えっちい……。\n何より気持ちいい……。%K%P
感觉好开心。而且，好色……\n最重要的是好舒服……%K%P
「んれろぉ……ぺろ、れろろぉ……。\n　んっ、ふっ……んんっ……！」%K%P
「嗯舔……舔舔，舔舔……\n嗯，呼……嗯嗯……！」%K%P
「あ……あの……。あ、あたしのも……」%K%P
「那……那个……我、我的也……」%K%P
「うん？」%K%P
「嗯？」%K%P
「っっ。だ、だから、その……。\n　幾らでもチンポ舐めるから、その……」%K%P
「唔唔。所、所以，那个……要我舔多少鸡鸡都没问题，所以……」%K%P
お姉ちゃんが物欲しそうに腰を振ってくる。\n僕はあえて気づかない振りをした。%K%P
姐姐像是很想要似地扭动着腰，我刻意装作没发现。%K%P
「何？　はっきり言って？」%K%P
「什么？说清楚一点？」%K%P
「んはぁぁ……！！　はぁはぁ……！」%K%P
「嗯哈啊啊……！呼啊呼啊……！」%K%P
聞き返すだけでお姉ちゃんが悶える。%K%P
光是反问，姐姐就兴奋得扭动身体。%K%P
エッチする前に「春樹も男の子だね～」と\n煽ってきた人だとは思えないマゾヒストっぷりだ。%K%P
她那被虐狂般的模样，实在让人难以想象她是在做爱之前，还煽动春树说：「春树也是男孩子呢～」%K%P
「な……舐めて？　お姉ちゃんのおまんこ……」%K%P
「什……舔？舔姐姐的小穴……」%K%P
「声が小さくて聞こえないよ」%K%P
「你声音太小了，我听不见。」%K%P
「～～っっ！！　な、舐めてっ！！\n　ペロペロしてっ！！　お姉ちゃんのおまんこっっ！！」%K%P
「～～！舔、舔我！！\n舔我的小穴！！」%K%P
お姉ちゃんが絶叫して訴える。\nヤバい、我慢汁ビュルって出た。%K%P
姐姐大声喊叫。\n糟糕，我忍住的汁液喷出来了。%K%P
「お姉ちゃん……れろろろ。めちゃくちゃ可愛い……」%K%P
「姐姐……舔舔舔舔。你真的好可爱……」%K%P
「あはぁぁあぁんんんっっ…………！！\n　あっ、あぁぁ、き、気持ちいい……」%K%P
「啊哈啊啊啊啊嗯嗯嗯…………！！\n啊、啊啊啊、好、好舒服……」%K%P
「ほら……んれろぉ。お姉ちゃんも舐めて？」%K%P
「来……嗯舔舔。姐姐也来舔舔吧？」%K%P
「は、はいっ……！　れろぉ、ぺろろぉ……！\n　んっ、ふっ、れろれろれろぉ……！！」%K%P
「好、好的……！舔舔、舔舔……！嗯、呼、舔舔舔舔……！」%K%P
言ってもないのに返事まで「はい」に変えながら、\nお姉ちゃんが僕のおちんちんを舐め回す。%K%P
明明我还没说，姐姐却连回应都变成「是」了。\n她舔着我的肉棒。%K%P
膣内は明らかに先程よりも温度が上がっていて、\nおまんこの味も比べものにならないほど濃くなっていた。%K%P
阴道内温度明显比刚才还高，小穴的味道也浓烈得无法相比。%K%P
「ん゛っ、ん゛んんんっっ～～！！\n　んはぁはぁ、れろぉっ、ぺろろぉっ……！！」%K%P
「嗯、嗯嗯嗯嗯～～！！\n嗯哈啊哈啊、咧噜、呸噜噜……！！」%K%P
「お、弟に、はぁはぁ、何回もイかされてる……！\n　弟のチンポ舐めながら、はぁはぁ、イかされて……！」%K%P
「被、被弟弟，呼哈呼哈，高潮了不知道多少次……！\n舔着弟弟的鸡鸡，呼哈呼哈，高潮了……！」%K%P
お姉ちゃんの昂ぶりがおちんちんを舐め回す舌先や\n火照ったおっぱいから、ありありと伝わってくる。%K%P
从舔着肉棒的舌头和火烫的胸部，都能明显感受到姐姐的兴奋。%K%P
もっとお姉ちゃんにエロいことさせたい……。\nエロいことしたい……！%K%P
我想让姐姐做更多色色的事……\n我想做色色的事……！%K%P
「んれろぉ、ぺろぉ……。\n　お姉ちゃん、そのまましゃぶって」%K%P
「嗯舔舔，舔舔……\n姐姐，就这样继续吸。」%K%P
「は、はい……！」%K%P
「好、好的……！」%K%P
少しも嫌がることなく、お姉ちゃんが\n発情声で返事してくる。そして、その一瞬後――%K%P
姐姐没有一丝厌恶，用发情的声音回答我。然后，下一瞬间——%K%P
「はむぅんっ……！　んちゅぅっ、んっ、ふっ、んんっ！」%K%P
「哈嗯……！嗯啾，嗯，呼，嗯嗯！」%K%P
唾液まみれの熱い感触におちんちんが包み込まれる。\nんん、言ってもないのに吸い付いてきて……！%K%P
沾满唾液的温热触感包裹住我的肉棒。\n嗯嗯，明明没说却主动吸了上来……！%K%P
「はぁ、はぁ――んはぁむ、んふ、んちゅっ……！\n　おいしい……はぁはぁ、弟チンポ、おいしいっ……！」%K%P
「哈啊、哈啊——嗯哈啊唔、嗯呼、嗯啾……！\n好好吃……哈啊哈啊、弟弟鸡鸡、好好吃……！」%K%P
「これがずっと妄想してた、はぁはぁ、\n　弟チンポの味なんら……んちゅぅっ……！！」%K%P
「这就是我妄想已久的，呼呼，弟弟鸡鸡的味道……嗯啾……！！」%K%P
熱に浮いたような雰囲気で、\nお姉ちゃんが一心不乱にしゃぶりついてくる。%K%P
姐姐在热气蒸腾的气氛中，一心一意地吸吮着我的乳头。%K%P
気持ちいいのはもちろん、\nお姉ちゃんの淫乱っぷりがエロい……！%K%P
舒服自不用说，姐姐淫乱的模样也太色情了……！%K%P
「しゃぶるのっ、んぢゅぷっ、ぢゅぱっ……！\n　やめらんなひっ……！」%K%P
「吸吮的，嗯啾噗，啾啪……！\n　停不下来了……！」%K%P
「チ、チンポぉ、んっ、んっ、んちゅぅっ……！\n　大好きな弟のチンポっ、やっと咥えられて……！」%K%P
「鸡、鸡鸡，嗯，嗯，嗯啾……！\n终于能含到最喜欢的弟弟的鸡鸡了……！」%K%P
「ビクビク、んふっ、しへりゅっ……！\n　嬉ひいっ、んぢゅるるっ、幸せぇ……！」%K%P
「抖抖、嗯呼、好烫……！\n好开心、嗯啾噜噜、好幸福……！」%K%P
んはぁ……！　あぁんっ……！\nフェラの勢いがすごいっ、我慢汁が吸い出されてっ……！%K%P
嗯哈啊……！啊啊嗯……！\n她口交的力道好猛，忍耐汁都被吸出来了……！%K%P
「僕のおちんちんっ、はぁはぁっ、\n　そんなにしゃぶりたかったんだっ？」%K%P
「我的大鸡鸡……哈啊哈啊……你就这么想吸吗？」%K%P
「うんっ、ずっひょっ、んっ、んっ、んっ……！\n　ずっひょしゃぶりたかっひゃっ……！」%K%P
「嗯，我一直、嗯、嗯、嗯……！我一直好想吸……！」%K%P
「毎晩、んふぅっ、んちゅぅっ……！\n　咥える妄想しへたかりゃっ……！\n　こうしへ、んぢゅぷぷっ、ぢゅぷっ、しゃぶる妄想っ」%K%P
「每天晚上，嗯呼，嗯啾……！\n　我都在妄想含住它……！\n　还有，嗯啾噗噗，啾噗，吸吮的妄想。」%K%P
「手コキとかじゃ、はぁはぁ、ないんだねっ」%K%P
「原来不是用手淫，呼呼，来解决啊。」%K%P
「そんな妄想、んちゅぅっ……！\n　数年前に卒業しちゃってへっ……！」%K%P
「那种妄想，嗯啾……！好几年前就毕业了嘿……！」%K%P
僕をオカズにオナニーを繰り返してる間に、\nどんどん妄想が過激になっていったってことなのかも。%K%P
或许是在拿我打手枪的期间，妄想的内容越来越激烈吧。%K%P
そういえばさっきも、はぁはぁ……。\nお尻がどうとか言ってたし……。%K%P
说起来，刚才她也一直在喘气……\n还说什么屁股之类的……%K%P
なら――%K%P
既然如此——%K%P
「ん゛っ！？　ん゛ふぅぅんんんっっ～～！！？」%K%P
「嗯？！嗯呼唔唔嗯嗯嗯～～！！？」%K%P
お尻の穴に、指先を沈めていく。\nすると、お姉ちゃんはガクガクと激しく悶えた。%K%P
我将手指慢慢插入了姐姐的屁眼。\n姐姐的身体剧烈地颤抖了起来。%K%P
「しょ、しょこ、らめっ――ん゛んんっっ！！\n　お尻っ、ん゛んっ、らめっ、ん゛ふぅんんっっ！！」%K%P
「那、那里、不行——嗯嗯嗯！！屁股、嗯嗯、不行、嗯嗯嗯嗯！！」%K%P
快感で震える喉の感触が気持ちいい。\nギュウギュウにおちんちんを締め付けてきて……！%K%P
快感让她的喉咙颤抖着，这种感觉非常舒服。\n小穴紧紧地夹着我的肉棒……！%K%P
それにお尻の穴もヤバい……！\n指一本くらいなら余裕で入っていくほど濡れて……！%K%P
而且，她的屁眼也太赞了……！\n已经湿到能轻松塞进一根手指……！%K%P
「ん゛んっ、ん゛ふぅぅんっっ！！\n　らめっ、ずぼずぼしちゃらめぇ……！！」%K%P
「嗯嗯、嗯呼呜呜嗯！！\n不行，不可以一直抽送……！！」%K%P
「はぁはぁ。いいからお姉ちゃんは僕のしゃぶってよ。\n　僕は僕でお姉ちゃんの身体を楽しんでるから」%K%P
「呼、呼。别管那么多了，姐姐快吸我的吧。\n我也很享受姐姐的身体哦。」%K%P
「～～っっ！！　んはぁむぅんっ……！\n　んぢゅぷっ、ぢゅぽっ、ぢゅぷっ、ぢゅぷぷぅ……！！」%K%P
「～～！嗯哈啊嗯……！嗯啾噗、啾噗、啾噗、啾噗噗……！」%K%P
しゃぶってと言うと、お姉ちゃんは痙攣しつつも\n必死に顔を上下に動かしてくれた。%K%P
听到我说吸，姐姐虽然全身痉挛，但还是拼命地上下活动着脸。%K%P
僕はフェラの快感に酔いしれながらも、\nヒクつくアナルをゆっくりほじくっていく。%K%P
我一边沉醉在口交的快感中，一边慢慢拨弄着抽搐的肛门。%K%P
「お姉ちゃんのお尻の穴、はぁはぁ、\n　おまんこよりもえっちいかも……！」%K%P
「姐姐的屁眼，呼呼，搞不好比小穴还要色……！」%K%P
「相当弄ってたんだ？　指がどんどん、んんっ、\n　呑み込まれていくよ？」%K%P
「你玩弄得相当起劲嘛？手指头愈陷愈深了哦？」%K%P
「こんな風に僕にお尻の穴弄ってもらう妄想してたんだ？\n　お姉ちゃんって、ド変態だったんだね……？」%K%P
「原来你一直在妄想我这样玩弄你的屁眼啊？\n原来姐姐是个大变态啊……？」%K%P
「ご、ごめんなさいっ……！　ド変態でごめん……！！\n　気持ち悪いお姉ちゃんでごめんなさい……！」%K%P
「对、对不起……！我是个大变态，对不起……！\n我是个恶心的大姐姐，对不起……！」%K%P
「謝ってるフリして感じてるよね？\n　お尻の穴、んふ、ギュウギュウだってば」%K%P
「你只是假装在道歉，其实很爽吧？\n屁眼，嗯哼，缩得好紧。」%K%P
「～～っっ！！」%K%P
「～～！」%K%P
図星を突かれたせいか、お姉ちゃんの口腔の温度が\nさらに上昇してくる。その煮えたぎる熱さが気持ちいい。%K%P
或许是被我说中了吧，姐姐口腔的温度又上升了。那滚烫的热度让我好舒服。%K%P
「そのまましゃぶって？　はぁはぁ……！\n　僕も、んんっ、イきそうで……！」%K%P
「就这样含着它？呼呼……！我也……嗯嗯……快射了……！」%K%P
「ふ、ふぁいっ……！　んぢゅぶっ、ぢゅぶぶっ……！\n　んっ、ふっ、ん゛んっ、んぢゅぅっ……！！」%K%P
「呼、呼啊……！嗯啾噗、啾噗噗……！嗯、呼、嗯嗯、嗯啾……！！」%K%P
イきそうだと告げると、お姉ちゃんはアナルを\n弄られているのも厭わずにフェラを続けてくれる。%K%P
我告诉姐姐自己快射了，姐姐也不介意肛门被玩弄，继续帮我口交。%K%P
はぁはぁ、その従順な態度もめちゃくちゃエロい……！\nパイズリとフェラの快感も相まって射精したくなる……！%K%P
哈啊哈啊，她顺从的态度也太色情了……！\n乳交和口交的快感相辅相成，让我好想射精……！%K%P
「んぢゅぶっ、ぢゅぱぢゅぶっ……！\n　チンポっ、んふぅんっ、ビクビクしへきへ……！」%K%P
「嗯啾噗、啾啪啾噗……！\n　鸡鸡、嗯呼嗯、一抖一抖的……！」%K%P
「ほんひょに、んぢゅぅぅっ……！　出そうなんら……！\n　あたひの、んっ、んっ、パイズリフェラれ……！」%K%P
「真的，嗯啾……！要射了……！射在，嗯，嗯，我的乳交口淫……！」%K%P
「んんっ、いい……！　そのまま、はぁはぁ……！\n　そのままもっと激しくしてっっ……！！」%K%P
「嗯嗯，好棒……！就这样，哈啊哈啊……！\n就这样再激烈一点……！！」%K%P
「ふぁいっ……！　ぢゅぶっ、じゃぶっ……！\n　んっ、んっ、んっ、んっ、んんんっっ……！！」%K%P
「是……！啾噗、啾噗……！嗯、嗯、嗯、嗯、嗯嗯嗯……！」%K%P
竿を激しく胸で擦りあげながら、\nチンポに吸い付いて精子を吸い上げようとしてくれる。%K%P
她用胸部激烈地摩擦着我的肉棒，同时试图用胸部吸出我的精子。%K%P
くはぁ……！　気持ちいい……！！\n尿道もペロペロ舐められてっっ……！！%K%P
哈啊……！好舒服……！！\n尿道也被舔了……！！%K%P
「はぁはぁっ、出すよ、お姉ちゃん……！\n　口でっ、んんっ、受け止めてっ……！！」%K%P
「呼、呼，我要射了，姐姐……！\n用嘴巴……嗯嗯，接住我的精液……！！」%K%P
「んふぅんっ！！　んっ、んっ、んっ、んっ！！\n　んぢゅぶぶっ、ぢゅぷっ、ぢゅぶぶぶぶっっ！！」%K%P
「嗯呼嗯！！嗯、嗯、嗯、嗯！！\n嗯啾噗噗、啾噗、啾噗噗噗噗！！」%K%P
自然と僕の手にも力が入る。ほぐれきったアナルに\n人差し指を丸ごと沈めてしまって――%K%P
我的手也自然地加重了力道，食指整个没入了完全松弛的肛门——%K%P
「ん゛んんんっっ！！　ん゛ふぅんんんっっ……！！\n　んぢゅぶっ……！　ぢゅぶぶぶっ、れろろぉ……！！」%K%P
「嗯嗯嗯嗯！嗯呼嗯嗯嗯……！嗯啾噗……！啾噗噗噗、咧噜噜……！」%K%P
はぁはぁ、イきながらもチンポを\nしゃぶり続けるお姉ちゃんの姿がエロい……！！%K%P
呼、呼，姐姐一边高潮一边吸着鸡巴的样子好色情……！！%K%P
イくっ、んんっっ……！！　出るっっ……！！%K%P
要射了，嗯嗯……！！要射了……！！%K%P
「ん゛ぶっ――ん゛んっっ！！！？\n　ん゛ふぅぅぅぅんんんんんんんんっっ～～！！！」%K%P
「嗯噗——嗯嗯！？\n嗯呼呜呜呜呜嗯嗯嗯嗯嗯嗯嗯嗯～～！！！」%K%P
次の瞬間、僕はお姉ちゃんの口の中に、\n思いっきり精を吐き出してしまっていた。%K%P
下一秒，我将精液全数喷进姐姐口中。%K%P
お姉ちゃんは一瞬、驚いた顔をしたものの、\nすぐに嬉しそうに鼻を鳴らして――%K%P
姐姐虽然有一瞬间露出惊讶的表情，但马上又开心地哼了一声——%K%P
「んごくくっ……！　ごくっ……！！\n　ごくごくごくごくっっ、ぢゅるるるっ……！！」%K%P
「咕嘟咕嘟……！咕嘟……！！\n咕嘟咕嘟咕嘟咕嘟！啾噜噜噜……！！」%K%P
「くはぁ……！　それ、んん、気持ちいい……！！」%K%P
「咕哈……！这样，嗯嗯，好舒服……！」%K%P
「んふっ……！！　んぢゅるるるるるっ、ごくくっ！！\n　ぢゅぅぅぅぅぅぅっっ～～……！！！」%K%P
「嗯呼……！嗯啾噜噜噜噜噜，咕嘟咕嘟！！\n啾唔唔唔唔唔唔～～……！！」%K%P
喉を鳴らしてお姉ちゃんが精子を飲み干してくれる。\n吸い付きの圧迫感と搾り出される感覚が気持ちいい……！%K%P
姐姐咕嘟咕嘟地喝干了精液。\n吸吮的压迫感和被榨干的感觉好舒服……！%K%P
そして、最後の一滴まで飲み干してくれたところで、\nお姉ちゃんはゆっくりと口を離して――%K%P
然后，当她把最后一滴也喝干之后，姐姐缓缓地把嘴巴移开——%K%P
「んはぁ……！　はぁ、はぁ……！\n　これが、夢にまで見たザーメンの味……んはぁ……！」%K%P
「嗯哈啊……！哈啊、哈啊……！\n这就是，我梦寐以求的精液的味道……嗯哈啊……！」%K%P
「大好きな弟の、はぁはぁ、ザーメン……！\n　リアルに飲んじゃった……」%K%P
「最喜欢弟弟的，呼呼，精液……！\n真的喝下去了……」%K%P
いっそう興奮したような吐息を漏らしながら、\nお姉ちゃんが呟く。%K%P
姐姐发出更加兴奋的喘息声，同时低声说道：%K%P
「はぁはぁ……。気持ち良かった……。\n　ありがとう、お姉ちゃん……」%K%P
「呼、呼……好舒服哦……\n谢谢你，姐姐……」%K%P
「う、ううん……。あたしも、はぁはぁ……。\n　イ、イきまくってて……」%K%P
「呜、呜呜嗯……我也、哈啊哈啊……\n射、射个不停……」%K%P
「まさかお尻まで、はぁはぁ、弄ってもらえるなんて\n　思ってなかったし……！」%K%P
「没想到连屁股，呼啊呼啊，都能被你玩弄……！」%K%P
「い……嫌じゃなかった？\n　お尻なんて、はぁはぁ、ほじほじするの……」%K%P
「你……你不讨厌？\n你居然会……呼呼……挖挖我的屁股……」%K%P
「ううん。なんなら、はぁはぁ……。\n　次は舐めてみようかと思ったくらい」%K%P
「不会。我甚至觉得……呼呼……下次干脆舔看看好了。」%K%P
「舐め――～～っっ！　ば、ばっちいからダメ……！」%K%P
「舔——～～！脏、脏死了，不行……！」%K%P
「して欲しくないの？」%K%P
「你不想那样吗？」%K%P
「それは、えと……！　し、して欲しくないかと言えば\n　そうじゃないけど、で、でも……！」%K%P
「这个嘛，呃……！如、如果要问我想不想要的话，也不是不想，可、可是……！」%K%P
お尻をヒクヒクさせながら、お姉ちゃんが照れまくる。\nそんな変態な姿も可愛かった。%K%P
姐姐的屁股一颤一颤的，害羞得不得了。\n这种变态的样子也好可爱。%K%P
「それより、その……。もし嫌じゃなければ……」%K%P
「比起这个，那个……如果你不嫌弃的话……」%K%P
熱い吐息がおちんちんに吹きかかってくる。%K%P
温热的气息吹在肉棒上。%K%P
何を言いたいのかは、それで十分伝わってきた。\n伝わってきたけど――%K%P
她想说什么，我已经充分理解了。\n虽然理解了——%K%P
「……嫌じゃなければ？」%K%P
「……只要你不嫌弃的话。」%K%P
「っっ。だ、だから、その……！」%K%P
「唔唔！就、就是，那个……！」%K%P
お姉ちゃんのマゾ心を揺さぶるように\nあえて聞き返す。%K%P
我故意反问，\n仿佛要动摇姐姐的M心。%K%P
するとお姉ちゃんは立ち上がって\n机にもたれかかり――%K%P
姐姐站了起来，然后靠在桌子上说道：%K%P
