「…………」%K%P
「…………」%K%P
昨夜は一睡もできなかった。%K%P
昨晚我完全没睡。%K%P
一晩経ったのに、まだ頭の中が混乱してる。%K%P
明明已经过了一晚，我的脑袋却还是一片混乱。%K%P
「あたし……はぁ、はぁ……。\n　春樹が……好き……」%K%P
「我……呼、呼……喜欢……春树……」%K%P
「一人の男の子として……好き……」%K%P
「身为一个男生……喜欢……」%K%P
「ずっと……ずっとずっと好きだった……。\n　小さい頃から、ずっとずっと……」%K%P
「我一直……一直一直喜欢着你……\n从小时候开始，就一直一直……」%K%P
「春樹が清佳ちゃんと出会う前から、\n　好きだったの……」%K%P
「从春树和清佳相遇之前，就一直喜欢着你……」%K%P
考えたこともなかった。%K%P
我从来没想过。%K%P
だって僕たちは血の繋がった姉弟で。\nそういう感情とは無縁の仲だと思っていたから。%K%P
因为我们是有血缘关系的姐弟。\n我以为我们之间不会有那种感情。%K%P
「……朝ご飯でも作ろう……」%K%P
「……来做早餐吧……」%K%P
思考を先送りにするようにベッドから這い出る。%K%P
我爬出被窝，决定暂时不去思考。%K%P
そしてリビングへ向かった。%K%P
然后我走向客厅。%K%P
あれ……この音。先客がいるみたいだ。\n愛さんかな？　朝ご飯作ってくれてるのかも。%K%P
咦……这个声音，好像有人先来了。\n是爱小姐吗？她可能正在做早餐。%K%P
「あ。蛍じゃん。おはよっ」%K%P
「啊，是萤。早安。」%K%P
%XS20「えっ、お姉ちゃんっ？」%XE%K%P
%XS20「咦，姐姐？」%XE%K%P
キッチンからぬっと姿を見せてきた彼女の姿に\nギクリと身体が膠着してしまう。%K%P
她从厨房探出头来，吓得我身体僵住。%K%P
「ど、どうして、寝ぼすけのお姉ちゃんが\n　こんな朝早くに起きてるのっ？」%K%P
「为、为什么贪睡的姐姐会这么早起呢？」%K%P
「いやー……。全然覚えてないんだけど、\n　昨日すっごい醜態さらしたっぽいじゃん？」%K%P
「没有啦……虽然我完全不记得，不过昨天好像有出过什么大丑态吧？」%K%P
「だからこれを機に真人間になろうと思ってさ。\n　ふふん。朝ご飯食べる？　作ってあるよ？」%K%P
「所以我想趁这个机会，好好当个正经的人。呵呵，要吃早餐吗？我有准备哦。」%K%P
普段通りの調子でお姉ちゃんが話しかけてくる。\nむしろ、いつもより元気いっぱいなくらいだ。%K%P
姐姐用一如往常的语气向我搭话。\n不如说，她比平常更有精神。%K%P
昨日のこと、覚えてないって言ってるけど……。%K%P
虽然她说不记得昨天的事……%K%P
「……どうしたの？　人の顔、じーっと見て……」%K%P
「……怎么了？一直盯着人家的脸看……」%K%P
「あ、えと。ホ、ホントに昨日のこと覚えてないの？」%K%P
「啊，呃。你、你真的不记得昨天的事吗？」%K%P
「うん。……もしかして、やっぱあたし、\n　なんかやらかしちゃってたりした？」%K%P
「嗯……该不会，我果然又搞砸了什么吧？」%K%P
「う、ううん。そういうわけじゃないけど……！」%K%P
「不、不是啦。不是你想的那样……！」%K%P
真顔で尋ねてくるお姉ちゃんに、\nつい首を横に振って応えてしまう。%K%P
姐姐一脸认真地问我，我忍不住摇头。%K%P
……忘れてるなら、それはそれで良かったかも。%K%P
……既然她忘了，那也无所谓。%K%P
覚えていないのなら、それで……。%K%P
既然她不记得，那就算了……%K%P
「…………」%K%P
「…………」%K%P
「さて、と。清佳ちゃんと愛ちゃんを\n　起こしてきてくれる？　朝食にしよ？」%K%P
「好了，可以帮我叫醒清佳和爱吗？来吃早餐吧？」%K%P
「うん……」%K%P
「嗯……」%K%P
本当に……何も覚えてないのかな。%K%P
她真的……什么都不记得了吗？%K%P
「それじゃあ、いってらっしゃい」%K%P
「那么，你慢走哦。」%K%P
「いってらっしゃい、二人とも」%K%P
「两位，路上小心。」%K%P
「ふふ。なんだか新鮮ですね。\n　千鶴さんに送り出されるのは」%K%P
「呵呵，被千鹤小姐送行，感觉好新鲜哦。」%K%P
見送りに出て来たお姉ちゃんが珍しいのか、\n清佳ちゃんが冗談っぽく笑う。%K%P
清佳开玩笑地笑了，大概是因为很少看到姐姐出来送行吧。%K%P
「それより体調は大丈夫なの、蛍？\n　昨日はずーっと上の空だったけれど……」%K%P
「对了，你的身体还好吗？小萤。\n昨天你一直心不在焉的……」%K%P
「う、うん。ごめんね、清佳ちゃん。\n　せっかく誘ってくれたのに……」%K%P
「嗯、嗯。对不起哦，清佳。\n你特地约我，我却……」%K%P
正直、昨日のデートのことを何も思い出せない。%K%P
老实说，我完全想不起昨天约会的事。%K%P
お姉ちゃんの告白で頭がいっぱいで、\n他のことは何も考えられなかった。%K%P
我满脑子都是姐姐的告白，完全无法思考其他事情。%K%P
清佳ちゃんには本当に悪いことしちゃったな……。\n楽しみにしてくれていたのに……。%K%P
我真的很对不起清佳……\n她明明那么期待……%K%P
「ふふ、気にしないでいいわよ。\n　元気な時にまた遊んでくれたらいいから」%K%P
「呵呵，你不用在意啦。\n等我身体好一点，再找你出去玩就好了。」%K%P
「清佳様。そろそろ」%K%P
「清佳大人，差不多了。」%K%P
「ええ。それじゃあ、蛍、千鶴さん。いってきます」%K%P
「嗯。那么，萤、千鹤小姐，我出门了。」%K%P
「う、うん」%K%P
「嗯，好。」%K%P
「いってらっしゃーい」%K%P
「慢走哦～」%K%P
そうして二人が迎えの車に乗り込んでいく。%K%P
于是两人搭上前来迎接的车子。%K%P
「さーて。仕事仕事っと。\n　春樹も早く着替えて登校しちゃいなよ」%K%P
「好啦，该去工作了。春树你也快点换好衣服去上学吧。」%K%P
「あ、お姉ちゃん――」%K%P
「啊，姐姐——」%K%P
逃げるようにお姉ちゃんが立ち去っていく。%K%P
姐姐逃也似地离开了。%K%P
ううん。逃げるように、なんて気にしすぎなのかな。\n勝手にそう感じてしまってるだけなのかも。%K%P
不对，说是逃避，会不会是我想太多了？\n或许只是我擅自这么认为而已。%K%P
「って。こうしちゃいられない。\n　僕も準備しなくちゃ……！」%K%P
「啊，不能再拖拖拉拉了。\n我也得赶快准备……！」%K%P
「……ふぅ……」%K%P
「……呼……」%K%P
なんだか足取りが重い。\n一人になると、色々考えちゃって……。%K%P
总觉得脚步好沉重。\n一个人独处，就会胡思乱想……%K%P
「…………」%K%P
「…………」%K%P
指先で唇に触れる。\nお姉ちゃんの唇、すごく柔らかかったなぁ……。%K%P
我用指尖碰触嘴唇。\n姐姐的嘴唇，好柔软啊……%K%P
「――って。ぼ、僕は何を思い出して……！\n　相手はお姉ちゃんなのに――……」%K%P
「——等等，我、我怎么想起这种事……！对方可是姐姐耶——……」%K%P
人知れず首を横に振りかけて――気づく。%K%P
我暗自摇头——然后察觉到一件事。%K%P
そっか。お姉ちゃんも……\nきっとこんな風に悩んでたんだ。%K%P
原来如此，姐姐她……\n肯定也像这样烦恼过吧。%K%P
『弟なのに』って、自分を責めていたに違いない。%K%P
她肯定是在责怪自己「明明是弟弟」。%K%P
だからこそ、今朝から急に真面目になろうとしちゃって。\n僕と、距離を取ろうとして。%K%P
所以她才会从今天早上开始突然变得认真。\n想要跟我保持距离。%K%P
「……嘘が下手なのは遺伝かな……」%K%P
「……不会说谎应该是遗传吧……」%K%P
お姉ちゃんが昨日のことを覚えているのはわかっていた。%K%P
我知道姐姐记得昨天的事情。%K%P
どうしたらいいかわからなくて、\n僕も気づかない振りをしていたけれど――もうやめよう。%K%P
我不知道该怎么办，所以一直假装没发现——不过，还是别再这样了。%K%P
お姉ちゃんとちゃんと話さなくちゃいけない。\n今もお姉ちゃんは一人で苦しんでいると思うから。%K%P
我必须跟姐姐好好谈谈。\n因为我觉得姐姐现在一定很痛苦。%K%P
「っっ」%K%P
「唔唔！」%K%P
来た道を引き返す。%K%P
我沿着原路折返。%K%P
お姉ちゃんに会いに行くんだ――%K%P
我要去见姐姐——%K%P
「はぁはぁ……。お姉ちゃんはお部屋かな……」%K%P
「呼……呼……姐姐应该在房间吧……」%K%P
廊下を歩きながら呼吸を整える。%K%P
我走在走廊上，调整呼吸。%K%P
本当言うと、お姉ちゃんの気持ちに対する答えは\nまだ出てない。何を言えばいいかもわからない。%K%P
老实说，我还没办法回答姐姐的心意，也不知道该说什么才好。%K%P
だけど……いま逃げだしてしまったら、\n二度とお姉ちゃんと笑い合えない気がする。%K%P
可是……如果现在逃避的话，总觉得就再也无法和姐姐一起欢笑。%K%P
時間が経てば経つほど遠慮や気まずさが増長して、\nお姉ちゃんとの距離がどんどん離れていく気がする。%K%P
时间过得愈久，客气和尴尬的感觉就愈强烈，感觉和姐姐之间的距离也愈来愈远。%K%P
――そんなのは絶対に嫌だ。%K%P
——我绝对不要那样。%K%P
「っっ」%K%P
「唔唔！」%K%P
お姉ちゃんの部屋の前に辿り着く。%K%P
我来到姐姐的房间前。%K%P
そしてドアノブに手をかけようとした――その時だった。%K%P
正当我准备伸手握住门把的时候——%K%P
『あっ……んっ。春樹……あっ、はぁん……！』%K%P
『啊……嗯。春树……啊，哈啊嗯……！』%K%P
お姉ちゃんの艶やかで甘い声が\n部屋の中から聞こえてくる。%K%P
姐姐娇艳的甜美声音从房间里传了出来。%K%P
こ、これってまさか――……%K%P
这、这该不会是——……%K%P
『んはぁ……あぁん。もっと触って……あっ、\n　弄って……。お姉ちゃんの、ふぁ、身体……』%K%P
『嗯哈啊……啊啊嗯。再多摸摸……啊，玩弄……姐姐的，呼啊，身体……』%K%P
『んぁ……！　そこ、あぁ、気持ちいい……！\n　ふぁ、あっ……！　あぁぁ……！！』%K%P
『嗯啊……！那里，啊啊，好舒服……！\n呼啊，啊……！啊啊啊……！！』%K%P
オオオ、オナニー……！？\nお姉ちゃん、オナニーしてるの……！！？%K%P
自、自慰……？\n姐姐在自慰……？%K%P
しかも僕の名前を呼んで……！\n恥ずかし――じゃなくて、こ、これじゃ入れないよ。%K%P
而且还叫了我的名字……！\n好害羞——不对，这、这样我进不去啊。%K%P
どうしよう、想定外だ……！\nとにかく、一旦この場を離れないと……！%K%P
怎么办，这出乎我的意料之外……！\n总之，我得先离开这里……！%K%P
『ん゛んっ……！　またお尻、んはぁ……！\n　ほ、ほじほじして……！　ハズいよ、春樹ぃ……！』%K%P
『嗯嗯……！屁股又被摸了，嗯哈啊……！\n又、又开始抠了……！好害羞啊，春树……！』%K%P
――お尻！？　お尻責めてる想定なの！？%K%P
——屁股！？是默认要玩弄屁股吗！？%K%P
確かにお姉ちゃんのお尻ってムチムチしてて\n気持ちよさそうだけど――じゃないってば！！%K%P
姐姐的屁股确实很丰满，看上去很舒服——不对，不是这样的！！%K%P
盗み聞きなんてしちゃダメ。ダメだってば。%K%P
不可以偷听别人说话。就说不可以了。%K%P
「…………」%K%P
「…………」%K%P
で、でも、もうちょっとだけ……。%K%P
可、可是，再一下下就好……%K%P
『あっ……！　ああんっ……！\n　指激しっ、んんっ、んはぁっ……！！』%K%P
『啊……！啊啊嗯……！\n　手指激烈地动着，嗯嗯、嗯哈啊……！！』%K%P
お姉ちゃんの声がどんどん大きくなっていく。\nはぁはぁ、こ、こんな声聞いたことないよ……！%K%P
姐姐的声音越来越大。\n哈啊哈啊，我、我从来没听过这种声音……！%K%P
『ダメ、あああっ、イ、イくっ……！\n　お姉ちゃん、あぁ、イっちゃうよ、春樹ぃ……！！』%K%P
『不行，啊啊啊，要、要去了……！\n姐姐，啊啊，要去了，春树……！！』%K%P
「はぁはぁ……！」%K%P
「呼……呼……！」%K%P
おちんちんがパンパンになってしまう。\n思いっきり扉へ耳を押しつけてしまって。%K%P
我将耳朵紧紧贴在门上，听着小鸡鸡的啪啪声。%K%P
お姉ちゃんの激しい息づかいがえっちい。\nこんなにも、ひいひい喘いで……！%K%P
姐姐激烈地喘息着，好色情。\n居然喘息得这么厉害……！%K%P
『んぁっ、ああっ、あっ、あっ、あっ、あっ、あっ！！\n　イくっ、イくイくっ、んんんっ、イっっ――』%K%P
『嗯啊、啊啊、啊、啊、啊、啊、啊！！\n要去了、要去了要去了、嗯嗯嗯、要——』%K%P
～～っっ！！　え、えっち過ぎ――%K%P
～～！！太、太色了——%K%P
「へっ――？」%K%P
「咦——？」%K%P
体重を預けすぎたのか、\n扉が開いてしまって浮遊感に包まれる。%K%P
可能是我太依赖门了，门一打开，我就被一股浮游感包围。%K%P
そして、次の瞬間――%K%P
然后，下一瞬间——%K%P
「あぶっ！？」%K%P
「啊噗！？」%K%P
「えっ――……？　～～っっ！！？」%K%P
「咦——……？～～！！？」%K%P
部屋の中へバタリと倒れてしまう。\nすると、お姉ちゃんの声にならない悲鳴が聞こえてきた。%K%P
我直接往房间里面倒了下去。\n接着，我听见姐姐不成声的惨叫。%K%P
「どどど、どうして春樹がっ……！！？\n　学園行ったんじゃっ……！！」%K%P
「为为为、为什么春树会……！\n　不是去上学了吗……！」%K%P
お姉ちゃんがバサっと首まで布団を被って、\n恥ずかしそうに僕を見てくる。%K%P
姐姐把棉被拉到脖子的高度，害羞地看着我。%K%P
「……も、もしかして聞いてたの？\n　扉の外で、ずっと……」%K%P
「……难、难道说你都听到了？\n一直在门外听着……」%K%P
「それは、えと……！　そのっ……！！」%K%P
「这个嘛，呃……！那个……！！」%K%P
「ズボン……テント張ってる……」%K%P
「裤子……搭起了帐篷……」%K%P
「～～っっ！！」%K%P
「～～！！」%K%P
指摘されて、慌てて股間を隠す。\nけれど、時既に遅しだ。%K%P
被她这么一说，我连忙遮住胯下，但为时已晚。%K%P
「っっ。へ、変態……！\n　お姉ちゃんので、こ、興奮するなんて……！」%K%P
「！变、变态……！居、居然会对姐姐的……兴奋……！」%K%P
「おおお、お姉ちゃんこそ……！\n　僕をオカズにしてたじゃないっ……！」%K%P
「姐姐才是……！你不是把我当成配菜吗……！」%K%P
「～～っっ！　ち、違うっ……！\n　春樹と同じ名前の別人だってばっ……！！」%K%P
「～～！不、不是……！\n是和春树同名的其他人啦……！」%K%P
「というかいつから聞いてたのっ？\n　いつから気づいてたのっ？　今までも聞いてたのっ？」%K%P
「话说你从什么时候开始听的？\n什么时候发现的？从刚才就一直在听吗？」%K%P
「い、今までって……。今日だけじゃないんだ……」%K%P
「到、到目前为止……原来不是只有今天啊……」%K%P
「っっ！？　し、してないっ……！\n　今日だけだってば……！！」%K%P
「！？没、没有……！只有今天而已……！！」%K%P
誤魔化そうとするけど、\nお姉ちゃんの顔は真っ赤だった。%K%P
虽然她试图蒙混过去，但脸却红得像苹果一样。%K%P
もしかして……僕が登校した後、\n毎日オナニーしてた、とか？%K%P
难道说……我上学之后，她每天都在自慰？%K%P
「とにかく出てってよっ……！\n　そもそもなんで帰ってきてんのさっ！」%K%P
「总之你快点出去啦……！\n而且你为什么又跑回来了啊！」%K%P
「お姉ちゃんと話をしようと思って……！」%K%P
「我想跟姐姐聊聊……！」%K%P
「話っ？　昨日のことなら忘れてよっ……！\n　酔った勢いで言っちゃっただけで――……」%K%P
「有话？如果是昨天的事就忘掉吧……！那只是我喝醉了才说的——……」%K%P
と口走ったところで、お姉ちゃんが\n「しまった」という顔をする。%K%P
姐姐脱口而出后，露出「糟糕」的表情。%K%P
「やっぱり、覚えてたんだ？」%K%P
「你果然还记得？」%K%P
「うっ……」%K%P
「唔……」%K%P
「どうして忘れたふりしてたの？\n　……って言わなくてもわかるけどさ」%K%P
「你为什么要装作不记得？\n……虽然不用问也知道。」%K%P
「わかるって……何がわかるのさ」%K%P
「知道……知道什么？」%K%P
「春樹にはわかんないよ。\n　弟にガチ恋しちゃってる姉の気持ちなんて……」%K%P
「春树你不会懂的啦。\n你不会懂姐姐真心爱上弟弟的心情……」%K%P
「ああもう……どうして言っちゃったんだろ。\n　今までずーっと隠してきたのに……」%K%P
「啊啊，真是的……为什么不小心说出来了呢？\n明明至今为止一直隐瞒着的说……」%K%P
「酔っ払うからじゃない。\n　お酒はほどほどにってあれほど言ってるのにさ」%K%P
「还不是因为你喝醉了。\n明明就说过很多次，喝酒要适可而止。」%K%P
「は、春樹があたしのこと好きとか言うからじゃん。\n　……そういう意味じゃないってわかってても、\n　酔った時に言われたら考えらんないよ……」%K%P
「因、因为春树说他喜欢我啊。\n……就算知道他不是那个意思，\n喝醉的时候听到这种话，还是会忍不住想歪嘛……」%K%P
観念したように、お姉ちゃんがポツポツと話し始める。%K%P
姐姐像是放弃挣扎，开始娓娓道来。%K%P
「気持ち悪いお姉ちゃんでごめんね……。\n　でもホント、気にしなくていいから……」%K%P
「对不起哦，我是个恶心的姐姐……\n不过，真的不用在意没关系……」%K%P
「春樹が清佳ちゃんのこと好きなのも知ってるし……。\n　そもそも弟と付き合えるわけないのもわかってるし……」%K%P
「我知道春树喜欢清佳……\n而且我也知道，自己不可能和弟弟交往……」%K%P
自嘲するように呟くと、\nお姉ちゃんは大きく息を吐いて肩を竦めた。%K%P
姐姐自嘲似地喃喃说道，然后大大地叹了一口气，耸了耸肩。%K%P
「大方これからギクシャクし続けるのが嫌で\n　話に来てくれたんでしょ？　なら全部話すよ」%K%P
「你多半是不希望接下来一直尴尬下去，\n所以才来找我谈的吧？既然这样，我就全部告诉你。」%K%P
「あたしは春樹が好き。弟が好き。弟をオカズに\n　毎日オナニーしちゃう変態」%K%P
「我喜欢春树。我喜欢弟弟。我是个把弟弟当成性幻想对象，每天都要自慰的变态。」%K%P
「春樹を女装させてたのも男として意識しないため。\n　清佳ちゃんの恋を応援してたのも恋を諦めるため」%K%P
「让春树穿女装，也是为了不让他意识到自己是男人。\n支持清佳的恋情，也是为了让她放弃恋爱。」%K%P
「ま……女として意識されたくて裸見せたりしてたけど。\n　寝てる春樹にこっそりキスしたこともあるよ。何回も」%K%P
「不过……我为了让他把我当成女人看待，曾经故意让他看到我的裸体，也曾经趁他睡觉的时候偷偷亲他，而且不只一次。」%K%P
「これで全部だよ。あたしの秘密は全部言った」%K%P
「这就是全部了。我的秘密都说完了。」%K%P
「あーなんか、めっちゃスッキリしたよ。\n　やっぱ打ち明けると違うね～。生まれ変わった気分」%K%P
「啊～感觉超爽快的。\n果然说出来就是不一样～有种脱胎换骨的感觉。」%K%P
「お姉ちゃん……」%K%P
「姐姐……」%K%P
「さ。そういうことだから行って。\n　遅刻しちゃうよ？」%K%P
「就是这样，快去吧。\n要迟到了哦。」%K%P
「あたしはさっきの春樹の勃起思い出しながら、\n　オナニーの続きでもするからさ。ほら行ってよ。\n　イく寸前で止められてムラムラしちゃってんの」%K%P
「我一边回想刚才春树的勃起，一边继续自慰。好了，快点去吧。在高潮前被阻止，让我欲火焚身了。」%K%P
そう言ってお姉ちゃんが\n僕を部屋から追い出そうとしてくる。%K%P
姐姐这么说着，打算把我赶出房间。%K%P
だけど僕は動けなかった。%K%P
可是我却动弹不得。%K%P
「……もう。春樹はイチイチ気にしすぎだよ。\n　あたしは今ので踏ん切りついたからさ」%K%P
「……真是的，春树你太在意了啦。\n我刚才已经下定决心了。」%K%P
「約束する。今までと何も変わらず接するって。\n　だから春樹も……そうして欲しいな？」%K%P
「我答应你，我会用和以前一样的态度对待你。所以春树……你也希望我这么做吧？」%K%P
「正直、嬉しいよ？　春樹があたしのことで\n　悩んでくれて。それだけ大切に想ってくれてて……」%K%P
「老实说，我很高兴哦。春树会为了我而烦恼，就代表你很重视我……」%K%P
「……お姉ちゃん」%K%P
「……姐姐。」%K%P
「あたしは、その気持ちだけで十分だよ。十分だからさ」%K%P
「我只要有这份心意就足够了。因为这样就够了。」%K%P
「春樹もはっきり言ってくれていいよ？\n　思ってるコト、そのまま伝えてくれていいから」%K%P
「春树也可以直接说哦？\n把你心里想的事情直接说出来就好。」%K%P
「気持ち悪いなら気持ち悪いって言って？\n　あたしを傷つけるとか、考えなくていいから」%K%P
「如果觉得不舒服，就直接说不舒服吧？\n不用考虑会不会伤害到我。」%K%P
「むしろ……ちゃんと振って欲しいかも。\n　その方がお互いのためになるじゃん」%K%P
「我反而希望……你好好拒绝她。\n这样对彼此都好。」%K%P
あやすような口調でお姉ちゃんが告げてくる。\nだけど、それでも僕は返答に窮してしまった。%K%P
姐姐用安抚的语气说道。\n即使如此，我还是不知道该怎么回答。%K%P
いざお姉ちゃんに気持ちを告げられると、\n身体中が熱くなって、心臓がドキドキして。%K%P
一旦要向姐姐告白，我就会浑身发热，心脏怦怦直跳。%K%P
「わからないんだ……」%K%P
「我也不知道……」%K%P
「え？」%K%P
「咦？」%K%P
「自分の気持ちが全然わからない。\n　お姉ちゃんは、僕のお姉ちゃんで、大事な人で……」%K%P
「我完全搞不懂自己的心情。\n姐姐是我的姐姐，也是很重要的人……」%K%P
「春樹……」%K%P
「春树……」%K%P
「どうだっていい人なら僕だって悩まなかった。\n　たとえ告白されても、好きだって言われても――」%K%P
「如果她是个无所谓的对象，我也不会烦恼了。\n就算她向我告白，就算她说喜欢我——」%K%P
――だけど、この気持ちはなんだ？%K%P
——可是，这份心情是怎么回事？%K%P
振りたくない。僕はそう思ってしまってる。%K%P
我不想挥剑。我忍不住这么想。%K%P
「お姉ちゃんの告白が心の底から嬉しい……。\n　すっごく嬉しいんだ……！」%K%P
「姐姐的告白让我打从心底感到开心……\n我好开心……！」%K%P
「っっ。そ、そんなこと言われても……。\n　清佳ちゃんのコト好きなんでしょ？」%K%P
「唔唔！就、就算你这么说……\n你不是喜欢清佳吗？」%K%P
「そうだけど……！　そうなんだけど……！\n　だけど、っっ、だけど……！！」%K%P
「是这样没错……！是这样没错……！\n可是，可是……！！」%K%P
昨夜は一睡もできなかった。\nお姉ちゃんの告白、キスを、一晩中思い出していた。%K%P
昨晚我完全睡不着，一整晚都在回想姐姐的告白和接吻。%K%P
清佳ちゃんとのデート中もお姉ちゃんのことばかり\n考えてしまっていた。%K%P
和清佳约会时，我也一直在想姐姐的事。%K%P
今日だってずっとそうだ。\nだからこそ僕はここへ来て――%K%P
今天也是一直在想。\n所以我才会来到这里——%K%P
「僕も……好き……なのかも」%K%P
「或许……我也喜欢……吧。」%K%P
「え…………」%K%P
「咦…………」%K%P
口にした瞬間、モヤモヤしていた感情が\n確固とした形を得たように思えた。%K%P
说出口的瞬间，原本模糊不清的感情似乎也变得清晰起来。%K%P
そうだ……。好きなんだ……。%K%P
没错……我喜欢她……%K%P
僕もお姉ちゃんのことが。%K%P
我也喜欢姐姐。%K%P
ずっと姉として見ていたから気づいていなかっただけで。\nいけないと思っていたから無意識に蓋をしていただけで。%K%P
只是因为一直把她当成姐姐看待，所以才没有察觉。\n只是因为觉得这样不好，所以才下意识地掩盖起来。%K%P
「好き……。僕もお姉ちゃんが好きだ。\n　一人の女性として好きなんだ」%K%P
「喜欢……我也喜欢姐姐。\n以一个女性的身份喜欢着。」%K%P
確かめるように何度も口にする。\nその度に全身に熱がこもっていく。%K%P
我像是要确认般，不断重复这句话。\n每说一次，全身就涌起一股热意。%K%P
「っっ。バカ言わないで……！\n　あたしはそんな言葉を聞きたくて言ったわけじゃ……！」%K%P
「你少说蠢话了……！\n我并不是想听你讲这种话才问你的……！」%K%P
「振ってよっ……！　振って欲しくて言ったのに……！\n　どうして好きとか言っちゃうのさ……！！」%K%P
「甩掉我啊……！我就是希望你甩掉我才说的……！\n为什么你却说你喜欢我啊……！」%K%P
「でも、これが僕のホントの気持ちなんだ」%K%P
「可是，这就是我真正的心情。」%K%P
「清佳ちゃんは？　付き合いたいのは、\n　清佳ちゃんなんでしょっ……！」%K%P
「清佳呢？你想交往的对象是清佳吧……！」%K%P
「それは――……」%K%P
「这个嘛——……」%K%P
わからない。\n同じくらい好きなのかもしれない。%K%P
我不知道。\n或许她也一样喜欢我。%K%P
いいや。もしかすると、清佳ちゃんよりも――%K%P
不对。说不定，比清佳更——%K%P
「清佳ちゃんの方が……好きなんだよね？\n　そう言って？　それだけでいいから……」%K%P
「你比较喜欢……清佳对吧？\n　你只要这样说就好……」%K%P
「…………」%K%P
「…………」%K%P
「黙ってないで言って……？　早く言って……？\n　じゃないと、あたし……あたし――」%K%P
「不要不说话，快点说……？快点说……？\n不然的话，我……我——」%K%P
お姉ちゃんが目の前へやってくる。\n頬を赤くして、照れた顔で僕を見つめてくれる。%K%P
姐姐来到我面前。\n她红着脸，害羞地望着我。%K%P
その顔に見とれてしまう。\nお姉ちゃんの顔を異性として見ている自分がいる。%K%P
那张脸让我看得入迷。\n我发现自己把姐姐的脸当成异性看待。%K%P
「……振って？　あたしのコト、はっきり振って？\n　清佳ちゃんが好きだって言って……？」%K%P
「……甩了我？明确地甩了我？\n说你喜欢清佳……？」%K%P
「これ以上あたしに、変な希望持たせないでよ……」%K%P
「不要再让我怀抱奇怪的希望了啦……」%K%P
お姉ちゃんが苦しそうな顔で訴えてくる。\nそんな辛そうな顔を見たくなかった。%K%P
姐姐一脸痛苦地向我诉说。\n我不想看到她这么痛苦的表情。%K%P
だから僕は――%K%P
所以——%K%P
「んんっ……！？」%K%P
「嗯嗯……！？」%K%P
お姉ちゃんを抱き寄せてキスをする。\n昨日、お姉ちゃんにしてもらったことと逆のことをする。%K%P
我将姐姐抱了过来，吻了上去。\n我做着和昨天姐姐对我做的一样的事情。%K%P
「ぷは……はぁ、はぁ、はぁ……は、春樹……？」%K%P
「噗哈……呼、呼、呼……春、春树……？」%K%P
「これが僕の答えだと思う。ううん、答えだ」%K%P
「这就是我的答案。不对，是解答。」%K%P
「僕はお姉ちゃんのことが好きだ。\n　清佳ちゃんよりも、好きなんだ」%K%P
「我喜欢姐姐。\n比喜欢清佳更喜欢。」%K%P
お姉ちゃんの目を真っ直ぐ見て伝える。\n自分の気持ちをはっきりと。%K%P
我直视姐姐的双眼，清楚地表达自己的心情。%K%P
するとお姉ちゃんは目尻に涙を溢れさせて――%K%P
姐姐的眼角泛出泪光——%K%P
「バカぁ……。なんでそうなるんだよぉ……」%K%P
「笨蛋……为什么会变成这样啊……」%K%P
「姉と弟なんだよ？　許されるわけないじゃん。\n　だから、あたしはずっと言わずにいたのに……！」%K%P
「我们是姐弟耶？怎么可能被允许啊。\n所以我才一直没说出口……！」%K%P
「でも、本当にそう思ったんだよ。\n　だから自然と身体も、口も動いたんだ」%K%P
「可是，我真的这么想啊。\n所以身体和嘴巴才会自然而然地动起来。」%K%P
清佳ちゃんはよく言っていた。\n言葉に詰まるようなことは口にするべきじゃない。と。%K%P
清佳经常这么说。\n不该说让人语塞的话。%K%P
それは無理をして紡いだ言葉だから。\n自分の心に嘘をついて、形にした言葉だから。と。%K%P
因为那是勉强编织出来的言语。\n因为那是对自己内心说谎，然后化为形体的言语。%K%P
――けれど僕は今、自然と言葉が溢れてくる。%K%P
——然而，我现在却能自然而然地开口。%K%P
お姉ちゃんに伝えたい想いが、\n心の底から込み上がってくる。%K%P
想传达给姐姐的想法，打从心底涌上。%K%P
「お姉ちゃんのことが好きだ。\n　姉とか弟とか関係なく好きなんだ」%K%P
「我喜欢姐姐。\n无关乎姐弟关系，我喜欢姐姐。」%K%P
「っっ」%K%P
「唔唔！」%K%P
「きっと……今まで清佳ちゃんに告白できなかったのは\n　ずっとお姉ちゃんのことが気になってたからだよ」%K%P
「我想……至今为止，他之所以无法向清佳告白，\n　一定是因为他一直很在意姐姐。」%K%P
「どこかでお姉ちゃんと付き合いたいって\n　想ってる自分がいたんだ。無意識だったとは思うけど」%K%P
「我心中某处一直想和姐姐交往，虽然我想那应该是无意识的。」%K%P
「だから……お姉ちゃんさえ良ければ、\n　僕と付き合って欲しい」%K%P
「所以……如果姐姐不嫌弃的话，希望你能和我交往。」%K%P
「僕の恋人に……なって欲しい」%K%P
「希望你……当我的女朋友。」%K%P
「こ、恋人にって……」%K%P
「男、男朋友……」%K%P
お姉ちゃんがイチゴのように顔を赤くして、\n恥ずかしそうに視線を右往左往させる。%K%P
姐姐的脸红得像草莓一样，视线害羞地左右游移。%K%P
「春樹は……いつも唐突で、勝手過ぎるよ……」%K%P
「春树……你总是这么唐突，又太任性了……」%K%P
「あの日も、なんも説明しないであたしを\n　引っ張って行って。勝手にあたしのドレス着て……」%K%P
「那一天也是，什么都没说明就拉着我走，还擅自穿上我的礼服……」%K%P
「今日だっていきなり部屋に来て。\n　好きだとか、付き合ってほしいとか、ほざきだして――」%K%P
「今天也是突然跑来我房间，说什么喜欢我、想跟我交往之类的鬼话——」%K%P
不意にお姉ちゃんの顔が近づいてくる。%K%P
姐姐的脸突然凑近。%K%P
「んっ……！　ちゅっ……！　んふ、んちゅっ……！」%K%P
「嗯……！啾……！嗯呼、嗯啾……！」%K%P
次の瞬間にはお姉ちゃんと僕の距離はゼロになっていた。%K%P
下一瞬间，姐姐和我的距离就变成了零。%K%P
唇どころか歯までぶつかりあうほど勢いよく、\nお姉ちゃんが唇を重ねてきてくれる。%K%P
姐姐的嘴唇猛力地压了上来，力道大到连牙齿都撞在一起。%K%P
「ぷは、はぁ、はぁ……！\n　好き……あたしも好き……！」%K%P
「噗哈、呼啊、呼啊……！喜欢……我也喜欢……！」%K%P
「付き合いたい……！　彼女にして欲しい……！」%K%P
「好想交往……！好想当她的女朋友……！」%K%P
「一緒に……幸せになりたい」%K%P
「我想……和你一起幸福。」%K%P
お姉ちゃんが真っ直ぐ僕を見て、伝えてきてくれる。%K%P
姐姐直视着我，向我传达。%K%P
返事はもう要らなかった。\nそれよりも先に二人揃って身体が動いた。%K%P
不需要回答了。\n两人身体抢先一步动了起来。%K%P
「ん……ちゅ……んちゅ……ちゅ……」%K%P
「嗯……啾……嗯啾……啾……」%K%P
ぎゅっと抱きしめ合いながらキスを交わし合う。\n大好きな人に、言葉にできない気持ちを伝え合う。%K%P
我们紧紧相拥，互相亲吻。\n向最爱的人，传达无法言喻的心情。%K%P
「本当に……いいんだよね？　後悔、しない？」%K%P
「真的……可以吗？你不会后悔吧？」%K%P
「うん。絶対しない。\n　僕もお姉ちゃんと一緒に幸せになりたい」%K%P
「嗯，绝对不会。\n我也想和姐姐一起得到幸福。」%K%P
「えへへ……ちゅっ、ん……嬉しい……」%K%P
「嘿嘿嘿……啾，嗯……好开心……」%K%P
「絶対無理だと思ってたから……。\n　諦めるしかないと思ってたから……」%K%P
「因为我觉得绝对办不到……\n因为我觉得只能放弃……」%K%P
「酔っ払って良かったかも……えへへ。\n　じゃなかったら付き合えてないと思うし」%K%P
「幸好我喝醉了……欸嘿嘿。\n不然我应该没办法跟你交往。」%K%P
「お酒はほどほどにして欲しいけどね……」%K%P
「不过喝酒还是希望你适可而止……」%K%P
やっと、いつもの僕らに戻れた気がする。%K%P
我觉得我们终于恢复成平常的样子了。%K%P
いいや――それよりも先の関係になれたんだ。%K%P
不——我们甚至发展成了更进一步的关系。%K%P
「もっとキスしていい……？\n　舌とか挿れたい……」%K%P
「可以再亲久一点吗……？\n好想把舌头伸进去哦……」%K%P
「えっ？　い、いいけど……」%K%P
「咦？可、可以啊……」%K%P
「えへへ……。んっ……ちゅっ、\n　れろろぉ……ぺろろぉ……」%K%P
「嘿嘿嘿……嗯……啾！\n　舔舔……舔舔……」%K%P
お姉ちゃんが僕の口にしゃぶりつきながら、\nやらしく舌を絡ませてくる。%K%P
姐姐一边吸吮我的嘴巴，一边淫荡地缠上我的舌头。%K%P
蕩けるような熱さが口の中でれろんれろんと動いて、\nんん、気持ちいい……。%K%P
仿佛要融化般的热度在口中蠕动着。\n嗯嗯，好舒服……%K%P
「はぁはぁ……。美味しい……。春樹の口ん中……。\n　舌絡ませるの、めちゃ気持ちいいし……。\n　ベロチュー好きだわ、あたし……」%K%P
「呼、呼……好好吃……春树的嘴里……\n舌吻的感觉好舒服……\n我好喜欢舌吻哦……」%K%P
「ね……。もうさ。隠すのもめんどいし、\n　色々ぶっちゃけて言っちゃっていい……？」%K%P
「欸……我说啊，现在也懒得再隐瞒了，干脆把很多事都讲白了……好吗？」%K%P
「う、うん……？」%K%P
「唔，嗯……？」%K%P
「もっとエロいことしたい……。\n　春樹のチンポ舐めたりとかさ」%K%P
「我想做更色的事……像是舔春树的鸡鸡之类的。」%K%P
「へっ！？　な、舐めたりって――……！？」%K%P
「咦！？我、我哪有舔——……！？」%K%P
「……やっぱダメ？\n　お姉ちゃんとそういうことできない？」%K%P
「……还是不行吗？\n不能跟姐姐做那种事吗？」%K%P
「そ、そういうわけじゃないけど……！\n　唐突すぎて……！　が、学園もあるし……！」%K%P
「我、我不是那个意思……！\n　只是太突然了……！而、而且我也要上学……！」%K%P
「サボっちゃいなよ。それとも……\n　お姉ちゃんとのエッチよりガッコの方がいいの？」%K%P
「你就翘课吧。还是说……比起和姐姐做爱，你更喜欢上学？」%K%P
「そ、それは……」%K%P
「这、这个嘛……」%K%P
「……今あたし、えげつないほど興奮しちゃってんの。\n　長年の恋が叶って……。諦めてた夢が叶って……」%K%P
「……我现在兴奋到不行。\n长年的恋情终于实现……放弃的梦想终于实现……」%K%P
「ついさっきまでオナニーもしてたし……。\n　それもイく寸前で邪魔されちゃったし……」%K%P
「而且我刚刚才自慰过……\n而且在高潮前一刻被你打断……」%K%P
熱っぽい瞳でお姉ちゃんが見つめてくる。%K%P
姐姐用热情的眼神注视着我。%K%P
「恥ずかしいなら、座ってるだけでもいいからさ……。\n　エロいことさせて……？　エロいこと……したい」%K%P
「如果觉得害羞，光是坐着也可以……\n让我做色色的事……？我想……做色色的事。」%K%P
「大好きな恋人と……。\n　妄想の中じゃなくて現実でエロいことしたいんだ……」%K%P
「和最喜欢的恋人……\n不是在妄想中，而是想在现实中做色色的事……」%K%P
恋人と呼ばれて、否応なしに身体が火照る。\nいいや、その前から十分に火照ってる。%K%P
被她称为恋人，让我的身体不由自主地发热。\n不对，从更早之前就已经够热了。%K%P
「な、なら、その。お願いがあるんだけど……」%K%P
「那、那么，那个，我有件事想拜托你……」%K%P
「……うん？」%K%P
「……嗯？」%K%P
お願い事を口にすると、\nお姉ちゃんは二つ返事で頷いてくれた。%K%P
我一说出自己的请求，姐姐就爽快地答应了。%K%P
「ふふ、春樹も男の子だね～」%K%P
「呵呵，春树也是个男孩子呢～」%K%P
「っっ。だって……」%K%P
「唔唔，因为……」%K%P
「いいって。……むしろ、嬉しい。あたしのこと\n　エロい目で見てもらえてるんだってわかってさ」%K%P
「没关系啦……我反而觉得很高兴。因为这代表你用有色眼光在看我。」%K%P
「じゃあ……しよ？\n　お姉ちゃんと、エロいことしよ？」%K%P
「那么……来做吧？\n和姐姐一起做色色的事吧？」%K%P
「う、うん」%K%P
「嗯、嗯。」%K%P
二人してちょっぴり照れながらベッドへ倒れ込む。%K%P
两人有点害羞地倒在床上。%K%P
そして、お互いにそれぞれのズボンをパンツごと\nゆっくりと下ろしていって――%K%P
然后，两人各自将裤子连同内裤一起缓缓褪下——%K%P
