………………%K%P
………………%K%P
…………%K%P
…………%K%P
……%K%P
……%K%P
そして、数日後――%K%P
几天后——%K%P
「お姉ちゃん？　朝だよ――って」%K%P
「姐姐？天亮咯——咦？」%K%P
「――ひぃあ！？　ノ、ノックくらいしなよ！」%K%P
「——咿啊！？好歹敲个门吧！」%K%P
「寝坊してないなんて珍しいね？　何してたの？」%K%P
「你居然没有睡过头，真是难得耶？你刚才在做什么？」%K%P
「べ、別に何もしてないってば」%K%P
「我、我们什么都没做啦。」%K%P
「わぁ……。可愛いドレス……！」%K%P
「哇……好可爱的礼服……！」%K%P
「ちょっ、勝手に見んな……！\n　もうっ……！」%K%P
「喂，不要随便偷看啦……！真是的……！」%K%P
「いつの間にこんなの作ってたのっ？\n　全然知らなかったや」%K%P
「她什么时候做了这种东西？\n我完全不知道。」%K%P
「ちょいちょい暇な時に……。\n　完全に趣味で作ってる一着だから……」%K%P
「有空的时候就做……\n因为是完全基于兴趣才做的……」%K%P
「実はずっと……その。手が止まってたんだけどさ。\n　なんだか無性に完成させたくなって……」%K%P
「其实我……那个，手一直停在这里。\n但是不知道为什么，就是想要完成它……」%K%P
「ふーん？」%K%P
「哦～？」%K%P
お姉ちゃんが恥ずかしそうに顔を赤くする。\nよっぽど思い入れが強いのかな……。%K%P
姐姐害羞地红了脸。\n看来她对这间店很有感情……%K%P
よくよく見ると、なんだか不思議な懐かしさを覚える。%K%P
仔细一看，总觉得有种不可思议的怀念感。%K%P
あ……そうだ、これ。お姉ちゃんがデザイナー教室の\nショーに出そうとしていたドレスに似てるんだ。%K%P
啊……对了，这个，跟姐姐原本想在设计师教室的时装秀上穿的礼服很像。%K%P
「あんまりジロジロ見ないでってば……！\n　そ、それよりどうしたの？　朝ご飯か何か？」%K%P
「不要一直盯着我看啦……！\n比、比起这个，怎么了吗？要吃早餐还是什么？」%K%P
「あ、うん。てっきり寝てると思ってたから、\n　僕たちは先に食べちゃったんだけど」%K%P
「啊，嗯。我还以为你一定在睡觉，所以就先吃掉了。」%K%P
「む……失礼な。あたしだって、\n　たまには早起きしてるって」%K%P
「唔……真没礼貌。我偶尔也会早起啊。」%K%P
「ふふ。そうみたいだね。\n　じゃあリビング行こ？　温め直すから」%K%P
「呵呵，好像是呢。\n那我们去客厅吧？我帮你热一下。」%K%P
「あ……待って。つまりさ。清佳ちゃんと愛ちゃん、\n　いまリビングにいない感じ？」%K%P
「啊……等一下。也就是说，清佳和爱莉现在不在客厅？」%K%P
「そうだよ？　二人ともお部屋に戻っていったけど」%K%P
「是啊，她们都回房间了。」%K%P
「だったら、その――」%K%P
「既然这样，那个——」%K%P
「ん……ちゅっ、ちゅぁ……んふ……」%K%P
「嗯……啾、啾……嗯呼……」%K%P
「ん、んふ……！　ダ、ダメだよ、お姉ちゃん……。\n　清佳ちゃんたちが来ちゃう……」%K%P
「嗯、嗯呼……！不、不行啦，姐姐……\n清佳她们要来了……」%K%P
「もう少しだけ……ちゅぁ、ん……。\n　あともうちょっとだけキスさせて……？」%K%P
「再一下下……啾、嗯……\n再让我亲一下下就好……？」%K%P
「ここなら、ん……もし誰か来てもすぐわかるし。\n　この前みたいに覗かれる心配も、ん、ないしさ……」%K%P
「在这里的话，嗯……就算有人来也能马上知道。\n而且也不用担心，嗯，像之前那样被偷窥……」%K%P
キッチンの陰に座りこんで隠れながら唇を重ね合う。%K%P
我们坐在厨房的暗处，一边躲起来一边接吻。%K%P
――お姉ちゃんと付き合ってからというもの、\nこういう時間が増えに増えた。%K%P
——自从和姐姐交往之后，这样的时间就越来越多了。%K%P
「ん……好き……ちゅ、ん……大好き……」%K%P
「嗯……喜欢……啾，嗯……最喜欢了……」%K%P
「はぁはぁ……。僕も好きだよ……？\n　んふ、んちゅ……大好きだけど……」%K%P
「呼、呼……我也喜欢你哦……？\n　嗯呼、嗯啾……我最喜欢你了……」%K%P
蛍姿でキスしてる場面を見られるのはマズい。\n清佳ちゃんにはまだ春樹＝蛍だって明かせてないし。%K%P
被清佳看到我变成萤的样子接吻，可就糟了。\n而且我还没告诉她春树＝萤。%K%P
かといってウィッグを外せるわけでもない。%K%P
话虽如此，也不能把假发拿下来。%K%P
だからこそお姉ちゃんの部屋じゃなくて、\nキッチンの陰でキスしてるわけだけど――%K%P
所以，我们才没有在姐姐的房间里接吻，而是躲在厨房的角落接吻——%K%P
「はぁはぁ、ご、ごめんね……？\n　わかってるんだけど……」%K%P
「呼、呼，对、对不起哦……？\n虽然我也知道……」%K%P
「う、ううん。僕も嬉しいよ……？\n　キスは……その。したいし……」%K%P
「不、不会。我也很高兴哦……？\n接吻的话……那个，我也想……」%K%P
「はぁ、はぁ……。キスだけ……？」%K%P
「呼、呼……只有接吻……？」%K%P
「だ、だけってわけじゃないけど……」%K%P
「虽然也不只是因为这样……」%K%P
「我慢しなくて……はぁはぁ。いいんだよ……？\n　お姉ちゃんの身体、好きなだけ触って……？」%K%P
「不用忍耐……呼呼。没关系哦……？\n你可以尽情地摸姐姐的身体哦……？」%K%P
「おっぱい、んはぁん……。揉んだりして……？」%K%P
「胸部，嗯哈啊……可以揉吗……？」%K%P
「ふぁ……！」%K%P
「呼啊……！」%K%P
お姉ちゃんが僕の手を握って、\n自分の胸に押し当ててくる。%K%P
姐姐握住我的手，按在自己的胸口上。%K%P
柔らかくて気持ちいい……。\nすっごくエッチでたまらない……。%K%P
好柔软好舒服……\n好色情好让人受不了……%K%P
勃起したおちんちんがショーツから飛び出ちゃいそう。\nスカートが、はぁはぁ、不自然に膨らんじゃって……。%K%P
勃起的鸡鸡几乎要从内裤里蹦出来了。\n裙子也因为呼吸急促而膨胀得不自然……%K%P
こんなところ、もし清佳ちゃんに見られたら――%K%P
如果清佳看到我这副模样——%K%P
「ほーったるっ。……あら？　いないのかしら」%K%P
「我回来了……哎呀？不在吗？」%K%P
――き、清佳ちゃん……！？\nもう戻ってきちゃったの……！？%K%P
——清、清佳……！？\n她已经回来了吗……！？%K%P
お……落ち着け。\nとにかくおちんちんを鎮めないと……！%K%P
冷……冷静点。\n总之得先让鸡鸡冷静下来……！%K%P
「…………」%K%P
「…………」%K%P
「ん……ちゅっ……！」%K%P
「嗯……啾……！」%K%P
「～～っっ！？」%K%P
「～～！？」%K%P
お姉ちゃん……！？\n待って。いま勃起を鎮めようとしてるのに……！%K%P
姐姐……？\n等等，我正准备平息勃起呢……！%K%P
「……やっぱり清佳ちゃんのことが大切なんだ？」%K%P
「……你果然很重视清佳吗？」%K%P
「っっ。それとこれとは話が別で――」%K%P
「唔唔，这是两回事——」%K%P
「――あ。そんなところにいたの？」%K%P
「——啊，原来你在那里啊？」%K%P
不意に清佳ちゃんの声が聞こえてくる。%K%P
突然，我听见了清佳的声音。%K%P
「おはよう、蛍……と、千鶴さん？\n　どうしたの？　二人してキッチンに座り込んで……」%K%P
「早安，小萤……还有千鹤小姐？\n怎么了？你们两个怎么坐在厨房里……」%K%P
「あ、あはは。なんでもないよ？\n　ちょっと捜し物してただけ」%K%P
「啊、啊哈哈。没什么哦？\n我只是在找东西而已。」%K%P
「ふーん？　見つかったの？」%K%P
「哦？找到了吗？」%K%P
「う、うん。大丈夫だよ」%K%P
「嗯，好啊。没问题。」%K%P
疑問符を浮かべつつも、\n清佳ちゃんが一応の納得をしてくれる。%K%P
虽然头上浮现问号，清佳姑且还是接受了。%K%P
「それより蛍。どこか遊びに行かない？」%K%P
「对了，小萤，要不要去哪里玩？」%K%P
「えっ？　どこかってどこへ？」%K%P
「咦？去哪里？」%K%P
「それはまだ決めていないけど……。\n　と、とにかく今日はお休みだし外出しましょ？」%K%P
「这我还没决定……\n总、总之今天放假，我们出去走走吧？」%K%P
「ふぇっ……！？」%K%P
「呼欸……！？」%K%P
清佳ちゃんがグっと僕を抱き寄せてくる。\nそして、至近距離で耳打ちしてきた。%K%P
清佳用力地将我抱过去，在极近距离对我耳语：%K%P
「今日こそ春樹くんがやってくるかもしれないでしょ？\n　千鶴さんと二人きりにさせてあげた方がいいわ」%K%P
「今天春树同学说不定就会来了吧？\n　让他和千鹤小姐独处比较好。」%K%P
「私たちがいると邪魔だろうし……。\n　こ、この前みたいなこともできないだろうし……！」%K%P
「我们在这里会妨碍到他们……\n也、也没办法像之前那样……！」%K%P
顔を真っ赤にして清佳ちゃんが囁いてくる。\n僕を蛍だと信じてくれているからこその気遣いだ。%K%P
清佳满脸通红地低声说道。\n她相信我是萤，所以才会这么顾虑我。%K%P
でも、こんなにくっつかれると――%K%P
但是，被她这么紧紧地贴着——%K%P
「…………」%K%P
「…………」%K%P
やはりというか――\nお姉ちゃんがふくれ面をして睨みつけてくる。%K%P
果然不出所料——\n姐姐鼓着脸瞪着我。%K%P
「あ、そうだ。この間の話は考えてくれた？\n　しばらくの間、私のお屋敷に蛍が住むって話」%K%P
「啊，对了。上次说的那件事，你考虑过了吗？\n就是小萤暂时住在我家那件事。」%K%P
「えっ！？　そ、そんな話してたっけ？」%K%P
「咦！？我、我们有聊过这个吗？」%K%P
「してたわよ。蛍も……その。辛いでしょ？\n　好きな人が他の人とイチャついてるのを見るのは……」%K%P
「有啊。小萤也是……那个，很难受吧？\n　看到喜欢的人和其他人卿卿我我的样子……」%K%P
{春樹:ぼく}とお姉ちゃんのことを言っているんだろうけど、\n今まさにお姉ちゃんからは僕と清佳ちゃんが\nイチャついてるように見えてるわけで……！%K%P
她指的是{春树:我}和姐姐吧，但姐姐现在却觉得我和清佳在卿卿我我……！%K%P
「むぅ……！」%K%P
「唔……！」%K%P
「あっ――」%K%P
「啊——」%K%P
拗ねてしまったのかお姉ちゃんがリビングから出ていく。%K%P
姐姐闹起别扭，离开了客厅。%K%P
しかし、その十数秒後――%K%P
然而，十几秒后——%K%P
「ほーったるっ」%K%P
「喝～～～～～～～～～～～～！」%K%P
「ひぃあっ！？　ち、千鶴様っ！？」%K%P
「咿呀！？千、千鹤大人！？」%K%P
なんで水着姿！？　というか、ち、近いよ……！%K%P
为什么是泳装！？而且，太、太近了啦……！%K%P
「清佳ちゃんとどっか遊びに行くつもりなの～？\n　今日はあたしと遊ぼうって昨日話してたじゃ～ん」%K%P
「你打算跟清佳去哪里玩吗～？\n昨天不是才说好今天要跟我一起玩吗～」%K%P
「そ、そうだったんですか？　ごめんなさい。\n　てっきり千鶴さんは春樹くんと……」%K%P
「是、是这样吗？对不起，我还以为千鹤小姐和春树同学……」%K%P
「いいのいいの。ちっと話してただけだから。\n　蛍の自由にした方がいいと思うし」%K%P
「没关系没关系，我们只是稍微聊一下而已，而且我觉得萤还是自由一点比较好。」%K%P
「蛍の……好きな人と一緒に遊べばいいんじゃない？」%K%P
「萤……只要跟喜欢的人一起玩不就好了？」%K%P
「わ、わたしの好きな人とって……！」%K%P
「我、我最喜欢的人……！」%K%P
お姉ちゃんがわざとらしく姿勢をかがめて\n胸の谷間を見せつけながら上目遣いに見つめてくる。%K%P
姐姐刻意弯下腰，用上扬的视线注视着我，同时露出乳沟。%K%P
「ね……。蛍は、ん……。どっちを選ぶの……？」%K%P
「呐……萤，嗯……你会选哪边呢……？」%K%P
「あたし……？　それとも、清佳ちゃん……？」%K%P
「我……？还是清佳……？」%K%P
%XS20そして甘い声で囁いてきて――～～っっ！！%XE%K%P
%XS20然后用甜美的声音对我低语——～～！！%XE%K%P
「……千鶴さん。そんな訊き方をされたら、\n　流石に私も黙っていられません」%K%P
「……千鹤小姐，你这样问的话，我可不能默不作声。」%K%P
「き、清佳ちゃん？」%K%P
「清、清佳？」%K%P
「え～なにさ？　あたしはあくまで、\n　蛍の好きにしたらいいって言ってるだけじゃん」%K%P
「咦～什么啊？我只不过是说，萤就照自己的意思去做不就好了。」%K%P
「何をいけしゃあしゃあと……！\n　わざわざ水着に着替えてまで誘惑してるクセに……！」%K%P
「你竟然还敢说这种话……！\n　你明明都特地换上泳装诱惑我了……！」%K%P
「誘惑なんてしてないってば～。\n　気のせいだよ、き・の・せ・い」%K%P
「我才没有诱惑你呢～～是你想太多了啦，想、太、多。」%K%P
「じゃあどうして蛍に胸を押しつけてるんですかっ。\n　そういうことは春樹くんにして下さいっ……！」%K%P
「那你为什么要把胸部压在小萤身上呢？\n这种事请对春树同学做……！」%K%P
「蛍は――私のものですっっ！！」%K%P
「萤——是我的！！」%K%P
「ちょっ――なに脱いでるの清佳ちゃん！？」%K%P
「等等——你在脱什么啊，清佳！？」%K%P
「き、決まってるじゃないっ。誘惑してるの……！」%K%P
「那、那还用说吗？当然是诱惑啊……！」%K%P
「ね……どうかしら？　大きさでは劣るけど……。\n　張りと形なら千鶴さんより上よ？\n　揉み心地もいいと思うわ……」%K%P
「欸……你觉得如何？虽然大小比不上……\n但弹性与形状可是比千鹤小姐更胜一筹哦？\n揉起来的手感应该也不错……」%K%P
「ひゃっ……！　お、押しつけないで、んん……！」%K%P
「呀……！不、不要压在我身上，嗯嗯……！」%K%P
「え～？　柔らかさなら、んふ、\n　あたしの方が断然上だよ」%K%P
「咦～～？要柔软度的话，嗯哼，我绝对比较厉害哦。」%K%P
「ほら見て？　少し押しつけただけで、\n　こんなにひしゃげてる……。超フワフワだよ？」%K%P
「你看，只是稍微按一下，就变成这样了……超软的哦。」%K%P
「～～っっ！！」%K%P
「～～！！」%K%P
お姉ちゃんと清佳ちゃんが\n競い合うようにおっぱいを押しつけてくる。%K%P
姐姐和清佳仿佛在互相竞争似地，将胸部压在我身上。%K%P
男心をくすぐる感触が、\nこれでもかと伝わってきて――%K%P
足以撩动男人心的触感，强烈地传来——%K%P
「蛍は私を選んでくれるわよね……？\n　千鶴さんじゃなくて私を選んでくれるわよね……？」%K%P
「萤会选择我吧……？\n不是选择千鹤小姐，而是选择我吧……？」%K%P
「あたしを選んでくれるんでしょ……？\n　二人でさっきの続き……ふふ。しよ？」%K%P
「你会选我吧……？\n我们继续刚才的……呵呵，来做吧？」%K%P
ダ、ダメっ。こんなことされたら勃起しちゃう。\n逃げないと、ああでも、逃げられない……！！%K%P
不、不行。被她这么一弄，我都要勃起了。\n得赶紧逃走，啊啊，可是我逃不掉……！！%K%P
一体どうすれば……！！%K%P
到底该怎么办……！！%K%P
「――コホン」%K%P
「——咳咳。」%K%P
「っっ」%K%P
「唔唔！」%K%P
「いつからこのお屋敷は\n　いかがわしい女の乱交場になったのですか」%K%P
「这间宅邸什么时候变成\n　可疑女子的乱交场所了？」%K%P
「休日に羽目を外したいのはわかりますが、\n　もっと健全なことをされてはどうです？」%K%P
「我明白你们想在假日好好放松一下，但还是做些更健全的活动吧？」%K%P
「あ――あははっ。そうだよね……！\n　ご、ごめんね。昨日の酔いが残ってたっぽくて……！」%K%P
「啊——啊哈哈！说得也是……！对、对不起哦，昨天的醉意好像还没退……！」%K%P
「よ、酔ってらしたんですね？　あ、あはは……！\n　私もついムキになってしまって……！」%K%P
「你、你喝醉了对吧？啊、啊哈哈……！\n我也不小心认真起来了……！」%K%P
愛さんの冷たい視線を受けて、\n正気を取り戻したのか二人が僕から離れる。%K%P
爱小姐冰冷的视线让两人回过神来，放开我。%K%P
「…………」%K%P
「…………」%K%P
「時に清佳様。そろそろ発ちませんと」%K%P
「清佳大人，差不多该出发了。」%K%P
「えっ？　今日、何か予定があったかしら？」%K%P
「咦？今天有什么预定行程吗？」%K%P
「はい。大事な会議の日ですよ」%K%P
「是的，今天是重要会议的日子。」%K%P
「会議？　会議は月曜日のはずじゃ――」%K%P
「会议？会议不是在星期一吗——」%K%P
「――先程、春樹様がお屋敷に向かわれていると\n　連絡が入りました。お邪魔になる前に出ましょう」%K%P
「——刚才接到通知，春树少爷已经前往宅邸了。在少爷抵达之前，我们先离开吧。」%K%P
「そ、そういうこと。なら蛍も一緒に――」%K%P
「就、就是这样。那么，萤也一起——」%K%P
「蛍様は本日モデルのお仕事があるとのことです。\n　それよりも早く行きましょう」%K%P
「听说萤大人的工作是担任模特儿，我们还是早点出发吧。」%K%P
「そうだったのね……。蛍を残していくのは\n　少し不安だけど……まぁ春樹くんが来るのなら」%K%P
「原来是这样啊……虽然把萤留下来有点不安……不过既然春树会来的话……」%K%P
「コホン。じゃあ私と愛は行くわ。\n　蛍。くれぐれもその。千鶴さんに襲われないようにね」%K%P
「咳咳。那我和爱要先走了。\n　萤。你可要小心，别被千鹤小姐袭击了。」%K%P
「あはは……うん」%K%P
「啊哈哈……嗯。」%K%P
「……イチャつくのは結構ですが。清佳様のためにも\n　男バレするような行為は慎んで下さい」%K%P
「……要卿卿我我是没关系，但是为了清佳大人着想，请不要做出会暴露自己是男人的行为。」%K%P
「は、はい……。ごめんなさい……」%K%P
「是、是的……对不起……」%K%P
清佳ちゃんが出て行った後、\n愛さんが捨て台詞のように耳打ちして立ち去っていく。%K%P
清佳离开后，爱小姐抛下这句话，对我耳语几句后便离开了。%K%P
どうやら事情を察した愛さんが\n気を利かせて二人きりにしてくれたみたいだ。%K%P
爱小姐似乎察觉到我们的意图，于是贴心地让我们两人独处。%K%P
「もう……。お姉ちゃんがヤキモチ焼くから……」%K%P
「真是的……姐姐会吃醋啦……」%K%P
「春樹が清佳ちゃんにデレデレしてるからだもん。\n　ついさっきまであたしとチュッチュしてたのにさ」%K%P
「还不是因为春树对清佳很着迷的关系。\n明明刚才还和我亲亲的说。」%K%P
「デ、デレデレなんてしてないってば」%K%P
「我、我才没有害羞呢。」%K%P
「嘘だ。清佳ちゃんにくっつかれて喜んでたじゃん。\n　清佳ちゃんの裸もガン見してたし」%K%P
「骗人。你被清佳粘着的时候明明就很开心。\n而且你一直盯着清佳的裸体看。」%K%P
呟きながら、お姉ちゃんが僕をぎゅっと抱きしめてくる。%K%P
姐姐一边喃喃自语，一边紧紧抱住我。%K%P
「あたし、ん……ちゅっ。これでも嫉妬深いから……。\n　あんまり他の女の子とイチャイチャしてたらヤだよ？」%K%P
「我……嗯……啾。我可是很会吃醋的……\n要是你跟其他女生太亲密，我可不高兴哦。」%K%P
「お姉ちゃ――んふ……」%K%P
「姐姐——嗯哼……」%K%P
「これでも、ちゅぁ、んちゅ……我慢してる方だもん。\n　本当は、ちゅぁ……ん。一日中エッチしてたいくらいで」%K%P
「别看我这样，啾、啾……我可是很能忍耐的哦。\n其实，啾……嗯。我想要一整天都做爱。」%K%P
「こんなこと思ったらダメだけど……はぁはぁ。\n　清佳ちゃんと愛ちゃんがいなかったらいいな、とか。\n　思っちゃったりもしてるし……」%K%P
「虽然不可以这样想……呼、呼……\n要是没有清佳和爱子就好了，我甚至这么想……」%K%P
「はぁはぁ……お姉ちゃん……」%K%P
「呼、呼……姐姐……」%K%P
「……二人きりだしさ。千鶴って呼んで……？」%K%P
「……现在只有我们两个人，叫我千鹤就好……」%K%P
「千鶴……」%K%P
「千鹤……」%K%P
「んふ……。えへへ……」%K%P
「嗯呵……嘿嘿……」%K%P
名前を呼んだだけで幸せそうに微笑んでくれる。\n……可愛いなぁ、もう。%K%P
光是叫她的名字，她就露出幸福的微笑。\n……真是可爱。%K%P
「好き……ん、ちゅ……大好きだよ？\n　ちゅぁ、んぁむ、れろろ……好き……」%K%P
「喜欢……嗯、啾……最喜欢了哦？\n　啾啊、嗯啊唔、咧噜噜……喜欢……」%K%P
「ん、んふっ……。僕も好きだよ……？\n　んふ、んちゅ……ぺろろぉ……」%K%P
「嗯、嗯呼……我也喜欢你哦……？\n　嗯呼、嗯啾……舔舔……」%K%P
「なら……ぷはぁ、はぁはぁ、エッチしよ？\n　早く、ん、ちゅ……セックスしたい」%K%P
「那么……噗哈，呼呼，来做爱吧？\n快点，嗯，啾……我想做爱。」%K%P
「もう……。さっき愛さんに健全に羽根を伸ばせって\n　言われたところなのに」%K%P
「真是的……刚刚爱小姐才要你健全地展翅高飞呢。」%K%P
「いいの。どうせ姉と弟が付き合ってる時点で、\n　不健全なんだから」%K%P
「没关系。反正姐弟谈恋爱本来就不健全。」%K%P
「それとも春樹はあたしと、\n　不健全なことしたくないっての？」%K%P
「还是说，春树你不想和我做不健全的事情？」%K%P
「そ、そんなことはないけど……」%K%P
「没、没有啦……」%K%P
今だって千鶴の水着姿から目が離せない。\n誘惑された時も清佳ちゃんよりドキドキして……。%K%P
现在我也无法将视线从千鹤的泳装上移开。\n被她诱惑时，我也比清佳更紧张……%K%P
「あたしはさ。いつでも春樹と不健全なことしたいよ？」%K%P
「我啊，随时都想和春树做不健全的事情哦。」%K%P
「おっぱいも、おまんこも、暇があれば触って欲しい。\n　キスも……んちゅっ、いっぱいしたい……」%K%P
「不管是胸部还是小穴，只要一有空，我就会希望你来摸我。\n还有接吻……嗯啾，我也想一直和你接吻……」%K%P
「ふぁ……」%K%P
「呼啊……」%K%P
千鶴がソファーへ僕を座らせてくる。\nそして、そのまま僕の膝の上に乗ってきた。%K%P
千鹤让我坐在沙发上，然后直接坐到我的大腿上。%K%P
僕の手も自然と千鶴のおっぱいに伸びてしまう。\n水着越しに揉んでいって、ゆっくり布をズラして。%K%P
我的手也自然地伸向千鹤的胸部。\n隔着泳装揉捏，缓缓地将布料拉开。%K%P
「二人きりだし……ウィッグ取っちゃっていいよね？\n　あたしさ。春樹の可愛い顔……大好きなんだ」%K%P
「反正现在只有我们两个人……把假发拿下来也没关系吧？\n我啊，最喜欢……春树的可爱脸蛋了。」%K%P
「ウィッグだけとは言わず全部脱ぐよ……？\n　女装したままだと男らしくないし……」%K%P
「不只假发，全部都要脱掉哦……？\n继续穿女装的话，会没有男子气概……」%K%P
「あはは。春樹に男らしさなんて求めてないってば」%K%P
「啊哈哈，我可没要求春树你像个男子汉。」%K%P
「む……。それは聞き捨てならないんだけど」%K%P
「唔……这我可不能当作没听见。」%K%P
「ごめんごめん。春樹が男らしくないって\n　言ってるわけじゃないよ？」%K%P
「抱歉抱歉，我不是说春树没有男子气概哦。」%K%P
「ただ……あたしの好きな春樹の\n　男らしいところに姿形は関係ないって話」%K%P
「只是……我所喜欢的春树的男子气概，和外表没有关系。」%K%P
「それってどういう――わっ」%K%P
「那是什么意——哇！」%K%P
「ごめん。もう我慢できない……。\n　今はそんな話より……」%K%P
「抱歉，我已经忍不住了……\n现在先别管这些了……」%K%P
「エッチ……しよ？」%K%P
「来做……爱吧？」%K%P
そっとウィッグが外される。%K%P
她轻轻摘下假发。%K%P
パサリと床に落ちるその音が\n僕たちを男と女の関係に変える合図になった。%K%P
假发落地的声音，成了我们从男女关系变成朋友的信号。%K%P
