………………%K%P
………………%K%P
…………%K%P
…………%K%P
……%K%P
……%K%P
「今日から夏休みかぁ……。\n　どんな夏休みになるんだろう」%K%P
「从今天开始放暑假了……\n不知道会是什么样的暑假呢。」%K%P
お屋敷にいる間は蛍として過ごさなくちゃいけないし、\n春樹としていられる時間がさらに減っちゃうんだよね。%K%P
待在宅邸的期间，我必须以萤的身份生活，能以春树身份活动的时间又更少了。%K%P
清佳ちゃんと過ごす時間も増えるだろうし。\nそれ自体は……僕も構わないんだけど。%K%P
和清佳相处的时间也会增加吧。\n这件事本身……我也不介意。%K%P
お姉ちゃんと付き合った以上、女装の秘密を\n墓まで秘密を持っていく覚悟も決めたし。%K%P
既然已经和姐姐交往，我也做好了将女装的秘密带进坟墓的觉悟。%K%P
だからこそ清佳ちゃんと過ごす時は、\n親友の蛍としてこれからも接して行こうと思ってる。%K%P
所以，今后和清佳相处时，我会以挚友萤的身份对待她。%K%P
でも、そうなると――%K%P
不过，这么一来——%K%P
「……またお姉ちゃんに\n　ヤキモチ焼かれそうな気がする」%K%P
「……总觉得姐姐又会吃醋了。」%K%P
この間もすごかったもんね……。%K%P
毕竟之前也发生过那种事……%K%P
僕の取り合いだとかで、この夏休み、\n二人の仲が悪くなったりしないといいけど――%K%P
希望她们两个不要因为争夺我，而让暑假的气氛变得尴尬——%K%P
『だーかーらー。何度も言わせないでよ』%K%P
『就～说～了～不要让我讲那么多次啦。』%K%P
『な、納得できません！\n　本当に蛍がそう言ったんですかっ？』%K%P
『我、我无法接受！\n　萤真的那么说了吗？』%K%P
「――って。な、なに？」%K%P
「——咦？怎、怎么了？」%K%P
通りがかったお姉ちゃんの部屋の中から、\n言い争うような声が聞こえてきた。%K%P
从经过的姐姐房间中，传来像是在争吵的声音。%K%P
まさか本当に僕を取り合って\nケンカしちゃってるんじゃ……！？%K%P
难道她们真的为了争夺我而大打出手了……！？%K%P
『ほ、蛍のことはおいておいて。\n　とにかく、あたしは――』%K%P
『萤、萤就先别管了。\n总之，我——』%K%P
%XS20「――ケンカはダメだよ、二人とも！！」%XE%K%P
%XS20「——你们两个，不可以吵架哦！！」%XE%K%P
「え？」%K%P
「咦？」%K%P
「わたしのことで争わないで……！\n　わたしは、えと、少なくとも蛍は――」%K%P
「不要为了我而争执……！\n我，呃，至少萤她——」%K%P
「蛍は、千鶴様も清佳ちゃんも、\n　どっちも大切だと思ってるから！」%K%P
「萤觉得千鹤大人和清佳都很重要！」%K%P
「…………」%K%P
「…………」%K%P
二人の間に割り込んで思いの丈を叫ぶ。%K%P
我闯进两人之间，大声喊出自己的想法。%K%P
……だけどなんだか様子がおかしいぞ？%K%P
……可是，总觉得情况不太对劲。%K%P
「えと、蛍。大切だって言ってくれたのは嬉しいけど。\n　別に千鶴さんとケンカなんかしてないわよ？」%K%P
「呃，萤。虽然我很高兴你这么说，不过我并没有和千鹤吵架哦。」%K%P
「ふぇ？」%K%P
「咦？」%K%P
「そうそう。ちょっと仕事の話をしてただけだって」%K%P
「对对对，我们只是在聊工作的事。」%K%P
「お仕事の話……？」%K%P
「工作的事……？」%K%P
「ええ。ファッションショーの件よ」%K%P
「是的。就是时装秀的事。」%K%P
「ファッションショー……？」%K%P
「时装秀……？」%K%P
割り込んでいったはいいけれど、\n二人の話に僕は首を右へ左へ傾かせるばかりだった。%K%P
虽然我插嘴了，但她们的对话让我听得一头雾水。%K%P
「千鶴さん……やっぱり蛍に話してなかったんですね。\n　ごらんの反応なんですけど」%K%P
「千鹤小姐……你果然没有告诉小萤吧？\n看她的反应就知道了。」%K%P
「そ、それは……！」%K%P
「这、这个嘛……！」%K%P
「話が全然掴めないんだけど……どういうこと？」%K%P
「我完全听不懂你在说什么……这是怎么回事？」%K%P
「ああ……えっとね？　ファッションショーに\n　千鶴さんの衣装を出そうって話」%K%P
「啊啊……呃，就是啊，要让千鹤的服装在时装秀上登场。」%K%P
「ほら私、ここに宿泊させてもらう時に\n　ＨＯＴＡＴＵＲＵの援助も引き受けたじゃない？\n　ブランドを有名にするために何か手伝えないかと思って」%K%P
「我在这里住宿的时候，不是接受过HOTATURU的援助吗？\n　我想说能不能帮他们让品牌变得更出名。」%K%P
「それで……ファッションショーに？\n　そ、そんな話よく持ってきてくれたね？」%K%P
「所以……才要办时装秀？\n　你、你居然会想到这个主意？」%K%P
「ふふん。持ってきたんじゃなくて、作ったの。\n　第一回楠ガールズコレクション――今夏、堂々開催よ！」%K%P
「哼哼。不是拿来的，是做的。\n第一届楠女子时装秀——今年夏天，隆重登场！」%K%P
「えっ！？　楠ガールズコレクション……！？」%K%P
「咦！？楠女子时装秀……！？」%K%P
「知り合いのファッションブランドの人たちに\n　声をかけて参加者を募ったりしてね？\n　私、職業柄そっちの業界とのつながりも強いから」%K%P
「我有找认识的时尚品牌的人来参加哦？\n因为我的职业，跟那个业界的联系也很强。」%K%P
そういえば清佳ちゃん、\n化粧品会社を経営してるんだっけ。%K%P
这么说来，清佳好像在经营化妆品公司。%K%P
そうでなくても世に名高い\n楠グループのお嬢様だし……。%K%P
而且她还是名闻遐迩的楠财团千金……%K%P
相変わらずやることの規模が大きすぎる……。%K%P
她要做的事情规模还是一样大得吓人……%K%P
「で、でも、そこまでしてくれなくても……」%K%P
「可、可是，你也不用做到这种地步吧……」%K%P
「全然足りないくらいだわ！\n　蛍と千鶴さんにはお世話になりっぱなしだもん！」%K%P
「完全不够啦！\n　我们老是受到萤和千鹤小姐的照顾！」%K%P
「それにファッションショーとなれば――はぁはぁ。\n　蛍がランウェイを格好良く歩く姿も見られるし……！」%K%P
「而且，如果萤参加时装秀——哈啊哈啊……\n就能看到萤帅气地走在伸展台上的模样……！」%K%P
ああ……。それが狙いだったんだね、清佳ちゃん……。%K%P
啊啊……这就是你的目的吧，清佳……%K%P
でもファッションショーか……。\n確かにいい話ではあるんだけど。%K%P
不过，时装秀啊……\n这的确是个好主意。%K%P
「おねえ――千鶴様が断ったんだ？」%K%P
「是姐姐——千鹤大人拒绝的吗？」%K%P
「うっ……」%K%P
「唔……」%K%P
「そうなのよ。最初は乗り気だったのに。\n　ここへ来て『蛍が出たくないって言ってる』\n　――なんて嘘までついて」%K%P
「就是说啊。一开始明明很有干劲。\n到了这个节骨眼，竟然还撒谎说：\n——『萤不想上台』。」%K%P
「ほ、蛍が出たくないのは本当だってば。\n　フランスにいた頃もファッションショーだけは\n　絶対に出ないからって言ってたし」%K%P
「萤、萤说她真的不想上台啦。\n以前在法国的时候，她也说过只有时装秀\n她绝对不会参加。」%K%P
まぁ出たいか出たくないかで言えば出たくない。\n僕、男の子だし。あの頃は特に女装が嫌だったし。%K%P
不过，如果问我想不想参加，答案当然是不想。\n毕竟我是男生，而且当时特别讨厌穿女装。%K%P
ランウェイを歩くなんて以ての外だ。\n女装がバレたりしたら一巻の終わりだもん。%K%P
走伸展台更是想都别想。\n要是穿女装的事被发现，一切就完了。%K%P
けど、本当に出たくないのは――%K%P
但是，真正不想出场的是——%K%P
「とにかく、この話は終わり！　ショーは出ない！\n　衣装も出さない！　今日は遅いし、もう寝よう！」%K%P
「总之，这个话题就到此为止！我不参加表演！\n也不让你们穿这套衣服！今天已经很晚了，快点睡觉吧！」%K%P
「むぅ。これ以上ないチャンスですよ？\n　蛍のウォーキングも見られるのに……」%K%P
「唔。这是千载难逢的好机会哦？\n　还可以看到萤漫步……」%K%P
「はいはい。とりあえず今日は寝た寝た。\n　話をするにしても明日ね」%K%P
「好好好，总之今天就先睡吧。\n明天再聊。」%K%P
渋々といった様子で清佳ちゃんが部屋から出て行く。%K%P
清佳一脸不情愿地走出房间。%K%P
「ほら蛍も部屋に戻りなよ」%K%P
「好了，小萤你也回房间去吧。」%K%P
「……本当に断っちゃうの？　いい話だと思うよ？」%K%P
「……你真的要拒绝吗？我觉得这是个好机会哦？」%K%P
「蛍まで何さ……。別にファッションショーなんかに\n　出なくても、食べていけるだけは稼げてるじゃん」%K%P
「怎么连萤都这样……就算不参加时装秀，我们还是有办法赚钱养活自己啊。」%K%P
「やっぱりまだ……ショーに衣装を出すのが怖い？」%K%P
「你果然……还是害怕在时装秀上展示服装吗？」%K%P
「っっ」%K%P
「唔唔！」%K%P
お姉ちゃんが声を詰まらせる。%K%P
姐姐说不出话来。%K%P
実際、フランスで活動していた時も、\nファッションショーへの参加の打診は何度もあった。%K%P
事实上，她还在法国活动的时候，就曾经多次受邀参加时装秀。%K%P
それを断り続けていたのは、\n女装バレの危険性からという話ももちろん大きい。%K%P
之所以一直拒绝，当然有一部分是因为担心穿女装的事情会曝光。%K%P
だけど、それ以上にお姉ちゃんが\n衣装を出したがらなかったからだ。%K%P
不过，更重要的是姐姐不想把衣服交给我。%K%P
きっと……小さい頃、ショー直前に衣装を\n破り捨てられたことがトラウマになってるんだろう。%K%P
一定是因为……小时候在表演前，服装被撕破丢掉，造成她的心灵创伤吧。%K%P
あのとき僕はお姉ちゃんを元気づけたくて舞台に\n立ったけれど、衣装を破り捨てられた事実は変わらない。%K%P
虽然当时我是为了帮姐姐打气才上台，但服装被撕破丢掉的事实依然没变。%K%P
ショーの話を聞く度に「またあの時のように」と\nお姉ちゃんが思ってしまうのも当たり前だ。%K%P
每次听到表演的事情，姐姐当然会忍不住想「能不能像那时候一样」。%K%P
だけど――%K%P
但是——%K%P
「今度のショーには出ようと思ってたんじゃないの？\n　だから、似たドレスを作ってたんだよね？」%K%P
「你不是想参加这次的时装秀吗？\n所以才做了类似的礼服吧？」%K%P
「それは……」%K%P
「这个嘛……」%K%P
前に見た「趣味で作ってる」と言っていた衣装。%K%P
之前她说过那是「自己有兴趣做的」服装。%K%P
今ならわかる。あれはファッションショーに\n出そうと作った物だったんだ。%K%P
我现在终于明白了，那是为了参加时装秀而制作的服装。%K%P
もしかしたら清佳ちゃんから話をもらうよりも\nもっと前から制作を始めていたのかもしれない。%K%P
说不定，比清佳告诉我这件事之前，他们就已经开始制作了。%K%P
「ずっと手が止まっていた」とも言っていたから。%K%P
因为，她也说过「一直停下手边的工作」。%K%P
「もしお姉ちゃんがその気なら――\n　僕はモデルとして出るよ？」%K%P
「如果姐姐有那个意思的话——\n　我也可以当模特儿哦？」%K%P
「お姉ちゃんの衣装が世界で一番可愛いことを\n　舞台の上で証明してみせるから」%K%P
「我会在舞台上证明，姐姐的服装是世界上最可爱的。」%K%P
「春樹……」%K%P
「春树……」%K%P
お姉ちゃんが僕をじっと見つめて押し黙る。%K%P
姐姐盯着我，沉默不语。%K%P
けれど、すぐに冗談めかしに肩を竦めた。%K%P
不过，她立刻耸耸肩，开玩笑地说：%K%P
「全くもう……。今までは女の子の格好させようと\n　する度に、めちゃくちゃ嫌がってたクセに……」%K%P
「真是的……之前每次要你扮成女生的时候，你明明就超不情愿的……」%K%P
「それは、えと……！」%K%P
「这个嘛，呃……！」%K%P
「モデルも辞めるって言ってたよね？\n　なのに急にやる気出しちゃってさ～」%K%P
「你不是说要辞掉模特儿的工作吗？\n可是现在却突然提起干劲了呢～」%K%P
「す、少しでも好きな人の役に立ちたいって\n　思ってるからじゃない……！　悪いっ？」%K%P
「我、我只是想尽可能帮上喜欢的人的忙而已……！不行吗？」%K%P
「ふふ、全然。あたしの服を世界で一番\n　可愛く見せてくれるのは我が妹だって、\n　あたしも思ってるから」%K%P
「呵呵，完全不会。因为我也觉得，能让我的衣服看起来是全世界最可爱的，就只有我妹妹而已。」%K%P
「弟だってば！」%K%P
「我是弟弟啦！」%K%P
「あはは。その姿で言われても説得力皆無だよ」%K%P
「啊哈哈，你穿成这样讲这种话一点说服力都没有啦。」%K%P
ケタケタとお姉ちゃんがおかしそうに笑う。%K%P
姐姐笑得花枝乱颤。%K%P
そして、笑顔で頷いてきてくれた。%K%P
然后，她笑着对我点头。%K%P
「そうだね。春樹がそう言ってくれるなら、\n　出してみよっかな。例のドレス」%K%P
「是啊。既然春树都这么说了，就穿那件礼服吧。」%K%P
「お姉ちゃん……！　――ふふっ、うん！　任せて！\n　絶対グランプリを勝ち取ってみせるから！」%K%P
「姐姐……！——呵呵，嗯！交给我吧！\n我绝对会赢得大奖！」%K%P
「ま、そこまで高望みはしないけどね。\n　とにかく一度試着してみてくれる？」%K%P
「哎，我也没抱那么高的期望啦。\n总之，可以请你试穿看看吗？」%K%P
「春樹のボディ使って作ってたから、\n　大きくサイズがズレてることはないと思うけど」%K%P
「因为是用春树的身体制作的，所以尺寸应该不会差太多。」%K%P
隠すようにクローゼットの中に仕舞ってあったドレスを\nお姉ちゃんが取り出して、渡してくれる。%K%P
姐姐从衣柜里拿出藏起来的礼服，递给我。%K%P
そうして試着してサイズ感を見ながら、\n着ながらじゃないと直せない細かい箇所を確認していく。%K%P
我试穿看看，确认尺寸，同时确认一些必须穿着才能调整的细节。%K%P
「春樹」%K%P
「春树。」%K%P
「うん？」%K%P
「嗯？」%K%P
「……ホント、ありがとね」%K%P
「……真的，谢谢你。」%K%P
「春樹の言う通りだよ。あたしさ。\n　ずっと自分の衣装をショーに出すの怖がってて……」%K%P
「春树说得没错。我啊，一直很害怕让自己的服装在时装秀上亮相……」%K%P
「でも春樹と付き合ってさ……。\n　好きだって言ってもらえて……。\n　有り得ないと思ってたことが叶って」%K%P
「可是和春树交往之后……\n他对我表示喜欢我……\n我原本觉得不可能的事情实现了。」%K%P
「それで勝手に勇気もらってさ。\n　今なら……って思ってたんだ。\n　あと一歩が、その。踏み出せなかったけど」%K%P
「所以我擅自鼓起勇气了。\n现在的话……我是这么想的。\n虽然，还差一步，那个，我踏不出去。」%K%P
「お姉ちゃん……」%K%P
「姐姐……」%K%P
照れくさそうに、お姉ちゃんが\nぽつりぽつりと自分の気持ちを話してくれる。%K%P
姐姐有点害羞地，断断续续地说出自己的心情。%K%P
「やっぱり春樹は格好良いね？」%K%P
「春树果然很帅气吧？」%K%P
「あたしがうじうじしてるとさ。\n　いっつもヒーローみたいに現れてくれて」%K%P
「当我还在犹豫不决的时候，你总是像英雄一样出现。」%K%P
「そういうところ、ふふ。\n　男らしいと思ってるよ？」%K%P
「你这种地方，呵呵，我觉得很有男子气概哦。」%K%P
「そ、そう？　だったら嬉しいけど」%K%P
「是、是吗？那就好。」%K%P
「うん。自慢の弟で、ふふ、自慢の彼氏だよ？」%K%P
「嗯，他是我引以为傲的弟弟，呵呵，也是我引以为傲的男朋友哦。」%K%P
僕が試着した衣装を確認しながら、\nお姉ちゃんが幸せそうに囁いてくれる。%K%P
姐姐一边确认我试穿的服装，一边幸福地低语。%K%P
「あたしは……逃げてばっかりだからさ」%K%P
「因为我……老是在逃避。」%K%P
