「一応……様子だけ見に行こう」%K%P
「姑且……去看看情况吧。」%K%P
自分の世話を焼くより清佳ちゃんのもとへ急げと\nお姉ちゃんは言ってくれた。%K%P
比起照顾我，你还是赶快去找清佳吧——\n姐姐是这么说的。%K%P
でももし、お姉ちゃんが倒れていたりなんかしたら\n――それこそ悔やんでも悔やみきれない。%K%P
不过，如果姐姐真的倒下了，那我一定会后悔莫及。%K%P
時間をロスすると言っても、ほんの数分程度だ。\nそれでお姉ちゃんの安全を確認できるのなら――%K%P
虽然会浪费一些时间，但只要能确认姐姐的安全——%K%P
「どう、お姉ちゃん？　酔いは覚めた？」%K%P
「怎么样，姐姐？酒醒了吗？」%K%P
リビングの扉を開けながら呼びかける。%K%P
我一边打开客厅的门，一边呼唤。%K%P
すると――%K%P
结果——%K%P
「うーひっく……。んあー……？\n　あっれー……、ほひゃりゅぅ……？」%K%P
「呜～嗝……嗯啊～……？\n　咦～……怎么了……？」%K%P
「――って！？　泥酔しちゃってるじゃない！」%K%P
「——咦！？你喝得烂醉了啦！」%K%P
ともすれば僕まで酔ってしまいそうなほど\n濃厚なアルコールの匂いが香ってくる。%K%P
浓郁的酒精味扑鼻而来，连我都要醉了。%K%P
さっきよりも、よっぽど酷い。%K%P
比刚才还要严重。%K%P
「どーひへ、ほたりゅがいりゅのー……？\n　清佳ひゃんのトコ、行っひゃんじゃぁ……？」%K%P
「哆～嘻嘿，萤在捏～……？\n她没去清佳酱那边捏……？」%K%P
「出かける前に一応様子を見に来たの。\n　良かったよ、そのまま出て行かないで」%K%P
「在出门前，我姑且过来看看情况。\n太好了，你没有就这样离开」%K%P
「全くもう。まさかあれからずっと飲んでたの？\n　今日はもうお酒飲んじゃダメって言ったのに」%K%P
「真是的，难道你从那之后就一直在喝酒吗？\n我明明说过今天不能再喝酒了。」%K%P
「また派手にお酒もこぼしちゃって――\n　えと、タオルタオル――」%K%P
「又不小心把酒洒出来了——\n呃，毛巾毛巾——」%K%P
「――バ、バカぁ……。あたひのこひょなんへ、\n　放っておいへいいっへばぁ……！」%K%P
「——笨、笨蛋……你不要放着偶不管……！」%K%P
「清佳ひゃんのトコ行きなよ……！\n　清佳ひゃん、ずっひょ待っへりゅよ？」%K%P
「去清佳的房间吧……！\n清佳会一直等着你哦？」%K%P
「そう思うなら飲まないでよ……。こんな状態の\n　お姉ちゃんを一人にしておけるわけないじゃない」%K%P
「既然你这么想，就不要喝酒啊……我怎么可能丢下喝醉的姐姐不管呢？」%K%P
「だ、だかりゃ、らいじょうぶだっへばぁ……！\n　一人で、んぁ、歩けりゅし――」%K%P
「所、所以，我没事啦……！我一个人，嗯啊，可以走——」%K%P
「――ちょっ！　ダメだって！\n　そんなに酔ってるのに立ち上がろうとしたら――」%K%P
「——等一下！就说不行了！\n她都已经醉成那样了，还想站起来——」%K%P
「ふぁっ！？」%K%P
「呼啊！？」%K%P
「危ないっ！」%K%P
「危险！」%K%P
フラフラと立ち上がった途端、すぐに足をもつれさせて\nお姉ちゃんがまたしても床へ尻餅をつく。%K%P
姐姐摇摇晃晃地站起，但立刻又绊到脚，再次跌坐在地。%K%P
「あ、あれ……。どーしへ、あたひ、\n　まひゃ座っへりゅの……？」%K%P
「咦、咦……怎么了，我……又坐下来了吗……？」%K%P
「も、もうっ。無茶しないでってば……！\n　怪我したらどうするのさ……！」%K%P
「真、真是的！不要乱来啦……！\n要是受伤了怎么办……！」%K%P
「うっ……。ごめんなひゃい……」%K%P
「呜……对不起……」%K%P
「わかったら、じっとしてて。\n　身体を拭いたらお部屋まで連れて行ってあげるから」%K%P
「既然知道的话，就乖乖待着吧。\n等我擦完身体，再带你回房间。」%K%P
「れ、れも、ほたりゅには清佳ひゃんとのデートが……」%K%P
「不、不过，小萤和清佳的约……」%K%P
「遅れるって連絡しておくよ。\n　それより大丈夫？　お尻痛くない？」%K%P
「我会先通知对方会晚到的。\n倒是你没事吧？屁股会不会痛？」%K%P
「う……うん……」%K%P
「唔……嗯……」%K%P
お姉ちゃんがガックンガックンと大きく頷く。\nはぁ……まともに首も振れないくらい酔っ払っちゃって。%K%P
姐姐用力点头。\n唉……她已经醉到连头都摇不动了。%K%P
肩をすくめつつ、お姉ちゃんの身体を拭いていく。\n着替えも持ってこなくちゃ。その前にお水かな。%K%P
我耸耸肩，开始擦拭姐姐的身体。\n还得帮她换衣服才行。在那之前，先让她喝点水吧。%K%P
「……ごめんね……」%K%P
「……对不起……」%K%P
「うん？」%K%P
「嗯？」%K%P
「ごめんね……春樹。\n　あたひ、春樹に迷惑ばっかりかけてりゅよね……」%K%P
「对不起……春树。\n我老是给春树添麻烦……」%K%P
不意にお姉ちゃんがしおらしく謝ってくる。%K%P
姐姐突然温顺地向我道歉。%K%P
珍しく落ち込んでるのかな……？\n蛍姿なのに、僕の名前呼んできてるし……。%K%P
她难得这么沮丧……？\n明明是萤姿态，却呼唤我的名字……%K%P
「お互い様だってば。さっきは僕の方が\n　迷惑かけちゃってたもん」%K%P
「彼此彼此啦。刚才我才是给你添麻烦的人。」%K%P
「ううん……。あたひのほーがよっぽど\n　迷惑かけっちゃっへりゅよ……」%K%P
「不会……我给你添了很大的麻烦……」%K%P
「春樹の大切にゃデート、邪魔しへ……。\n　足ひっぱっへ……」%K%P
「我竟然妨碍了春树重要的约会……\n扯了春树的后腿……」%K%P
「そもそも、あたひが春樹を女装させたりなんか\n　したかりゃ……いらない悩みを抱かせへ……」%K%P
「说到底，都是因为人家让春树穿女装……才害他抱持着不必要的烦恼……」%K%P
「お姉ちゃん……」%K%P
「姐姐……」%K%P
「ごめんね……。ごめん……」%K%P
「对不起……对不起……」%K%P
こんなに弱々しいお姉ちゃんを見るのは久しぶりだ。%K%P
好久没看到姐姐这么脆弱的样子了。%K%P
あの時……以来かな。\nそういえば、あの頃からだっけ。%K%P
从那个时候……开始的吧。\n这么说来，好像就是从那个时候开始的。%K%P
お姉ちゃんが何故か事あるごとに\n僕を女装させるようになったのは。%K%P
姐姐不知为何，开始动不动就让我穿女装。%K%P
「謝らなくていいよ。\n　このくらい、いつものことじゃない」%K%P
「不用道歉啦。\n这点小事，不是家常便饭吗？」%K%P
「確かにデートには遅れるかもしれないけど、\n　事情を話せば清佳ちゃんも納得してくれると思うし」%K%P
「的确，约会可能会迟到，但是只要说明原因，我想清佳应该也能谅解。」%K%P
「女装のことだって……そりゃ何度も嫌だと思ったけど、\n　おかげで清佳ちゃんと仲良くなれたわけだし……」%K%P
「关于女装的事……虽然我有好几次都觉得很讨厌，\n　不过也因为这样，我才能和清佳变得这么要好……」%K%P
「春樹……」%K%P
「春树……」%K%P
「それに……清佳ちゃんかお姉ちゃんを選べって\n　言われたら、僕はきっとお姉ちゃんを選ぶから」%K%P
「而且……如果清佳要我选择她或姐姐，我一定会选择姐姐。」%K%P
「え……？」%K%P
「咦……？」%K%P
「それくらい僕はお姉ちゃんを大切に想ってるってこと。\n　感謝もしてるし、困ってる時は助けたいと思ってる」%K%P
「这表示我就是这么重视姐姐，而且也很感谢姐姐，所以当姐姐有困难的时候，我当然会想帮忙。」%K%P
「振り回されることも多いけど、\n　僕が落ち込んでる時はいつも相談に乗ってくれるし」%K%P
「虽然常常被她耍得团团转，不过每当我心情低落的时候，她总是会陪我商量。」%K%P
「迷惑だなんて一度も思ったことないもん。\n　お姉ちゃんを好きだからこそ放っておけないんだよ？」%K%P
「我从来不觉得困扰哦。\n因为喜欢姐姐，所以才不能放着你不管啊。」%K%P
「…………」%K%P
「…………」%K%P
励ましの言葉を聞いて、お姉ちゃんが押し黙る。%K%P
听到我的鼓励，姐姐陷入沉默。%K%P
ちょっとは元気出してもらえるといいな。\n落ち込んだ顔よりも、笑ってる顔の方が好きだから。%K%P
希望她能打起精神来。\n比起消沉的表情，我更喜欢她的笑容。%K%P
「……だよ……」%K%P
「……对啊……」%K%P
「え？」%K%P
「咦？」%K%P
「冗談でも……そんなこと言ったらダメだよ」%K%P
「就算是开玩笑……也不可以说这种话哦。」%K%P
「好きだなんて言われたら……あたし。\n　あたし――……」%K%P
「如果他真的说喜欢我……我……\n我——……」%K%P
「お姉、ちゃん？」%K%P
「姐姐？」%K%P
「んっ……！　ちゅっ……！」%K%P
「嗯……！啾……！」%K%P
――何が起こったのかわからなかった。%K%P
——我完全不知道发生了什么事。%K%P
気づけば、お姉ちゃんの顔が\n視界いっぱいに広がっていて。%K%P
回过神来，姐姐的脸庞已经占满了我的视野。%K%P
酒気混じりの柔らかい何かが\n唇に押し当てられていて――%K%P
一股带着酒气的柔软物体\n抵在我的嘴唇上——%K%P
「――んはぁ、はぁ、はぁ、はぁ」%K%P
「——嗯哈啊，哈啊，哈啊，哈啊。」%K%P
お姉ちゃんの熱い吐息が顔に吹きかかってくる。\nその火照りに、アルコールの匂いに、頭がクラクラする。%K%P
姐姐温热的吐息吹在我的脸上。\n那股热气和酒精的气味，让我感到头晕目眩。%K%P
「自分の気持ち、はぁ、はぁ……。\n　我慢できなくなっちゃう……」%K%P
「自己的心意，呼、呼……\n忍不住了……」%K%P
「隠せなくなっちゃうよ――……」%K%P
「这样就藏不住了啦——……」%K%P
「んっ……！　ちゅっ……！　んちゅぅっ……！！」%K%P
「嗯……！啾……！嗯啾……！！」%K%P
お姉ちゃんががむしゃらに僕の唇を奪ってくる。%K%P
姐姐不顾一切地夺走我的嘴唇。%K%P
僕は目の前が真っ白になりそうなほどの衝撃に、\n動揺してしまって。何も考えられなくて。%K%P
我受到几乎让眼前一片空白的冲击，内心动摇不已，什么也无法思考。%K%P
熱のこもった唇の感触に、\nただただ惚けてしまうばかりで――%K%P
火热的嘴唇触感，让我不禁心荡神驰——%K%P
「あたし……はぁ、はぁ……。\n　春樹が……好き……」%K%P
「我……哈啊、哈啊……喜欢……春树……」%K%P
「一人の男の子として……好き……」%K%P
「身为一个男生……喜欢……」%K%P
「ずっと……ずっとずっと好きだった……。\n　小さい頃から、ずっとずっと……」%K%P
「我一直……一直一直喜欢着你……\n从小时候开始，就一直一直……」%K%P
「春樹が清佳ちゃんと出会う前から、\n　好きだったの……」%K%P
「从春树和清佳相遇之前，就一直喜欢着你……」%K%P
コップに入れた水が溢れかえるかのように、\nお姉ちゃんが喋り続ける。%K%P
姐姐仿佛水杯里的水满溢而出般，滔滔不绝地说道：%K%P
好き――……%K%P
喜欢——……%K%P
「お姉ちゃんが、僕のことを……好き？」%K%P
「姐姐她……喜欢我？」%K%P
「あ……っっ」%K%P
「啊……！」%K%P
ポツリと漏らした瞬間、\nお姉ちゃんは我に返ったかのように顔をしかめた。%K%P
我喃喃自语的瞬间，姐姐回过神来，皱起眉头。%K%P
唇を噛んで、今にも泣き出しそうなくらい、\n眉間にシワを寄せて俯く。%K%P
她咬着嘴唇，皱着眉头，低着头，仿佛随时都会哭出来。%K%P
何を口にすればいいかわからなかった。%K%P
我不知道该说什么才好。%K%P
沈黙が続けば続くほど気まずくなるとわかっているのに。\nだけど僕は自分が今どんな気持ちなのかもわからなくて。%K%P
我明明知道沉默持续得越久，气氛就会变得越尴尬。\n可是我连自己现在是什么样的心情都不晓得。%K%P
声の出し方さえもわからなくなっていて――%K%P
连声音都发不出来——%K%P
「何を見つめ合っておられるのですか？」%K%P
「你们在互相凝视什么？」%K%P
不意打ちのようにかけられた声にビクリと震える。%K%P
突然传来的搭话声让我吓了一跳。%K%P
振り返ると愛さんが立っていた。%K%P
我回头一看，发现爱小姐就站在那里。%K%P
「そのお姿……ふふ。どうやら清佳様の意を\n　汲んで下さったようですね？　良かったです」%K%P
「那副模样……呵呵。看来您有体谅清佳大人的苦心呢？太好了。」%K%P
「しかし急いで下さい。\n　花火大会が始まってしまいますから」%K%P
「不过请快一点，烟火大会要开始了。」%K%P
いつも通りの口調で話しかけてくる彼女を見て、\n少しだけ平常心を取り戻す。%K%P
看到她用一如往常的语气向我搭话，我稍微恢复了平常心。%K%P
そうだ。僕は清佳ちゃんと待ち合わせをしていて――%K%P
对了，我和清佳约好了——%K%P
「――ひゃっ！？」%K%P
「——呀！？」%K%P
背後で大きな物音が立つ。\n再び振り返ると――%K%P
背后传来巨大的声响。\n我再次回头——%K%P
「すぅ……すぅ……すぅ……」%K%P
「呼……呼……呼……」%K%P
「……はぁ。本当にだらしのない人ですね。\n　酔い止めを買いに走らされた愛はなんだったのですか」%K%P
「……唉，真是个没用的人。\n要我跑腿买晕车药的爱到底算什么？」%K%P
穏やかな寝息を立てて眠るお姉ちゃんを見て、\n内心ホっとしてしまう。%K%P
看着发出平稳的呼吸声睡着的姐姐，我松了一口气。%K%P
あのまま話を続けていたら……\n一体どうなってしまったんだろう。%K%P
如果刚才继续说下去的话……\n到底会变成什么样子呢。%K%P
「……何を突っ立っているのですか？\n　早く清佳様のもとへ急いで下さい」%K%P
「……你们还呆站在那里做什么？\n　快点到清佳大人身边去。」%K%P
「あ……！　で、でも……」%K%P
「啊……！可、可是……」%K%P
「……言いましたよね？\n　清佳様を悲しませたら許しはしない。と」%K%P
「……我有说过吧？\n　如果让清佳大人伤心，我不会原谅你。」%K%P
「千鶴様の後処理は愛がしておきます。\n　あなたはすぐに発って下さい」%K%P
「千鹤大人的善后工作就由爱来处理。\n请你立刻出发吧。」%K%P
「う、うん」%K%P
「嗯、嗯。」%K%P
愛さんに言われて、半ば朦朧としたまま走り出す。%K%P
爱小姐这么一说，我就在半朦胧的状态下跑了起来。%K%P
頭の中は、お姉ちゃんのことでいっぱいだった。%K%P
我的脑袋里，现在全都是姐姐的事情。%K%P
「……行きましたか」%K%P
「……出发了吗？」%K%P
「何があったのか知りませんが、\n　これは貸しですからね？」%K%P
「虽然不知道发生了什么事，不过这下子你欠我一次咯？」%K%P
「……うん。ありがとう、愛ちゃん……。\n　優しいんだね……」%K%P
「……嗯，谢谢你，小爱……你真温柔……」%K%P
「面倒事が嫌いなだけですよ。\n　あと寝るならお部屋で寝て下さい」%K%P
「我只是讨厌麻烦事而已。\n还有，要睡的话请回房间睡。」%K%P
「……うん。あと少ししたら、行くから……」%K%P
「……嗯。再等一下，我就过去……」%K%P
