「わぁ……。すごい人の数……。\n　カメラマンさんもあんなにいっぱいいるんだ」%K%P
「哇……好多人哦……\n连摄影师也这么多。」%K%P
「メディア関係者も大勢呼んでおいたからね。\n　蛍の可愛さを全世界にアピールしたくって！」%K%P
「因为我们也邀请了许多媒体人士。\n我想让全世界知道萤有多可爱！」%K%P
「あはは……。有り難いけど緊張しちゃうなぁ……」%K%P
「啊哈哈……虽然很感谢，但我会紧张耶……」%K%P
――迎えたファッションショー当日。\n僕は清佳ちゃんと一足先に会場入りしていた。%K%P
——时装秀当天，我和清佳先一步进入会场。%K%P
「でも良かった。蛍に参加してもらえて。ショーを\n　催した最大の理由がなくなっちゃうところだったわ」%K%P
「不过，幸好萤愿意参加。要是少了你，这场时装秀就失去最大的意义了。」%K%P
「こちらこそありがとね？\n　こんな機会をもらっちゃって」%K%P
「我才要谢谢你呢，给了我这么好的机会。」%K%P
「いいのよ。私が最前列で蛍の晴れ姿を\n　見たかっただけだから」%K%P
「没关系。我只是想在最前排看萤的盛装打扮而已。」%K%P
「今日のためにあえて昨日のリハも見に行かなかったし。\n　ふふ、楽しみにしてるわね、蛍っ」%K%P
「为了今天，我昨天刻意不去看彩排。\n呵呵，我很期待哦，小萤。」%K%P
「うんっ。千鶴様の衣装の可愛さを\n　たくさんの人に知ってもらえるように頑張る！」%K%P
「嗯！为了让更多人知道千鹤大人的服装有多可爱，我会加油的！」%K%P
「その意気よ！」%K%P
「就是这股气势！」%K%P
そうだ。緊張なんかしてる場合じゃない。\nお姉ちゃんの衣装を輝かせるためにも堂々としなくちゃ。%K%P
没错，现在不是紧张的时候。\n为了衬托姐姐的服装，我得抬头挺胸才行。%K%P
「それにしても愛と千鶴さんったら遅いわね……。\n　そろそろ準備し始めなくちゃいけないのに」%K%P
「话说回来，爱和千鹤小姐好慢哦……\n差不多该开始准备了。」%K%P
「衣装は千鶴さんが持ってるんでしょ？\n　リハを見て、直したい箇所ができたって」%K%P
「服装在千鹤小姐那边吧？\n看过彩排后，有些地方想修改。」%K%P
清佳ちゃんがキョロキョロと周りを見渡す。\nすると、ちょうど見覚えのある影が近づいてきた。%K%P
清佳东张西望，环顾四周，这时，一道熟悉的身影走了过来。%K%P
「お待たせ致しました。お時間は大丈夫ですか？」%K%P
「让您久等了。请问时间上方便吗？」%K%P
「遅いわよ、愛。って、千鶴さんは？」%K%P
「太慢了，爱。话说千鹤小姐呢？」%K%P
「それが……見に来られないと仰いまして」%K%P
「这个……她说她没办法来。」%K%P
「え、どうして？　晴れ舞台なのに」%K%P
「咦？为什么？今天可是正式登台耶。」%K%P
「愛もそう思ったのでできる限り説得はしたのですが。\n　恥ずかしいから。の一点張りで」%K%P
「爱也这么认为，所以尽可能说服她，可是她坚持说：『因为很害羞。』」%K%P
「そう……。気持ちはわからなくもないけれど……」%K%P
「是吗……我也不是不能理解你的心情……」%K%P
「…………」%K%P
「…………」%K%P
お姉ちゃんったら、もう……。\nこんなことだろうと思ったよ。%K%P
姐姐真是的，真是的……\n我就知道会这样。%K%P
「とにかく準備を始めましょ？\n　愛、衣装は預かってきてるのよね？」%K%P
「总之，我们开始准备吧？\n爱，服装已经交给你保管了吧？」%K%P
「はい。こちらに」%K%P
「是的，我带来了。」%K%P
お姉ちゃんから渡されたのであろう、\n大きめの衣装ケースを愛さんが差し出してくる。%K%P
爱小姐递出一个大大的行李箱，应该是姐姐交给她的吧。%K%P
その時点で、僕は全てを察した。%K%P
在这个时间点，我察觉了一切。%K%P
そうでなくても、\nこんな運び入れ方をしたらドレスが型崩れしてしまう。%K%P
就算不是这样，用这种方式搬运，礼服也会变形。%K%P
「愛……。あなた、中身の確認はしたの？」%K%P
「爱……你确认过里面的东西了吗？」%K%P
「はい？　いえ、千鶴様がそのまま持っていけと\n　仰ったもので……」%K%P
「是的？不，因为千鹤小姐说要直接带回去……」%K%P
「……何も入ってないわよ。ケースの中に」%K%P
「……盒子里什么都没有哦。」%K%P
「え？」%K%P
「咦？」%K%P
………………%K%P
………………%K%P
…………%K%P
…………%K%P
……%K%P
……%K%P
「はぁ……。春樹、怒ってるだろうなぁ……」%K%P
「唉……春树应该很生气吧……」%K%P
公園のベンチに一人座り込みながら、\n大きなため息を漏らす。%K%P
我独自坐在公园的长椅上，大大地叹了一口气。%K%P
怒る以前に呆れちゃってるかも……。\nこの期に及んで、衣装を出し渋っちゃったし……。%K%P
与其说是生气，不如说已经傻眼了……\n都到了这个地步，还舍不得拿出服装……%K%P
愛ちゃんには空の衣装ケースを渡した。%K%P
我将空的衣物箱交给小爱。%K%P
作ったドレスは誰にも見つからないように、\n昨夜から物置部屋の奥の奥に仕舞ってある。%K%P
昨晚做好的礼服，已经收进仓库最深处，不让任何人发现。%K%P
今から気づいて屋敷に取りに戻っても、\nショーが終わる前に見つけて戻ることはできないだろう。%K%P
就算现在回去拿，也赶不上在表演结束前回来。%K%P
よしんぼ見つけられても着付けの時間やら何やらで、\n出番には間に合わないはずだ。%K%P
就算找到吉本，也得花时间换衣服，应该赶不上出场。%K%P
「ごめんね、春樹……」%K%P
「对不起，春树……」%K%P
聞こえやしないのに虚空へ呟く。\n……謝るならしなきゃいいのにと自分でも思う。%K%P
明明对方听不见，我却对着虚空如此低语。\n……我自己也觉得，要道歉的话，不道歉就好了。%K%P
だけど、やっぱり怖い……。%K%P
可是，我还是好害怕……%K%P
ファッションショーに出るってだけで、\n小さい頃のトラウマがフラッシュバックしてしまう。%K%P
光是参加时装秀，就让我回想起小时候的心理阴影。%K%P
きっと春樹はあの日と同じように、\n喜んであたしの服を着てくれるんだろう。%K%P
春树一定会像那天一样，开心地穿上我的衣服吧。%K%P
だけど、あの時聞こえてきた嘲笑が、\n貶すような視線が頭から離れない。%K%P
但是，当时听到的嘲笑声，以及轻蔑的视线，至今仍无法从脑海中抹去。%K%P
もし……あたしの衣装を着た春樹が\nまたあんな風に笑い物にされてしまったら。%K%P
如果……春树穿上我的衣服后，又被当成笑柄的话……%K%P
本気で作った衣装ですら、\n価値のあるものじゃないと嘲笑われてしまったら。%K%P
连我认真制作的服装，都被人嘲笑没有价值。%K%P
あたしはきっともう立ち直れない。\n春樹を笑われるのも、衣装を笑われるのも嫌だ。%K%P
我肯定再也无法振作起来。\n我不想再看到春树被人嘲笑，也不想再看到服装被人嘲笑。%K%P
「やっぱりズルい女だよね、あたしは……。\n　いっつも逃げてばっかりで……」%K%P
「我果然是个狡猾的女人呢……\n总是只会逃避……」%K%P
傷つくことが怖い。否定されるのが怖い。%K%P
害怕受伤，害怕被否定。%K%P
だから、逃げる。\nあたしはいつもそればっかりだ。%K%P
所以我选择逃避。\n我总是这样。%K%P
弟への好意を隠し続けてきたのもそう。\n好意を否定されて傷つくのが怖かった。%K%P
一直隐藏对弟弟的好感也是因为这样。\n害怕自己的好感遭到否定而受伤。%K%P
好意を受け止められた後も不安なままだ。\nだから身体の触れ合いばかり求めてしまう。%K%P
即使接受了对方的好感，心里还是不安，所以才会一直想要身体的接触。%K%P
怖い。%K%P
好可怕。%K%P
誰かに喜んで欲しいと思ってしたことを、\n否定されたり、迷惑がられたりすることが。%K%P
希望别人开心而做的事，却遭到否定或造成困扰。%K%P
いつも考えてしまう。%K%P
我总是忍不住会去想。%K%P
あたしの服も、あたし自身も、\n誰にも求められてないんじゃないかって。%K%P
我的衣服，还有我自己，是不是都不被任何人需要呢？%K%P
誰にも喜んでもらえないんじゃないかって。%K%P
担心会不会没有人喜欢。%K%P
精一杯心を込めても、\nビリビリに破かれてしまうんじゃないかって。%K%P
就算我再怎么努力，也可能会被撕成碎片。%K%P
こんな気持ち、誰にもわかって\nもらえないかもしれないけれど。%K%P
这种心情，或许没有人能够理解。%K%P
「…………歩こ」%K%P
「…………走吧。」%K%P
じっとしてると悪いことばかり考えてしまう。%K%P
要是待着不动，就会忍不住胡思乱想。%K%P
今はこれからのことを考えないと。\n差し当たってはどうやってみんなに謝るかだよね。%K%P
现在必须思考今后的事。\n眼前的问题是，该怎么向大家道歉。%K%P
あんまり深刻にされるのはヤダな。%K%P
我可不想被她看得那么严重。%K%P
『ごめんごめん、直前でビビっちゃって』くらいの\n軽いノリで誤魔化すのが一番傷つかないかもしれな――%K%P
『抱歉抱歉，我临阵退缩了』，用这种轻松的口吻敷衍过去，或许是最不伤人的——%K%P
「――うわぁ！？　ちょ、ちょっと！\n　危うく人身事故なんだけど！？」%K%P
「——呜哇！等、等一下！\n差点就要发生人身事故了耶！？」%K%P
突然、黒塗りの高級車が\nあたしの前で壮絶な急停車を決めてくる。%K%P
突然，一辆黑色的高级轿车在我面前紧急刹车。%K%P
すると中から見慣れた顔が現れて――%K%P
接着，熟悉的面孔从车里出现——%K%P
「こんなところにいたんですか……！\n　街中探し回りましたよっ！？」%K%P
「原来你在这里啊……！\n我找你找得好辛苦哦！？」%K%P
「ヤ、ヤバ、清佳ちゃんじゃん……！」%K%P
「糟、糟糕，这不是清佳吗……！」%K%P
「逃がすかぁ！　愛っ！！」%K%P
「别想逃！爱！！」%K%P
「仰せのままに」%K%P
「谨遵吩咐。」%K%P
「ちょっ……！　い、衣装の在処なら教えないよっ？\n　今更教えても、もう遅いだろうし……！」%K%P
「等等……！我、我可不会告诉你衣服放在哪里哦！\n现在告诉你，也已经太迟了……！」%K%P
「いいから乗りなさいっ……！！\n　蛍の晴れ姿に間に合わなかったら、\n　いくら千鶴さんでも恨むわよっ……！！」%K%P
「别说了，快点上车……！！\n要是没能赶上萤的婚礼，\n就算是千鹤小姐，我也会恨你一辈子哦……！！」%K%P
「だ、だから、もう何をしても\n　間に合わないってば……！！」%K%P
「就、就说了，不管做什么都来不及了啦……！」%K%P
「うるさいわねっ、乗ればいいの乗れば！\n　蛍に千鶴さんを連れてきてって頼まれてるのっ！！」%K%P
「你很啰唆耶，上车就对了！\n萤拜托我带千鹤一起去！！」%K%P
「ほ、蛍に？　――きゃっ！？」%K%P
「萤、萤？——呀！？」%K%P
半ば誘拐のような形で車に乗せられる。\n……うぅ。春樹、やっぱ怒ってるのかなぁ。%K%P
我几乎是被绑架上车的。\n……呜呜，春树果然生气了。%K%P
それともあたしが衣装持ってると思ってるとか？%K%P
还是说，她以为我有衣服？%K%P
どちらにしても公衆の面前で\n土下座するくらいは覚悟しておいた方がいいかも……。%K%P
无论如何，我最好还是做好在大庭广众之下下跪的觉悟……%K%P
「――着いたわっ。ほら早く早く！」%K%P
「——到了！快点快点！」%K%P
「わかったってばぁ……」%K%P
「知道了啦……」%K%P
足取りの重いあたしとは対照的に、\n清佳ちゃんが急ぎ足で会場へと引っ張っていく。%K%P
与脚步沉重的我相反，清佳快步拉着我前往会场。%K%P
だけど――あれ？　どこに向かってるんだろ。%K%P
可是——咦？我们是要去哪里啊？%K%P
控え室はあっちじゃ――%K%P
休息室在那边——%K%P
「はぁはぁ、間に合ったかしら……！？」%K%P
「呼、呼，赶上了吗……！？」%K%P
「どうでしょう。時間的にはギリギリですね」%K%P
「很难说呢。时间上很紧迫。」%K%P
案内されたのは会場の最前列の席――フロントロウ。\nランウェイを歩くモデルを見るには絶好の場所だ。%K%P
我们被带到会场最前排的座位——前排座位。\n这是观赏走秀模特儿的绝佳位置。%K%P
でも、どうしてここに？%K%P
可是，她为什么会在这里？%K%P
蛍がランウェイを歩けるはずがない。%K%P
萤不可能会走伸展台。%K%P
だってドレスは今も屋敷の物置に隠してあるはずで――%K%P
因为那件礼服现在应该还藏在宅邸的仓库里——%K%P
「お姉ちゃん――」%P%K%P
「姐姐——」%P%K%P
「――え？」%K%P
「——咦？」%K%P
喝采が轟いていた。%K%P
喝采声轰然响起。%K%P
あたしに向けられたものじゃない。%K%P
那不是对我说的。%K%P
目の前の、あたしの作った衣装を着たモデルに――\nあたしの大好きな人に、皆が歓声と拍手を送っていた。%K%P
大家正在为眼前这位穿着我设计的服装的模特儿——我最喜欢的人，献上欢呼与掌声。%K%P
蛍がほんの少しだけ目尻を細めて微笑みかけてくる。\n「聞こえるでしょ？」とばかりに口元を僅かに緩める。%K%P
萤微微眯起眼睛，对我露出微笑，嘴角也微微上扬，仿佛在说「你听得见吧？」。%K%P
「どうして……」%K%P
「为什么……」%K%P
最初に漏らした言葉はそれだった。%K%P
这是她最先脱口而出的话。%K%P
どうして。ドレスは隠しておいたはずなのに。\nどうして。こんなにも会場が沸き立っているんだろうか。%K%P
为什么？我明明把礼服藏起来了。\n为什么？会场里的人们为什么这么兴奋？%K%P
――考えるまでもない。%K%P
——根本想都不用想。%K%P
あたしが衣装を隠すことを蛍は見抜いていたんだ。\nあたしの衣装を見て皆が喜んでくれているんだ。%K%P
萤早就看穿我想把衣服藏起来的意图。\n大家看到我的服装都感到很开心。%K%P
――頭の中がぐちゃぐちゃになる。%K%P
——我的脑袋变得一团乱。%K%P
幾つもの「どうして」が心の中を同時に巡って、\nその答えに驚かされて、嬉しくなって、やっぱり驚いて。%K%P
好几个「为什么」同时在心中打转。\n答案让我惊讶，让我开心，然后又惊讶。%K%P
「どうして」%K%P
「为什么？」%K%P
気づけばあたしは同じ言葉を漏らしていた。\n知らず知らず溢れ出した涙を止められないまま。%K%P
回过神来，我也吐出了相同的话语。\n无法阻止不知不觉间溢出的泪水。%K%P
「言ったでしょ？」%K%P
「我不是说过了吗？」%K%P
蛍がこっそり囁いてくる。%K%P
萤悄悄地在我耳边说道。%K%P
いいや、普段通りの声量なのかもしれない。\nあまりにも大きな歓声が蛍の声をかき消しているだけだ。%K%P
不，或许她的音量和平常一样。\n只是因为欢呼声太大，盖过了萤的声音。%K%P
それでも、あたしの耳にははっきりと届いた。%K%P
即使如此，我的耳朵还是清楚听见了。%K%P
「お姉ちゃんの服は世界で一番可愛いって」%K%P
「姐姐的衣服是世界上最可爱的。」%K%P
「みんな、そう思ってくれてるんだよ」%K%P
「大家都这么认为哦。」%K%P
「っっ……！」%K%P
「唔唔……！」%K%P
「おねえちゃんのつくったふくが\n　せかいでいっちばんかわいいんだって、\n　ぼくがしょーめーしてみせるからっ」%K%P
「姐姐做的衣服\n　是全世界最可爱的，\n　我会证明给你看！」%K%P
幼い日の言葉が脳裏に蘇る。\nあたしの自慢の弟は約束を果たしてくれた。%K%P
小时候说过的话在脑中苏醒。\n我引以为傲的弟弟实现了约定。%K%P
怖がって目を背けていたあたしに\n何もせずに諦めていたあたしに\n身を挺して証明してくれたんだ。%K%P
他挺身而出，证明了害怕得不敢面对的我，\n什么也不做就放弃的我，\n是值得他信任的。%K%P
あたしが信じられなかったことを、\n誰よりもずっと信じ続けてくれていた。%K%P
他比任何人都还要相信，我所无法相信的事物。%K%P
「えへへ」%K%P
「嘿嘿嘿。」%K%P
泣きじゃくるあたしに、\n蛍が満面の笑みを向けてくる。%K%P
我哭得一把鼻涕一把眼泪，萤则是对我露出满脸笑容。%K%P
だからモデルがそんな笑顔を浮かべちゃって\nどうするんだよ……。ホントわかってない……。%K%P
所以模特儿露出这种笑容的话……\n到底该怎么办啊……真是搞不懂……%K%P
「バカ……。ホントにバカ……」%K%P
「笨蛋……你真的是笨蛋……」%K%P
でも、本当にありがとう――……。%K%P
不过，真的很谢谢你——……%K%P
――お姉ちゃんが大粒の涙を浮かべながら、\n僕を見つめてきてくれる。%K%P
——姐姐的眼眶中浮现大颗的泪珠，凝视着我。%K%P
あの日と同じように顔をくしゃくしゃにしながら、\nだけど、幸せそうな、嬉しそうな顔を浮かべてくれる。%K%P
她和那天一样哭得唏哩哗啦，脸上却浮现幸福又开心的表情。%K%P
良かった。喜んでもらえて。%K%P
太好了，她好像很开心。%K%P
みんなの声を、称賛を、賛美を、聞いてもらえて。%K%P
大家的声音、称赞、赞美，都传到了他的耳里。%K%P
でも……ホントにお姉ちゃんは、\n変なところで弱気なんだから。%K%P
不过……姐姐在奇怪的地方真的很没用。%K%P
寸前で衣装を隠したりなんかして。\nおかげで一晩中屋敷の中を探す羽目になっちゃった。%K%P
在被发现的前一刻把衣服藏起来，害我找了一整晚。%K%P
もうちょっと自分のことも僕のことも信じて欲しい。%K%P
真希望她能再稍微相信一下自己和我。%K%P
不安になる必要なんてないんだ。\nお姉ちゃんの服は世界で一番可愛いんだから。%K%P
根本没必要感到不安。\n因为姐姐的衣服是世界上最可爱的。%K%P
会場が揺れるほどの歓声が、\nそれを証明してくれている。%K%P
足以撼动会场的欢呼声，证明了这一点。%K%P
正直、女装するのは今でも恥ずかしい。\nドレスを着てランウェイを歩くなんて尚更だ。%K%P
老实说，现在要我穿女装还是会害羞，更别说要穿礼服走伸展台了。%K%P
でも、こうして大勢の人に\nお姉ちゃんの服を見てもらえるのは嬉しいな。%K%P
不过，能让这么多人看到姐姐的衣服，我也很开心。%K%P
本当に、嬉しい。%K%P
真的好开心。%K%P
「えへへ」%K%P
「嘿嘿嘿。」%K%P
自然と笑顔が零れてしまう。%K%P
我不由得露出笑容。%K%P
大好きなお姉ちゃんが喜んでくれていることに。\nみんながお姉ちゃんの衣装を褒めてくれていることに。%K%P
最喜欢的姐姐开心不已。\n大家都称赞姐姐的服装。%K%P
もっと見て欲しい。自慢させて欲しい。\n僕の愛する人の作った衣装を、見せびらかせて欲しい。%K%P
希望她多看我几眼，希望她能向别人炫耀，希望她能向别人展示我心爱的人所制作的服装。%K%P
「春樹……」%K%P
「春树……」%K%P
「ふふ」%K%P
「呵呵。」%K%P
うれし泣きをするお姉ちゃんを見て、\nやっぱり頬が緩んでしまう。%K%P
看着开心落泪的姐姐，我也不禁露出笑容。%K%P
その顔を見て、もっともっと\nお姉ちゃんのドレスを見せびらかせたくなる。%K%P
看到她的表情，让我更想让她看更多、更多姐姐的礼服。%K%P
女装するのも、ふふ、悪くないや。\nお姉ちゃんの服の魅力を伝えられることが誇らしい。%K%P
穿女装……呵呵，感觉也不坏嘛。\n能够传达姐姐衣服的魅力，让我感到很自豪。%K%P
僕の恋人は、普段は大雑把でマイペースな割に、\nとっても臆病で照れ屋なところがあるから。%K%P
我的恋人平常虽然粗枝大叶又我行我素，却有着非常胆小又害羞的一面。%K%P
そんな恥ずかしがり屋な彼女のためにも、\n僕がこうして伝え続けていきたい。%K%P
为了怕羞的她，我想继续传达下去。%K%P
お姉ちゃんの服は世界で一番可愛いんだって――%K%P
姐姐的衣服是世界上最可爱的——%K%P
「本当に、ありがとう……」%K%P
「真的很谢谢你……」%K%P
幸せそうに泣きじゃくる恋人の顔を見つめながら、\n僕はとびっきりのポーズを舞台の上で決めた。%K%P
我看着幸福地哭泣的恋人，摆出最帅气的姿势。%K%P
