「はぅ～……！　こんなの恥ずかしいってばぁ……！\n　離して、離してって……！」%K%P
「啊呜～……！这样子太丢脸了啦……！\n放开我，快放开我……！」%K%P
「動かない動かない♪\n　大人しく、ご主人様に犯されなさいな♪」%K%P
「不要动不要动♪\n　乖乖地被主人侵犯吧♪」%K%P
「ご、ご主人様って……！\n　ふざけるのも大概に――ひぃあんっ……！？」%K%P
「什、什么主人……！\n开玩笑也该有个限度——呀啊……！？」%K%P
おちんちんを軽く摩られただけで、\nビクンと身体が跳ね上がりそうになってしまう。%K%P
光是被轻轻摩擦着肉棒，身体就差点要跳了起来。%K%P
「おお～……。今日は一際敏感じゃん。\n　なんだかんだ蛍もこのプレイに興奮してんじゃない？」%K%P
「哦哦～～……今天特别敏感呢。\n萤你是不是也对这种玩法感到兴奋啊？」%K%P
「し、してないもん……！\n　それよりドレスがシワになっちゃうってば……！」%K%P
「才、才没有……！\n别管这个了，礼服会皱掉啦……！」%K%P
「そんなの後で幾らでも直せるって。\n　話を逸らさないの」%K%P
「那种事之后要怎么改都行啦，不要岔开话题。」%K%P
「てかマジで可愛い……。チンポ付いてる以外、\n　ホント女の子だよね～……」%K%P
「是说真的好可爱……除了长着鸡鸡以外，真的就是个女孩子呢～……」%K%P
「お、俺は男だもん……！　姉さんに\n　可愛いとか言われても嬉しくないから……！」%K%P
「我、我是男生啊……！就算被姐姐称赞可爱，我也不会高兴……！」%K%P
「わ。久しぶりに聞いたよ、『俺』と『姉さん』。\n　ヤダなぁ、無理しちゃって。でもそこも可愛い……」%K%P
「哇，好久没听到『{俺:ore}』和『姐姐』了。\n讨厌啦，你太逞强了。不过这样也很可爱……」%K%P
「っっ……！！」%K%P
「唔……！！」%K%P
口を開けば開くほど、からかわれてしまう。%K%P
愈是开口，就愈是被捉弄。%K%P
どうにかお姉ちゃんを押しのけようとするけれど、\n完全にマウントを取られてしまっていて動けない。%K%P
我虽然想推开姐姐，但完全被她压制住，动弹不得。%K%P
「でも、その言葉遣いは頂けないなぁ……。\n　今は、『わたし』と『千鶴様』だよ」%K%P
「不过，这种用字遣词可不行啊……\n现在要讲『{私:watashi}』和『千鹤小姐』哦。」%K%P
「ちゃんと言えたら……ふふ。\n　気持ち良くしてあげてもいいけど」%K%P
「如果能好好说出来的话……呵呵，要我让你舒服一下也可以哦。」%K%P
「んっ……！　んんっ……！」%K%P
「嗯……！嗯嗯……！」%K%P
僕の快感をくすぐるように、\nいじらしくお姉ちゃんが股間を股間で摩ってくる。%K%P
姐姐用胯间磨蹭着我的胯间，仿佛在挑逗我的快感。%K%P
湿り気を帯びた生温かい感触が\nすこぶるえっちい……。%K%P
带着湿气的温热触感……%K%P
随分とご無沙汰だったせいもあって、\nおちんちんが否応なしにおまんこの快感を求めてしまう。%K%P
因为太久没做爱，鸡鸡不由自主地渴求着小穴的快感。%K%P
「ん……はぁ……。わかるっしょ……？\n　あたしのおまんこ、超ヌレヌレだよ……？」%K%P
「嗯……哈啊……你应该知道吧……？\n我的小穴，已经湿得一塌糊涂了哦……？」%K%P
「きっと挿れたら超気持ちいいだろうなぁ……。\n　ねね？　挿れて欲しくないの？」%K%P
「插进去一定超舒服的吧……\n呐呐？不想要我插吗？」%K%P
「んはぁ、はぁ……。そ、それは……んんっ！」%K%P
「嗯哈啊、哈啊……那、那个……嗯嗯！」%K%P
ふぁ……！　ち、乳首がお姉ちゃんの乳首に\nグリグリ擦りつけられて……！%K%P
呼啊……！乳、乳头被姐姐的乳头……\n磨来磨去……！%K%P
まるでお姉ちゃんのおっぱいに、んはぁ……！\n僕のおっぱいが食べられてるみたい……！%K%P
简直就像姐姐的胸部在吃我的胸部一样……！%K%P
「乳首もビンビンじゃん……。\n　あたしより勃ってんよ？」%K%P
「乳头也硬邦邦的嘛……\n比我还硬哦？」%K%P
「ね……。素直になっちゃおうよ。\n　ちょっとしたプレイじゃん、プレイ」%K%P
「呐……你就坦率一点嘛。\n这算是一种玩法啦，玩法。」%K%P
「いっつも普通にエッチしてるだけじゃ、\n　マンネリしちゃうだろうしさ。\n　今日は、蛍としてあたしとエッチして？」%K%P
「如果每次都用普通的方式做爱，也会腻吧。\n今天就用萤的身份和我做爱吧？」%K%P
「ほ、蛍と、んん、して……」%K%P
「和、和萤、嗯嗯、做……」%K%P
僕の性欲を巧みに煽るような動きをしながら、\nお姉ちゃんが囁きかけてくる。%K%P
姐姐一边巧妙地挑逗我的性欲，一边在我耳边低语。%K%P
うぅ、ズルい……。エッチしたい気持ちを人質に、\nそんな恥ずかしいことを強要してくるなんて……。%K%P
呜呜，好狡猾……竟然拿我想做爱的心情当人质，逼我做这么丢脸的事情……%K%P
でも、んふ、エッチしたい……。%K%P
可是，嗯哼，好想做爱……%K%P
「わ……わかりました。千鶴……様……」%K%P
「我……我知道了。千鹤……大人……」%K%P
「おおー……。ヤッバい、その顔濡れる……」%K%P
「哦哦……好厉害，脸都湿了……」%K%P
「～～っっ」%K%P
「～～！」%K%P
口にした瞬間、自分でもわかるほど\n羞恥心で顔が真っ赤になってしまう。%K%P
说出口的瞬间，连我自己都感觉得到，羞耻心让我的脸变得通红。%K%P
ビックリするくらい身体が熱くなって――\nだけど、その火照りにドキドキしてる自分もいた。%K%P
身体变得滚烫，让我吓了一跳——\n但是，我却也对这股火热感到兴奋。%K%P
「それで……蛍はあたしにどうして欲しいの？」%K%P
「那么……萤希望我怎么做？」%K%P
「ですから……そ、その……。\n　気持ち良くしてもらいたいと言いますか……」%K%P
「就是……那、那个……\n希望你能让我舒服一点……」%K%P
「そんなのわかってるってばぁ～。\n　もっと、可愛くおねだりしてってコート」%K%P
「这种事我当然知道啦～～\n大衣，拜托你用更可爱的方式拜托我嘛。」%K%P
ここぞとばかりに千鶴様が\n悪戯心満載に囁きかけてくる。%K%P
千鹤大人仿佛抓到机会般，充满恶作剧心态地对我低语。%K%P
うぅ、こうなったらもう破れかぶれだよ……！%K%P
呜呜，事到如今只能豁出去了……！%K%P
「お……お願いします、千鶴様……」%K%P
「拜……拜托您了，千鹤小姐……」%K%P
「どうか蛍の淫らなおちんぽを、\n　千鶴様のおまんこで気持ち良くして下さい……」%K%P
「请用千鹤小姐的小穴，让萤淫荡的小鸡鸡舒服起来吧……」%K%P
蚊の鳴くような声でおねだりする。\nそれだけでおちんちんがビクビクと震えてしまった。%K%P
我用蚊子叫似的声音央求道。\n光是这样，我的肉棒就颤抖了起来。%K%P
「いいねいいね……。興奮しちゃう……」%K%P
「不错哦不错哦……好兴奋哦……」%K%P
「こ、興奮しちゃうじゃなくて……」%K%P
「我、我可没有兴奋……」%K%P
早く挿れて欲しい。\n焦らさないで早く……！%K%P
好想快点插进来。\n别再吊我胃口了，快点……！%K%P
「ダーメ。必死さが足んないよ。\n　もっと、ふふ、全力で言って？」%K%P
「不行，你不够拼命哦。\n再用全力，呵呵，用全力说一次看看？」%K%P
「全力でって……はぁはぁ……」%K%P
「全力……呼、呼……」%K%P
「大声で。どうせ今誰もいないんだし」%K%P
「大声喊。反正现在也没有人。」%K%P
「っっ」%K%P
「唔唔！」%K%P
そんな恥ずかしいコト……！\nでも、はぁはぁ、言わないと挿れてもらないし……。%K%P
这么羞耻的话……！\n可是，呼呼，不说的话他就不会插进来……%K%P
%XS17「お、お願い……します……」%XE%K%P
「拜、拜托……你了……」%K%P
「んん～？」%K%P
「嗯嗯～？」%K%P
「っっ。お願いしますっ！　どうか蛍の淫らなおちんぽを\n　千鶴様のおまんこで気持ち良くして下さいっ！！」%K%P
「！拜托了！请用千鹤大人的小穴，让萤的淫荡鸡鸡舒服起来吧！」%K%P
叫んだ瞬間、我慢汁が噴き出したのがわかった。\nそのくらい羞恥心と妙な快感を覚えながら絶叫した。%K%P
在大叫的瞬间，我知道自己喷出了忍耐汁。\n我就是带着如此羞耻心与奇妙快感大叫的。%K%P
すると――%K%P
结果——%K%P
「いいじゃん――超もえる」%K%P
「不错嘛——超热血的。」%K%P
そう言って千鶴様は自らの秘部に、\nわたしのおちんちんをあてがってくれて――%K%P
千鹤大人一边说着，一边把我的肉棒抵在自己的秘部上——%K%P
「あぁあああんっ……！！\n　んぁっ、はぁあああああん……！！！」%K%P
「啊啊啊啊啊嗯……！！\n　嗯啊、哈啊啊啊啊啊啊嗯……！！！」%K%P
ヌププププっ――と、おちんちんがトロトロで\nアツアツの膣肉に包まれる。き、気持ちい……！！%K%P
噗噗噗噗——肉棒被粘稠的肉穴包裹。好、好舒服……！！%K%P
「んっ、んはぁ……♪　動いちゃダメだってばぁ～。\n　腰振ったら動いてあげないよ～？」%K%P
「嗯！嗯哈啊……♪不可以乱动啦～\n你要是乱动，我就不会动哦～？」%K%P
「はぁ、はぁ……！　ふ、振っているつもりは……！」%K%P
「呼、呼……！我、我没有要甩开你的意思……！」%K%P
無意識に突き上げようとしてしまっていたのか、\n千鶴様にグっと体重をかけられてホールドされてしまう。%K%P
我下意识地想把身体往上顶，结果千鹤小姐把全身的重量压在我身上，把我固定住。%K%P
んんっ……！　根元までずっぽり入って……！\nはぁはぁ、ヒダヒダが吸い付いてくる……！%K%P
嗯嗯……！整根都插进去了……！\n哈啊哈啊，褶皱吸吮着我的阴茎……！%K%P
「蛍のチンポ……んふ♪　ドエロい。\n　おまんこの中でずーっとビクビクしちゃってる♪」%K%P
「萤的小鸡鸡……嗯哼♪好色哦。\n在小穴里面一直抽动个不停♪」%K%P
「あたしのおまんこ……ふふふ。\n　そんなに気持ちいいんだ？」%K%P
「我的小穴……呵呵呵。\n有这么舒服吗？」%K%P
「は、はい、はぁはぁ、気持ちいいです……」%K%P
「是、是的，呼、呼，好舒服……」%K%P
「そっかそっか。じゃあ、しばらくこのまま\n　動かないでいてあげるね？」%K%P
「是吗是吗？那我就暂时这样子……\n　不要动咯？」%K%P
「っっ。そ、そういう意味じゃなくて……」%K%P
「唔唔！我、我不是那个意思……」%K%P
むしろ、ん、はぁ、動いて欲しい……。\nこの気持ちいいおまんこで扱いて欲しい……！%K%P
嗯，哈啊，我反而希望你继续动……\n希望你用这舒服的小穴继续操我……！%K%P
「だからダメだって。動くの禁止。\n　ちょっとでも腰揺らしたら抜いちゃうよ？」%K%P
「就说了不行啦，禁止乱动。\n你要是敢稍微扭腰，我就拔出来哦。」%K%P
「そ、そんな……！」%K%P
「怎、怎么会……！」%K%P
「心配しなくても、あたしも鬼じゃないから。\n　むしろ、ご奉仕してあげようと思ってるくらいだよ？」%K%P
「不用担心，我也不是魔鬼。\n我反而还想好好服侍你呢。」%K%P
「だから、ふふふ。して欲しいことがあれば、\n　素直に言いな。その通りにやってあげるから」%K%P
「所以，呵呵呵。如果有想要我做的事情，就老实说出来吧。我会照着你的话去做。」%K%P
「う、うぅ……！」%K%P
「呜、呜呜……！」%K%P
逆に言えばわたしが言うまで何もするつもりがないんだ。\nわたしにわざと恥ずかしいおねだりをさせようとして……%K%P
反过来说，只要我不开口，她就什么也不打算做。\n她故意让我提出丢脸的要求……%K%P
「う……動いて、下さい……」%K%P
「请……请你动一动……」%K%P
「ん？」%K%P
「嗯？」%K%P
「っっ。う、動いて下さいっ……！\n　わたしのおちんぽ、おまんこで扱いて下さい……！」%K%P
「唔、请、请动起来……！\n用小穴好好地玩弄我的肉棒吧……！」%K%P
「ふふふ。しっかたないな～」%K%P
「呵呵呵，真拿你没办法～」%K%P
すると千鶴様はご満悦顔で\nゆっくりと腰を揺らし始めて――%K%P
于是千鹤大人露出心满意足的表情，开始缓缓地摇晃腰部——%K%P
「ふぁあんっ…………！　あはぁあん…………！！\n　あっ……！　あぁぁっっ…………！！」%K%P
「呼啊啊嗯…………！啊哈啊啊嗯…………！！\n　啊……！啊啊啊嗯…………！！」%K%P
まるで蛇がじっくりと獲物を呑み込んでいくように、\nねっとりねっとりと千鶴様が腰を上下させる。%K%P
千鹤大人仿佛一条蛇在慢慢吞食猎物般，粘腻地上下摆动腰部。%K%P
き、気持ちいい――けど。んんっ……！\nこうじゃないっ……！　もっと激しく、ん、んん……！%K%P
好、好舒服——但是……嗯嗯……！\n不是这样……！要更激烈，嗯、嗯嗯……！%K%P
「どうしたの？　辛そうな顔して。\n　言われたとおり動いてあげたのに♪」%K%P
「怎么了？表情看起来很难受的样子。\n我明明照你说的去做咯♪」%K%P
わざとらしく千鶴様が尋ねてくる。\nイ、イジワルだよぉ……！%K%P
千鹤大人装模作样地问道。\n真、真是坏心眼……！%K%P
「焦らさないで、ふぁぁ……！　下さい……！」%K%P
「不要吊人家胃口啦，呼啊啊……！请快点……！」%K%P
「もっと激しく、んっ……！\n　動いて欲しい、ですっ……！」%K%P
「再激烈一点，嗯……！\n我希望你动得更激烈一点……！」%K%P
トロ肉に、おちんちんをねぶられるような\n快感に悶えながらも必死に訴える。%K%P
我一边感受着被金枪鱼肚肉舔舐的快感，一边拼命地向她倾诉。%K%P
「え～？　聞こえないなぁ～」%K%P
「咦～？我听不见耶～」%K%P
「はふぁぁぁ…………！！\n　あっ、あぁぁぁ……！！」%K%P
「哈呼啊啊啊…………！！\n　啊、啊啊啊啊……！！」%K%P
強く吸い付くようにおちんちんを締め付けながら、\nゆっくりゆっくりと抽挿が繰り返される。%K%P
她一边紧紧地夹住肉棒，一边慢慢地重复着抽插的动作。%K%P
動きが緩慢すぎて、はぁはぁ……！\nどんどんおちんちんが敏感にさせられちゃ……！！%K%P
动作太慢了，哈啊哈啊……！\n我的小鸡鸡越来越敏感了……！！%K%P
「激しく動いて下さいっ……！！\n　お願い、します、千鶴様ぁ……！！」%K%P
「请激烈地动起来……！！\n拜托了，千鹤大人……！！」%K%P
「きっこえなーい♪」%K%P
「好可怕哦～～♪」%K%P
「はふぅぅぅ…………！！？\n　んぁっ、あふぁぁぁ…………！！」%K%P
「哈呼呜呜呜…………！！？\n嗯啊、啊呼啊啊啊…………！！」%K%P
こ、この人、あくまでわたしを焦らすつもりだ……！\nこれじゃ動かないでもらえた方がマシだったかも……！%K%P
这、这个人，只是想让我着急而已……！\n这样还不如不要动……！%K%P
イくにもイけない動きで、はぁはぁ……！\nおちんちんがずっと刺激され続けて――キ、キツい……！%K%P
在无法射精的动作下，我的小弟弟一直被刺激着——好、好难受……！%K%P
「はぁはぁ……。蛍の顔、どんどんエロくなってる……。\n　トロトロで、ふやけた顔になってきてるよ……？」%K%P
「呼、呼……萤的表情越来越色了……\n变得越来越淫荡了哦……？」%K%P
「チンポも、膣内でムクムク膨らんできてるのわかる。\n　根元から先っぽまで、ザーメンでいっぱいって感じ」%K%P
「我也知道鸡鸡在小穴里膨胀起来了。\n从根部到前端，都充满了精液的感觉。」%K%P
「今までずーっと、やられる側だったけど……ふふふ。\n　こうやって苛めるのも結構楽しいかも……♪」%K%P
「虽然我之前一直被你欺负……呵呵呵，不过像这样欺负你好像也挺有趣的……♪」%K%P
「はぁっ……！　はぁっ……！　んはぁんっ……！！\n　苦しいです、んぁ、千鶴様ぁ……！」%K%P
「呼……！呼……！嗯呼嗯……！！\n好痛苦，嗯啊，千鹤小姐……！」%K%P
「お願いですから、もっとシコシコして……！！\n　わたしのおちんぽ、はぁはぁ、ゴシゴシ擦ってぇ……！」%K%P
「拜托你，再用力撸一撸……！！\n　快用力搓我的鸡鸡……！」%K%P
「え～。せっかく愉しくなってきたところだもん。\n　もうちょっと我慢できるっしょ？」%K%P
「咦～～难得玩得正开心耶。\n再稍微忍耐一下嘛？」%K%P
耐えられなくなって腰を突き上げようとするけれど、\nグっと押さえつけられてしまって動くこともできない。%K%P
我实在忍不住了，想要挺起腰来，但是被紧紧地压住，根本动弹不得。%K%P
ただただ焦れったいばかりの快感に晒されて。\nおちんちんだけじゃなく全身が過敏になっていく――%K%P
我只能一味地承受着令人焦躁难耐的快感，不只是肉棒，全身上下都变得越来越敏感——%K%P
「ふぁぁぁ…………！！　あはぁあんんっ…………！！\n　あっ……！！　あぁ…………！！　あああ…………！！」%K%P
「呼啊啊啊…………！！啊哈啊啊嗯嗯…………！！\n　啊……！！啊啊…………！！啊啊啊…………！！」%K%P
「（な、何この感覚ぅ……！　おちんちん擦られてるだけ\n　なのに、あっ、あぁ、身体中を舐められてるような\n　気分になってきてっ……！）」%K%P
「（这、这是什么感觉……！明明只是被鸡鸡摩擦着，啊、啊啊，却有种全身上下都被舔遍了的感觉……！）」%K%P
「（と、蕩けてきちゃうっ……！\n　全身が火照って、身体中フワフワしてぇ……！）」%K%P
「（啊，我整个人都陶醉了……！\n全身都热乎乎的，感觉轻飘飘的……！）」%K%P
媚薬入りの温泉に浸からされてるみたいだ……！\nお、おちんちんが勝手に跳ねる、ビクついちゃう……！%K%P
简直就像泡在加了春药的温泉里一样……！\n鸡、鸡鸡自己跳动，抖起来了……！%K%P
「蛍の吐息、はぁはぁ、めちゃくちゃ熱くなってる……。\n　イきそうでイけない女の子の顔になってるよ……？」%K%P
「萤的气息，呼呼呼，变得好热……\n你现在的表情，看起来好像快要高潮了哦……？」%K%P
「我慢汁もヤッバい……。蛇口を軽く捻った時みたいに\n　さっきからジャバジャバ溢れ出っぱなし……」%K%P
「这忍耐汁也太猛了……从刚才就像轻轻转开水龙头一样……一直哗啦哗啦地流个不停……」%K%P
「んぁっ……！　あっ……！　あぁっ！！」%K%P
「嗯啊……！啊……！啊啊！！」%K%P
も、もうダメ……！　敏感になりすぎて、はぁはぁ……！\nゆっくり動かれるだけでもイきそうっ……！%K%P
不、不行了……！变得太敏感了，哈啊哈啊……！\n只是被慢慢动着就快去了……！%K%P
乳首が気持ちいい……！！\n千鶴様の乳首にクリクリされてっ……！！%K%P
乳头好舒服……！！\n千鹤大人的乳头在顶弄着……！！%K%P
い、いっそこのままでもいいや……！\n焦れったいけど、はぁはぁ、すごく気持ちいい……！！%K%P
要、要不干脆就这样算了……！\n虽然很焦急，但是哈啊哈啊，好舒服……！！%K%P
「ん。そろそろかな」%K%P
「嗯，差不多了吧。」%K%P
「え――？」%K%P
「咦——？」%K%P
不意に、千鶴様がぐっと腰を落として動きを止めた。\nそして、その次の瞬間――%K%P
千鹤大人突然压低身子，停止动作。\n然后，下一瞬间——%K%P
「――あ゛ひぃんっ！！？\n　ん゛ぁっ！？　あ゛っ、あ゛っ、あ゛ぁあっ！！？」%K%P
「——啊咿咿嗯！！？\n嗯啊！？啊、啊、啊啊啊！！？」%K%P
は、はげひっっ！！？　いきなり激しくなっへっ！！？%K%P
好、好激烈！？突然变得好激烈！？%K%P
「んぁんっ、あぁあんっ、あっ、はぁ、んはぁん……！」%K%P
「嗯啊嗯！啊啊啊嗯！啊！哈啊！嗯哈啊嗯……！」%K%P
「ヤッバいっ、超気持ちいいっ……！！\n　今までで一番チンポ、パンパンかもっ……！！」%K%P
「好棒，超舒服的……！！\n这根鸡鸡，可能是至今为止最棒的……！！」%K%P
「ふあぁぁぁあっっ！！　待っ――ん゛あぁっ！！\n　とまっ、とまっへくだひゃっ、はげひしゅぎぃ……！！」%K%P
「呼啊啊啊啊啊！！等——嗯啊啊！！\n　停、停下来呀，太激烈了……！！」%K%P
「蛍がっ、んはぁんっ、激しくしてって言ったんでしょ？」%K%P
「是萤你、嗯哈啊、要我激烈的吧？」%K%P
「言っひゃけどっ――あはぁああんっっ！！\n　急に動きしゅぎっ、おちんぽ焼けちゃっ……！！\n　気持ちよしゅぎへ、おかしくなっひゃっ……！！」%K%P
「虽然我这么说——啊哈啊啊啊！！\n突然动得太激烈，鸡鸡要烧焦了……！！\n太舒服了，脑袋变得怪怪的……！！」%K%P
「とまっへっ、あ゛ぁあっ、イ゛ぐっ、イ゛ぐぅっ！！\n　おちんぽ弾けりゅぅっっ……！！」%K%P
「呼啊、啊啊、去了、去了！！\n　鸡鸡要炸了……！！」%K%P
「気づいてないのっ？　もう――ん゛んっ！！\n　ビュービュー出ちゃってるんよっ？」%K%P
「你没发现吗？真是的——嗯嗯！！\n　已经喷出来了哦？」%K%P
「あたしの膣内っ、あっ、はぁっ、あぁあんっ……！\n　蛍のエロザーメンで、あぁん、いっぱいなんだからっ」%K%P
「我的小穴里，啊、哈啊、啊啊啊嗯……！\n因为萤的色色精液，啊啊嗯，已经装得满满的了。」%K%P
「あ゛ふぁぁっ！　あはぁんっ！　あっ、あっ、あっ！！」%K%P
「啊呼啊啊！啊哈嗯！啊、啊、啊！！」%K%P
だ、だかりゃなのぉっ……！？\nずっひょ、お漏らししてりゅみたいな感じがぁ……！%K%P
所、所以才会……！？\n一直有种尿裤子的感觉……！%K%P
ぎもひいいっ……！！　あ゛っ、あ゛ふぁっ……！！\nドビュドビュしへりゅの、あぁ、わかりゅぅ……！！%K%P
好舒服……！！啊、啊呼……！！\n我能感觉到，精液正在猛烈地射出来……！！%K%P
「相当っ、んはぁっ、気持ちいいんだっ？\n　白目剥きかけちゃってるよっ？」%K%P
「你真的、嗯哈啊、很舒服吗？\n都翻白眼了哦？」%K%P
「ホントエロいっ……！　蛍、可愛いっ……！！\n　マジで犯してる気がしてきちゃうっ……！！」%K%P
「真的好色……！萤好可爱……！！\n真的有种侵犯她的感觉……！！」%K%P
「お゛っ、お゛かされてましゅぅっっ……！！\n　千鶴しゃまに、あ゛あぁ、お゛かされてましゅぅ……！」%K%P
「我、我被惩罚了……！！\n我被千鹤大人、啊啊啊、惩罚了……！」%K%P
「ぎもひよしゅぎへ、し、死んじゃひしょうっ……！！\n　あ゛っ、はぁっ、ん゛ぁっ、あ゛ぁっっ……！！」%K%P
「太舒服了，我、我会死掉的……！！\n啊、哈啊、嗯啊、啊啊……！！」%K%P
身体の痙攣がとまんなひっ……！\nおちんちんの痙攣はもっととまんなひっ……！！%K%P
身体的痉挛停不下来……！\n鸡鸡的痉挛更是停不下来……！！%K%P
射精してりゅのかしてなひのかっ、\nあ゛ぁっ、わかんなひくりゃい気持ひいいっ……！！%K%P
我射精了吗？还是没有射精？\n啊啊，我好难熬啊……！！%K%P
「ん゛はぁっ……！　ふふふっっ……！！\n　蛍の淫乱チンポ、まーた膨らんできてる……！！」%K%P
「嗯哈啊……！呼呼呼……！！\n萤的淫乱鸡鸡，又～变大了……！！」%K%P
「イかせて欲しいっ？　思いっきりイかせてあげよっか？」%K%P
「想要高潮？那我就让你好好高潮吧？」%K%P
「イ゛がせてっ！！　あ゛ふぁあっっ……！！\n　イ゛がせてくだひゃいっっ……！！」%K%P
「让我高潮！！啊呼啊啊……！！\n　让我高潮吧……！！」%K%P
「イ゛ぎだいっ、イ゛ぎだいれふっっ……！！\n　千鶴しゃまのおまんこで、ふぁ、思いっきりぃ……！！」%K%P
「好、好爽，好爽啊……！！\n在千鹤大人的小穴里，呼啊，尽情地……！！」%K%P
考えるよりも先に言葉が出てくる。\n頭の中、あぁあ、もうフニャフニャれぇ……！！%K%P
在思考之前，话语就脱口而出。\n啊啊啊，我的脑袋已经糊成一团了……！！%K%P
「ふふふっ、じゃあもっと激しく――あっ、はぁんっ！\n　腰振ったげるねっ……！！」%K%P
「呵呵呵，那我就更激烈一点——啊！哈啊！\n……！！」%K%P
「ん゛ぁっ！　あ゛はぁっ！\n　あ゛っ、あ゛っ、あ゛っ、あ゛あああっっ！！！」%K%P
「嗯啊！啊哈啊！\n　啊、啊、啊、啊啊啊啊！！！」%K%P
千鶴様のおっぱいがブルンブルンと激しく揺れる。%K%P
千鹤大人的胸部剧烈地晃动。%K%P
ギチギチにおまんこを締めながら\nおちんちんを強烈に扱き上げてくれる。%K%P
她一边紧紧夹住我的肉棒，\n一边激烈地套弄着它。%K%P
ぎ、ぎもひいいっっ……！！！\n子宮がっ、敏感な先っぽをグリグリ擦ってきて……！！！%K%P
好、好舒服……！！！\n子宫在摩擦着敏感的尖端……！！！%K%P
「あ゛ふぁっっ……！！　あ゛ぁっっ……！！\n　ふぁぁあんっ、あっ、ああっ、あ゛あああっ……！！」%K%P
「啊呼啊……！！啊啊……！！\n呼啊啊啊嗯、啊、啊啊、啊啊啊啊……！！」%K%P
「あ゛ぁあっ、イ゛ぐっっ……！！\n　イ゛ぎましゅっ、あ゛ふぁああっ、イ゛ぐぅぅっっ！！」%K%P
「啊啊啊、要去了……！！\n　要去了、啊呼啊啊啊、要去了呜呜呜！！」%K%P
「あ゛っ、あ゛っ、あ゛っ、あ゛っ、あ゛っ！！！\n　ぎもひいいっ、ん゛ぁあっ、でりゅっ、イ゛ぐぅ！！！」%K%P
「啊、啊、啊、啊、啊！！！\n好舒服、嗯啊啊、要射了、去了！！！」%K%P
痛みを感じるほど、おちんちんが膨張する。\n身体中の火照りという火照りが集まって……！！%K%P
肉棒膨胀到甚至会感到疼痛。\n全身上下所有的火热都聚集在一起……！！%K%P
「あ゛ぁああああああっっ――！！\n　イ゛くっ、イ゛くイ゛くイ゛くっ！！！」%K%P
「啊啊啊啊啊啊啊啊——！！\n要、要去了、要去了要去了要去了！！！」%K%P
「イ゛っっ――」%K%P
「咿——」%K%P
「っくぅぅぅぅぅん゛ん゛んんんんんんっっ～～！！！！」%K%P
「唔呜呜呜呜呜嗯嗯嗯嗯嗯嗯嗯嗯～～！！！！」%K%P
わたしの中で何かが弾ける。\n悶絶しながら、おちんちんが膣内で暴れ回る――%K%P
我的体内有什么东西爆发了。\n肉棒一边挣扎，一边在我的体内来回乱动——%K%P
「んはぁぁっっ……！！　あっ、あぁぁんっ……！！\n　すっごい射精っ、んんんんっっっ……！！」%K%P
「嗯哈啊啊……！啊、啊啊啊嗯……！好厉害的射精，嗯嗯嗯嗯……！」%K%P
「めいっぱい締めてるのにっ、んふふっ……！！\n　膣内でブルンブルン震えながら射精してきて……！！」%K%P
「明明已经缩紧到极限了，嗯呼呼……！！\n在小穴里一边颤抖一边射精……！！」%K%P
「あふあああっ、ああああっっ！！\n　はぁーっ、はぁーっ、ん゛はぁぁっー……！！！」%K%P
「啊呼啊啊啊、啊啊啊啊！！\n　哈啊——哈啊——嗯哈啊啊——……！！！」%K%P
め、目の前がチカチカするっ……！！\nビュービューするの、ふぁ、気持ち良すぎて……！！%K%P
眼、眼前金光闪闪……！！\n咻咻地，呼啊，太舒服了……！！%K%P
苛められるの、あふぁ、は、はまっちゃうかもぉ……！\n女の子になりきると、ふへへぇ、感じちゃう……！！%K%P
被欺负，啊呼，说不定会上瘾……！\n完全变成女孩子，呼嘿嘿，感觉好棒……！！%K%P
「ふはぁー……！　はぁー……！　はぁー……！\n　あふぁ……！　はぁはぁっ……！！」%K%P
「呼哈……！哈……！哈……！\n啊呼……！哈啊哈啊……！！」%K%P
「はぁはぁ……。気持ち良かった？\n　って……聞くまでもなさそうだね？」%K%P
「呼、呼……舒服吗？\n　……看来应该不用问了吧？」%K%P
「ふふ……。だらしなく涎まで零して\n　感じちゃってるじゃん。顔もトロットロ」%K%P
「呵呵……看你一副口水直流，很有感觉的样子嘛。脸也湿答答的。」%K%P
「あたしをマゾだ、ドＭだって言ってたけど……ふふ。\n　蛍も結構マゾなんじゃない？」%K%P
「你一直说我被虐狂、抖M……呵呵，其实你自己也满M的吧？」%K%P
「はぁ、はぁ……。しょ、しょうなのかも……。\n　想像以上に、ふぁぁぁ、き、気持ち良かった……」%K%P
「呼、呼……这、这或许是个好方法……\n比想象中、呼啊啊啊、更、更舒服……」%K%P
「あれま。素直になっちゃって」%K%P
「哎呀，变得这么坦率。」%K%P
からかうように言ってくるお姉ちゃんに\n何も反応できない。まだ頭がフワフワしてて……。%K%P
姐姐语带调侃地说道，我却无法做出任何反应。我的脑袋还是一片混乱……%K%P
「んじゃさ……ふふ。\n　このままもう一度、苛めてあげよっか？」%K%P
「那么……呵呵，就这样再欺负你一次吧？」%K%P
「そ、それは……」%K%P
「这、这个嘛……」%K%P
「それとも男らしくお姉ちゃんをひぃひぃ言わせたい？\n　どっちがいいかな？　あたしは、どっちでもいいよ？」%K%P
「还是说，你想要像个男子汉一样让姐姐发出娇喘呢？\n要选哪边好呢？我两边都可以哦。」%K%P
お姉ちゃんが愉しそうに尋ねてくる。\nそんな彼女に僕は、いいえ、わたしは息を呑んで――%K%P
姐姐愉悦地问道。\n我——不，我倒抽了一口气——%K%P
「も、もう一度苛めて下さい……。千鶴しゃまぁ……」%K%P
「请、请再欺负我一次……千鹤小姐……」%K%P
「ふふふ。ホント可愛い妹だね？」%K%P
「呵呵呵，真是个可爱的妹妹呢。」%K%P
弟だもん――とは今日はもう言えそうになかった。%K%P
因为是弟弟——这句话今天已经说不出口了。%K%P
女装してエッチするの……はぁはぁ。\nこれからも定期的におねだりしちゃいそう……。%K%P
穿女装做爱……哈啊哈啊。\n以后我可能也会定期央求他……%K%P
「それじゃ……このまま二回戦始めちゃおっか。\n　今日もまた……一日中エッチ、しようね？」%K%P
「那么……就这样开始第二回合吧。\n今天也……一整天都做色色的事吧？」%K%P
「は……はい……。千鶴しゃまぁ……」%K%P
「是……是的……千鹤小姐……」%K%P
そうして千鶴様が再びゆっくりと腰を動かし始める。%K%P
千鹤大人再次缓缓地开始摆动腰部。%K%P
わたしはそんな千鶴様の焦らすような愛撫に\n羞恥心と期待を抱きながら、身を任せた――%K%P
我任由羞耻心与期待，随着千鹤大人那令人焦急的爱抚而高涨——%K%P
