「んはぁむ……ん、ちゅ……れろぉ、れろろぉ……」%K%P
「嗯哈嗯……嗯、啾……舔舔、舔舔……」%K%P
「もっと、んふ、ベロ絡ませてきて……？\n　ぺろろぉ、れろ……んれろろぉ……」%K%P
「再多用舌头缠上来一点……？\n舔舔、舔舔……舔舔舔……」%K%P
「うん……れろ……ぺろろぉ……」%K%P
「嗯……舔舔……舔舔……」%K%P
もはや我慢する必要もないとばかりに、\n千鶴が前のめりになって僕の唇を奪ってくる。%K%P
千鹤像是已经不需要忍耐了，她身体前倾，夺走我的嘴唇。%K%P
こっそりキスしていた時とは違う、\nまるで僕を食べようとしているかのような激しいキス。%K%P
和偷偷接吻时不同，这次的吻激烈得像是要将我吞下。%K%P
千鶴の口腔は熱い涎でトロトロになっていて、\nその火照り具合が彼女の発情っぷりを如実に表していた。%K%P
千鹤的口腔因为炙热的唾液而变得粘稠，那火热的程度如实表现出她发情的程度。%K%P
「んちゅぅっ……好き、れろろぉ、好きぃ……」%K%P
「嗯啾……喜欢，舔舔，喜欢……」%K%P
「もっと、んはぁむ、んちゅぅ……イチャイチャしよ？\n　大好きな人と……れろろぉ、乱れまくりたい……」%K%P
「再多亲热一下吧，嗯啊，嗯啾……我想和最喜欢的人……舔舔，尽情缠绵……」%K%P
「んちゅ、ん……はぁはぁ、相変わらずスケベなんだから」%K%P
「嗯啾、嗯……呼呼，你还是一样色。」%K%P
「んっ、んふぅんっ……！！」%K%P
「嗯！嗯呼嗯……！」%K%P
ねだるように舌先を伸ばしてくる千鶴に応えながら、\nその豊満な乳房を揉み回していく。%K%P
千鹤央求般伸出舌尖，我一边回应她，一边揉搓她丰满的乳房。%K%P
すっごく柔らかい……。とってもフワフワだ……。%K%P
好柔软……好软哦……%K%P
少し力を入れるだけで指先がむにゅっと沈んでいって\nエロい乳肉が指の間からはみ出してくる。%K%P
稍微用力，指尖就会陷进去，露出性感的乳肉。%K%P
まるで手の平全体がおっぱいに呑み込まれていくような\n心地がして――視覚的にも手触り的にも気持ちいい。%K%P
感觉就像整个手掌被胸部吞没一样——无论视觉还是触觉都很舒服。%K%P
「はぁん……！　あ、はぁ……！\n　たくさん揉んでいいよ……？　たくさん揉んで……？」%K%P
「哈啊……！啊，哈啊……！你可以尽情揉哦……？尽情揉我……？」%K%P
「あたしのおっぱい、はぁはぁ……。\n　めちゃくちゃにして欲しい……」%K%P
「我的胸部，哈啊哈啊……\n希望你尽情蹂躏……」%K%P
甘えるように囁いてきながら、\n千鶴がおっぱいを押しつけてくる。%K%P
千鹤撒娇般地呢喃，同时将胸部压向我。%K%P
可愛いな……。普段はだらしないのに、\nエッチの時になると途端に甘えん坊になっちゃって。%K%P
真可爱……明明平常那么邋遢，做爱的时候却突然变得这么爱撒娇。%K%P
「んふぅん……！　んはぁ、あぁん……！\n　ちゅぁ……ん、んふ、れろろ、れろぉ……！」%K%P
「嗯呼……！嗯哈啊，啊啊嗯……！\n　啾啊……嗯，嗯呼，咧噜噜，咧噜噜……！」%K%P
「きもちいい、んんっ……！　れろろぉ、ぺろぉ……！」%K%P
「好舒服，嗯嗯……！舔舔舔，舔舔……！」%K%P
ビクリビクリと快感に震えながらも、\nうっとりとベロを絡ませてくる千鶴。%K%P
千鹤虽然因为快感而不断颤抖，但还是陶醉地用舌头缠绕着我。%K%P
僕もめちゃくちゃ気持ちいい……。\n永遠にこうしていたいくらい。%K%P
我也舒服得不得了……\n真想永远这样下去。%K%P
「ぷはぁ……はぁはぁ。えへへ、チンポ、\n　ビクビクさせてくれてる……」%K%P
「噗哈……哈啊哈啊。嘿嘿嘿，鸡鸡，还在抽搐呢……」%K%P
「興奮、はぁはぁ、してくれてるんだ？\n　あたしとベロチューして……、おっぱい揉んで……」%K%P
「你兴奋了，呼呼呼，是吗？\n和我舌吻……揉我的胸部……」%K%P
「ずっと興奮しっぱなしだよ……？」%K%P
「我从刚才就一直很兴奋啊……」%K%P
「えへへ、嬉しい……。あたしばっかり積極的だから、\n　迷惑かなって思ったりもしててさ……」%K%P
「嘿嘿，好高兴……因为都是我比较积极，所以也觉得这样会不会造成你的困扰……」%K%P
「迷惑なことなんてないよ。まぁ……所構わずキス\n　されたりすると、色んな意味でドキドキしちゃうけど」%K%P
「不会觉得困扰啊。不过……如果不管场合就亲过来，就各种意义来说都会心跳加速就是了。」%K%P
「だって……んはぁん。ホントいつでもエッチなこと\n　していたいんだもん……」%K%P
「因为……嗯哈啊。我真的想随时做色色的事情嘛……」%K%P
熱しきられた吐息を漏らしながら、\n興奮した様子で千鶴が僕を見つめてくる。%K%P
千鹤吐出炙热的气息，兴奋地凝视着我。%K%P
「そんなに見られると恥ずかしい……。\n　中途半端に女装しちゃってるし……」%K%P
「被你这样盯着看，我会害羞啦……\n而且我穿女装穿得不伦不类……」%K%P
「いいじゃん。可愛いよ……？\n　ウィッグ付けてなくても似合ってる」%K%P
「不错嘛，很可爱哦……\n就算没戴假发也很适合你。」%K%P
「褒められてる気がしないんだけど……」%K%P
「我怎么不觉得这是在夸奖我……」%K%P
「褒めてるよ。すっごいスケベ……。\n　変態チックで興奮しちゃう……」%K%P
「我是在夸奖你哦。你真是个大色狼……\n变态的癖好让我好兴奋……」%K%P
「っっ。ふ、服装で興奮されても……」%K%P
「唔唔。你、你不要因为服装就兴奋啦……」%K%P
「む……。服装でとはご挨拶だなぁ。\n　あたしが作った服なのに」%K%P
「唔……居然用服装来打招呼，真没礼貌。\n明明是我做的衣服。」%K%P
「ふ、服が悪いってわけじゃないよ。\n　それを言ったら、その。僕だって……」%K%P
「我、我不是说衣服不好看哦。\n要这么说的话，那个，我也……」%K%P
「ふぁん……！」%K%P
「呼啊……！」%K%P
千鶴の水着姿を直視すると、\nつい手に力が入ってしまう。%K%P
我直视千鹤的泳装，手不禁用力。%K%P
「はぁはぁ……。あたしの水着姿エロい……？」%K%P
「呼、呼……我的泳装很性感吗……？」%K%P
「う、うん……」%K%P
「嗯、嗯……」%K%P
「清佳ちゃんの裸より、興奮する……？」%K%P
「比看到清佳的裸体还兴奋……？」%K%P
そう尋ねてくる千鶴に、照れつつも頷き返す。%K%P
千鹤如此问我，我害羞地点头回应。%K%P
「えへへ……。なら着てきた甲斐があったかも……。\n　誘惑、ん、大成功してたんだ……？」%K%P
「嘿嘿嘿……那我穿这套衣服来或许值得了……\n原来我诱惑，嗯，大成功了啊……？」%K%P
「し、してたよ……？\n　すごくムラムラさせられちゃってた……」%K%P
「当、当然有啊……？\n　我整个人都欲火焚身了……」%K%P
「早くこの水着をめくりあげて……はぁはぁ。\n　こんな風におっぱい揉みたいって思っちゃって……」%K%P
「快点把这件泳装掀起来……呼、呼……\n我好想像这样揉你的胸部……」%K%P
「ふぁあん……！　あ、はぁん……！\n　えへへ、ヤバい、嬉しすぎる……」%K%P
「呼啊啊……！啊，哈啊……！嘿嘿，糟糕，我太高兴了……」%K%P
昂ぶりのままにおっぱいを揉む。\n手の平に広がるマシュマロのような柔らかさがえっちい。%K%P
我带着高涨的情绪揉捏着她的胸部。\n在掌心扩散开来的棉花糖般的柔软触感，实在是太色情了。%K%P
「遠慮しなくていいからね……？\n　あたしのおっぱい、好きなだけ揉んで……？」%K%P
「不用客气哦……？我的胸部，你想怎么揉就怎么揉……？」%K%P
「あたしの身体全部、好きにしてくれていいから……。\n　はぁはぁ、むしろ好きにされたい……」%K%P
「我的身体全部，都可以任你摆布……\n呼、呼，我反而想被你摆布……」%K%P
「あたしと同じくらい積極的に……はぁはぁ。\n　あたしの身体に貪りついて欲しいな……」%K%P
「希望他能和我一样积极……呼呼……\n希望他能贪求我的身体……」%K%P
「ホントにスケベだね？」%K%P
「你真的很色耶。」%K%P
「スケベなのは否定しないけど……。\n　あたしばっかり積極的だと不安になるし……」%K%P
「虽然我不否认自己很色……\n但是只有我一个人这么积极，也会感到不安……」%K%P
「不安？」%K%P
「不安？」%K%P
「だから、その……。やっぱりあたしと\n　エッチしたくないのかなって思ったりさ……」%K%P
「所以，那个……我才会想说，你是不是果然还是不想和我爱爱……」%K%P
「もう……。変なところでマイナス思考なんだから」%K%P
「真是的……你老是在奇怪的地方钻牛角尖。」%K%P
「あぁん……ん、ふぁんっ……！」%K%P
「啊啊嗯……嗯，呼啊嗯……！」%K%P
千鶴を安心させるように、\n僕は殊更いやらしく彼女の乳房を揉みしだいていく。%K%P
为了让千鹤安心，我更加猥亵地揉捏她的乳房。%K%P
「僕だって、んはぁん、エッチしたいよ……？\n　いつだって大好きな千鶴とエッチしたいもん」%K%P
「我也很想做色色的事哦……？\n无论何时都想和最喜欢的千鹤做色色的事。」%K%P
%XS20「だ、大好きな千鶴――～～っっ！！」%XE%K%P
%XS20「最、最喜欢的千鹤——～～！！」%XE%K%P
「おっぱいだって、たくさん揉みたいし……。\n　おまんこ、たくさん突いたりもしたい……」%K%P
「我也想尽情揉胸部……\n也想尽情插小穴……」%K%P
「千鶴と、ん、ちゅ……。\n　一日中だってイチャイチャしてたいもん」%K%P
「我想和千鹤，嗯，啾……\n想和千鹤整天整天粘在一起。」%K%P
%XS20「～～っっ！　ぬ、濡れるぅ……！」%XE%K%P
%XS20「～～！要、要湿了……！」%XE%K%P
軽く愛撫をしながら耳元で囁くだけで\n千鶴がブルブルと震える。%K%P
只是轻轻爱抚，同时在耳边轻声细语，\n千鹤就浑身颤抖。%K%P
竿の半ばに押し当てられた割れ目が熱い。\n触ってもいないのに愛液が溢れ出してる。%K%P
被我顶到一半的裂缝十分炽热。\n明明没有触碰，爱液却溢了出来。%K%P
「じゃ、じゃあ、挿れていい……？\n　またお姉ちゃんと近親相姦セックスしてくれる……？」%K%P
「那、那么，我可以插进去吗……？你愿意再和姐姐来一场近亲乱伦性交吗……？」%K%P
「近親相姦セックスって……。\n　確かにそうだけど、わざわざ言わなくても……」%K%P
「近亲乱伦性交……\n　确实是这样没错，但也不用特地强调吧……」%K%P
「だって未だに不安なんだもん……。\n　ふとした時に弟だって思うと……。\n　あたしはいいけど。いっぱいしたいけど……」%K%P
「因为我到现在还是很不安嘛……\n有时突然想到他是弟弟……\n我是没关系，想跟他做很多事……」%K%P
「もう……千鶴、ううん、お姉ちゃんったら」%K%P
「真是的……千鹤，不对，姐姐真是的。」%K%P
僕のことを全然わかってくれてない。%K%P
她完全不了解我。%K%P
僕からアプローチする暇もないくらい、\nお姉ちゃんが積極的過ぎるだけなんだ。%K%P
只是因为姐姐太过积极，让我根本没机会主动出击。%K%P
そうじゃなかったら僕だって――%K%P
不然我也不会——%K%P
「近親相姦なんてどうでもいいくらい、\n　セックスしたいんだから――！！」%K%P
「我就是想做爱，管他什么近亲相奸——！！」%K%P
「ちょっ――あっ！！　あっ、あぁああんっっ！！」%K%P
「等等——啊！！啊、啊啊啊啊嗯！！」%K%P
千鶴の身体を持ち上げて、\nそのまま僕のおちんちんに腰を落とさせる。%K%P
我抬起千鹤的身体，直接将她的腰压在我的大雕上。%K%P
愛液まみれの淫肉におちんちんが\n包み込まれる心地が気持ちいい……！%K%P
被沾满爱液的淫肉包裹着的肉棒，感觉好舒服……！%K%P
特にこの体勢だと根元の根元まで沈み込んでいって――%K%P
尤其是这个姿势，会连根部都沉下去——%K%P
「チンポ、はぁはぁ、おっきい……！\n　んはぁ、めちゃくちゃ熱い、ガッチガチ……！」%K%P
「鸡鸡，呼啊呼啊，好大……！\n　嗯哈啊，好烫，硬邦邦的……！」%K%P
「それだけ、はぁはぁ、お姉ちゃんとの\n　セックスを楽しみにしてたってことだよ……！」%K%P
「这就表示，呼呼，我有多么期待和姐姐做爱……！」%K%P
「～～っっ！　嬉しい……！　んはぁ、好き……！\n　んっ、あはぁんっ、好きっ、好きぃっ……！！」%K%P
「～～！好开心……！嗯哈啊，喜欢……！嗯，啊哈啊嗯，喜欢，喜欢……！」%K%P
挿れただけで発情しきってしまったのか、\nお姉ちゃんがまた雌の顔をして腰を揺らしてくる。%K%P
光是插进去就让她发情了吗？\n姐姐又露出雌性的表情，开始扭动腰部。%K%P
トロトロのヌルヌルが絡みついてきて気持ちいい……。\nんはぁ、子宮口がチュッチュしてきて……。%K%P
粘稠的液体缠绕上来，感觉好舒服……\n嗯哈啊，子宫口在亲吻着我……%K%P
「いっぱいセックスしよっ？　あっ、はぁんっ、んぁっ、\n　お姉ちゃんとセックスして？」%K%P
「我们来做很多很多爱吧？啊、哈啊、嗯啊、和姐姐做爱吧？」%K%P
「繋がっていたいのっ、んぁっ、あっ、はぁん……！\n　大好きな弟と、んぁあんっ、ずっとっ……！」%K%P
「我想和你结合！嗯啊！啊！哈啊嗯……！\n和我最喜欢的弟弟，嗯啊啊嗯！永远结合在一起……！」%K%P
「今まで我慢してた分、ふぁ、あぁんっ……！\n　たくさん、あっ、あっ、触れ合っていたくて……！」%K%P
「因为之前一直忍耐，呼啊，啊啊嗯……！好想，啊，啊，和你多碰触一下……！」%K%P
僕とのつながりを確かめるように、\nお姉ちゃんがおちんちんを締め付けてくる。%K%P
姐姐像是在确认与我的联系般，紧紧地夹住我的肉棒。%K%P
僕への好意の強さがこれでもかと伝わってきて、\nとても嬉しい。それに、んん、すごく気持ち良くて。%K%P
她对我的好感强烈地传达过来，让我非常开心。而且，嗯嗯，非常舒服。%K%P
「ふぁあんっ、あはぁ、あぁあんっ……！\n　突き上げられるの、あっ、あっ、気持ちいい……！」%K%P
「呼啊啊嗯！啊哈啊！啊啊啊嗯……！被往上顶，啊！啊！好舒服……！」%K%P
「重く、あぁんっ、ないっ？　大丈夫っ？」%K%P
「不会太重吗？啊啊嗯！不会痛吗？」%K%P
「とっても重いよっ？　だって、はぁはぁ、\n　こんなに大きいものぶら下がってるし……！」%K%P
「非常重哦！因为，呼、呼……有这么大的东西垂下来……！」%K%P
「ふぁっ、ああぁあんっ……！！」%K%P
「呼啊、啊啊啊啊嗯……！」%K%P
お姉ちゃんの体重を持ち上げながら、\n豊満すぎるおっぱいを掬い上げるように揉んでいく。%K%P
我一边支撑着姐姐的体重，一边揉捏着她那丰满过头的胸部。%K%P
この重量感が堪らない……！　まさしく爆乳だ……！\n持ち上げながら揉むと、より弾力が際立って……！%K%P
这重量感真让人受不了……！简直就是爆乳……！\n我一边托起一边揉，弹力就更加明显……！%K%P
「お姉ちゃんのおっぱい、気持ちいいっ？\n　揉むと、あっ、んっ、興奮しちゃうかなっ？」%K%P
「姐姐的胸部，舒服吗？\n　揉着揉着，啊，嗯，会兴奋吗？」%K%P
「興奮しまくりだよ……！　当たり前じゃない……！\n　付き合う前から、はぁはぁ、えっちいと思ってたしっ」%K%P
「我兴奋得不得了啊……！这不是理所当然的吗……！\n　毕竟在交往之前，我就已经觉得你很色了啊。」%K%P
「それは知ってたっ……！\n　エロい目で見てくれてるの、嬉しくて……！」%K%P
「这我早就知道了……！\n你用色色的眼神看我，让我好开心……！」%K%P
「こんな風に、あぁあんっ、揉みしだかれるの、\n　あっ、はぁ、いっつも妄想しててっ……！」%K%P
「像这样，啊啊啊嗯，被揉捏胸部，啊，哈啊，我总是妄想着……！」%K%P
「僕だって妄想したことあったもん……！\n　お姉ちゃんのおっぱい触ってみたいって……！」%K%P
「我也曾经妄想过啊……！想摸摸看姐姐的胸部……！」%K%P
「だから今、はぁはぁ、めちゃくちゃ興奮してる……！\n　お姉ちゃんのおっぱい、好きに揉ませてもらって……！」%K%P
「所以现在，呼呼，我兴奋得不得了……！\n让我尽情揉姐姐的胸部……！」%K%P
「えへっ、えへへっ……！　じゃあもっと揉んでっ？\n　ギュウギュウ握ったりしてもいいよっ？」%K%P
「耶嘿、耶嘿嘿……！那就再多揉几下吧？要用力握紧也可以哦。」%K%P
「ううんっ、もっと乱暴に揉んで欲しいっ……！\n　痛いくらい、んはぁ、揉みしだいてっ？」%K%P
「不对，我希望你更粗鲁一点……！用力揉到会痛，嗯哈啊，揉到我叫出来？」%K%P
言われるまでもなく手に力が入る。\nこの爆乳を思いっきり揉みまくりたい……！%K%P
不用她说，我的手就自己用力了。\n好想尽情揉捏这对爆乳……！%K%P
「くはぁぁあんっっ……！！　あふぁ、あはぁ……！！\n　乳搾りみたいに握り締められてっ……！！」%K%P
「呜哈啊啊啊嗯……！啊呼啊、啊哈啊……！\n像在挤奶一样被紧紧握住……！」%K%P
「ヤバい、これ気持ちいい……！\n　んはぁ、あぁんっ、刺激、超強いっ……！！」%K%P
「糟糕，这样好舒服……！嗯哈啊，啊啊嗯，刺激，超强的……！」%K%P
「あふぁ、ダメっ、ああああっ……！！\n　ギュウギュウされるとイく――んん、イくぅっ……！！」%K%P
「啊呼啊，不行，啊啊啊啊……！！\n被夹住的话会高潮——嗯嗯，要去了……！！」%K%P
「ホントにマゾだよね、お姉ちゃん……！\n　それに、はぁはぁ、ホント敏感すぎ……！」%K%P
「姐姐，你真的是被虐狂耶……！而且，呼、呼，你真的太敏感了……！」%K%P
「だ、だって、気持ち良くてっ――あふぁあっ！！\n　チンポもっ、ふぁ、おっぱいもっ……！！」%K%P
「因、因为，太舒服了——啊呼啊啊！！\n鸡鸡也好，呼啊，奶子也好……！！」%K%P
腰を揺らしているのか、はたまた悶えているだけなのか。\nお姉ちゃんが僕の膝の上で身体をビクビク跳ね上げる。%K%P
不知道姐姐是正在扭腰，还是单纯在挣扎，只见她在我腿上不停颤抖。%K%P
「この体勢っ、ああぁっ、ヤバすぎっ……！！\n　身じろぎするだけで、ふぁ、奥擦れて……！！」%K%P
「这个姿势，啊啊啊，太刺激了……！！\n光是稍微动一下，呼啊，就会摩擦到深处……！！」%K%P
「ビクってした途端っ、んぁあっ！！\n　ズンってなってっ、あっ、あぁっ、イくっ、イくぅ！！」%K%P
「一抖动的瞬间，嗯啊啊！！\n就变得好深，啊、啊啊、去了、去了！！」%K%P
どうやら後者だったらしい。\nイきっぱなしの顔でお姉ちゃんが大口を開けて喘ぐ。%K%P
看来是后者。\n高潮完的姐姐张大嘴巴喘气。%K%P
その快感に酔っ払った姿が\nすさまじくエロいっ……！%K%P
她沉醉于快感的模样……\n看起来好色情……！%K%P
「今日は、あぁあんっ、あたしが気持ち良くしたげようと\n　思ってたのにっ、あっ、あっ、む、無理かもっ……！」%K%P
「今天，啊啊啊嗯，我本来想让你舒服的，啊、啊、可、可能没办法了……！」%K%P
「腰振ろうと思うと――ふぁあああっ！\n　イ、イっちゃって……！　全然動いてられない……！」%K%P
「我一想要扭腰——呼啊啊啊啊！就、就高潮了……！完全没办法动……！」%K%P
「そんなに気持ちいいんだっ……？\n　僕の、はぁはぁ、おちんちんっ……！」%K%P
「原来这么舒服吗……？\n我的……哈啊哈啊……鸡鸡……！」%K%P
「気持ち良すぎるくらいだってばぁ……！！\n　身体中、んはぁ、ビクビクしっぱなしだもん……！！」%K%P
「就说舒服到不行了嘛……！！\n全身上下，嗯哈啊，一直抽搐个不停……！！」%K%P
お姉ちゃんよりはマシかもしれないけれど、\nかくいう僕もビクビクが止まらない。%K%P
虽然我可能比姐姐好一点，但还是紧张得不得了。%K%P
もっと、はぁはぁ、もっと、\nお姉ちゃんのおまんこでおちんちん扱きたい……！！%K%P
姐姐的小穴，姐姐的小穴……！！%K%P
「あひぃぃんっ！！　あはぁんっ！！　あぁあっ！！\n　あっ、あっ、あっ、あぁあああああっっ！！」%K%P
「啊咿咿咿嗯！啊哈啊嗯！啊啊啊！\n　啊、啊、啊、啊啊啊啊啊啊啊！」%K%P
「激しっ――イくっ、イくイくイくぅぅ～～！！」%K%P
「好激烈——去了、去了去了去了～～！！」%K%P
「んぁあああああっっ～～！！\n　奥グリグリするのヤバいっ、ああ、ヤバいヤバいっ！！」%K%P
「嗯啊啊啊啊啊啊～～！！\n插到深处磨蹭好爽，啊啊，好爽好爽！！」%K%P
お姉ちゃんのおっぱいを鷲掴みにして支えにしながら、\nがむしゃらに腰を振って膣奥を突き込んでいく。%K%P
我一边用双手抓住姐姐的胸部支撑身体，一边不顾一切地扭动腰部，将肉棒插入她的阴道深处。%K%P
「ダ、ダメぇっ、あたしがっ、あっ、あああっ……！！\n　あたしが気持ち良くしたげるって言ったのにぃ……！！」%K%P
「不、不行，明明说好要让你舒服的……！！」%K%P
「十分、はぁはぁっ、気持ちいいってばっ……！！」%K%P
「很舒服，呼呼，真的很舒服啦……！！」%K%P
「十分じゃヤダのっ……！　お姉ちゃんも、\n　あっ、ああっ、リードしてあげたいのっ……！！」%K%P
「只有十分钟，人家不要……！姐姐也……！啊、啊啊，我也想带领你啊……！」%K%P
「弟のチンポっ、んぁぁあっ……！！\n　おまんこで気持ち良くしたげたいのっ……！！」%K%P
「弟弟的小鸡鸡，嗯啊啊啊……！！\n我想用小穴让你舒服……！！」%K%P
言葉とは裏腹に余裕なさげなトロ顔で\n見つめてきながら、お姉ちゃんが腰を振り返してくる。%K%P
姐姐嘴上这么说，但表情却很紧张，她一边看着我，一边扭腰摆臀。%K%P
「んはぁっ！　んぁああっ！　んはぁぁぁ……！！\n　これっ、どうっ？　きもっ、気持ちいいっ？」%K%P
「嗯哈啊！嗯啊啊啊！嗯哈啊啊啊……！！\n　这个，怎么样？好、好舒服吗？」%K%P
「もっと身体浮かせた方がいいっ？\n　くはぁっ……！！　ふぁぁああっっ……！！」%K%P
「让身体浮得更高一点比较好吗？\n　咕哈……！！呼啊啊啊啊……！！」%K%P
大声で喘ぎながらもお姉ちゃんが腰を振ってくれる。\nその必死さが、むしろエロい……！%K%P
姐姐一边大声喘息，一边扭腰摆臀。\n她拼命的样子，反而更色情……！%K%P
腰の振り方どうこうよりも、\nよっぽど僕の性欲を煽ってくる。%K%P
比起她扭腰的方式，她这么做反而更煽动我的性欲。%K%P
「えへっ、えへへっ、チンポ震えてるっ……！！\n　もっと感じてっ？　気持ち良くなってっ？」%K%P
「欸嘿、欸嘿嘿，鸡鸡在抖动……！！\n要更舒服一点吗？要更舒服一点吗？」%K%P
「お姉ちゃんみたいにっ――ん゛はぁぁっっ！！\n　イきっ、イきまくってっっ……？」%K%P
「像姐姐一样——嗯哈啊啊！！\n高潮、高潮个不停……？」%K%P
ジュブジュブと卑猥な水音を響かせながら、\nお姉ちゃんが激しく身体を揺らしてくる。%K%P
姐姐激烈地摇晃着身体，发出噗滋噗滋的淫荡水声。%K%P
はぁはぁ、気持ちいい……！　自分で突くのと違って\n問答無用に感じさせられちゃって……！%K%P
哈啊哈啊，好舒服……！跟自己插着比起来，完全是另一种感觉……！%K%P
「嬉しいっ、あはぁっ、んはぁっっ……！！\n　もっと気持ち良くなってっ……！！\n　お姉ちゃんのおまんこで感じてっ……！！」%K%P
「好开心，啊哈，嗯哈……！！\n要变得更舒服……！！\n用姐姐的小穴感受……！！」%K%P
「お姉ちゃんのっ、ああぁっ、\n　おまんこジャンキーになるくらいっ……！！\n　あっ、あっ、お姉ちゃんとのセックス、好きになってぇ」%K%P
「我想要变成姐姐的小穴成瘾者……！！\n啊、啊、我喜欢上和姐姐做爱了。」%K%P
「お姉ちゃんのっ、はぁはぁ、おまんこジャンキーって」%K%P
「居然说姐姐是……呼呼……小穴成瘾者。」%K%P
「いつでもしたくなっちゃうくらいっ、あっ、あっ、\n　はまって欲しいってことっ……！！」%K%P
「就是希望你上瘾，上瘾到随时都想做，啊、啊……！！」%K%P
「あたしはもうっ、あぁんっ、弟チンポジャンキーに\n　なっちゃってるからっっ……！！」%K%P
「我已经，啊啊嗯，变成弟弟鸡鸡成瘾者了……！！」%K%P
「一日一回以上、ふぁ、あぁあんっ……！！\n　セックスしないと、あっ、あっ、禁断症状でちゃうっ」%K%P
「一天不做过一次以上的做爱，呼啊、啊啊啊嗯……！！\n就会出现禁断症状！」%K%P
「大好きな弟の顔見るだけでっ……！\n　んぁ、あぁあんっ、襲いたくなっちゃうっ……！！」%K%P
「光是看到最喜欢的弟弟的脸……！\n　嗯啊，啊啊啊嗯，就会想要侵犯他……！！」%K%P
「それっ、んはぁ、いつものお姉ちゃんじゃない……！」%K%P
「这、嗯哈啊，这不是平常的姐姐吗……！」%K%P
「つまりそれくらいっ、あっ、あっ、あっ……！！\n　あたしは弟とセックスしたいのぉっっ……！！！」%K%P
「也就是说，我、我、我……！！\n我就是想和弟弟做爱啊……！！！」%K%P
「んちゅぅっ……！！　んふっ、んんっっ！！\n　んれろろぉっ、れろぉっ――ん゛んんっっ！！」%K%P
「嗯啾……！！嗯呼、嗯嗯！！\n　嗯滋溜溜、滋溜——嗯嗯嗯！！」%K%P
パンパンに膨れあがった性欲が弾けるように、\nお姉ちゃんががむしゃらにベロを絡ませてくる。%K%P
姐姐不顾一切地用舌头缠上我的舌头，仿佛要将膨胀的性欲宣泄出来。%K%P
「しゅきっ、れろろっ、だいしゅきぃっ……！！\n　んふっ、んちゅぁっ、しゅきっ、しゅきぃ……！！」%K%P
「喜欢，舔舔舔，最喜欢了……！！\n嗯呼，嗯啾啊，喜欢，喜欢……！！」%K%P
「何回セックスしても伝えきれないくらい好きっ……！！\n　どれだけキスしてもし足りないくらい好きっっ……！！」%K%P
「不管做几次爱都无法完全表达的喜欢……！！\n不管亲吻多少次都还是不够的喜欢……！！」%K%P
「ずっと、んちゅっ、ずっと繋がってたいっ……！！\n　んぁっ、ああっ、大好きな弟とセックスしたいっ……！」%K%P
「我想要一直、嗯啾、一直和你结合在一起……！！\n　嗯啊、啊啊、我想和最喜欢的弟弟做爱……！」%K%P
剥き出しの感情を唇で、おまんこで伝えられて、\nめちゃくちゃに愛欲が昂ぶる。%K%P
她用嘴唇、用小穴传达出赤裸裸的感情，让我的爱欲无比高涨。%K%P
僕も大好きなお姉ちゃんに射精したいっ……！！\n何回でも射精して愛を伝えたいっ……！！%K%P
我也想把精液射在最喜欢的姐姐身上……！！\n想把爱意通过无数次的射精传达给她……！！%K%P
「れろぉっ、ぺろろろぉっ……！！\n　ビュービューしてっ？　膣内に出してっ？」%K%P
「舔舔，舔舔舔舔……！！\n射出来吧？射在小穴里吧？」%K%P
「欲しがってるのっ、れろぉっ、ぺろろぉ……！\n　お姉ちゃんのスケベまんこっ、弟の精子欲しがってるの」%K%P
「想要，舔舔，舔舔舔……！\n姐姐的色穴想要弟弟的精子。」%K%P
「だからっ、んちゅっ、れろれろぉっ……！\n　いっぱいにしてっ？　弟のザーメンでっ、あっ、んぁっ、\n　お姉ちゃんのおまんこっ、パンパンにしてっ？」%K%P
「所以，嗯啾，舔舔舔……！\n用弟弟的精液，啊，嗯啊，\n把姐姐的小穴，灌得满满的？」%K%P
「弟ザーメンジャンキーのエロまんこにっ、\n　んちゅぅっ、れろろぉっ……！！\n　特濃精子っ、いっぱいっ、いっぱいっ……！！」%K%P
「给这个弟弟精液成瘾的淫荡小穴……嗯啾、舔舔舔……！！\n特浓的精子、好多、好多……！！」%K%P
「いっぱいっ――ドピュドピュしてぇぇええっっ～～！！」%K%P
「好想被你——噗咻噗咻地射好多好多出来啊啊啊啊～～！」%K%P
「あっ、あっ、あっ、あっ、あっ――\n　――ふぁあああああああああああっっ～～！！！！」%K%P
「啊！啊！啊！啊！啊——呼啊啊啊啊啊啊啊啊啊啊啊～～！！！！」%K%P
半ば無理やり搾り取られるように、\nお姉ちゃんの膣内へ射精する。%K%P
我半强迫地将精液射在姐姐的阴道里。%K%P
僕もお姉ちゃんも絶頂の快感に激しく悶えてしまって、\nお互いの身体を力いっぱいに抱きしめていた。%K%P
我和姐姐都因为绝顶的快感而剧烈地扭动着身体，紧紧地抱住对方。%K%P
「きもちっ、あああっ、気持ちいいっっ……！！\n　やっぱり好きっ、中出しされるの大好きっ……！！」%K%P
「好舒服，啊啊啊，好舒服……！！\n我果然喜欢这样，最喜欢被内射了……！！」%K%P
「全部、はぁはぁ、全部出してっ……！！\n　熱いの全部っ、んはぁ、ザーメン搾り出して……！！」%K%P
「全部、哈啊哈啊、全部射出来……！！\n把热热的全部、嗯哈啊、榨出来……！！」%K%P
「んはぁ……！！　んんんっっ……！！」%K%P
「嗯哈啊……！！嗯嗯嗯……！！」%K%P
巧みにおちんちんを扱かれて精子を吸い出される。\nはぁはぁ、めちゃくちゃ気持ちいい……！！%K%P
她巧妙地套弄着我的肉棒，把我的精子给吸了出来。\n哈啊哈啊，真的太舒服了……！！%K%P
「はぁ、はぁ、はぁ……！！　まだ、出てる……。\n　えへへ……はぁはぁ、気持ちいい……！」%K%P
「呼、呼、呼……！！还在射……\n　嘿嘿嘿……呼呼，好舒服……！」%K%P
絶頂の余韻に身体を震わせながら、\nお姉ちゃんが幸せそうな笑みを向けてくれる。%K%P
姐姐的身体还在余韵中颤抖着，脸上却露出幸福的笑容。%K%P
「はぁはぁ、どう？　満足した……？」%K%P
「呼、呼，如何？满足了吗……？」%K%P
「……ううん。全然……。\n　まだまだエッチし足んない……」%K%P
「……不，完全不够……\n我还没做够……」%K%P
「もう……。ホントにエッチなんだから……」%K%P
「真是的……你真的很色耶……」%K%P
「なら……満足してるの？」%K%P
「那么……你满足了吗？」%K%P
「……してないけど」%K%P
「……并没有。」%K%P
「ふふ。なら、お互い様じゃん……。\n　今日は一日セックスデート……だね？」%K%P
「呵呵。那我们彼此彼此……\n今天一整天都是性爱约会……对吧？」%K%P
「むしろ付き合ってから\n　セックス以外してないような……」%K%P
「不如说，自从开始交往后，\n　除了做爱以外好像没做过其他事……」%K%P
「だって……どっかデート行くより、\n　エッチしてる方が幸せなんだもん……」%K%P
「因为……比起去约会，做爱更幸福嘛……」%K%P
「考えてみると、それも不健全だよね……」%K%P
「仔细想想，那样也很不健全呢……」%K%P
でも、そんな不健全な時間に\n僕もまた幸せを感じてしまってる。%K%P
不过，我也在这段不健全的时间中感受到了幸福。%K%P
姉と弟として過ごしてきた時間が\n長かったからかもしれない。%K%P
或许是因为我们姐弟一起度过的时光\n实在太长了。%K%P
改めてデートに行くよりも、\nこうして愛し合える喜びをもっと味わっていたいんだ。%K%P
比起再去约会，我更想品尝这种相爱的喜悦。%K%P
「僕も……とっくにジャンキーだったみたい」%K%P
「看来……我也是个老烟枪了。」%K%P
「え？」%K%P
「咦？」%K%P
「う、ううん。なんでもない」%K%P
「没、没有。没什么。」%K%P
恥ずかしくなって顔を逸らしつつも、ついお姉ちゃんの\nおまんこを突いて、おっぱいを揉んでしまう。%K%P
我虽然害羞地把脸别开，但还是忍不住挺腰顶向姐姐的肉穴，揉捏她的乳房。%K%P
お姉ちゃんもまた僕に口づけしたり、\nおちんちんをグリグリ擦ってきたりしてくる。%K%P
姐姐也亲吻着我，用小穴套弄着我的肉棒。%K%P
「えへへ……。繋がってるのマジで幸せ……。\n　ずっとこうして繋がっていたい……」%K%P
「嘿嘿嘿……能这样联系在一起真的好幸福……\n好想一直这样联系在一起……」%K%P
「うん……。今日は一日こうしてよっか。\n　どこに行くにも二人一緒がいいな……」%K%P
「嗯……今天一整天都这样吧。\n不管去哪里，都希望两个人在一起……」%K%P
「えへへ……。清佳ちゃんや愛ちゃんが\n　一緒に暮らしてくれてて良かったね……？」%K%P
「欸嘿嘿……清佳和爱佳能和我们一起住，真是太好了……」%K%P
「じゃないと、あたしたち……。\n　日がな一日セックスしちゃってそうだもん」%K%P
「不然，我们……\n感觉会整天都在做爱嘛。」%K%P
「ま……今日は、日がな一日セックスするんだけど」%K%P
「不过……今天一整天都要做爱就是了。」%K%P
お姉ちゃんがぎゅっと抱きついてくる。\n僕もそんな彼女を抱きしめ返す。%K%P
姐姐紧紧地抱住我，我也回抱她。%K%P
「さ……続き、しよ？」%K%P
「来……我们继续吧？」%K%P
「お姉ちゃんと、幸せな幸せな\n　近親相姦セックス……して欲しいな？」%K%P
「姐姐，我希望你和我来一场……幸福的近亲相奸性交。」%K%P
「もう……。恋人扱いして欲しいのか、\n　お姉ちゃん扱いして欲しいのかどっちなのさ……」%K%P
「真是的……你到底是希望我把你当成女朋友，还是当成姐姐啊……」%K%P
「えへへ、どっちも」%K%P
「嘿嘿，两者皆是。」%K%P
恋人兼お姉ちゃんが幸せそうに微笑む。\nその顔を見るだけでおちんちんが硬さを取り戻していく。%K%P
我的恋人兼姐姐露出幸福的微笑。\n光是看到她的表情，我的肉棒就渐渐恢复硬度。%K%P
どうやら僕も恋人兼弟の立場が\n気に入っちゃってるみたいだ。%K%P
看来我也很中意恋人兼弟弟的立场。%K%P
