「ふむふむ……」%K%P
「嗯嗯嗯……」%K%P
「ね、ねぇ。まだ終わらないの……？」%K%P
「呐，呐。还没结束吗……？」%K%P
「まーだ。今度の衣装はかなりサイズ感がシビアだから。\n　みっちり採寸しておかないと」%K%P
「还没好。这次的服装尺寸很严格，所以要仔细量过才行。」%K%P
「……ふふ……」%K%P
「……呵呵……」%K%P
メジャー片手に真剣な顔で採寸を続ける\nお姉ちゃんを見て、思わず笑みが漏れてしまう。%K%P
她一手拿着卷尺，一脸认真地继续量尺寸。\n看着姐姐，我不禁笑了出来。%K%P
あのファッションショーを終えてからというもの、\nお姉ちゃんはより一層仕事に打ち込むようになった。%K%P
自从那场时装秀结束之后，姐姐就更加投入于工作之中。%K%P
迷いも晴れてくれたのかな？\nこうしてショー向けに新しい衣装も作り始めている。%K%P
她心中的迷惘也已经消散了吗？\n就这样，我们开始制作秀场用的新衣。%K%P
僕も頑張らなきゃね。お姉ちゃんの服を、\nめいっぱい魅力的に見せられるモデルになるんだ――%K%P
我也要加油，成为让姐姐的衣服看起来更有魅力的模特儿——%K%P
「……あ。余計なモノが付いてるせいでサイズが。\n　これ邪魔だからちょん切っちゃうね～」%K%P
「……啊，因为多了多余的东西，尺寸变得不太对。这个很碍事，我把它剪掉咯～」%K%P
「わかった～」%K%P
「知道了～」%K%P
「じゃない！！　ダメに決まってるでしょ！？\n　冷たい鉄みたいなのが触れたんだけど！？」%K%P
「不对！！当然不行啊！？\n我碰到了一个冰冷的铁块啊！？」%K%P
「お。良い感じに小っちゃくなった」%K%P
「哦，感觉变小了耶。」%K%P
「ひぃあっ！？　んっっ……！！\n　い、いじいじしないでってば……！！」%K%P
「咿呀！？嗯……！！\n不、不要一直摸来摸去啦……！！」%K%P
「あ……ふふ。今度はおっきくなってきたや。\n　ちょっと触っただけで勃起するとかエロいね～？」%K%P
「啊……呵呵，这次变大了呢。\n只是稍微摸一下就勃起了，真是色色呢～」%K%P
「～～っっ！！　もうっ……！！\n　せっかく僕もやる気出してたところだったのに……！」%K%P
「～～！真是的……！！\n　亏我好不容易提起干劲了……！」%K%P
「あらら。怒っちゃった。\n　ちょっとした冗談じゃんか～」%K%P
「哎呀呀，生气了啊？\n只是开个小玩笑嘛～」%K%P
ケタケタと笑いながらからかってくる\nお姉ちゃんを見て、違う意味で血の巡りが良くなる。%K%P
姐姐一边咯咯笑着，一边调侃我。\n看着这样的姐姐，我的血液在不同的意义上开始加速流动。%K%P
本当にこの姉は、いつまで経っても……！%K%P
这个姐姐真的是，不管过了多久都……！%K%P
「ごめんごめんって。蛍が妙に嬉しそうな顔してるから\n　ちょっぴり照れくさくなっちゃってさ」%K%P
「抱歉抱歉，因为小萤的表情看起来莫名开心，\n让我也跟着有点害羞起来了。」%K%P
「え？」%K%P
「咦？」%K%P
「これでもさ。すっごい感謝してるんだよ？\n　あの日、蛍があたしのためにランウェイを歩いてくれて」%K%P
「别看我这样，其实我非常感谢你哦。\n那一天，萤为了我走上伸展台。」%K%P
「おかげで自信付けられたよ。本当に。\n　あたしは服を作っていいんだって思えた」%K%P
「多亏了你，我才能建立起自信。真的。\n让我觉得自己可以试着做衣服。」%K%P
「お姉ちゃん……」%K%P
「姐姐……」%K%P
……ズルいよ。怒ろうとしたところだったのに、\nいきなり感謝を告げてきて……。%K%P
……太狡猾了。我正要生气，她却突然向我道谢……%K%P
これじゃあ何も言えなくなっちゃうじゃない。%K%P
这样我不就什么话都说不出来了。%K%P
「ね。またあのドレス着てくれない？」%K%P
「欸，你愿意再穿一次那套礼服吗？」%K%P
「えっ？　ま、また？」%K%P
「咦？又、又来了？」%K%P
「いいじゃん。定期的に見たくなるんだもん」%K%P
「有什么关系，会让人想定期来看嘛。」%K%P
「も……もう……」%K%P
「真……真是的……」%K%P
例のドレスを渡してくるお姉ちゃんに\n小さくため息を吐きつつも言われたとおり着替える。%K%P
姐姐把那件礼服递给我。\n我轻轻叹了口气，但还是照她说的换上。%K%P
「わぁ……。やっぱ可愛い……。\n　何度見てもグランプリだね、これは」%K%P
「哇……果然很可爱……\n不管看几次都是第一名呢。」%K%P
「あ、あんまり見られると恥ずかしいってば」%K%P
「你、你不要一直盯着看啦，很害羞耶。」%K%P
「いいじゃん。しっかり見せてよ。\n　あの時は涙のせいでよく見れなかったしさ」%K%P
「有什么关系嘛，让我看清楚一点啊。\n那个时候因为眼泪的关系，我根本看不清楚。」%K%P
そう言って、お姉ちゃんが\n僕のドレス姿をじっくりねっとりと眺めてくる。%K%P
姐姐一边说着，一边仔细打量着我身上的礼服。%K%P
か、顔が近すぎて――%K%P
脸、脸靠得太近了——%K%P
「いやぁ。蛍はやっぱあたしの最高のパートナー……\n　って。あれあれ……？」%K%P
「哎呀～萤果然是我最棒的搭档……咦？奇怪了……？」%K%P
「～～っっ。な、何さ？」%K%P
「～～！怎、怎样啦？」%K%P
「何さ。って、ふふふ。\n　まーた勃起してんじゃん」%K%P
「什么啦？呵呵呵，你又勃起了。」%K%P
膨れあがった股間を見て、\nお姉ちゃんが悪戯っぽい笑みを浮かべてくる。%K%P
姐姐看着我鼓胀的胯间，露出恶作剧般的笑容。%K%P
「あたし、なんもしてないのにさ～？\n　これは一体どういうことかね～？」%K%P
「我明明什么都没做耶～？这到底是怎么一回事呢～？」%K%P
「し、仕方ないじゃない。\n　好きな人の顔が、その……。\n　近くにあったんだから……」%K%P
「这、这也没办法啊。\n因为喜欢的人的脸，那个……\n就近在眼前嘛……」%K%P
「っっ。そ、そういうこと言うの反則……！\n　あたしの方まで照れちゃうじゃん……！」%K%P
「唔唔！说、说这种话太犯规了……！害我也跟着害羞起来了啦……！」%K%P
素直な気持ちを告げると、\nお姉ちゃんは途端に乙女の顔をした。%K%P
我坦率地说出自己的心情，姐姐顿时露出少女的表情。%K%P
その赤く染まった可愛い顔を見て、\n昂ぶりがさらに増してしまう。%K%P
看着她那染红的可爱脸庞，我的兴奋感更加强烈了。%K%P
「そう言えば……その。\n　最近ご無沙汰だったもんね。\n　あたしも衣装製作ばっかりしてたし……」%K%P
「这么说来……那个……\n最近好久没见面了呢。\n我也一直在制作服装……」%K%P
「い、いいことじゃない？\n　それだけ集中できてるってことなんだから……。\n　前みたいにエッチばっかりしてるより健全だろうし……」%K%P
「这、这不是很好吗？\n这表示她很专心在学习上啊……\n总比像之前那样整天都在做色色的事要健全多了……」%K%P
「それは……うん。そうかもだけど……」%K%P
「这个……嗯，或许是这样没错……」%K%P
なんとなく気恥ずかしくなって、\n二人揃って相手の顔をチラチラ見やる。%K%P
两人不约而同地偷瞄对方的脸，总觉得有点难为情。%K%P
そして、数回目が合った時だった。%K%P
然后，就在我们四目相交几次之后。%K%P
「ん……ちゅっ……」%K%P
「嗯……啾……」%K%P
「ん、んんっ……！」%K%P
「嗯、嗯嗯……！」%K%P
不意に唇を奪われる。%K%P
忽然间，嘴唇被夺走了。%K%P
「そゆこと言われると……はぁはぁ。\n　不健全なコトしたくなっちゃうじゃん……」%K%P
「听你这么一说……呼呼……\n会让人想做些不健全的事情嘛……」%K%P
「も……もう。お姉ちゃんのスケベ……」%K%P
「真……真是的，姐姐这个色鬼……」%K%P
「む……。先に勃起したのは蛍の方じゃん。\n　スケベなのはどっちなのさ」%K%P
「唔……先勃起的是萤吧。\n到底谁才是色鬼啊。」%K%P
「う……。それを言われると……」%K%P
「唔……被你这么一说……」%K%P
ぐうの音も出なくなって、たじろいでしまう。\nするとお姉ちゃんは再び僕をからかい始めた。%K%P
我无言以对，不禁畏缩起来。\n结果姐姐又开始调侃我。%K%P
「ほーら。言ってみなよ？\n　お姉ちゃんとエッチしたい。って」%K%P
「来嘛～～说说看啊？说你想跟姐姐做爱。」%K%P
「っっ。べ、別に僕は――ひぃあんっ！？」%K%P
「唔唔，我、我并没有——咿呀嗯！？」%K%P
「んん～？　身体は素直だけどなぁ？\n　チンポこーんなに勃ってんじゃん」%K%P
「嗯嗯～？身体倒是挺老实的嘛？\n　鸡鸡都勃起成这样了。」%K%P
「や、やめっ。恥ずかしいってば……！\n　せっかくのドレスも汚れちゃうっ……！」%K%P
「不、不要这样！这样很丢脸耶……！\n难得穿上的礼服也会弄脏……！」%K%P
お姉ちゃんがドレス越しにおちんちんを扱いてくる。\nが、我慢汁が溢れちゃうじゃない……！%K%P
姐姐隔着礼服套弄我的肉棒。\n这、这样会害我忍耐汁满出来的……！%K%P
「恥ずかしがる蛍も可愛い……。\n　ふふふ。女装したままエッチするのも有りかもね？」%K%P
「害羞的萤也好可爱……\n呵呵呵，穿女装做爱好像也不错哦？」%K%P
「じょ、女装したままって」%K%P
「男、男扮女装？」%K%P
「そう言えばあたし、蛍のご主人様なんだっけ？\n　ふふふ。千鶴様って呼んでよ」%K%P
「对了，我好像是萤的主人吧？呵呵呵，叫我千鹤大人吧。」%K%P
「呼ばないから……！\n　清佳ちゃんが一緒の時ならともかく……！」%K%P
「我不会叫的……！\n　如果清佳也在的话就另当别论……！」%K%P
「いいじゃんいいじゃん。\n　そういうプレイもたまには良くない？\n　きっと萌えるし、燃えるってば～」%K%P
「不错嘛不错嘛，偶尔玩一下这种的也不错吧？\n一定会很萌，很热血的啦～」%K%P
「萌えて、燃えるのはお姉ちゃんだけ――」%K%P
「能萌能烧的只有姐姐——」%K%P
「――きゃあっ！？」%K%P
「——呀啊！？」%K%P
僕の言葉を無視して、\nお姉ちゃんがベッドに押し倒してくる。%K%P
姐姐无视我的话，将我推倒在床上。%K%P
「悲鳴も可愛い。なんか、はぁはぁ、\n　女の子を襲ってる気がしてきた……！」%K%P
「惨叫声也很可爱。总觉得，好像在侵犯女孩子……！」%K%P
「ちょ、ちょっと、目が怖いってば……！\n　――ひぃあ！？　ぬ、脱がさないで……！！」%K%P
「等、等一下，你的眼神好可怕……！\n——咿呀！？不、不要脱我的衣服……！！」%K%P
「『脱がさないで下さい』でしょ？\n　ま、拒まれてもやめるつもりないんだけど♪」%K%P
「是『请不要脱掉我的衣服』吧？\n不过，就算被拒绝我也不打算放弃就是了♪」%K%P
「ひぃあっ、んっ！　やめっ――」%K%P
「咿啊！嗯！住手——」%K%P
「――ご開帳～♪」%K%P
「——开箱～♪」%K%P
