「はぁ……」%K%P
「唉……」%K%P
「暗い顔してどうしたんだ、ハル？」%K%P
「阿春，你脸色好差，怎么了吗？」%K%P
「もしかして悩み事か？」%K%P
「难道说你有什么烦恼吗？」%K%P
「あ、ううん。なんでもない」%K%P
「啊，没事。没什么。」%K%P
クラスメイトの男友達に返事をしながら、\nついまた、ため息をついてしまう。%K%P
我一边回应班上男性朋友的关心，一边又忍不住叹气。%K%P
まさか清佳ちゃんに、{蛍:ぼく}が{春樹:ぼく}を\n好きだと思われてしまうなんて……。%K%P
没想到清佳竟然会以为「{萤:我}」喜欢「{春树:我}」……%K%P
一晩経ったものの、未だに気が重い。\nどうにかして誤解を解かなくちゃいけないけど……。%K%P
尽管过了一晚，我的心情还是很沉重。\n我得想办法解开误会才行……%K%P
「ホントに大丈夫か？\n　俺で良ければ……その。相談に乗るぞ？」%K%P
「真的不要紧吗？\n　如果不嫌弃的话……那个，我可以陪你商量哦？」%K%P
「おい、小坂！　抜け駆けすんなよ……！\n　俺が聞いてやるって。なっ？」%K%P
「喂，小坂！你别偷跑啊……！\n　我来听你说啦，好吗？」%K%P
「あはは。そんなに心配しなくても大丈夫だって」%K%P
「啊哈哈，不用担心啦。」%K%P
「そ、そうか。ならいいけどよ。\n　無理はするんじゃないぞ？」%K%P
「这、这样啊，那就好。\n可别太勉强自己哦？」%K%P
「放課後、ぱーっと遊びに行こうぜ？\n　遊んでたら悩みなんて吹き飛んじまうさ」%K%P
「放学后，我们一起去玩吧？\n只要玩一玩，烦恼就会烟消云散了。」%K%P
二人とも優しいなぁ。変な時期に転校してきた僕とも\nすぐに友達になってくれたし。%K%P
他们两个都好温柔啊，连在奇怪的时期转学过来的我，也马上就和他们成了朋友。%K%P
よーし、クヨクヨするのはやめだ！\n男らしくないし、友達に心配もかけちゃうもんね！%K%P
好，我决定不再胡思乱想了！\n这样很不像男子汉，而且也会让朋友担心！%K%P
「ありがと――コホン。ありがとな。\n　おかげで俺も元気が出たよ！」%K%P
「谢谢——咳咳，谢谢你们。\n托你们的福，我也打起精神了！」%K%P
「～～っっ。そ、それなら良かった。\n　やっぱハルは笑顔が似合うからな……！」%K%P
「～～！那、那就好。\n阿春果然很适合笑容……！」%K%P
「も、物憂げな顔も良いけどな……！\n　でも笑顔の方がもっと良いと思うぞ……！」%K%P
「忧、忧郁的表情也不错啦……！\n不过我觉得笑容更棒哦……！」%K%P
「そうだよなっ。男児たるもの、\n　いつでも不敵に笑ってなくちゃだよな！」%K%P
「就是说啊！身为男子汉，无论何时都要露出无畏的笑容才行！」%K%P
うんうん。と二人が頷いてくれる。%K%P
嗯嗯。两人点头同意。%K%P
にしても今の僕、結構男らしくないかな？\n少なくとも二人よりはオドオドしてないし！%K%P
话说回来，现在的我是不是很有男子气概啊？\n至少没有那么畏畏缩缩！%K%P
「ん？」%K%P
「嗯？」%K%P
廊下が騒がしい。何かあったのかな？%K%P
走廊上好吵，发生什么事了吗？%K%P
「あ～！　やっと見つけた～！」%K%P
「啊～！终于找到你了～！」%K%P
「へ？」%K%P
「咦？」%K%P
「はーるきせんぱいっ♪」%K%P
「春～～树学长♪」%K%P
突然、女の子にぎゅっと抱きつかれる。\n――ってこの子、愛さん！？　愛さんだよね！？%K%P
突然，有个女孩子紧紧地抱住了我。\n——呃，这个女孩子是爱小姐！？是爱小姐没错吧！？%K%P
どうして学園に……！？\nというか昨日と全然キャラが違うんだけど……！？%K%P
为什么她会出现在学校里……！？\n而且跟昨天的她完全不一样……！？%K%P
「へ～、写真よりも格好良いなぁ～。\n　愛のタイプかもぉ……。一目惚れしちゃいそう～……」%K%P
「哦～比照片上更帅气呢～\n或许是我喜欢的类型……感觉会一见钟情～……」%K%P
「格好いい……！？　タイプ……！？\n　一目惚れ……！！？」%K%P
「好帅……！？是我的菜……！？\n一见钟情……！！？」%K%P
「なんだこのメイド……！？\n　急に現れて俺たちのハルに抱きついてんじゃねえ！」%K%P
「这个女仆是怎样……！\n不要突然出现，还抱住我们的小春啦！」%K%P
「俺たちのハルから離れろビッチが！」%K%P
「你这个贱人，快点离开我们的小春！」%K%P
「わ～……。先輩ってモテモテなんですね？」%K%P
「哇～……学长真是大受欢迎呢。」%K%P
「モテモテって――へ、変なこと言うなっ！\n　二人はそんなつもりで言ってないから！」%K%P
「什么大受欢迎——不、不要乱说啦！\n　我们两个说这些话可没有那种意思！」%K%P
「あ、いや……」%K%P
「啊，不……」%K%P
え？　どうして目を逸らすの？%K%P
咦？为什么要移开视线？%K%P
「ちなみに先輩って好きな人とかいるんですかぁ？\n　フリーだったらいいなぁ……」%K%P
「顺便问一下，学长有喜欢的人吗？\n如果学长单身就好了……」%K%P
「出会ってすぐにこんなこと言うのもアレですけど。\n　先輩のコト……超好きになっちゃったかもです」%K%P
「虽然刚认识就讲这种话有点那个……\n我好像……超级喜欢学长了。」%K%P
「良かったら、愛とお付き合いしません？\n　見ての通りメイドさんなので、ご奉仕とか得意ですよ？\n　ご主人様って呼んであげてもいいですしぃ……」%K%P
「不嫌弃的话，要不要和爱交往？\n如您所见，我是女仆，很擅长侍奉哦？\n也可以称呼您为主人……」%K%P
「は、はぁ！？　急に現れて何を言ってるの！？」%K%P
「什、什么！？你突然出现是在说什么啊！？」%K%P
「あははっ、顔真っ赤にしちゃって可愛い～。\n　先輩って案外、女の子に免疫ないっぽいですね～？」%K%P
「啊哈哈，学长满脸通红，好可爱哦～～\n没想到学长对女孩子好像没什么免疫力耶～～」%K%P
「でもぉ……そんなところも超可愛いかもぉ。\n　本気で好きになっちゃっても……いいですか？」%K%P
「不过……这种地方好像也超可爱的。\n我可以……真的喜欢上你吗？」%K%P
茶目っ気たっぷりにからかってきたと思えば、\n今度は頬を赤らめて上目遣いに甘く囁いてくる。%K%P
才刚被她用俏皮的语气调侃，她又红着脸，抬起眼珠，用甜美的声音轻声说道：%K%P
な、なんなのこの状況！？\nまるで色仕掛けをかけられてるみたいだ。%K%P
这、这是什么情况？\n简直就像被色诱了一样。%K%P
――ハっ！　そういえば昨日、清佳ちゃんが\n愛さんに僕を寝取らせるとか言ってたような……！%K%P
——啊！这么说来，昨天清佳好像说过要睡走我之类的话……！%K%P
「ちゅっ」%K%P
「啾。」%K%P
「ふぁ！？」%K%P
「呼啊！？」%K%P
「えへへ……。先輩のほっぺた、美味しいですね？」%K%P
「嘿嘿嘿……学长的脸颊，很好吃吧？」%K%P
%XS20「戦争だ！　戦争を始めるぞ、野郎共！！」%XE%K%P
「开战啦！要开始打仗啦，大伙们！！」%K%P
%XS20「吊せぇ！！　このビッチメイドを吊るしあげろぉ！！」%XE%K%P
「吊死她！！吊死这个贱人女仆！！」%K%P
「ふふふ。お望みならぁ……\nもう片方のほっぺも食べちゃいますよぉ？」%K%P
「呵呵呵，既然你这么希望……\n那我就连另一边的脸颊也吃掉咯？」%K%P
ま、間違いない。僕を堕とそうとしてきてる……！\n堕とそうとしているとわかっているのに――%K%P
没、没错，她想攻陷我……！\n我明明知道她想攻陷我——%K%P
「ほっぺ……愛に食べてもらいたいですか？」%K%P
「脸颊……想让爱吃吗？」%K%P
――唇が乾いてしまって、息まで荒くなる。\n無性に喉が渇いてしまって、心臓が早鐘を打つ。%K%P
——嘴唇干涩，呼吸也变得急促。\n喉咙莫名地干渴，心脏跳得飞快。%K%P
どうしようもなく愛さんに\nときめいてしまって――%K%P
我无可救药地爱上了爱小姐——%K%P
「――思った通り、軽薄な男だったようね」%K%P
「——看来你果然是个轻浮的男人。」%K%P
「え？　――ぶふっ！？」%K%P
「咦？——噗呼！？」%K%P
瞬間――尻餅を突くほどの衝撃と共に、\n甘い花の香りが僕の鼻腔を貫いた。%K%P
瞬间——伴随着足以让我跌坐在地的冲击，一股甜美的花香贯穿了我的鼻腔。%K%P
床に倒れたまま、目の前を見上げると――%K%P
我倒在地上，抬头看向眼前——%K%P
「ご機嫌よう――蛍乃春樹くん？」%K%P
「你好——萤乃春树同学？」%K%P
黄色の花弁が舞い散る中、\n彼女はにこやかな笑みを浮かべて僕を見下ろしていた。%K%P
在黄色花瓣飞舞之中，她面带微笑地低头看着我。%K%P
「私は楠清佳。あなたの恋のライバルよ」%K%P
「我是楠清佳，是你的恋爱对手。」%K%P
「こ、恋のライバル……？」%K%P
「情、情敌……？」%K%P
「私、蛍のことが好きなの。\n　けれど蛍はどうやらあなたのことが好きみたい」%K%P
「我喜欢萤。\n　但是萤好像喜欢你。」%K%P
「だから宣戦布告しに来たのよ。\n　あなたなんかに私の蛍は絶対に渡さないって」%K%P
「所以我才来向你宣战。\n我绝对不会把我的萤交给你。」%K%P
ニヤリと笑って、清佳ちゃんが告げてくる。\nこ、こんな挑戦的な清佳ちゃん初めて見た……。%K%P
清佳露出不怀好意的笑容，这么说道。\n我、我第一次看到清佳这么挑衅……%K%P
というか――%K%P
应该说——%K%P
「まさか、それを言うためだけに、\n　学園に乗り込んできたの？　昨日の今日で……？」%K%P
「难道你们只是为了说这件事，就特地跑来学校？才过了一天耶……？」%K%P
「あら。蛍か千鶴さんから何か聞いたのかしら？\n　ええそうよ。乗り込んできた、とは少し違うけれど」%K%P
「哎呀，是萤或千鹤告诉你的吗？\n　是啊，没错。不过，我们不是闯进去的。」%K%P
「あなたを見定めるために転入してきたの。\n　蛍の想い人がどんな人間か知っておこうと思って」%K%P
「我是为了看清你才转学过来的。\n我想知道萤喜欢的人是什么样的人。」%K%P
「まぁお父様がうるさかったから運営の勉強にという体で\n　学園ごと買い取らせてもらったけど」%K%P
「不过因为父亲大人很啰唆，所以就用学习经营的名义，连同学园一起买下来了。」%K%P
つまり僕を観察するためだけに学園を乗っ取って？\nま、また無駄にスケールの大きいことを平然と……！%K%P
也就是说，她只是为了观察我，就占领了学园？\n又、又若无其事地做出规模大得离谱的事情……！%K%P
いや。これはむしろラッキーかも……。\n清佳ちゃんと夢の学園生活を送れるってことじゃない。%K%P
不，这或许反而算是幸运……\n因为，我能够和清佳一起度过梦想中的校园生活。%K%P
それに僕が蛍と同一人物だってことを明かせる\nタイミングだってくるかもしれな――%K%P
而且，说不定还能找到机会，向大家表明我和萤是同一个人的事实——%K%P
「とはいえ……そこまでしてまで\n　見定めるような男じゃなかったわ」%K%P
「话虽如此……他也不是值得我做到这种地步\n　去鉴定的男人。」%K%P
「へ？」%K%P
「咦？」%K%P
「あなた、愛の色仕掛けにまんまとはまってたわよね？\n　鼻の下を伸ばして喜んでいたわよね？」%K%P
「你完全中了爱的美人计对吧？\n你一脸色眯眯的，看起来很开心对吧？」%K%P
「蛍に申し訳ないとは思わないの？\n　私ね、あなたみたいな浮気な男、大嫌いなの」%K%P
「你都不会觉得对不起小萤吗？\n我啊，最讨厌像你这种花心的男人了。」%K%P
「だいきら――！！？」%K%P
「最讨厌——！！？」%K%P
マ、マズい。正体を明かす云々以前に、\n僕の好感度が圧倒的に下がっちゃってる……！%K%P
不、不妙。在暴露真实身份之前，我的好感度已经压倒性地降低了……！%K%P
「正直、蛍の想い人というからには、\n　それ相応の男だろうと思っていたわ」%K%P
「老实说，因为萤喜欢他，我还以为他是个很不错的男人呢。」%K%P
「愛に誘惑されようとも決して靡かず、喜ばず、\n　男らしく跳ね返すような男だろうってね……」%K%P
「就算被爱诱惑，也绝对不会屈服，不会感到喜悦，会像个男子汉一样将爱反弹回去的男人……」%K%P
「だけど何？　愛に迫られてニタニタして……！\n　蛍という者がいながら他の女に目移りしちゃって……！」%K%P
「可是为什么？被爱追求却笑得那么下流……！\n明明有小萤了，却还对其他女人动心……！」%K%P
というか清佳ちゃん、また勘違いしてないっ？\n僕が蛍を好きだって思ってる発言だよね……！？%K%P
话说回来，清佳，你是不是又误会了？\n你是不是以为我喜欢萤……！？%K%P
「ま、待って、誤解だよ……！　僕――じゃなくて、\n　俺は別に蛍を好きってわけじゃない……！」%K%P
「等、等一下，你误会了……！我——不对，我并没有喜欢萤……！」%K%P
「は？」%K%P
「啊？」%K%P
「勘違いしてるって！　俺は、えと……！\n　蛍を一使用人としてしか見てないから……！！」%K%P
「你误会了！我，呃……！\n我只把萤当成一名佣人看待……！！」%K%P
「蛍だって同じはずだっ！\n　清佳ちゃ――君が誤解してるだけで……！」%K%P
「萤应该也一样！\n　清佳——只是你误会了……！」%K%P
ここはハッキリさせておかなくちゃいけない。\n僕が好きなのは清佳ちゃんなんだ。%K%P
我必须把话说清楚。\n我喜欢的是清佳。%K%P
蛍が僕を好きだとか、僕が蛍を好きだとか誤解されて、\n恋のライバルなんかに仕立て上げられたくない……！%K%P
我可不想被误会成喜欢萤，或是萤喜欢我，然后被当成情敌……！%K%P
これ以上、春樹として清佳ちゃんに嫌われたくない……！%K%P
我不想再被清佳讨厌了……！%K%P
「それ……ホントなの？」%K%P
「那是……真的吗？」%K%P
「あ、ああ……！」%K%P
「啊、啊啊……！」%K%P
「蛍に、一度でも言われたことがあるの？\n　好きじゃないって」%K%P
「萤，你曾经说过不喜欢他吗？」%K%P
「え？　あ、えと。そ、そうだよ……！\n　好きじゃないって直接聞いたことあるし！」%K%P
「咦？啊，呃，对、对啊……！\n我直接问过她，她说不喜欢！」%K%P
とっさに頷いてしまった。\nでも誤解を解くためだ、仕方ない。%K%P
我立刻点头。\n不过这是为了化解误会，没办法。%K%P
こう言えば、清佳ちゃんが\n僕に敵対心を向ける意味もなくなるだろうし――%K%P
只要这么说，清佳就不会再敌视我了吧——%K%P
「そう……。あなたは本気で、そう思ってるのね」%K%P
「是吗……你是真心这么想的吧。」%K%P
「へ……？」%K%P
「咦……？」%K%P
%XS30「こぉんのニブチンがぁああっっ！！」%XE%K%P
%XS30「你这个大木头啊啊啊啊！！」%K%P
「ひぃいいっっ！！？」%K%P
「咿咿咿咿咿！？」%K%P
「嘘に決まってるじゃない！！\n　乙女心のわからない男ね！！\n　鈍感にも程があるわ……！！」%K%P
「当然是骗你的啊！！\n你这个不懂少女心的男人！！\n迟钝也该有个限度吧……！！」%K%P
「しかも言うに事欠いて、\n　『俺は別に蛍を好きじゃない』ですってぇ！？」%K%P
「而且，他竟然还说：『我并不喜欢萤』！？」%K%P
「そこまで蛍に想われてるのに――\n　ファックファックファァァック！！！」%K%P
「明明萤这么喜欢你——\n　　Fuck fuck fuck！！！」%K%P
当初の凜々しさはどこへやら、まるで駄々っ子のように\n清佳ちゃんが花束を地面に叩きつけまくる。%K%P
清佳原本的凛然态度荡然无存，她像个闹脾气的孩子，不断把花束摔在地上。%K%P
僕は事実を言ってるのに……！\nというかそもそも春樹も蛍も僕なのにぃ……！！%K%P
我明明说的是事实……！\n话说回来，春树和萤不都是我吗……！！%K%P
「あなたにその気がないのは願ったり叶ったりだけどね。\n　蛍の気持ちを考えると、くぅぅっ……！」%K%P
「你没有那个意思，倒是如我所愿呢。\n不过一想到小萤的心情，我就……！」%K%P
「可愛そうな蛍……！　こんな最低男に騙されて……！\n　いたいけな恋心を弄ばれて……！！」%K%P
「可怜的萤……！竟然被这种差劲的男人欺骗……！\n玩弄你纯真的爱意……！！」%K%P
「――決めた。私は絶対にあなたから蛍を奪ってみせる」%K%P
「——我决定了。我绝对要从你身边夺走萤。」%K%P
「あなたみたいな浮気で軟派で鈍感なクソ男から、\n　蛍の心を解放してみせるわっ！」%K%P
「我要让你这种花心、软弱、迟钝的混账男人，从萤的心中消失！」%K%P
そして彼女は床に倒れたままの僕の\n胸ぐらを掴んで引っ張り上げると――%K%P
她一把抓住倒地的我，将我拉了起来——%K%P
「よーく覚えておくことね？」%K%P
「你可要牢牢记住哦？」%K%P
「どれだけ蛍に好かれていようとも、\n　あなたなんかに――私の蛍は絶対に渡さないから」%K%P
「不管小萤有多喜欢你，我——绝对不会把小萤交给你。」%K%P
ともすれば唇が触れ合ってしまいそうなほど\n顔を近づけられて凄まれる。%K%P
她把脸凑近到几乎要碰到嘴唇的距离，用可怕的表情威胁我。%K%P
清佳ちゃんの綺麗な顔が、\n視界いっぱいに広がって――%K%P
清佳漂亮的脸庞，占满了我的视野——%K%P
「っっ」%K%P
「唔唔！」%K%P
胸ぐらを掴み上げられているのに、\nつい見とれてしまう。%K%P
明明被揪住胸口，却不禁看得入迷。%K%P
これだけ間近に迫られると、\nあの日のキスまで思い出してしまって――%K%P
被她靠得这么近，我不禁想起那天的吻——%K%P
「……てるの……？」%K%P
「……吗……？」%K%P
「え……？」%K%P
「咦……？」%K%P
「だから、聞いてるの？\n　なにボーッとしてるのよ！？」%K%P
「你有在听吗？\n你在发什么呆啊！？」%K%P
「あ、えと……！！\n　つい見とれて……！！」%K%P
「啊，呃……！！\n不小心看呆了……！！」%K%P
「……はぁ？　はぁ！？」%K%P
「……啊？啊！？」%K%P
「ふざけないで！　あなた、本当に節操がないのねっ！\n　私の怒りが伝わっていないのかしら？」%K%P
「别开玩笑了！你真的毫无节操可言！\n你没感受到我的怒气吗？」%K%P
「ひゃっ！？」%K%P
「呀！？」%K%P
「ふん。男のクセに情けない声出しちゃって。\n　蛍も蛍よ。こんなひ弱な男のどこがいいのかしら」%K%P
「哼，明明是男人，却发出这么没出息的声音。\n萤也是，这种软弱的男人到底哪里好了？」%K%P
「――――」%K%P
「————」%K%P
ひ弱……！　ひ弱って言われた……！\n大好きな人に、一番言われたくない言葉を……。%K%P
柔弱……！她说我柔弱……！\n我最不想被最喜欢的人这么说……%K%P
「その花束は宣戦布告の証よ。\n　大事に取っておくことね」%K%P
「那束花是宣战布告的证明哦。\n要好好收着。」%K%P
「行くわよ、愛。\n　今日はもうここにはいたくないわ」%K%P
「走吧，爱。\n今天我不想再待在这里了。」%K%P
「はいは～い。またね、先輩♪　愛が可愛いからって、\n　簡単に誘惑されちゃダメだぞ～？」%K%P
「好啦好啦～再见咯，学长♪\n不可以因为爱很可爱，就轻易被诱惑哦～？」%K%P
清佳ちゃんは持っていた花束を僕に投げつけると、\n踵を返して愛さんと一緒に去って行った。%K%P
清佳将手上的花束丢给我，转身和爱小姐一起离去。%K%P
この花……マリーゴールドだ。１７本ある。\n確か花言葉は――%K%P
这种花……是万寿菊。一共有十七朵。\n我记得它的花语是——%K%P
「『絶望的な愛』……」%K%P
「『绝望的爱』……」%K%P
………………%K%P
………………%K%P
…………%K%P
…………%K%P
……%K%P
……%K%P
「お腹減ったぁ～……！　晩ご飯まだぁ～？」%K%P
「肚子好饿哦～～……！晚餐还没好吗～～？」%K%P
「ぐすっ、ひっくっ……！\n　カップ麺でも食べててよぉ……！」%K%P
「呜呜、呜呜……！\n吃方便面也行啊……！」%K%P
「あらら、すっかり意気消沈しちゃって。\n　そこまで落ち込むことじゃないじゃん」%K%P
「哎呀呀，你完全意气消沉了呢。\n不需要这么沮丧吧。」%K%P
「落ち込むに決まってるでしょ～！？\n　ひ弱って、男のクセに情けないって……！\n　清佳ちゃんに言われちゃったんだも～んっ！」%K%P
「我当然会沮丧啊～！？\n居然说我弱不禁风，明明是个男人却这么没用……！\n清佳都这么说了嘛～！」%K%P
「もう正体なんか明かせないよぉ……！\n　たとえ清佳ちゃんが蛍を好きでも、\n　僕を好きになってもらえるとは思えない～……！！」%K%P
「我不能再公开自己的身份了……！\n就算清佳喜欢萤，\n我也不认为她会喜欢上我～……！！」%K%P
「へこみ方が乙女だね～。\n　せっかく変えてた口調も戻っちゃってるじゃん」%K%P
「沮丧的方式真有少女味～\n难得改变的语气也变回来了嘛。」%K%P
「だって、ぐすっ、だってぇ～……！！」%K%P
「因为……呜呜……因为……！！」%K%P
「もーいっそ蛍として付き合っちゃえば？\n　清佳ちゃんからプロポーズまでしてもらったんしょ？」%K%P
「哎唷～干脆以萤的身份交往不就好了？\n清佳不是都向你求婚了吗？」%K%P
「僕は春樹として清佳ちゃんとお付き合いしたいの！」%K%P
「我想以春树的身份和清佳交往！」%K%P
「難儀なこったね、こりゃ……。\n　ならメソメソしてないで男らしく立ち直りなよ」%K%P
「这下可麻烦了……\n那就别哭哭啼啼的，像个男子汉重新振作起来吧。」%K%P
「泣いてても何も変わんないよ？\n　ま、泣きたいなら胸くらい貸してあげるけどさ」%K%P
「就算哭也不会有任何改变哦！\n不过，如果想哭的话，我的胸口倒是借你靠一下。」%K%P
「お姉ちゃん……」%K%P
「姐姐……」%K%P
お姉ちゃんの言う通りだ。\nメソメソしてても何も変わらない。%K%P
姐姐说得没错。\n再怎么哭哭啼啼，也不会有任何改变。%K%P
「ありがとう、お姉ちゃん、ううん、姉さん……！\n　俺、もっと男らしくなる。頑張るよ！」%K%P
「谢谢你，姐姐，不对，姐姐……！\n我会变得更像个男子汉，我会加油的！」%K%P
「おーし、その意気だ！」%K%P
「很好，就是这股气势！」%K%P
そうだ、もっと男を磨こう。\n今は好感度が低くてもこれから上げていけばいい。%K%P
没错，我要继续磨练自己。\n就算现在好感度很低，只要从现在开始提升就行了。%K%P
奇しくも同じ学園に通うことになったんだ。\nこれから少しずつ距離を縮めていけばいいんだ。%K%P
没想到我们竟然会就读同一所学园。\n只要今后慢慢缩短彼此的距离就行了。%K%P
清佳ちゃんに認められるような男になって、\nその時にでも蛍が僕だということも明かそう。%K%P
我要成为清佳认同的男人，到时再告诉她，我就是萤。%K%P
それまでは――清佳ちゃんには悪いけど、\n極力蛍として会わないようにしなくちゃ。%K%P
在那之前——虽然对清佳很抱歉，但我必须极力避免以萤的身份和她见面。%K%P
蛍として接している時に秘密がバレたりしたら、\nそれこそ清佳ちゃんにどう思われるかわからない。%K%P
如果秘密在以萤的身份和她相处时曝光，不知道清佳会怎么想。%K%P
蛍と清佳ちゃんの仲が深まれば深まるほど、\n正体を明かしづらくもなっちゃうもんね。%K%P
萤和清佳的感情愈好，就愈难说出自己的真实身份。%K%P
「――てかさ。着替えなくていいの？\n　そろそろ来ちゃうと思うけど」%K%P
「——话说回来，你不换衣服没关系吗？\n我想差不多要来了。」%K%P
「来るって誰が？」%K%P
「你说谁要来？」%K%P
「清佳ちゃん」%K%P
「清佳。」%K%P
「は？」%K%P
「啊？」%K%P
当たり前のように言われて、\n一瞬ポカンとしてしまう。%K%P
听到她理所当然地这么说，我瞬间愣住了。%K%P
「清佳ちゃんが、来るの……？」%K%P
「清佳要来吗……？」%K%P
「んー？　帰ってきた時、説明したじゃん」%K%P
「嗯～？你回来的时候，我不是说明过了吗？」%K%P
「清佳ちゃんたち、しばらくうちに\n　泊めることになったって」%K%P
「清佳她们，暂时会住在我们家。」%K%P
%XS21「泊める――！！？」%XE%K%P
%XS21「住下来——！！？」%K%P
聞いてないんだけど！？\n帰ってきた時は放心状態だったし……！！%K%P
我怎么不知道啊？\n而且她回来的时候已经失魂落魄了……！！%K%P
「なんでも春樹と同じ学園に通うことになって\n　登下校が辛くなったから、うちの部屋を\n　間借りしたいんだってさー」%K%P
「她说她要和春树念同一间学校，上下学很辛苦，所以想借住我家。」%K%P
「どうして許可しちゃったの！？\n　できる限り蛍として会いたくないのに！\n　い、今の状態で女装がバレでもしたら……！」%K%P
「你为什么答应了啊！\n明明尽可能不想以萤的身份去见她！\n要、要是现在这个状态被发现是女装的话……！」%K%P
「やー……。電話来た時はそんなことに\n　なってるとは思ってなかったし」%K%P
「哎呀……接到电话的时候，我也没想到会变成这样。」%K%P
「春樹も好きな人と四六時中一緒にいられて\n　嬉しいかなって思ってさー」%K%P
「我想说春树如果能和喜欢的人整天腻在一起，\n　应该会很开心吧～」%K%P
「女装してさえなければね！？」%K%P
「只要不穿女装的话！？」%K%P
「それに前払いでめっちゃ宿泊費ももらっちゃったし！\n　清佳ちゃんの会社で作ってる超高級化粧品のコフレも！\n　あたしのブランドのパトロンにまでなってくれて！」%K%P
「而且你先付了住宿费！\n还有清佳的公司制作的超高级化妆品KOFR！\n甚至成为我品牌的赞助商！」%K%P
「そっちがホントの理由でしょ！？\n　なに買収されちゃってんのさ！？」%K%P
「这才是真正的理由吧！\n　你被收买了吗！？」%K%P
「まま。落ち着いて。決まったことはしょーがない」%K%P
「好了好了，冷静点。既然已经决定了也没办法。」%K%P
「それより早く着替えないと清佳ちゃん来ちゃうよ？\n　春樹姿で会ったら矛盾しちゃうから着替えて着替えて」%K%P
「先别管这个了，不快点换衣服的话，清佳就要来了哦？\n要是以春树的模样见到她，会很矛盾的，快点换衣服换衣服。」%K%P
「矛盾ってどういうことさ……！？」%K%P
「矛盾是什么意思啊……！？」%K%P
「や、春樹は屋敷に住まずに\n　一人暮らししてるって伝えてあるし」%K%P
「呃，我有跟她们说春树不住在宅邸里，\n　而是自己一个人住。」%K%P
ああ。知らない間に{春樹:ぼく}という存在が、\n完全に我が家から抹消されてしまっている……。%K%P
啊啊，{春树:我}在不知不觉间，已经完全从这个家被抹消了……%K%P
「ということで、うふふ。これから屋敷にいる時は\n　あたしのメイドの蛍として過ごしてね？\n　大丈夫大丈夫。女装用の服もたくさん作ったからさ～」%K%P
「就是这样，呵呵呵。以后你待在宅邸的时候，\n　就当我的女仆萤吧？\n　没问题没问题，我做了很多女装给你哦～」%K%P
……こっちが真の目的か。\n僕に蛍を辞めさせないように謀ったな、お姉ちゃんめ。%K%P
……这才是真正的目的吗？\n姐姐，你是为了不让我辞掉萤的工作，才这样设计我的吧？%K%P
「っと来た来た。早く着替えて出てあげないと、\n　清佳ちゃん、入ってきちゃうよ～？」%K%P
「来了来了。不赶快换好衣服出去的话，清佳就要进来咯～？」%K%P
「～～っっ！！　お姉ちゃんのバカぁ～！！」%K%P
「～～！姐姐是笨蛋～！」%K%P
………………%K%P
………………%K%P
…………%K%P
…………%K%P
……%K%P
……%K%P
「このたびは無茶なお願いを聞いて下さって\n　ありがとうございます」%K%P
「这次承蒙您答应了我无理的请求，真的非常感谢。」%K%P
「いいよいいよ。どうせ部屋も余ってるしさ～。\n　我が家だと思って気兼ねなく過ごしちゃって～？」%K%P
「没关系没关系，反正房间也还有空～你就当作自己家，放轻松住下来吧～」%K%P
「ありがとうございます。私の身の回りの世話は\n　愛が致しますので、千鶴さんこそお気遣いなく」%K%P
「谢谢您。我的生活起居有爱在照顾，千鹤小姐您不必费心。」%K%P
「それより――」%K%P
「话说回来——」%K%P
「皆様、紅茶が入りました。\n　お口に合うと良いのですが」%K%P
「各位，红茶泡好了。\n希望合你们的口味。」%K%P
「ど……どうしたの、蛍……？\n　昨日と打って変わって他人行儀になって……」%K%P
「怎……怎么了，小萤……？\n你跟昨天判若两人，变得这么见外……」%K%P
「私、何かしちゃった……？\n　蛍の気に障るようなことしちゃったかしら……」%K%P
「我做了什么吗……？\n我做了什么让小萤不高兴的事吗……」%K%P
「使用人として当然の振る舞いをしているだけです。\n　先日はご無礼を働き申し訳ございませんでした」%K%P
「我只是尽了身为佣人的本分而已。\n前几天对您做出失礼的举动，真是非常抱歉。」%K%P
「かしこまらないでってば……！\n　今まで通り接してくれていいから。ねっ？　ねっ？」%K%P
「不用那么拘谨啦……！\n　像以前那样跟我相处就好了。好吗？好吗？」%K%P
「申し訳ありません。清佳様の友人である前に、\n　わたしは当家の一使用人ですので」%K%P
「非常抱歉。在身为清佳大人的朋友之前，我更是这个家的一名佣人。」%K%P
「うぅ、愛……。\n　なんだか蛍に避けられちゃってるぅ……」%K%P
「呜呜，爱……\n总觉得萤在躲我……」%K%P
「当然かと。昨日あれだけのことをした上に、\n　いきなり押しかけてきたわけですし」%K%P
「这是当然的。毕竟昨天做了那么过分的事，今天又突然跑来。」%K%P
「はぐっ！？」%K%P
「哈呜！？」%K%P
「……はぁ。だから忠告したのです。\n　お邪魔するにしても遊びに行く程度が良いと」%K%P
「……唉，所以我才要给你忠告啊。\n就算要打扰，也应该有所限度。」%K%P
「だって、お泊まりしてみたかったんだもん……！」%K%P
「但是人家想来过夜嘛……！」%K%P
今にも泣き出しそうな顔で清佳ちゃんが\n僕の様子をチラチラと窺ってくる。%K%P
清佳一副泫然欲泣的表情，不时偷瞄我。%K%P
……正直、胸が痛い。でもこれ以上、\n蛍として仲を深めるわけにはいかないんだ。%K%P
……老实说，我感到很心痛。可是，我不能再以萤的身份和她加深关系了。%K%P
清佳ちゃんには悪いけど、このまま蛍乃家のメイドとして\nある程度の距離を取って接しよう。%K%P
虽然对清佳很抱歉，但我就以萤乃家女仆的身份和她保持一定的距离吧。%K%P
にしても――%K%P
话说回来——%K%P
「本当にごめんね、蛍っ……！\n　急に泊まりに来ちゃったりして……」%K%P
「真的很抱歉，小萤……！\n　突然跑来你家过夜……」%K%P
「どうしたら許してもらえるっ？\n　なんでもするっ、私、なんでもするからっ」%K%P
「我该怎么做才能得到原谅？\n我什么都愿意做，我什么都愿意做！」%K%P
必死に清佳ちゃんがそう訴えてくる。\n……{春樹:ぼく}への態度と全然違うなぁ。%K%P
清佳拼命地向我诉说。\n……她对我的态度和对「{春树:我}」的态度完全不同呢。%K%P
やっぱり{春樹:ぼく}……相当嫌われちゃってるみたい。%K%P
果然，她似乎相当讨厌我……不，是「{春树:我}」。%K%P
「どうすればいいの愛……！\n　なにか……！　なにか手はない……！？」%K%P
「我该怎么办才好，爱……！\n　有没有……！有没有什么办法……！？」%K%P
「でしたら清佳様。土下座など如何かと。\n　日本では最高位の謝罪ですので」%K%P
「既然如此，清佳大人，要不要土下座呢？\n这是日本最高级的谢罪方式。」%K%P
「っっ。土下座ねっ！　わかったわっ」%K%P
「唔！土下座是吧！我知道了！」%K%P
「ちょっ、おやめ下さい、清佳様……！」%K%P
「等等，请住手，清佳大人……！」%K%P
「どうしよう愛～……！\n　土下座しても許してもらえない～！」%K%P
「怎么办，小爱～……！\n　就算土下座，她也不肯原谅我～！」%K%P
「でしたら清佳様。三度回ってワンと鳴いては如何かと。\n　日本では最高位の服従アピールですので」%K%P
「既然如此，清佳大人，您要不要试着转三圈汪汪叫呢？\n这是日本最高级的服从表现。」%K%P
「なるほどね……！」%K%P
「原来如此……！」%K%P
「――ワンっ！」%K%P
「——汪！」%K%P
「わわわっ！！　ですからおやめ下さい……！！」%K%P
「哇哇哇！！所以请您住手……！！」%K%P
「うぅ、愛～……！！」%K%P
「呜呜，爱～……！！」%K%P
「でしたら清佳様。蛍様の靴をお舐めしては如何かと。\n　日本では最高位の許しを請う姿ですので」%K%P
「既然如此，清佳大人，您要不要舔舔看萤大人的鞋子呢？\n这是日本最高级的请求姿势。」%K%P
「ま、待って愛……！　流石にそれは人間を――」%K%P
「等、等一下，爱……！再怎么说，那也太超过人类——」%K%P
「……蛍様に許されたいのではないのですか？\n　清佳様の覚悟は……その程度なのですか？」%K%P
「……您不是想得到萤大人的原谅吗？\n　清佳大人的觉悟……只有这种程度吗？」%K%P
「っっ。そうねっ……！！\n　蛍に許されるためには私は人間を――」%K%P
「唔唔。对啊……！！\n为了得到萤的原谅，我要把人类——」%K%P
%XS21「人間を――やめるわっ！！」%XE%K%P
%XS21「我——不当人类了！！」%K%P
「――やめなくていいですからっ！！？」%K%P
「——不要这样做啦！！？」%K%P
「きゃふんっ！！」%K%P
「呀呼！！」%K%P
床に這いつくばって僕の足先を舐めようとする\n清佳ちゃんを慌ててとめる。%K%P
她趴在地上，试图舔我的脚趾。\n我急忙阻止清佳。%K%P
「うぅ、だって蛍がずっと怒ってるから……」%K%P
「呜呜，因为萤一直很生气……」%K%P
「お、怒っているわけじゃありません。\n　使用人として相応しい態度を取っているだけです」%K%P
「我、我没有生气，只是以佣人的身份采取应有的态度而已。」%K%P
「蛍と私の仲じゃない……。\n　そんな気遣いは無用だってば」%K%P
「小萤和我的关系不是这样的……\n不要用这种态度啦。」%K%P
再三清佳ちゃんが態度を崩してと頼んでくる。\n……ごめんね。でもこれがお互いのためなんだ。%K%P
清佳再次拜托我改变态度。\n……对不起。但这是为了彼此好。%K%P
「はぁ……。ね、蛍。その辺にしてあげなよ。\n　清佳ちゃん、泣きそうになってるじゃん」%K%P
「唉……呐，萤。你就别再说了吧。\n清佳都快哭出来了。」%K%P
「おね――千鶴様……」%K%P
「姐——千鹤大人……」%K%P
「気持ちはわかるけどさ。\n　これから一緒に暮らすんだから」%K%P
「虽然我能理解你的心情，不过我们接下来可是要一起生活哦。」%K%P
「千鶴さん……！！\n　あ、ありがとうございます……！！」%K%P
「千鹤小姐……！！\n　谢、谢谢你……！！」%K%P
「いやいや。うちの蛍が悪いね～。\n　ちょっと照れちゃってるみたいでさ～」%K%P
「没有啦，是我们家的萤不好～～\n她好像有点害羞～～」%K%P
「蛍が照れて……！？」%K%P
「萤害羞了……！？」%K%P
「うんうん。しばらくしたら元通りになると思うから。\n　ホントごめんね？」%K%P
「嗯嗯，我想过一阵子就会恢复原状了。\n真的很对不起哦。」%K%P
「い、いえっ、そういうことでしたら、えへへ、\n　構いませんから……！」%K%P
「不、不会！如果是这样的话，嘿嘿嘿，我无所谓……！」%K%P
お姉ちゃんがフォローを入れてくれる。\n……でも態度を崩す気はないもん。%K%P
姐姐帮我说话。\n……可是我可不想改变态度。%K%P
僕は蛍としてよりも春樹として\n清佳ちゃんに好きになってもらいたいんだから。%K%P
比起以萤的身份，我更希望清佳能喜欢春树。%K%P
………………%K%P
………………%K%P
…………%K%P
…………%K%P
……%K%P
……%K%P
「ふぅー……。長い一日だったなぁ……」%K%P
「呼……真是漫长的一天……」%K%P
湯船に浸かりながら、\n思わず大きなため息を漏らしてしまう。%K%P
我泡在浴缸里，忍不住大大叹了口气。%K%P
「でも、これからどうなるんだろう……。\n　まさか清佳ちゃんと一緒に暮らすことになるなんて」%K%P
「不过，今后会变成什么样子呢……\n没想到会和清佳一起生活。」%K%P
考えるだけでも気が重い。\n女装生活を強いられることにもなるわけだし……。%K%P
光是想象就让我心情沉重。\n毕竟我得被迫过女装生活……%K%P
清佳ちゃんと一緒にいられること自体は嬉しいけど、\nますます正体を明かしづらくなる。%K%P
虽然能和清佳在一起让我很开心，但这样下去，我越来越难表明自己的身份了。%K%P
今も万が一のためにウィッグを付けたまま、\nお風呂に入ってるわけだし……。%K%P
现在为了以防万一，我即使洗澡，也戴着假发……%K%P
「……まぁ。流石の清佳ちゃんも、\n　お風呂へ突入してくるなんてことは――」%K%P
「……嗯，就算是清佳，应该也不会闯进浴室吧——」%K%P
「ほーたるっ」%K%P
「小萤！」%K%P
「えへへ……来ちゃった」%K%P
「欸嘿嘿……我来了。」%K%P
――あった！！？%K%P
——来了！！？%K%P
「ななな、何しにきたの、清佳ちゃ～んっ！？」%K%P
「你你你、你来做什么呀，清佳～！？」%K%P
瞬間的にタオルを身体にぎゅっと巻いて、\nできる限り湯船に全身を浸からせる。%K%P
她瞬间将浴巾紧紧缠在身上，尽可能地让全身泡进浴缸里。%K%P
「あ、やっと『清佳ちゃん』って呼んでくれた……。\n　ここまで追いかけてきた甲斐があったかも……」%K%P
「啊，终于叫我『清佳』了……\n一路追到这里或许值得了……」%K%P
「とりあえずタオルっ、タオル巻いて……！！\n　う、ううん、出て行ってってば……！！」%K%P
「总之你先围上毛巾，围上毛巾……！！\n　不、不对，你快出去啦……！！」%K%P
「そんなこと言わずに。女同士じゃない。\n　恥ずかしがる必要なんてないわ」%K%P
「别这么说。我们都是女生，不需要害羞。」%K%P
言いながら清佳ちゃんは平然と\n湯船へ入ってきて――%K%P
清佳一边说着，一边若无其事地走进浴池——%K%P
「んん～……！　気持ちいい～。\n　やっぱり日本人はお風呂ね？」%K%P
「嗯嗯～……！好舒服～\n日本人果然就是要泡澡呢？」%K%P
「出て行って下さい、清佳様……！\n　ご入浴済みのはずですよね！？」%K%P
「请出去，清佳大人……！\n您应该已经洗过澡了吧！？」%K%P
「お風呂なんて何度入ってもいいじゃない。\n　それより『清佳ちゃん』のままで良いってば」%K%P
「洗澡洗几次都可以啊。\n而且，你叫我『清佳』就好了。」%K%P
「わ、わたしは使用人です。\n　お客様にそのような砕けた態度で接するわけには……！」%K%P
「我、我是佣人。\n不能用那么随便的态度对待客人……！」%K%P
「蛍は生真面目すぎるわよ。\n　二人とも裸なのよ？　立場も何もないわ。\n　今は……その。一人の友達として接して？」%K%P
「小萤，你太认真了啦。\n　我们两个现在都光着身子哦？没有立场可言。\n　现在……呃，你就把我当成朋友吧？」%K%P
「あ、そうだ。後で背中流しっこしましょ？\n　一度でいいからやってみたかったの」%K%P
「啊，对了。等一下我们互相刷背吧？\n我早就想试试看一次了。」%K%P
女の子同士だと思っているせいか、\n裸のまま清佳ちゃんが微笑みかけてくる。%K%P
或许是因为我们都是女孩子吧，清佳赤裸着身体对我微笑。%K%P
す、すごく綺麗な身体だ……。\nまるで宝石みたいに白くて……！%K%P
好、好漂亮的身材……\n简直就像宝石一样白皙……！%K%P
おっぱいもすごく柔らかそう――って！\nな、何見ちゃってるの、僕……！！%K%P
胸部看起来也软绵绵的——呃！\n我、我在看什么啊……！！%K%P
「お許し下さい、清佳様……！\n　お願いですからお部屋に戻って下さい……！」%K%P
「请原谅我，清佳大人……！\n拜托您，请回房吧……！」%K%P
「む。これだけ言っても聞いてくれないなんて……」%K%P
「唔。我都说到这个份上了，你还是不肯听我的话……」%K%P
「清佳様が出て行かれないのでしたら、\n　わたしが失礼致します……！！」%K%P
「既然清佳大人不离开，那就由我失礼了……！！」%K%P
「ダーメ。ここにいなさい。\n　私と一緒にお風呂に入るの」%K%P
「不～行。你待在这里。\n跟我一起洗澡。」%K%P
「で、ですが――」%K%P
「可、可是——」%K%P
「『お客様』がお願いしてるのよ？\n　嫌とは言わせないわ」%K%P
「是『客人』拜托你的哦？\n　你可别说不要。」%K%P
「うっ……！　しょ、承知致しました……」%K%P
「呜……！我、我明白了……」%K%P
「ふふ。後で私の身体も洗ってもらうから。\n　蛍の身体も隅々まで洗わせてもらうわ」%K%P
「呵呵。之后你也要帮我洗身体哦。\n我要把你的身体每个角落都洗干净。」%K%P
「ふぇ……！？　それだけは……！！\n　自分の身体だけは自分で洗わせて下さい……！！」%K%P
「呼欸……！？只有这个……！！\n只有自己的身体请让我自己洗……！！」%K%P
そんなことされたら一瞬でバレちゃう。\n女の子にはない物がついてるんだもん……！！%K%P
要是被她摸了，我身上有女孩子不该有的东西这件事，就会瞬间曝光了……！！%K%P
「あ。もしかしてあまり裸を見せたくないタイプ？\n　……そういえば服を着てる時より胸が」%K%P
「啊，难道你是那种不太想让人看见裸体的类型？\n……这么说来，你穿着衣服的时候胸部比较……」%K%P
清佳ちゃんがタオルの巻かれた僕の身体を\nじっと見つめてくる。%K%P
清佳直盯着我包着毛巾的身体。%K%P
「……な、なるほどね……」%K%P
「……原、原来如此……」%K%P
「待って下さい！？　何を納得したのですか！？」%K%P
「请等一下！？您在认同什么啊！？」%K%P
「い、いえ。まさか愛よりも……とは思っていなくて。\n　てっきりもう少し大きいものだとばかり……」%K%P
「不、不是的。我没想到……会比爱还小。\n我以为会再大一点……」%K%P
「でも安心して、蛍……！\n　女の子同士の恋愛に胸の大きさは関係ないわ……！\n　少なくとも私は小さくても気にしないから……！！」%K%P
「不过你放心吧，小萤……！\n女孩子之间的恋爱和胸部大小没有关系……！\n至少我不会在意胸部小……！！」%K%P
「むしろ小さな胸を気にしている姿を\n　愛らしいとすら感じるわ……！\n　一種の萌えポイントね！」%K%P
「反而觉得她在意自己胸部小的模样很可爱……！\n这算是一种萌点呢！」%K%P
何を僕は励まされてるんだろう……。%K%P
我到底在被鼓励什么啊……%K%P
「そ、そうだ……。\n　今晩は蛍のお部屋に泊めてもらっていい？」%K%P
「对、对了……\n今晚可以让我在萤的房间过夜吗？」%K%P
「ふぇ！？　む、無理です、ごめんなさい！」%K%P
「呼欸！？不、不行，对不起！」%K%P
「どうしてもダメ……？　蛍と遊びたくて……」%K%P
「无论如何都不行……？我想和萤一起玩……」%K%P
「わ、私ね？　トランプとか色々持ってきたの……！\n　なんなら千鶴さんや愛も一緒でいいし……！」%K%P
「我、我啊，带了很多扑克牌之类的来哦……！不然千鹤小姐和爱也可以一起来……！」%K%P
「お喋りするだけでもいいわ……！\n　ねっ？　ダメ……？」%K%P
「就算只是聊天也好……！\n　好不好？不行吗……？」%K%P
まるで子供のように清佳ちゃんが\n小首を傾げて誘ってきてくれる。%K%P
清佳歪着头，像个孩子似地邀我。%K%P
正直、頷きたいけど――%K%P
老实说，我很想点头——%K%P
「申し訳ありません。\n　できればご遠慮させて頂けると……」%K%P
「非常抱歉。\n如果可以的话，希望您能高抬贵手……」%K%P
「そう…………。\n　そうよね。蛍は忙しいから……」%K%P
「这样啊…………\n说得也是。小萤很忙……」%K%P
清佳ちゃんがしおらしく頷く。\nそのまま気まずい沈黙がしばらく続いた。%K%P
清佳温顺地点点头。\n接着，尴尬的沉默持续了好一阵子。%K%P
そして、不意に清佳ちゃんが口を開く。%K%P
然后，清佳突然开口：%K%P
「やっぱり、その……。迷惑だった……？」%K%P
「果然，那个……给你添麻烦了……？」%K%P
「迷惑、ですか？」%K%P
「添麻烦吗？」%K%P
「うん……。再会してすぐにプロポーズしたことも、\n　こうして無理やり押しかけて来ちゃったことも……」%K%P
「嗯……无论是重逢后立刻求婚，还是像这样硬是跑来……」%K%P
「蛍は春樹くんが好きなんだもんね……？\n　私にアプローチされても困っちゃうよね……？」%K%P
「萤喜欢春树同学对吧……？\n我这样示好，你应该很困扰吧……？」%K%P
「それは……」%K%P
「这个嘛……」%K%P
「で、でもねっ……！　これだけは言わせてっ？\n　蛍はあの男に騙されてるのよっ……！」%K%P
「可、可是……！只有这句话我一定要说！\n　萤被那个男人骗了……！」%K%P
「蛍が春樹くんをどう思ってるか知らないけど、\n　今日見た限りじゃ不誠実もいいところだわ……！」%K%P
「我不知道小萤对春树有什么想法，但是就今天所见，她实在太不诚实了……！」%K%P
「愛をけしかけたら、あっさりデレデレしてたし……！\n　私が顔を近づけただけでもニヤニヤしてて……！！」%K%P
「我一鼓吹爱，她就轻易地害羞起来……！\n我光是把脸凑近，她就露出窃笑……！！」%K%P
「愛の話じゃ、色仕掛けした時に、\n　ぼ――勃起までしてたらしいんだから……！！」%K%P
「关于爱的事，听说她色诱的时候，还勃——勃起了呢……！！」%K%P
「勃――～～っっ！！？\n　してませんっ、絶対にしてませんってば……！！」%K%P
「勃——～～！！？\n　才没有，绝对没有啦……！！」%K%P
「いいえ確かよ……！　目を覚まして蛍っ……！\n　庇いたい気持ちはわかるけど、わかるけど！」%K%P
「不，是真的……！快醒醒啊，小萤……！虽然我能理解你想保护他的心情，可是！」%K%P
清佳ちゃんが僕の肩をガタガタ揺らして訴えてくる。%K%P
清佳用力摇晃我的肩膀，向我倾诉。%K%P
確かにドキドキしちゃったけど……！！\nで、でも勃起まではしてないもんっ……！！%K%P
我的确是心跳加速了……！！\n可、可是并没有勃起……！！%K%P
「しかも、あの男……！\n　蛍の気持ちにも一切気づいてなくて……！！」%K%P
「而且，那个男人……！\n　完全没察觉到萤的心意……！！」%K%P
「あまつさえ、蛍のことを好――」%K%P
「而且，还喜欢小萤——」%K%P
と、言いかけたところで清佳ちゃんは言葉を止めた。%K%P
清佳说到一半，突然停了下来。%K%P
「えと……？　わ、わたしのことを……？」%K%P
「呃……？你、你是说……？」%K%P
「っっ。な、なんでもないわ。気にしないで」%K%P
「唔唔。没、没什么。别在意。」%K%P
焦った様子で清佳ちゃんが誤魔化す。%K%P
清佳焦急地敷衍过去。%K%P
もしかして……「蛍のことを好きじゃない」\nと言いかけて、止めてくれたのかな？%K%P
难道说……她原本想说「我并不喜欢萤」，但最后还是忍住了？%K%P
その言葉を口にすると、\n蛍が間接的に失恋してしまうことになるから。%K%P
因为一旦说出这句话，就等于间接让萤失恋。%K%P
……やっぱり、清佳ちゃんはとても良い子だ。%K%P
……清佳果然是个好孩子。%K%P
本当に蛍と付き合いたいだけなら言えばいいのに、\n蛍を傷つけまいと春樹の想いを秘密にしてくれて……。%K%P
如果真的想和萤交往，只要直接说出口就好了，但是为了不伤害萤，他却将这份心意藏在心底……%K%P
「……ごめんね。私、言った傍からまた……。\n　また蛍に迷惑かけちゃってる……」%K%P
「……对不起。我一说完，又……\n又给小萤添麻烦了……」%K%P
「清佳様……」%K%P
「清佳大人……」%K%P
「ほ、本当にごめんね。私、頭に血が上ると\n　周りが見えなくなるタイプみたいで……」%K%P
「真、真的很抱歉。我好像是一生气就看不见周遭的类型……」%K%P
「蛍が好きな人を貶しちゃって……。\n　『蛍は騙されてる』とか言っちゃって……」%K%P
「我贬低了小萤喜欢的人……还说『小萤被他骗了』……」%K%P
「彼のこと何も知らないのに、\n　勝手なことばかり言っちゃって……」%K%P
「我明明对他一无所知，却一直说些自以为是的话……」%K%P
「こんなことしてたら……あはは。\n　蛍に避けられちゃうのも仕方ないわよね……」%K%P
「我竟然做出这种事……啊哈哈。\n难怪萤会躲着我……」%K%P
「再会してからずっと――蛍に嫌われちゃっても\n　仕方のないことばっかりしちゃってるもん……」%K%P
「自从重逢之后——我老是做些会让你讨厌的事……」%K%P
寂しそうに呟く清佳ちゃんの顔を見て、\n思わず僕は言葉に詰まってしまった。%K%P
看到清佳寂寞地低语，我不禁语塞。%K%P
彼女を避けることで、こんなにも\n悲しい顔をさせてしまうとは思っていなかったから。%K%P
我没想到，我避开她，会让她露出这么悲伤的表情。%K%P
「告白なんて……しなければ良かった。\n　蛍に避けられるくらいなら友達のままで良かった」%K%P
「早知道……就不告白了。\n如果会被小萤躲着，那还不如继续当朋友。」%K%P
「私はただ……ただね？\n　昔と同じように蛍と一緒に遊びたいだけなの」%K%P
「我只是……只是啊？\n　只是想和小萤像以前一样一起玩而已。」%K%P
「大好きなお友達と、ただ一緒に……」%K%P
「和最喜欢的朋友，只是在一起……」%K%P
「清佳、ちゃん……」%K%P
「清佳……」%K%P
「っっ。変な話をしちゃって、ごめんなさい……！！」%K%P
「！对不起，说了奇怪的话……！！」%K%P
「私、やっぱり自分の屋敷に帰るわ……！！\n　今まで本当にごめんなさいっ……！！」%K%P
「我还是回自己家好了……！！\n至今为止真的很对不起……！！」%K%P
「あっ――清佳ちゃんっ……！！」%K%P
「啊——清佳……！！」%K%P
清佳ちゃんが走り去ってしまう。\n僕は追いかけることすらできなかった。%K%P
清佳跑走了，我甚至无法追上去。%K%P
去り際に見た、清佳ちゃんの顔が\nあまりにも悲しみの色に満ちていたから。%K%P
因为我在离开时看到的清佳的表情，\n实在是充满了悲伤。%K%P
「清佳ちゃん……」%K%P
「清佳……」%K%P
あの顔を……僕は知っている。%K%P
我认得……那张脸。%K%P
清佳ちゃんと初めて出会った時も、\n彼女は同じように寂しげな顔をしていたから。%K%P
因为，第一次见到清佳时，她也是一副寂寞的表情。%K%P
